Java HotSpot(TM) 64-Bit Server VM (25.151-b12) for bsd-amd64 JRE (1.8.0_151-b12), built on Sep  5 2017 19:37:08 by "java_re" with gcc 4.2.1 (Based on Apple Inc. build 5658) (LLVM build 2336.11.00)
Memory: 4k page, physical 8388608k(20900k free)

/proc/meminfo:

CommandLine flags: -XX:CMSInitiatingOccupancyFraction=50 -XX:CMSMaxAbortablePrecleanTime=6000 -XX:+CMSParallelRemarkEnabled -XX:+CMSScavengeBeforeRemark -XX:ConcGCThreads=4 -XX:GCLogFileSize=20971520 -XX:InitialHeapSize=536870912 -XX:MaxHeapSize=536870912 -XX:MaxTenuringThreshold=8 -XX:NewRatio=3 -XX:NumberOfGCLogFiles=9 -XX:OldPLABSize=16 -XX:-OmitStackTraceInFastThrow -XX:OnOutOfMemoryError=/Users/gracefan/Documents/Github/Channel470News/solr-8.0.0/bin/oom_solr.sh 7574 /Users/gracefan/Documents/Github/Channel470News/solr-8.0.0/example/cloud/node2/solr/../logs -XX:ParallelGCThreads=4 -XX:+ParallelRefProcEnabled -XX:PretenureSizeThreshold=67108864 -XX:+PrintGC -XX:+PrintGCApplicationStoppedTime -XX:+PrintGCDateStamps -XX:+PrintGCDetails -XX:+PrintGCTimeStamps -XX:+PrintHeapAtGC -XX:+PrintTenuringDistribution -XX:SurvivorRatio=4 -XX:TargetSurvivorRatio=90 -XX:ThreadStackSize=256 -XX:+UseCMSInitiatingOccupancyOnly -XX:+UseCompressedClassPointers -XX:+UseCompressedOops -XX:+UseConcMarkSweepGC -XX:+UseGCLogFileRotation -XX:+UseParNewGC 
2019-03-20T16:13:56.202+0600: 0.167: Total time for which application threads were stopped: 0.0000866 seconds, Stopping threads took: 0.0000115 seconds
2019-03-20T16:13:56.215+0600: 0.180: Total time for which application threads were stopped: 0.0000686 seconds, Stopping threads took: 0.0000084 seconds
2019-03-20T16:13:56.296+0600: 0.261: Total time for which application threads were stopped: 0.0000949 seconds, Stopping threads took: 0.0000084 seconds
2019-03-20T16:13:56.405+0600: 0.370: Total time for which application threads were stopped: 0.0001861 seconds, Stopping threads took: 0.0000120 seconds
2019-03-20T16:13:56.572+0600: 0.537: Total time for which application threads were stopped: 0.0001344 seconds, Stopping threads took: 0.0000123 seconds
2019-03-20T16:13:57.573+0600: 1.538: Total time for which application threads were stopped: 0.0001103 seconds, Stopping threads took: 0.0000272 seconds
2019-03-20T16:14:00.131+0600: 4.096: Total time for which application threads were stopped: 0.0001440 seconds, Stopping threads took: 0.0000163 seconds
2019-03-20T16:14:01.791+0600: 5.756: Total time for which application threads were stopped: 0.0002692 seconds, Stopping threads took: 0.0000131 seconds
2019-03-20T16:14:01.964+0600: 5.929: Total time for which application threads were stopped: 0.0000875 seconds, Stopping threads took: 0.0000251 seconds
2019-03-20T16:14:01.964+0600: 5.929: Total time for which application threads were stopped: 0.0000454 seconds, Stopping threads took: 0.0000192 seconds
2019-03-20T16:14:01.965+0600: 5.930: Total time for which application threads were stopped: 0.0000484 seconds, Stopping threads took: 0.0000084 seconds
2019-03-20T16:14:01.970+0600: 5.935: Total time for which application threads were stopped: 0.0001971 seconds, Stopping threads took: 0.0000092 seconds
2019-03-20T16:14:01.976+0600: 5.941: Total time for which application threads were stopped: 0.0001359 seconds, Stopping threads took: 0.0000074 seconds
2019-03-20T16:14:02.064+0600: 6.029: Total time for which application threads were stopped: 0.0002600 seconds, Stopping threads took: 0.0000160 seconds
2019-03-20T16:14:02.080+0600: 6.045: Total time for which application threads were stopped: 0.0002261 seconds, Stopping threads took: 0.0000140 seconds
2019-03-20T16:14:02.359+0600: 6.324: Total time for which application threads were stopped: 0.0001389 seconds, Stopping threads took: 0.0000129 seconds
2019-03-20T16:14:02.369+0600: 6.334: Total time for which application threads were stopped: 0.0002136 seconds, Stopping threads took: 0.0000100 seconds
{Heap before GC invocations=0 (full 0):
 par new generation   total 109248K, used 87424K [0x00000007a0000000, 0x00000007a8000000, 0x00000007a8000000)
  eden space 87424K, 100% used [0x00000007a0000000, 0x00000007a5560000, 0x00000007a5560000)
  from space 21824K,   0% used [0x00000007a5560000, 0x00000007a5560000, 0x00000007a6ab0000)
  to   space 21824K,   0% used [0x00000007a6ab0000, 0x00000007a6ab0000, 0x00000007a8000000)
 concurrent mark-sweep generation total 393216K, used 0K [0x00000007a8000000, 0x00000007c0000000, 0x00000007c0000000)
 Metaspace       used 17809K, capacity 18150K, committed 18432K, reserved 1064960K
  class space    used 2138K, capacity 2250K, committed 2304K, reserved 1048576K
2019-03-20T16:14:02.372+0600: 6.337: [GC (Allocation Failure) 2019-03-20T16:14:02.372+0600: 6.337: [ParNew
Desired survivor size 20112992 bytes, new threshold 8 (max 8)
- age   1:   11846768 bytes,   11846768 total
: 87424K->11689K(109248K), 0.0176882 secs] 87424K->11689K(502464K), 0.0177685 secs] [Times: user=0.04 sys=0.01, real=0.02 secs] 
Heap after GC invocations=1 (full 0):
 par new generation   total 109248K, used 11689K [0x00000007a0000000, 0x00000007a8000000, 0x00000007a8000000)
  eden space 87424K,   0% used [0x00000007a0000000, 0x00000007a0000000, 0x00000007a5560000)
  from space 21824K,  53% used [0x00000007a6ab0000, 0x00000007a761a6e0, 0x00000007a8000000)
  to   space 21824K,   0% used [0x00000007a5560000, 0x00000007a5560000, 0x00000007a6ab0000)
 concurrent mark-sweep generation total 393216K, used 0K [0x00000007a8000000, 0x00000007c0000000, 0x00000007c0000000)
 Metaspace       used 17809K, capacity 18150K, committed 18432K, reserved 1064960K
  class space    used 2138K, capacity 2250K, committed 2304K, reserved 1048576K
}
2019-03-20T16:14:02.390+0600: 6.355: Total time for which application threads were stopped: 0.0179399 seconds, Stopping threads took: 0.0000090 seconds
2019-03-20T16:14:02.391+0600: 6.356: Total time for which application threads were stopped: 0.0000959 seconds, Stopping threads took: 0.0000235 seconds
2019-03-20T16:14:02.391+0600: 6.356: Total time for which application threads were stopped: 0.0001074 seconds, Stopping threads took: 0.0000494 seconds
2019-03-20T16:14:02.392+0600: 6.357: Total time for which application threads were stopped: 0.0004419 seconds, Stopping threads took: 0.0003797 seconds
2019-03-20T16:14:02.395+0600: 6.359: Total time for which application threads were stopped: 0.0013040 seconds, Stopping threads took: 0.0012288 seconds
2019-03-20T16:14:02.395+0600: 6.360: Total time for which application threads were stopped: 0.0000700 seconds, Stopping threads took: 0.0000097 seconds
2019-03-20T16:14:02.396+0600: 6.361: Total time for which application threads were stopped: 0.0000716 seconds, Stopping threads took: 0.0000085 seconds
2019-03-20T16:14:02.396+0600: 6.361: Total time for which application threads were stopped: 0.0000750 seconds, Stopping threads took: 0.0000076 seconds
2019-03-20T16:14:02.396+0600: 6.361: Total time for which application threads were stopped: 0.0000587 seconds, Stopping threads took: 0.0000067 seconds
2019-03-20T16:14:02.396+0600: 6.361: Total time for which application threads were stopped: 0.0000542 seconds, Stopping threads took: 0.0000064 seconds
2019-03-20T16:14:02.396+0600: 6.361: Total time for which application threads were stopped: 0.0000643 seconds, Stopping threads took: 0.0000080 seconds
2019-03-20T16:14:02.396+0600: 6.361: Total time for which application threads were stopped: 0.0000581 seconds, Stopping threads took: 0.0000071 seconds
2019-03-20T16:14:02.397+0600: 6.361: Total time for which application threads were stopped: 0.0000539 seconds, Stopping threads took: 0.0000065 seconds
2019-03-20T16:14:02.397+0600: 6.361: Total time for which application threads were stopped: 0.0000553 seconds, Stopping threads took: 0.0000066 seconds
2019-03-20T16:14:02.397+0600: 6.361: Total time for which application threads were stopped: 0.0000544 seconds, Stopping threads took: 0.0000067 seconds
2019-03-20T16:14:02.397+0600: 6.362: Total time for which application threads were stopped: 0.0000547 seconds, Stopping threads took: 0.0000067 seconds
2019-03-20T16:14:02.397+0600: 6.362: Total time for which application threads were stopped: 0.0000584 seconds, Stopping threads took: 0.0000073 seconds
2019-03-20T16:14:02.397+0600: 6.362: Total time for which application threads were stopped: 0.0000560 seconds, Stopping threads took: 0.0000072 seconds
2019-03-20T16:14:02.397+0600: 6.362: Total time for which application threads were stopped: 0.0000588 seconds, Stopping threads took: 0.0000073 seconds
2019-03-20T16:14:02.397+0600: 6.362: Total time for which application threads were stopped: 0.0000550 seconds, Stopping threads took: 0.0000074 seconds
2019-03-20T16:14:02.397+0600: 6.362: Total time for which application threads were stopped: 0.0000587 seconds, Stopping threads took: 0.0000070 seconds
2019-03-20T16:14:02.397+0600: 6.362: Total time for which application threads were stopped: 0.0000794 seconds, Stopping threads took: 0.0000290 seconds
2019-03-20T16:14:02.397+0600: 6.362: Total time for which application threads were stopped: 0.0000835 seconds, Stopping threads took: 0.0000068 seconds
2019-03-20T16:14:02.399+0600: 6.364: Total time for which application threads were stopped: 0.0002011 seconds, Stopping threads took: 0.0001503 seconds
2019-03-20T16:14:02.399+0600: 6.364: Total time for which application threads were stopped: 0.0003664 seconds, Stopping threads took: 0.0003306 seconds
2019-03-20T16:14:02.400+0600: 6.364: Total time for which application threads were stopped: 0.0000793 seconds, Stopping threads took: 0.0000403 seconds
2019-03-20T16:14:03.400+0600: 7.365: Total time for which application threads were stopped: 0.0001237 seconds, Stopping threads took: 0.0000207 seconds
2019-03-20T16:14:07.541+0600: 11.506: Total time for which application threads were stopped: 0.0001243 seconds, Stopping threads took: 0.0000372 seconds
2019-03-20T16:14:07.541+0600: 11.506: Total time for which application threads were stopped: 0.0000542 seconds, Stopping threads took: 0.0000105 seconds
2019-03-20T16:14:07.541+0600: 11.506: Total time for which application threads were stopped: 0.0000409 seconds, Stopping threads took: 0.0000068 seconds
2019-03-20T16:14:07.542+0600: 11.506: Total time for which application threads were stopped: 0.0000344 seconds, Stopping threads took: 0.0000061 seconds
2019-03-20T16:14:07.542+0600: 11.506: Total time for which application threads were stopped: 0.0000589 seconds, Stopping threads took: 0.0000095 seconds
2019-03-20T16:14:07.542+0600: 11.506: Total time for which application threads were stopped: 0.0000561 seconds, Stopping threads took: 0.0000246 seconds
2019-03-20T16:14:07.542+0600: 11.507: Total time for which application threads were stopped: 0.0000467 seconds, Stopping threads took: 0.0000063 seconds
2019-03-20T16:14:07.542+0600: 11.507: Total time for which application threads were stopped: 0.0000529 seconds, Stopping threads took: 0.0000197 seconds
2019-03-20T16:14:07.542+0600: 11.507: Total time for which application threads were stopped: 0.0000530 seconds, Stopping threads took: 0.0000084 seconds
2019-03-20T16:14:07.542+0600: 11.507: Total time for which application threads were stopped: 0.0000574 seconds, Stopping threads took: 0.0000196 seconds
2019-03-20T16:14:07.542+0600: 11.507: Total time for which application threads were stopped: 0.0000390 seconds, Stopping threads took: 0.0000073 seconds
2019-03-20T16:14:07.542+0600: 11.507: Total time for which application threads were stopped: 0.0000373 seconds, Stopping threads took: 0.0000062 seconds
2019-03-20T16:14:07.542+0600: 11.507: Total time for which application threads were stopped: 0.0000392 seconds, Stopping threads took: 0.0000059 seconds
2019-03-20T16:14:07.542+0600: 11.507: Total time for which application threads were stopped: 0.0000504 seconds, Stopping threads took: 0.0000079 seconds
2019-03-20T16:14:07.542+0600: 11.507: Total time for which application threads were stopped: 0.0000321 seconds, Stopping threads took: 0.0000059 seconds
2019-03-20T16:14:07.543+0600: 11.507: Total time for which application threads were stopped: 0.0000381 seconds, Stopping threads took: 0.0000053 seconds
2019-03-20T16:14:07.543+0600: 11.507: Total time for which application threads were stopped: 0.0000407 seconds, Stopping threads took: 0.0000076 seconds
2019-03-20T16:14:07.543+0600: 11.507: Total time for which application threads were stopped: 0.0000305 seconds, Stopping threads took: 0.0000052 seconds
2019-03-20T16:14:07.543+0600: 11.507: Total time for which application threads were stopped: 0.0000317 seconds, Stopping threads took: 0.0000053 seconds
2019-03-20T16:14:07.543+0600: 11.508: Total time for which application threads were stopped: 0.0000579 seconds, Stopping threads took: 0.0000048 seconds
2019-03-20T16:14:07.543+0600: 11.508: Total time for which application threads were stopped: 0.0000486 seconds, Stopping threads took: 0.0000067 seconds
2019-03-20T16:14:07.543+0600: 11.508: Total time for which application threads were stopped: 0.0000439 seconds, Stopping threads took: 0.0000070 seconds
2019-03-20T16:14:07.543+0600: 11.508: Total time for which application threads were stopped: 0.0000913 seconds, Stopping threads took: 0.0000068 seconds
2019-03-20T16:14:07.543+0600: 11.508: Total time for which application threads were stopped: 0.0000352 seconds, Stopping threads took: 0.0000057 seconds
2019-03-20T16:14:07.544+0600: 11.508: Total time for which application threads were stopped: 0.0000326 seconds, Stopping threads took: 0.0000053 seconds
2019-03-20T16:14:07.544+0600: 11.508: Total time for which application threads were stopped: 0.0000317 seconds, Stopping threads took: 0.0000044 seconds
2019-03-20T16:14:07.544+0600: 11.508: Total time for which application threads were stopped: 0.0000414 seconds, Stopping threads took: 0.0000070 seconds
2019-03-20T16:14:07.544+0600: 11.509: Total time for which application threads were stopped: 0.0000473 seconds, Stopping threads took: 0.0000178 seconds
2019-03-20T16:14:07.545+0600: 11.510: Total time for which application threads were stopped: 0.0000558 seconds, Stopping threads took: 0.0000089 seconds
2019-03-20T16:14:07.545+0600: 11.510: Total time for which application threads were stopped: 0.0000380 seconds, Stopping threads took: 0.0000062 seconds
2019-03-20T16:14:07.546+0600: 11.511: Total time for which application threads were stopped: 0.0000510 seconds, Stopping threads took: 0.0000083 seconds
2019-03-20T16:14:07.546+0600: 11.511: Total time for which application threads were stopped: 0.0000502 seconds, Stopping threads took: 0.0000082 seconds
2019-03-20T16:14:07.547+0600: 11.512: Total time for which application threads were stopped: 0.0001027 seconds, Stopping threads took: 0.0000582 seconds
2019-03-20T16:14:07.547+0600: 11.512: Total time for which application threads were stopped: 0.0000531 seconds, Stopping threads took: 0.0000226 seconds
2019-03-20T16:14:07.548+0600: 11.512: Total time for which application threads were stopped: 0.0000370 seconds, Stopping threads took: 0.0000065 seconds
2019-03-20T16:14:07.548+0600: 11.512: Total time for which application threads were stopped: 0.0000334 seconds, Stopping threads took: 0.0000053 seconds
2019-03-20T16:14:07.548+0600: 11.512: Total time for which application threads were stopped: 0.0000361 seconds, Stopping threads took: 0.0000061 seconds
2019-03-20T16:14:07.548+0600: 11.513: Total time for which application threads were stopped: 0.0000327 seconds, Stopping threads took: 0.0000054 seconds
2019-03-20T16:14:07.548+0600: 11.513: Total time for which application threads were stopped: 0.0000295 seconds, Stopping threads took: 0.0000051 seconds
2019-03-20T16:14:07.548+0600: 11.513: Total time for which application threads were stopped: 0.0000290 seconds, Stopping threads took: 0.0000048 seconds
2019-03-20T16:14:07.549+0600: 11.513: Total time for which application threads were stopped: 0.0000375 seconds, Stopping threads took: 0.0000064 seconds
2019-03-20T16:14:07.549+0600: 11.514: Total time for which application threads were stopped: 0.0000415 seconds, Stopping threads took: 0.0000065 seconds
2019-03-20T16:14:07.550+0600: 11.514: Total time for which application threads were stopped: 0.0000397 seconds, Stopping threads took: 0.0000067 seconds
2019-03-20T16:14:07.550+0600: 11.515: Total time for which application threads were stopped: 0.0000344 seconds, Stopping threads took: 0.0000056 seconds
2019-03-20T16:14:07.550+0600: 11.515: Total time for which application threads were stopped: 0.0000375 seconds, Stopping threads took: 0.0000072 seconds
2019-03-20T16:14:07.562+0600: 11.526: Total time for which application threads were stopped: 0.0000707 seconds, Stopping threads took: 0.0000134 seconds
2019-03-20T16:14:07.562+0600: 11.527: Total time for which application threads were stopped: 0.0000493 seconds, Stopping threads took: 0.0000076 seconds
2019-03-20T16:14:07.562+0600: 11.527: Total time for which application threads were stopped: 0.0000503 seconds, Stopping threads took: 0.0000061 seconds
2019-03-20T16:14:07.563+0600: 11.528: Total time for which application threads were stopped: 0.0000432 seconds, Stopping threads took: 0.0000067 seconds
2019-03-20T16:14:07.564+0600: 11.528: Total time for which application threads were stopped: 0.0000436 seconds, Stopping threads took: 0.0000068 seconds
2019-03-20T16:14:07.564+0600: 11.528: Total time for which application threads were stopped: 0.0000312 seconds, Stopping threads took: 0.0000050 seconds
2019-03-20T16:14:07.564+0600: 11.528: Total time for which application threads were stopped: 0.0000291 seconds, Stopping threads took: 0.0000050 seconds
2019-03-20T16:14:07.567+0600: 11.532: Total time for which application threads were stopped: 0.0000646 seconds, Stopping threads took: 0.0000135 seconds
2019-03-20T16:14:07.567+0600: 11.532: Total time for which application threads were stopped: 0.0000455 seconds, Stopping threads took: 0.0000086 seconds
2019-03-20T16:14:07.567+0600: 11.532: Total time for which application threads were stopped: 0.0000418 seconds, Stopping threads took: 0.0000072 seconds
2019-03-20T16:14:07.568+0600: 11.532: Total time for which application threads were stopped: 0.0000416 seconds, Stopping threads took: 0.0000077 seconds
2019-03-20T16:14:07.568+0600: 11.532: Total time for which application threads were stopped: 0.0000754 seconds, Stopping threads took: 0.0000056 seconds
2019-03-20T16:14:07.569+0600: 11.533: Total time for which application threads were stopped: 0.0000486 seconds, Stopping threads took: 0.0000082 seconds
2019-03-20T16:14:07.570+0600: 11.535: Total time for which application threads were stopped: 0.0000432 seconds, Stopping threads took: 0.0000085 seconds
2019-03-20T16:14:07.570+0600: 11.535: Total time for which application threads were stopped: 0.0000295 seconds, Stopping threads took: 0.0000064 seconds
2019-03-20T16:14:07.570+0600: 11.535: Total time for which application threads were stopped: 0.0000255 seconds, Stopping threads took: 0.0000053 seconds
2019-03-20T16:14:07.570+0600: 11.535: Total time for which application threads were stopped: 0.0000292 seconds, Stopping threads took: 0.0000068 seconds
2019-03-20T16:14:07.570+0600: 11.535: Total time for which application threads were stopped: 0.0000218 seconds, Stopping threads took: 0.0000049 seconds
2019-03-20T16:14:07.570+0600: 11.535: Total time for which application threads were stopped: 0.0000219 seconds, Stopping threads took: 0.0000050 seconds
2019-03-20T16:14:07.570+0600: 11.535: Total time for which application threads were stopped: 0.0000214 seconds, Stopping threads took: 0.0000047 seconds
2019-03-20T16:14:07.570+0600: 11.535: Total time for which application threads were stopped: 0.0000215 seconds, Stopping threads took: 0.0000047 seconds
2019-03-20T16:14:07.571+0600: 11.535: Total time for which application threads were stopped: 0.0000216 seconds, Stopping threads took: 0.0000047 seconds
2019-03-20T16:14:07.571+0600: 11.535: Total time for which application threads were stopped: 0.0000213 seconds, Stopping threads took: 0.0000046 seconds
2019-03-20T16:14:07.571+0600: 11.535: Total time for which application threads were stopped: 0.0000289 seconds, Stopping threads took: 0.0000061 seconds
2019-03-20T16:14:07.571+0600: 11.535: Total time for which application threads were stopped: 0.0000226 seconds, Stopping threads took: 0.0000048 seconds
2019-03-20T16:14:07.571+0600: 11.535: Total time for which application threads were stopped: 0.0000288 seconds, Stopping threads took: 0.0000062 seconds
2019-03-20T16:14:07.571+0600: 11.536: Total time for which application threads were stopped: 0.0000251 seconds, Stopping threads took: 0.0000052 seconds
2019-03-20T16:14:07.571+0600: 11.536: Total time for which application threads were stopped: 0.0000225 seconds, Stopping threads took: 0.0000050 seconds
2019-03-20T16:14:07.571+0600: 11.536: Total time for which application threads were stopped: 0.0000217 seconds, Stopping threads took: 0.0000048 seconds
2019-03-20T16:14:07.571+0600: 11.536: Total time for which application threads were stopped: 0.0000215 seconds, Stopping threads took: 0.0000047 seconds
2019-03-20T16:14:07.571+0600: 11.536: Total time for which application threads were stopped: 0.0000216 seconds, Stopping threads took: 0.0000050 seconds
2019-03-20T16:14:07.571+0600: 11.536: Total time for which application threads were stopped: 0.0000288 seconds, Stopping threads took: 0.0000061 seconds
2019-03-20T16:14:07.571+0600: 11.536: Total time for which application threads were stopped: 0.0000683 seconds, Stopping threads took: 0.0000048 seconds
2019-03-20T16:14:07.574+0600: 11.538: Total time for which application threads were stopped: 0.0000540 seconds, Stopping threads took: 0.0000106 seconds
2019-03-20T16:14:07.574+0600: 11.539: Total time for which application threads were stopped: 0.0000659 seconds, Stopping threads took: 0.0000360 seconds
2019-03-20T16:14:07.574+0600: 11.539: Total time for which application threads were stopped: 0.0000374 seconds, Stopping threads took: 0.0000087 seconds
2019-03-20T16:14:07.575+0600: 11.540: Total time for which application threads were stopped: 0.0000348 seconds, Stopping threads took: 0.0000078 seconds
2019-03-20T16:14:07.576+0600: 11.541: Total time for which application threads were stopped: 0.0000376 seconds, Stopping threads took: 0.0000089 seconds
2019-03-20T16:14:07.577+0600: 11.541: Total time for which application threads were stopped: 0.0000291 seconds, Stopping threads took: 0.0000065 seconds
2019-03-20T16:14:07.577+0600: 11.542: Total time for which application threads were stopped: 0.0000231 seconds, Stopping threads took: 0.0000051 seconds
2019-03-20T16:14:07.577+0600: 11.542: Total time for which application threads were stopped: 0.0000391 seconds, Stopping threads took: 0.0000064 seconds
2019-03-20T16:14:07.581+0600: 11.546: Total time for which application threads were stopped: 0.0003029 seconds, Stopping threads took: 0.0002435 seconds
2019-03-20T16:14:07.582+0600: 11.547: Total time for which application threads were stopped: 0.0000393 seconds, Stopping threads took: 0.0000101 seconds
2019-03-20T16:14:07.584+0600: 11.549: Total time for which application threads were stopped: 0.0000686 seconds, Stopping threads took: 0.0000352 seconds
2019-03-20T16:14:07.585+0600: 11.550: Total time for which application threads were stopped: 0.0000618 seconds, Stopping threads took: 0.0000108 seconds
2019-03-20T16:14:07.587+0600: 11.552: Total time for which application threads were stopped: 0.0000456 seconds, Stopping threads took: 0.0000127 seconds
2019-03-20T16:14:07.587+0600: 11.552: Total time for which application threads were stopped: 0.0000305 seconds, Stopping threads took: 0.0000074 seconds
2019-03-20T16:14:07.589+0600: 11.554: Total time for which application threads were stopped: 0.0000444 seconds, Stopping threads took: 0.0000123 seconds
2019-03-20T16:14:07.599+0600: 11.564: Total time for which application threads were stopped: 0.0000538 seconds, Stopping threads took: 0.0000109 seconds
2019-03-20T16:14:07.607+0600: 11.571: Total time for which application threads were stopped: 0.0000528 seconds, Stopping threads took: 0.0000113 seconds
2019-03-20T16:14:07.611+0600: 11.576: Total time for which application threads were stopped: 0.0000522 seconds, Stopping threads took: 0.0000126 seconds
2019-03-20T16:14:07.615+0600: 11.579: Total time for which application threads were stopped: 0.0000439 seconds, Stopping threads took: 0.0000120 seconds
2019-03-20T16:14:07.621+0600: 11.586: Total time for which application threads were stopped: 0.0000554 seconds, Stopping threads took: 0.0000146 seconds
2019-03-20T16:14:07.622+0600: 11.586: Total time for which application threads were stopped: 0.0001263 seconds, Stopping threads took: 0.0000903 seconds
2019-03-20T16:14:07.622+0600: 11.587: Total time for which application threads were stopped: 0.0000323 seconds, Stopping threads took: 0.0000077 seconds
2019-03-20T16:14:07.626+0600: 11.591: Total time for which application threads were stopped: 0.0000720 seconds, Stopping threads took: 0.0000122 seconds
2019-03-20T16:14:07.628+0600: 11.592: Total time for which application threads were stopped: 0.0000444 seconds, Stopping threads took: 0.0000132 seconds
2019-03-20T16:14:07.628+0600: 11.593: Total time for which application threads were stopped: 0.0000379 seconds, Stopping threads took: 0.0000100 seconds
2019-03-20T16:14:07.633+0600: 11.598: Total time for which application threads were stopped: 0.0001003 seconds, Stopping threads took: 0.0000623 seconds
2019-03-20T16:14:07.634+0600: 11.598: Total time for which application threads were stopped: 0.0000487 seconds, Stopping threads took: 0.0000075 seconds
2019-03-20T16:14:07.634+0600: 11.599: Total time for which application threads were stopped: 0.0000274 seconds, Stopping threads took: 0.0000063 seconds
2019-03-20T16:14:07.635+0600: 11.600: Total time for which application threads were stopped: 0.0000918 seconds, Stopping threads took: 0.0000216 seconds
2019-03-20T16:14:07.656+0600: 11.620: Total time for which application threads were stopped: 0.0000921 seconds, Stopping threads took: 0.0000146 seconds
2019-03-20T16:14:07.673+0600: 11.638: Total time for which application threads were stopped: 0.0000630 seconds, Stopping threads took: 0.0000131 seconds
2019-03-20T16:14:08.001+0600: 11.966: Total time for which application threads were stopped: 0.0012105 seconds, Stopping threads took: 0.0000459 seconds
2019-03-20T16:14:08.011+0600: 11.976: Total time for which application threads were stopped: 0.0002614 seconds, Stopping threads took: 0.0000179 seconds
2019-03-20T16:14:08.012+0600: 11.977: Total time for which application threads were stopped: 0.0003148 seconds, Stopping threads took: 0.0000098 seconds
2019-03-20T16:14:08.012+0600: 11.977: Total time for which application threads were stopped: 0.0000564 seconds, Stopping threads took: 0.0000095 seconds
2019-03-20T16:14:08.015+0600: 11.980: Total time for which application threads were stopped: 0.0002521 seconds, Stopping threads took: 0.0000127 seconds
2019-03-20T16:14:08.029+0600: 11.994: Total time for which application threads were stopped: 0.0000811 seconds, Stopping threads took: 0.0000137 seconds
2019-03-20T16:14:08.029+0600: 11.994: Total time for which application threads were stopped: 0.0000685 seconds, Stopping threads took: 0.0000094 seconds
2019-03-20T16:14:08.030+0600: 11.995: Total time for which application threads were stopped: 0.0000684 seconds, Stopping threads took: 0.0000064 seconds
2019-03-20T16:14:08.060+0600: 12.024: Total time for which application threads were stopped: 0.0000602 seconds, Stopping threads took: 0.0000110 seconds
2019-03-20T16:14:08.062+0600: 12.027: Total time for which application threads were stopped: 0.0002339 seconds, Stopping threads took: 0.0000110 seconds
2019-03-20T16:14:08.073+0600: 12.037: Total time for which application threads were stopped: 0.0000511 seconds, Stopping threads took: 0.0000100 seconds
2019-03-20T16:14:08.101+0600: 12.065: Total time for which application threads were stopped: 0.0000981 seconds, Stopping threads took: 0.0000157 seconds
2019-03-20T16:14:08.118+0600: 12.083: Total time for which application threads were stopped: 0.0000991 seconds, Stopping threads took: 0.0000174 seconds
2019-03-20T16:14:08.118+0600: 12.083: Total time for which application threads were stopped: 0.0000789 seconds, Stopping threads took: 0.0000063 seconds
2019-03-20T16:14:08.119+0600: 12.083: Total time for which application threads were stopped: 0.0001101 seconds, Stopping threads took: 0.0000621 seconds
2019-03-20T16:14:08.119+0600: 12.083: Total time for which application threads were stopped: 0.0000794 seconds, Stopping threads took: 0.0000391 seconds
2019-03-20T16:14:08.120+0600: 12.084: Total time for which application threads were stopped: 0.0000477 seconds, Stopping threads took: 0.0000072 seconds
2019-03-20T16:14:08.127+0600: 12.092: Total time for which application threads were stopped: 0.0000536 seconds, Stopping threads took: 0.0000098 seconds
2019-03-20T16:14:08.129+0600: 12.093: Total time for which application threads were stopped: 0.0002213 seconds, Stopping threads took: 0.0000066 seconds
2019-03-20T16:14:08.135+0600: 12.099: Total time for which application threads were stopped: 0.0000949 seconds, Stopping threads took: 0.0000389 seconds
2019-03-20T16:14:08.160+0600: 12.125: Total time for which application threads were stopped: 0.0002900 seconds, Stopping threads took: 0.0000132 seconds
2019-03-20T16:14:08.160+0600: 12.125: Total time for which application threads were stopped: 0.0000695 seconds, Stopping threads took: 0.0000185 seconds
2019-03-20T16:14:08.176+0600: 12.140: Total time for which application threads were stopped: 0.0002106 seconds, Stopping threads took: 0.0000096 seconds
2019-03-20T16:14:08.198+0600: 12.162: Total time for which application threads were stopped: 0.0000790 seconds, Stopping threads took: 0.0000236 seconds
2019-03-20T16:14:08.227+0600: 12.192: Total time for which application threads were stopped: 0.0000927 seconds, Stopping threads took: 0.0000291 seconds
{Heap before GC invocations=1 (full 0):
 par new generation   total 109248K, used 99113K [0x00000007a0000000, 0x00000007a8000000, 0x00000007a8000000)
  eden space 87424K, 100% used [0x00000007a0000000, 0x00000007a5560000, 0x00000007a5560000)
  from space 21824K,  53% used [0x00000007a6ab0000, 0x00000007a761a6e0, 0x00000007a8000000)
  to   space 21824K,   0% used [0x00000007a5560000, 0x00000007a5560000, 0x00000007a6ab0000)
 concurrent mark-sweep generation total 393216K, used 0K [0x00000007a8000000, 0x00000007c0000000, 0x00000007c0000000)
 Metaspace       used 25048K, capacity 25580K, committed 25804K, reserved 1071104K
  class space    used 3017K, capacity 3202K, committed 3276K, reserved 1048576K
2019-03-20T16:14:08.239+0600: 12.204: [GC (Allocation Failure) 2019-03-20T16:14:08.239+0600: 12.204: [ParNew
Desired survivor size 20112992 bytes, new threshold 8 (max 8)
- age   1:    5849256 bytes,    5849256 total
- age   2:    5400320 bytes,   11249576 total
: 99113K->15622K(109248K), 0.0174346 secs] 99113K->15622K(502464K), 0.0175156 secs] [Times: user=0.04 sys=0.01, real=0.02 secs] 
Heap after GC invocations=2 (full 0):
 par new generation   total 109248K, used 15622K [0x00000007a0000000, 0x00000007a8000000, 0x00000007a8000000)
  eden space 87424K,   0% used [0x00000007a0000000, 0x00000007a0000000, 0x00000007a5560000)
  from space 21824K,  71% used [0x00000007a5560000, 0x00000007a64a1988, 0x00000007a6ab0000)
  to   space 21824K,   0% used [0x00000007a6ab0000, 0x00000007a6ab0000, 0x00000007a8000000)
 concurrent mark-sweep generation total 393216K, used 0K [0x00000007a8000000, 0x00000007c0000000, 0x00000007c0000000)
 Metaspace       used 25048K, capacity 25580K, committed 25804K, reserved 1071104K
  class space    used 3017K, capacity 3202K, committed 3276K, reserved 1048576K
}
2019-03-20T16:14:08.257+0600: 12.222: Total time for which application threads were stopped: 0.0177065 seconds, Stopping threads took: 0.0000362 seconds
2019-03-20T16:14:08.260+0600: 12.224: [GC (CMS Initial Mark) [1 CMS-initial-mark: 0K(393216K)] 16190K(502464K), 0.0033558 secs] [Times: user=0.00 sys=0.00, real=0.00 secs] 
2019-03-20T16:14:08.263+0600: 12.228: Total time for which application threads were stopped: 0.0035011 seconds, Stopping threads took: 0.0000390 seconds
2019-03-20T16:14:08.263+0600: 12.228: [CMS-concurrent-mark-start]
2019-03-20T16:14:08.265+0600: 12.229: [CMS-concurrent-mark: 0.002/0.002 secs] [Times: user=0.01 sys=0.00, real=0.00 secs] 
2019-03-20T16:14:08.265+0600: 12.229: Total time for which application threads were stopped: 0.0001048 seconds, Stopping threads took: 0.0000308 seconds
2019-03-20T16:14:08.265+0600: 12.229: [CMS-concurrent-preclean-start]
2019-03-20T16:14:08.265+0600: 12.230: Total time for which application threads were stopped: 0.0000775 seconds, Stopping threads took: 0.0000289 seconds
2019-03-20T16:14:08.265+0600: 12.230: Total time for which application threads were stopped: 0.0001261 seconds, Stopping threads took: 0.0000540 seconds
2019-03-20T16:14:08.266+0600: 12.231: [CMS-concurrent-preclean: 0.001/0.001 secs] [Times: user=0.00 sys=0.00, real=0.00 secs] 
2019-03-20T16:14:08.266+0600: 12.231: Total time for which application threads were stopped: 0.0002480 seconds, Stopping threads took: 0.0001904 seconds
2019-03-20T16:14:08.266+0600: 12.231: [CMS-concurrent-abortable-preclean-start]
2019-03-20T16:14:08.267+0600: 12.231: Total time for which application threads were stopped: 0.0000966 seconds, Stopping threads took: 0.0000623 seconds
2019-03-20T16:14:08.267+0600: 12.231: Total time for which application threads were stopped: 0.0000612 seconds, Stopping threads took: 0.0000310 seconds
2019-03-20T16:14:08.267+0600: 12.231: Total time for which application threads were stopped: 0.0000484 seconds, Stopping threads took: 0.0000188 seconds
2019-03-20T16:14:08.267+0600: 12.232: Total time for which application threads were stopped: 0.0000398 seconds, Stopping threads took: 0.0000071 seconds
2019-03-20T16:14:08.267+0600: 12.232: Total time for which application threads were stopped: 0.0000861 seconds, Stopping threads took: 0.0000180 seconds
2019-03-20T16:14:08.279+0600: 12.244: Total time for which application threads were stopped: 0.0000654 seconds, Stopping threads took: 0.0000110 seconds
2019-03-20T16:14:08.316+0600: 12.281: Total time for which application threads were stopped: 0.0000884 seconds, Stopping threads took: 0.0000110 seconds
2019-03-20T16:14:08.350+0600: 12.314: Total time for which application threads were stopped: 0.0000808 seconds, Stopping threads took: 0.0000208 seconds
2019-03-20T16:14:08.386+0600: 12.351: Total time for which application threads were stopped: 0.0000847 seconds, Stopping threads took: 0.0000315 seconds
2019-03-20T16:14:08.387+0600: 12.351: Total time for which application threads were stopped: 0.0001308 seconds, Stopping threads took: 0.0000227 seconds
2019-03-20T16:14:08.408+0600: 12.373: Total time for which application threads were stopped: 0.0000823 seconds, Stopping threads took: 0.0000132 seconds
2019-03-20T16:14:13.425+0600: 17.390: Total time for which application threads were stopped: 0.0000657 seconds, Stopping threads took: 0.0000126 seconds
2019-03-20T16:14:13.425+0600: 17.390: Total time for which application threads were stopped: 0.0000347 seconds, Stopping threads took: 0.0000077 seconds
2019-03-20T16:14:13.425+0600: 17.390: Total time for which application threads were stopped: 0.0000547 seconds, Stopping threads took: 0.0000053 seconds
2019-03-20T16:14:13.429+0600: 17.393: Total time for which application threads were stopped: 0.0000581 seconds, Stopping threads took: 0.0000140 seconds
2019-03-20T16:14:13.439+0600: 17.404: Total time for which application threads were stopped: 0.0000537 seconds, Stopping threads took: 0.0000142 seconds
2019-03-20T16:14:13.439+0600: 17.404: Total time for which application threads were stopped: 0.0000276 seconds, Stopping threads took: 0.0000058 seconds
2019-03-20T16:14:13.440+0600: 17.404: Total time for which application threads were stopped: 0.0000357 seconds, Stopping threads took: 0.0000053 seconds
2019-03-20T16:14:13.444+0600: 17.408: Total time for which application threads were stopped: 0.0000641 seconds, Stopping threads took: 0.0000157 seconds
2019-03-20T16:14:13.464+0600: 17.428: Total time for which application threads were stopped: 0.0001900 seconds, Stopping threads took: 0.0000462 seconds
2019-03-20T16:14:13.509+0600: 17.473: Total time for which application threads were stopped: 0.0000696 seconds, Stopping threads took: 0.0000134 seconds
2019-03-20T16:14:13.543+0600: 17.508: Total time for which application threads were stopped: 0.0001409 seconds, Stopping threads took: 0.0000370 seconds
2019-03-20T16:14:13.561+0600: 17.525: Total time for which application threads were stopped: 0.0000971 seconds, Stopping threads took: 0.0000164 seconds
2019-03-20T16:14:13.563+0600: 17.528: Total time for which application threads were stopped: 0.0000750 seconds, Stopping threads took: 0.0000256 seconds
2019-03-20T16:14:13.565+0600: 17.530: Total time for which application threads were stopped: 0.0000817 seconds, Stopping threads took: 0.0000146 seconds
2019-03-20T16:14:13.577+0600: 17.541: Total time for which application threads were stopped: 0.0000673 seconds, Stopping threads took: 0.0000125 seconds
2019-03-20T16:14:13.605+0600: 17.570: Total time for which application threads were stopped: 0.0000910 seconds, Stopping threads took: 0.0000169 seconds
2019-03-20T16:14:13.622+0600: 17.587: Total time for which application threads were stopped: 0.0003221 seconds, Stopping threads took: 0.0000169 seconds
2019-03-20T16:14:13.622+0600: 17.587: [CMS-concurrent-abortable-preclean: 1.658/5.356 secs] [Times: user=2.22 sys=0.04, real=5.36 secs] 
2019-03-20T16:14:13.622+0600: 17.587: [GC (CMS Final Remark) [YG occupancy: 60405 K (109248 K)]{Heap before GC invocations=2 (full 1):
 par new generation   total 109248K, used 60405K [0x00000007a0000000, 0x00000007a8000000, 0x00000007a8000000)
  eden space 87424K,  51% used [0x00000007a0000000, 0x00000007a2bbbcc8, 0x00000007a5560000)
  from space 21824K,  71% used [0x00000007a5560000, 0x00000007a64a1988, 0x00000007a6ab0000)
  to   space 21824K,   0% used [0x00000007a6ab0000, 0x00000007a6ab0000, 0x00000007a8000000)
 concurrent mark-sweep generation total 393216K, used 0K [0x00000007a8000000, 0x00000007c0000000, 0x00000007c0000000)
 Metaspace       used 27549K, capacity 28287K, committed 28600K, reserved 1075200K
  class space    used 3357K, capacity 3566K, committed 3660K, reserved 1048576K
2019-03-20T16:14:13.622+0600: 17.587: [GC (CMS Final Remark) 2019-03-20T16:14:13.622+0600: 17.587: [ParNew
Desired survivor size 20112992 bytes, new threshold 8 (max 8)
- age   1:    3325792 bytes,    3325792 total
- age   2:    2349688 bytes,    5675480 total
- age   3:    5366912 bytes,   11042392 total
: 60405K->13174K(109248K), 0.0106651 secs] 60405K->13174K(502464K), 0.0107171 secs] [Times: user=0.03 sys=0.00, real=0.01 secs] 
Heap after GC invocations=3 (full 1):
 par new generation   total 109248K, used 13174K [0x00000007a0000000, 0x00000007a8000000, 0x00000007a8000000)
  eden space 87424K,   0% used [0x00000007a0000000, 0x00000007a0000000, 0x00000007a5560000)
  from space 21824K,  60% used [0x00000007a6ab0000, 0x00000007a778daa8, 0x00000007a8000000)
  to   space 21824K,   0% used [0x00000007a5560000, 0x00000007a5560000, 0x00000007a6ab0000)
 concurrent mark-sweep generation total 393216K, used 0K [0x00000007a8000000, 0x00000007c0000000, 0x00000007c0000000)
 Metaspace       used 27549K, capacity 28287K, committed 28600K, reserved 1075200K
  class space    used 3357K, capacity 3566K, committed 3660K, reserved 1048576K
}
2019-03-20T16:14:13.633+0600: 17.598: [Rescan (parallel) , 0.0040303 secs]2019-03-20T16:14:13.637+0600: 17.602: [weak refs processing, 0.0017650 secs]2019-03-20T16:14:13.639+0600: 17.604: [class unloading, 0.0035636 secs]2019-03-20T16:14:13.643+0600: 17.607: [scrub symbol table, 0.0037081 secs]2019-03-20T16:14:13.646+0600: 17.611: [scrub string table, 0.0002744 secs][1 CMS-remark: 0K(393216K)] 13174K(502464K), 0.0251327 secs] [Times: user=0.06 sys=0.00, real=0.02 secs] 
2019-03-20T16:14:13.648+0600: 17.612: Total time for which application threads were stopped: 0.0252434 seconds, Stopping threads took: 0.0000212 seconds
2019-03-20T16:14:13.648+0600: 17.613: [CMS-concurrent-sweep-start]
2019-03-20T16:14:13.648+0600: 17.613: [CMS-concurrent-sweep: 0.000/0.000 secs] [Times: user=0.00 sys=0.00, real=0.00 secs] 
2019-03-20T16:14:13.648+0600: 17.613: [CMS-concurrent-reset-start]
2019-03-20T16:14:13.649+0600: 17.614: Total time for which application threads were stopped: 0.0001093 seconds, Stopping threads took: 0.0000460 seconds
2019-03-20T16:14:13.651+0600: 17.615: Total time for which application threads were stopped: 0.0001009 seconds, Stopping threads took: 0.0000295 seconds
2019-03-20T16:14:13.657+0600: 17.622: [CMS-concurrent-reset: 0.008/0.009 secs] [Times: user=0.02 sys=0.00, real=0.01 secs] 
2019-03-20T16:14:14.651+0600: 18.616: Total time for which application threads were stopped: 0.0001098 seconds, Stopping threads took: 0.0000253 seconds
2019-03-20T16:14:18.824+0600: 22.788: Total time for which application threads were stopped: 0.0012188 seconds, Stopping threads took: 0.0000650 seconds
2019-03-20T16:14:18.834+0600: 22.798: Total time for which application threads were stopped: 0.0002908 seconds, Stopping threads took: 0.0002090 seconds
2019-03-20T16:14:18.838+0600: 22.803: Total time for which application threads were stopped: 0.0001804 seconds, Stopping threads took: 0.0000330 seconds
2019-03-20T16:14:18.839+0600: 22.803: Total time for which application threads were stopped: 0.0001213 seconds, Stopping threads took: 0.0000377 seconds
2019-03-20T16:14:18.839+0600: 22.803: Total time for which application threads were stopped: 0.0001416 seconds, Stopping threads took: 0.0000424 seconds
2019-03-20T16:14:18.839+0600: 22.804: Total time for which application threads were stopped: 0.0001621 seconds, Stopping threads took: 0.0000258 seconds
2019-03-20T16:14:18.980+0600: 22.945: Total time for which application threads were stopped: 0.0001550 seconds, Stopping threads took: 0.0000780 seconds
2019-03-20T16:14:18.981+0600: 22.945: Total time for which application threads were stopped: 0.0000715 seconds, Stopping threads took: 0.0000230 seconds
2019-03-20T16:14:19.045+0600: 23.010: Total time for which application threads were stopped: 0.0001326 seconds, Stopping threads took: 0.0000669 seconds
2019-03-20T16:14:19.046+0600: 23.010: Total time for which application threads were stopped: 0.0000439 seconds, Stopping threads took: 0.0000076 seconds
2019-03-20T16:14:19.047+0600: 23.011: Total time for which application threads were stopped: 0.0000805 seconds, Stopping threads took: 0.0000393 seconds
2019-03-20T16:14:19.047+0600: 23.011: Total time for which application threads were stopped: 0.0001262 seconds, Stopping threads took: 0.0000924 seconds
2019-03-20T16:14:21.529+0600: 25.494: Total time for which application threads were stopped: 0.0000576 seconds, Stopping threads took: 0.0000152 seconds
2019-03-20T16:14:21.530+0600: 25.494: Total time for which application threads were stopped: 0.0000356 seconds, Stopping threads took: 0.0000075 seconds
2019-03-20T16:14:21.535+0600: 25.499: Total time for which application threads were stopped: 0.0000575 seconds, Stopping threads took: 0.0000146 seconds
2019-03-20T16:14:21.541+0600: 25.505: Total time for which application threads were stopped: 0.0000529 seconds, Stopping threads took: 0.0000139 seconds
2019-03-20T16:14:21.541+0600: 25.505: Total time for which application threads were stopped: 0.0000303 seconds, Stopping threads took: 0.0000063 seconds
2019-03-20T16:14:21.541+0600: 25.505: Total time for which application threads were stopped: 0.0000257 seconds, Stopping threads took: 0.0000054 seconds
2019-03-20T16:14:21.545+0600: 25.510: Total time for which application threads were stopped: 0.0002739 seconds, Stopping threads took: 0.0000148 seconds
2019-03-20T16:14:21.574+0600: 25.538: Total time for which application threads were stopped: 0.0000781 seconds, Stopping threads took: 0.0000191 seconds
2019-03-20T16:14:21.574+0600: 25.539: Total time for which application threads were stopped: 0.0000722 seconds, Stopping threads took: 0.0000306 seconds
2019-03-20T16:14:21.575+0600: 25.539: Total time for which application threads were stopped: 0.0000402 seconds, Stopping threads took: 0.0000095 seconds
2019-03-20T16:14:21.575+0600: 25.539: Total time for which application threads were stopped: 0.0000374 seconds, Stopping threads took: 0.0000090 seconds
2019-03-20T16:14:21.575+0600: 25.539: Total time for which application threads were stopped: 0.0000458 seconds, Stopping threads took: 0.0000161 seconds
2019-03-20T16:14:21.577+0600: 25.542: Total time for which application threads were stopped: 0.0000773 seconds, Stopping threads took: 0.0000213 seconds
2019-03-20T16:14:21.578+0600: 25.542: Total time for which application threads were stopped: 0.0000524 seconds, Stopping threads took: 0.0000116 seconds
2019-03-20T16:14:21.578+0600: 25.542: Total time for which application threads were stopped: 0.0000368 seconds, Stopping threads took: 0.0000088 seconds
2019-03-20T16:14:21.578+0600: 25.542: Total time for which application threads were stopped: 0.0000394 seconds, Stopping threads took: 0.0000098 seconds
2019-03-20T16:14:21.579+0600: 25.544: Total time for which application threads were stopped: 0.0000619 seconds, Stopping threads took: 0.0000251 seconds
2019-03-20T16:14:21.585+0600: 25.549: Total time for which application threads were stopped: 0.0000678 seconds, Stopping threads took: 0.0000198 seconds
2019-03-20T16:14:21.585+0600: 25.550: Total time for which application threads were stopped: 0.0000412 seconds, Stopping threads took: 0.0000095 seconds
2019-03-20T16:14:21.585+0600: 25.550: Total time for which application threads were stopped: 0.0000541 seconds, Stopping threads took: 0.0000242 seconds
2019-03-20T16:14:21.585+0600: 25.550: Total time for which application threads were stopped: 0.0000510 seconds, Stopping threads took: 0.0000213 seconds
2019-03-20T16:14:21.596+0600: 25.561: Total time for which application threads were stopped: 0.0001096 seconds, Stopping threads took: 0.0000288 seconds
2019-03-20T16:14:21.596+0600: 25.561: Total time for which application threads were stopped: 0.0000648 seconds, Stopping threads took: 0.0000188 seconds
2019-03-20T16:14:21.596+0600: 25.561: Total time for which application threads were stopped: 0.0000502 seconds, Stopping threads took: 0.0000202 seconds
2019-03-20T16:14:21.597+0600: 25.561: Total time for which application threads were stopped: 0.0000400 seconds, Stopping threads took: 0.0000091 seconds
2019-03-20T16:14:21.610+0600: 25.575: Total time for which application threads were stopped: 0.0000680 seconds, Stopping threads took: 0.0000196 seconds
2019-03-20T16:14:21.610+0600: 25.575: Total time for which application threads were stopped: 0.0000414 seconds, Stopping threads took: 0.0000110 seconds
2019-03-20T16:14:21.610+0600: 25.575: Total time for which application threads were stopped: 0.0000513 seconds, Stopping threads took: 0.0000084 seconds
2019-03-20T16:14:21.611+0600: 25.575: Total time for which application threads were stopped: 0.0000375 seconds, Stopping threads took: 0.0000090 seconds
2019-03-20T16:14:21.611+0600: 25.576: Total time for which application threads were stopped: 0.0000647 seconds, Stopping threads took: 0.0000256 seconds
2019-03-20T16:14:21.611+0600: 25.576: Total time for which application threads were stopped: 0.0000619 seconds, Stopping threads took: 0.0000222 seconds
2019-03-20T16:14:21.612+0600: 25.576: Total time for which application threads were stopped: 0.0000523 seconds, Stopping threads took: 0.0000112 seconds
2019-03-20T16:14:21.612+0600: 25.576: Total time for which application threads were stopped: 0.0000482 seconds, Stopping threads took: 0.0000097 seconds
2019-03-20T16:14:21.612+0600: 25.576: Total time for which application threads were stopped: 0.0000468 seconds, Stopping threads took: 0.0000089 seconds
2019-03-20T16:14:21.612+0600: 25.577: Total time for which application threads were stopped: 0.0000360 seconds, Stopping threads took: 0.0000077 seconds
2019-03-20T16:14:21.613+0600: 25.577: Total time for which application threads were stopped: 0.0004337 seconds, Stopping threads took: 0.0000088 seconds
2019-03-20T16:14:21.613+0600: 25.578: Total time for which application threads were stopped: 0.0000678 seconds, Stopping threads took: 0.0000220 seconds
2019-03-20T16:14:21.613+0600: 25.578: Total time for which application threads were stopped: 0.0000517 seconds, Stopping threads took: 0.0000112 seconds
2019-03-20T16:14:21.614+0600: 25.578: Total time for which application threads were stopped: 0.0000599 seconds, Stopping threads took: 0.0000218 seconds
2019-03-20T16:14:21.614+0600: 25.578: Total time for which application threads were stopped: 0.0000541 seconds, Stopping threads took: 0.0000210 seconds
2019-03-20T16:14:21.614+0600: 25.578: Total time for which application threads were stopped: 0.0000462 seconds, Stopping threads took: 0.0000148 seconds
2019-03-20T16:14:21.614+0600: 25.579: Total time for which application threads were stopped: 0.0000428 seconds, Stopping threads took: 0.0000087 seconds
2019-03-20T16:14:21.614+0600: 25.579: Total time for which application threads were stopped: 0.0000542 seconds, Stopping threads took: 0.0000207 seconds
2019-03-20T16:14:21.614+0600: 25.579: Total time for which application threads were stopped: 0.0001102 seconds, Stopping threads took: 0.0000762 seconds
2019-03-20T16:14:21.615+0600: 25.580: Total time for which application threads were stopped: 0.0000663 seconds, Stopping threads took: 0.0000181 seconds
2019-03-20T16:14:21.615+0600: 25.580: Total time for which application threads were stopped: 0.0000668 seconds, Stopping threads took: 0.0000259 seconds
2019-03-20T16:14:21.627+0600: 25.591: Total time for which application threads were stopped: 0.0003949 seconds, Stopping threads took: 0.0000348 seconds
2019-03-20T16:14:21.629+0600: 25.594: Total time for which application threads were stopped: 0.0001232 seconds, Stopping threads took: 0.0000354 seconds
2019-03-20T16:14:21.629+0600: 25.594: Total time for which application threads were stopped: 0.0001350 seconds, Stopping threads took: 0.0000692 seconds
2019-03-20T16:14:21.629+0600: 25.594: Total time for which application threads were stopped: 0.0000482 seconds, Stopping threads took: 0.0000094 seconds
2019-03-20T16:14:21.629+0600: 25.594: Total time for which application threads were stopped: 0.0000782 seconds, Stopping threads took: 0.0000279 seconds
2019-03-20T16:14:21.639+0600: 25.603: Total time for which application threads were stopped: 0.0001432 seconds, Stopping threads took: 0.0000331 seconds
2019-03-20T16:14:21.639+0600: 25.603: Total time for which application threads were stopped: 0.0000962 seconds, Stopping threads took: 0.0000185 seconds
2019-03-20T16:14:21.642+0600: 25.606: Total time for which application threads were stopped: 0.0000923 seconds, Stopping threads took: 0.0000210 seconds
2019-03-20T16:14:21.642+0600: 25.607: Total time for which application threads were stopped: 0.0000518 seconds, Stopping threads took: 0.0000096 seconds
2019-03-20T16:14:21.642+0600: 25.607: Total time for which application threads were stopped: 0.0000429 seconds, Stopping threads took: 0.0000081 seconds
2019-03-20T16:14:21.642+0600: 25.607: Total time for which application threads were stopped: 0.0000458 seconds, Stopping threads took: 0.0000081 seconds
2019-03-20T16:14:21.646+0600: 25.610: Total time for which application threads were stopped: 0.0000877 seconds, Stopping threads took: 0.0000304 seconds
2019-03-20T16:14:21.646+0600: 25.610: Total time for which application threads were stopped: 0.0001115 seconds, Stopping threads took: 0.0000727 seconds
2019-03-20T16:14:21.646+0600: 25.610: Total time for which application threads were stopped: 0.0000525 seconds, Stopping threads took: 0.0000228 seconds
2019-03-20T16:14:21.646+0600: 25.611: Total time for which application threads were stopped: 0.0000567 seconds, Stopping threads took: 0.0000101 seconds
2019-03-20T16:14:21.674+0600: 25.639: Total time for which application threads were stopped: 0.0003507 seconds, Stopping threads took: 0.0001919 seconds
2019-03-20T16:14:21.674+0600: 25.639: Total time for which application threads were stopped: 0.0000963 seconds, Stopping threads took: 0.0000166 seconds
2019-03-20T16:14:21.675+0600: 25.640: Total time for which application threads were stopped: 0.0001426 seconds, Stopping threads took: 0.0000126 seconds
2019-03-20T16:14:21.676+0600: 25.640: Total time for which application threads were stopped: 0.0000781 seconds, Stopping threads took: 0.0000121 seconds
2019-03-20T16:14:21.678+0600: 25.642: Total time for which application threads were stopped: 0.0000832 seconds, Stopping threads took: 0.0000165 seconds
2019-03-20T16:14:21.678+0600: 25.643: Total time for which application threads were stopped: 0.0000783 seconds, Stopping threads took: 0.0000134 seconds
2019-03-20T16:14:22.682+0600: 26.647: Total time for which application threads were stopped: 0.0002020 seconds, Stopping threads took: 0.0000484 seconds
2019-03-20T16:14:53.036+0600: 57.000: Total time for which application threads were stopped: 0.0001269 seconds, Stopping threads took: 0.0000693 seconds
2019-03-20T16:14:53.036+0600: 57.000: Total time for which application threads were stopped: 0.0000590 seconds, Stopping threads took: 0.0000114 seconds
2019-03-20T16:14:53.036+0600: 57.000: Total time for which application threads were stopped: 0.0000560 seconds, Stopping threads took: 0.0000283 seconds
2019-03-20T16:14:53.036+0600: 57.000: Total time for which application threads were stopped: 0.0000504 seconds, Stopping threads took: 0.0000247 seconds
2019-03-20T16:14:53.036+0600: 57.000: Total time for which application threads were stopped: 0.0000498 seconds, Stopping threads took: 0.0000243 seconds
2019-03-20T16:14:53.036+0600: 57.001: Total time for which application threads were stopped: 0.0000503 seconds, Stopping threads took: 0.0000244 seconds
2019-03-20T16:14:53.039+0600: 57.003: Total time for which application threads were stopped: 0.0000735 seconds, Stopping threads took: 0.0000218 seconds
2019-03-20T16:14:53.040+0600: 57.004: Total time for which application threads were stopped: 0.0000456 seconds, Stopping threads took: 0.0000094 seconds
2019-03-20T16:14:53.044+0600: 57.008: Total time for which application threads were stopped: 0.0003145 seconds, Stopping threads took: 0.0000173 seconds
2019-03-20T16:14:54.045+0600: 58.009: Total time for which application threads were stopped: 0.0001511 seconds, Stopping threads took: 0.0000248 seconds
2019-03-20T16:14:59.047+0600: 63.012: Total time for which application threads were stopped: 0.0001521 seconds, Stopping threads took: 0.0000375 seconds
2019-03-20T16:15:07.066+0600: 71.030: Total time for which application threads were stopped: 0.0001129 seconds, Stopping threads took: 0.0000345 seconds
2019-03-20T16:15:13.072+0600: 77.036: Total time for which application threads were stopped: 0.0003126 seconds, Stopping threads took: 0.0001010 seconds
2019-03-20T16:15:19.080+0600: 83.044: Total time for which application threads were stopped: 0.0002275 seconds, Stopping threads took: 0.0000466 seconds
2019-03-20T16:15:21.642+0600: 85.606: Total time for which application threads were stopped: 0.0001440 seconds, Stopping threads took: 0.0000354 seconds
2019-03-20T16:15:22.647+0600: 86.611: Total time for which application threads were stopped: 0.0001729 seconds, Stopping threads took: 0.0000520 seconds
2019-03-20T16:15:33.962+0600: 97.926: Total time for which application threads were stopped: 0.0001956 seconds, Stopping threads took: 0.0001277 seconds
2019-03-20T16:15:33.962+0600: 97.926: Total time for which application threads were stopped: 0.0001167 seconds, Stopping threads took: 0.0000383 seconds
2019-03-20T16:15:34.337+0600: 98.301: Total time for which application threads were stopped: 0.0000831 seconds, Stopping threads took: 0.0000148 seconds
2019-03-20T16:15:34.337+0600: 98.301: Total time for which application threads were stopped: 0.0000607 seconds, Stopping threads took: 0.0000095 seconds
2019-03-20T16:15:34.337+0600: 98.301: Total time for which application threads were stopped: 0.0000498 seconds, Stopping threads took: 0.0000081 seconds
2019-03-20T16:15:34.338+0600: 98.301: Total time for which application threads were stopped: 0.0000549 seconds, Stopping threads took: 0.0000084 seconds
2019-03-20T16:15:34.340+0600: 98.304: Total time for which application threads were stopped: 0.0001411 seconds, Stopping threads took: 0.0000599 seconds
2019-03-20T16:15:34.349+0600: 98.312: Total time for which application threads were stopped: 0.0001590 seconds, Stopping threads took: 0.0000213 seconds
2019-03-20T16:15:34.349+0600: 98.313: Total time for which application threads were stopped: 0.0002245 seconds, Stopping threads took: 0.0001452 seconds
2019-03-20T16:15:34.350+0600: 98.313: Total time for which application threads were stopped: 0.0001738 seconds, Stopping threads took: 0.0001026 seconds
2019-03-20T16:15:34.350+0600: 98.314: Total time for which application threads were stopped: 0.0002319 seconds, Stopping threads took: 0.0000116 seconds
2019-03-20T16:15:34.355+0600: 98.318: Total time for which application threads were stopped: 0.0000984 seconds, Stopping threads took: 0.0000294 seconds
2019-03-20T16:15:34.359+0600: 98.323: Total time for which application threads were stopped: 0.0001013 seconds, Stopping threads took: 0.0000321 seconds
2019-03-20T16:15:34.360+0600: 98.324: Total time for which application threads were stopped: 0.0001448 seconds, Stopping threads took: 0.0000340 seconds
2019-03-20T16:15:35.418+0600: 99.381: Total time for which application threads were stopped: 0.0005765 seconds, Stopping threads took: 0.0004908 seconds
2019-03-20T16:15:35.420+0600: 99.384: Total time for which application threads were stopped: 0.0001117 seconds, Stopping threads took: 0.0000255 seconds
2019-03-20T16:15:35.422+0600: 99.386: Total time for which application threads were stopped: 0.0001018 seconds, Stopping threads took: 0.0000268 seconds
2019-03-20T16:15:35.425+0600: 99.389: Total time for which application threads were stopped: 0.0000934 seconds, Stopping threads took: 0.0000236 seconds
2019-03-20T16:15:35.468+0600: 99.432: Total time for which application threads were stopped: 0.0078398 seconds, Stopping threads took: 0.0077080 seconds
2019-03-20T16:15:35.469+0600: 99.433: Total time for which application threads were stopped: 0.0000991 seconds, Stopping threads took: 0.0000314 seconds
2019-03-20T16:15:35.469+0600: 99.433: Total time for which application threads were stopped: 0.0000808 seconds, Stopping threads took: 0.0000254 seconds
2019-03-20T16:15:35.469+0600: 99.433: Total time for which application threads were stopped: 0.0000702 seconds, Stopping threads took: 0.0000209 seconds
2019-03-20T16:15:35.514+0600: 99.478: Total time for which application threads were stopped: 0.0113047 seconds, Stopping threads took: 0.0107454 seconds
2019-03-20T16:15:35.515+0600: 99.478: Total time for which application threads were stopped: 0.0002337 seconds, Stopping threads took: 0.0000462 seconds
2019-03-20T16:15:35.515+0600: 99.479: Total time for which application threads were stopped: 0.0002292 seconds, Stopping threads took: 0.0000620 seconds
2019-03-20T16:15:35.584+0600: 99.548: Total time for which application threads were stopped: 0.0004996 seconds, Stopping threads took: 0.0000365 seconds
2019-03-20T16:15:35.589+0600: 99.553: Total time for which application threads were stopped: 0.0001368 seconds, Stopping threads took: 0.0000320 seconds
2019-03-20T16:15:35.590+0600: 99.553: Total time for which application threads were stopped: 0.0000792 seconds, Stopping threads took: 0.0000224 seconds
2019-03-20T16:15:35.590+0600: 99.553: Total time for which application threads were stopped: 0.0000559 seconds, Stopping threads took: 0.0000096 seconds
2019-03-20T16:15:35.590+0600: 99.554: Total time for which application threads were stopped: 0.0001077 seconds, Stopping threads took: 0.0000355 seconds
2019-03-20T16:15:35.608+0600: 99.572: Total time for which application threads were stopped: 0.0002767 seconds, Stopping threads took: 0.0001895 seconds
2019-03-20T16:15:35.609+0600: 99.573: Total time for which application threads were stopped: 0.0001166 seconds, Stopping threads took: 0.0000513 seconds
2019-03-20T16:15:35.609+0600: 99.573: Total time for which application threads were stopped: 0.0000910 seconds, Stopping threads took: 0.0000190 seconds
2019-03-20T16:15:35.609+0600: 99.573: Total time for which application threads were stopped: 0.0000720 seconds, Stopping threads took: 0.0000124 seconds
2019-03-20T16:15:35.614+0600: 99.577: Total time for which application threads were stopped: 0.0004191 seconds, Stopping threads took: 0.0001872 seconds
2019-03-20T16:15:35.614+0600: 99.578: Total time for which application threads were stopped: 0.0002103 seconds, Stopping threads took: 0.0000803 seconds
2019-03-20T16:15:35.614+0600: 99.578: Total time for which application threads were stopped: 0.0002409 seconds, Stopping threads took: 0.0000899 seconds
2019-03-20T16:15:35.615+0600: 99.579: Total time for which application threads were stopped: 0.0000814 seconds, Stopping threads took: 0.0000105 seconds
2019-03-20T16:15:35.618+0600: 99.582: Total time for which application threads were stopped: 0.0001312 seconds, Stopping threads took: 0.0000299 seconds
2019-03-20T16:15:35.618+0600: 99.582: Total time for which application threads were stopped: 0.0001301 seconds, Stopping threads took: 0.0000305 seconds
2019-03-20T16:15:35.619+0600: 99.582: Total time for which application threads were stopped: 0.0000986 seconds, Stopping threads took: 0.0000229 seconds
2019-03-20T16:15:35.619+0600: 99.583: Total time for which application threads were stopped: 0.0001187 seconds, Stopping threads took: 0.0000276 seconds
2019-03-20T16:15:35.620+0600: 99.583: Total time for which application threads were stopped: 0.0002520 seconds, Stopping threads took: 0.0000213 seconds
2019-03-20T16:15:35.620+0600: 99.584: Total time for which application threads were stopped: 0.0002137 seconds, Stopping threads took: 0.0000293 seconds
2019-03-20T16:15:35.625+0600: 99.589: Total time for which application threads were stopped: 0.0004520 seconds, Stopping threads took: 0.0001892 seconds
2019-03-20T16:15:35.633+0600: 99.597: Total time for which application threads were stopped: 0.0001212 seconds, Stopping threads took: 0.0000297 seconds
{Heap before GC invocations=3 (full 1):
 par new generation   total 109248K, used 100598K [0x00000007a0000000, 0x00000007a8000000, 0x00000007a8000000)
  eden space 87424K, 100% used [0x00000007a0000000, 0x00000007a5560000, 0x00000007a5560000)
  from space 21824K,  60% used [0x00000007a6ab0000, 0x00000007a778daa8, 0x00000007a8000000)
  to   space 21824K,   0% used [0x00000007a5560000, 0x00000007a5560000, 0x00000007a6ab0000)
 concurrent mark-sweep generation total 393216K, used 0K [0x00000007a8000000, 0x00000007c0000000, 0x00000007c0000000)
 Metaspace       used 31777K, capacity 32745K, committed 32844K, reserved 1077248K
  class space    used 3908K, capacity 4155K, committed 4172K, reserved 1048576K
2019-03-20T16:15:35.649+0600: 99.613: [GC (Allocation Failure) 2019-03-20T16:15:35.649+0600: 99.613: [ParNew
Desired survivor size 20112992 bytes, new threshold 8 (max 8)
- age   1:    6770840 bytes,    6770840 total
- age   2:    1422520 bytes,    8193360 total
- age   3:    2326400 bytes,   10519760 total
- age   4:    5267312 bytes,   15787072 total
: 100598K->21486K(109248K), 0.0403263 secs] 100598K->21486K(502464K), 0.0404304 secs] [Times: user=0.05 sys=0.00, real=0.05 secs] 
Heap after GC invocations=4 (full 1):
 par new generation   total 109248K, used 21486K [0x00000007a0000000, 0x00000007a8000000, 0x00000007a8000000)
  eden space 87424K,   0% used [0x00000007a0000000, 0x00000007a0000000, 0x00000007a5560000)
  from space 21824K,  98% used [0x00000007a5560000, 0x00000007a6a5baa0, 0x00000007a6ab0000)
  to   space 21824K,   0% used [0x00000007a6ab0000, 0x00000007a6ab0000, 0x00000007a8000000)
 concurrent mark-sweep generation total 393216K, used 0K [0x00000007a8000000, 0x00000007c0000000, 0x00000007c0000000)
 Metaspace       used 31777K, capacity 32745K, committed 32844K, reserved 1077248K
  class space    used 3908K, capacity 4155K, committed 4172K, reserved 1048576K
}
2019-03-20T16:15:35.690+0600: 99.654: Total time for which application threads were stopped: 0.0406805 seconds, Stopping threads took: 0.0000218 seconds
2019-03-20T16:15:35.702+0600: 99.666: Total time for which application threads were stopped: 0.0030321 seconds, Stopping threads took: 0.0029201 seconds
2019-03-20T16:15:35.704+0600: 99.668: Total time for which application threads were stopped: 0.0005562 seconds, Stopping threads took: 0.0004339 seconds
2019-03-20T16:15:35.704+0600: 99.668: Total time for which application threads were stopped: 0.0001774 seconds, Stopping threads took: 0.0000700 seconds
2019-03-20T16:15:35.766+0600: 99.730: Total time for which application threads were stopped: 0.0002320 seconds, Stopping threads took: 0.0001109 seconds
2019-03-20T16:15:35.767+0600: 99.731: Total time for which application threads were stopped: 0.0001429 seconds, Stopping threads took: 0.0000334 seconds
2019-03-20T16:15:35.777+0600: 99.741: Total time for which application threads were stopped: 0.0001461 seconds, Stopping threads took: 0.0000172 seconds
2019-03-20T16:15:35.778+0600: 99.742: Total time for which application threads were stopped: 0.0001158 seconds, Stopping threads took: 0.0000149 seconds
2019-03-20T16:15:35.781+0600: 99.745: Total time for which application threads were stopped: 0.0001083 seconds, Stopping threads took: 0.0000340 seconds
2019-03-20T16:15:35.783+0600: 99.747: Total time for which application threads were stopped: 0.0001371 seconds, Stopping threads took: 0.0000380 seconds
2019-03-20T16:15:35.822+0600: 99.786: Total time for which application threads were stopped: 0.0001756 seconds, Stopping threads took: 0.0000505 seconds
2019-03-20T16:15:35.823+0600: 99.786: Total time for which application threads were stopped: 0.0001076 seconds, Stopping threads took: 0.0000125 seconds
2019-03-20T16:15:35.823+0600: 99.787: Total time for which application threads were stopped: 0.0001064 seconds, Stopping threads took: 0.0000111 seconds
2019-03-20T16:15:35.823+0600: 99.787: Total time for which application threads were stopped: 0.0001022 seconds, Stopping threads took: 0.0000217 seconds
2019-03-20T16:15:35.823+0600: 99.787: Total time for which application threads were stopped: 0.0000935 seconds, Stopping threads took: 0.0000199 seconds
2019-03-20T16:15:35.824+0600: 99.788: Total time for which application threads were stopped: 0.0001134 seconds, Stopping threads took: 0.0000238 seconds
2019-03-20T16:15:35.824+0600: 99.788: Total time for which application threads were stopped: 0.0001164 seconds, Stopping threads took: 0.0000384 seconds
2019-03-20T16:15:35.824+0600: 99.788: Total time for which application threads were stopped: 0.0001061 seconds, Stopping threads took: 0.0000259 seconds
2019-03-20T16:15:35.962+0600: 99.926: Total time for which application threads were stopped: 0.0001277 seconds, Stopping threads took: 0.0000474 seconds
2019-03-20T16:15:35.963+0600: 99.927: Total time for which application threads were stopped: 0.0000820 seconds, Stopping threads took: 0.0000158 seconds
2019-03-20T16:15:35.975+0600: 99.939: Total time for which application threads were stopped: 0.0107196 seconds, Stopping threads took: 0.0106055 seconds
2019-03-20T16:15:35.981+0600: 99.945: Total time for which application threads were stopped: 0.0001183 seconds, Stopping threads took: 0.0000169 seconds
2019-03-20T16:15:35.981+0600: 99.945: Total time for which application threads were stopped: 0.0001402 seconds, Stopping threads took: 0.0000118 seconds
2019-03-20T16:15:35.981+0600: 99.945: Total time for which application threads were stopped: 0.0000830 seconds, Stopping threads took: 0.0000096 seconds
2019-03-20T16:15:35.982+0600: 99.946: Total time for which application threads were stopped: 0.0000849 seconds, Stopping threads took: 0.0000100 seconds
2019-03-20T16:15:35.982+0600: 99.946: Total time for which application threads were stopped: 0.0001075 seconds, Stopping threads took: 0.0000214 seconds
2019-03-20T16:15:35.982+0600: 99.946: Total time for which application threads were stopped: 0.0000889 seconds, Stopping threads took: 0.0000101 seconds
2019-03-20T16:15:35.983+0600: 99.947: Total time for which application threads were stopped: 0.0001043 seconds, Stopping threads took: 0.0000224 seconds
2019-03-20T16:15:35.983+0600: 99.947: Total time for which application threads were stopped: 0.0001554 seconds, Stopping threads took: 0.0000736 seconds
2019-03-20T16:15:35.983+0600: 99.947: Total time for which application threads were stopped: 0.0000789 seconds, Stopping threads took: 0.0000198 seconds
2019-03-20T16:15:35.985+0600: 99.949: Total time for which application threads were stopped: 0.0001076 seconds, Stopping threads took: 0.0000154 seconds
2019-03-20T16:15:36.124+0600: 100.088: Total time for which application threads were stopped: 0.0005340 seconds, Stopping threads took: 0.0000460 seconds
2019-03-20T16:15:36.253+0600: 100.217: Total time for which application threads were stopped: 0.0125733 seconds, Stopping threads took: 0.0120929 seconds
{Heap before GC invocations=4 (full 1):
 par new generation   total 109248K, used 108910K [0x00000007a0000000, 0x00000007a8000000, 0x00000007a8000000)
  eden space 87424K, 100% used [0x00000007a0000000, 0x00000007a5560000, 0x00000007a5560000)
  from space 21824K,  98% used [0x00000007a5560000, 0x00000007a6a5baa0, 0x00000007a6ab0000)
  to   space 21824K,   0% used [0x00000007a6ab0000, 0x00000007a6ab0000, 0x00000007a8000000)
 concurrent mark-sweep generation total 393216K, used 0K [0x00000007a8000000, 0x00000007c0000000, 0x00000007c0000000)
 Metaspace       used 33259K, capacity 34219K, committed 34380K, reserved 1079296K
  class space    used 4102K, capacity 4348K, committed 4428K, reserved 1048576K
2019-03-20T16:15:36.329+0600: 100.293: [GC (Allocation Failure) 2019-03-20T16:15:36.329+0600: 100.293: [ParNew
Desired survivor size 20112992 bytes, new threshold 8 (max 8)
- age   1:    2390976 bytes,    2390976 total
- age   2:    2976872 bytes,    5367848 total
- age   3:    1420024 bytes,    6787872 total
- age   4:    2323808 bytes,    9111680 total
- age   5:    5243400 bytes,   14355080 total
: 108910K->18379K(109248K), 0.0232246 secs] 108910K->18379K(502464K), 0.0234933 secs] [Times: user=0.04 sys=0.00, real=0.03 secs] 
Heap after GC invocations=5 (full 1):
 par new generation   total 109248K, used 18379K [0x00000007a0000000, 0x00000007a8000000, 0x00000007a8000000)
  eden space 87424K,   0% used [0x00000007a0000000, 0x00000007a0000000, 0x00000007a5560000)
  from space 21824K,  84% used [0x00000007a6ab0000, 0x00000007a7ca2f50, 0x00000007a8000000)
  to   space 21824K,   0% used [0x00000007a5560000, 0x00000007a5560000, 0x00000007a6ab0000)
 concurrent mark-sweep generation total 393216K, used 0K [0x00000007a8000000, 0x00000007c0000000, 0x00000007c0000000)
 Metaspace       used 33259K, capacity 34219K, committed 34380K, reserved 1079296K
  class space    used 4102K, capacity 4348K, committed 4428K, reserved 1048576K
}
2019-03-20T16:15:36.352+0600: 100.316: Total time for which application threads were stopped: 0.0407412 seconds, Stopping threads took: 0.0167912 seconds
2019-03-20T16:15:36.353+0600: 100.317: Total time for which application threads were stopped: 0.0001503 seconds, Stopping threads took: 0.0000382 seconds
2019-03-20T16:15:36.353+0600: 100.317: Total time for which application threads were stopped: 0.0000991 seconds, Stopping threads took: 0.0000098 seconds
2019-03-20T16:15:36.362+0600: 100.326: Total time for which application threads were stopped: 0.0002127 seconds, Stopping threads took: 0.0000591 seconds
2019-03-20T16:15:36.481+0600: 100.445: Total time for which application threads were stopped: 0.0007265 seconds, Stopping threads took: 0.0005867 seconds
2019-03-20T16:15:36.481+0600: 100.445: Total time for which application threads were stopped: 0.0000885 seconds, Stopping threads took: 0.0000124 seconds
2019-03-20T16:15:36.481+0600: 100.445: Total time for which application threads were stopped: 0.0000790 seconds, Stopping threads took: 0.0000104 seconds
2019-03-20T16:15:36.484+0600: 100.448: Total time for which application threads were stopped: 0.0000822 seconds, Stopping threads took: 0.0000177 seconds
{Heap before GC invocations=5 (full 1):
 par new generation   total 109248K, used 105803K [0x00000007a0000000, 0x00000007a8000000, 0x00000007a8000000)
  eden space 87424K, 100% used [0x00000007a0000000, 0x00000007a5560000, 0x00000007a5560000)
  from space 21824K,  84% used [0x00000007a6ab0000, 0x00000007a7ca2f50, 0x00000007a8000000)
  to   space 21824K,   0% used [0x00000007a5560000, 0x00000007a5560000, 0x00000007a6ab0000)
 concurrent mark-sweep generation total 393216K, used 0K [0x00000007a8000000, 0x00000007c0000000, 0x00000007c0000000)
 Metaspace       used 34059K, capacity 35045K, committed 35276K, reserved 1079296K
  class space    used 4199K, capacity 4455K, committed 4556K, reserved 1048576K
2019-03-20T16:15:36.781+0600: 100.745: [GC (Allocation Failure) 2019-03-20T16:15:36.781+0600: 100.745: [ParNew
Desired survivor size 20112992 bytes, new threshold 8 (max 8)
- age   1:    2557848 bytes,    2557848 total
- age   2:     419256 bytes,    2977104 total
- age   3:    2956704 bytes,    5933808 total
- age   4:    1420048 bytes,    7353856 total
- age   5:    2323552 bytes,    9677408 total
- age   6:    5243656 bytes,   14921064 total
: 105803K->18247K(109248K), 0.0654517 secs] 105803K->18247K(502464K), 0.0655573 secs] [Times: user=0.07 sys=0.00, real=0.06 secs] 
Heap after GC invocations=6 (full 1):
 par new generation   total 109248K, used 18247K [0x00000007a0000000, 0x00000007a8000000, 0x00000007a8000000)
  eden space 87424K,   0% used [0x00000007a0000000, 0x00000007a0000000, 0x00000007a5560000)
  from space 21824K,  83% used [0x00000007a5560000, 0x00000007a6731fe0, 0x00000007a6ab0000)
  to   space 21824K,   0% used [0x00000007a6ab0000, 0x00000007a6ab0000, 0x00000007a8000000)
 concurrent mark-sweep generation total 393216K, used 0K [0x00000007a8000000, 0x00000007c0000000, 0x00000007c0000000)
 Metaspace       used 34059K, capacity 35045K, committed 35276K, reserved 1079296K
  class space    used 4199K, capacity 4455K, committed 4556K, reserved 1048576K
}
2019-03-20T16:15:36.847+0600: 100.811: Total time for which application threads were stopped: 0.0658437 seconds, Stopping threads took: 0.0000666 seconds
2019-03-20T16:15:36.889+0600: 100.853: Total time for which application threads were stopped: 0.0001955 seconds, Stopping threads took: 0.0000562 seconds
2019-03-20T16:15:36.889+0600: 100.853: Total time for which application threads were stopped: 0.0000889 seconds, Stopping threads took: 0.0000117 seconds
2019-03-20T16:15:36.890+0600: 100.853: Total time for which application threads were stopped: 0.0000900 seconds, Stopping threads took: 0.0000117 seconds
2019-03-20T16:15:36.900+0600: 100.864: Total time for which application threads were stopped: 0.0001537 seconds, Stopping threads took: 0.0000497 seconds
2019-03-20T16:15:36.911+0600: 100.875: Total time for which application threads were stopped: 0.0001813 seconds, Stopping threads took: 0.0000330 seconds
2019-03-20T16:15:36.917+0600: 100.881: Total time for which application threads were stopped: 0.0000850 seconds, Stopping threads took: 0.0000164 seconds
2019-03-20T16:15:36.917+0600: 100.881: Total time for which application threads were stopped: 0.0000639 seconds, Stopping threads took: 0.0000097 seconds
2019-03-20T16:15:36.917+0600: 100.881: Total time for which application threads were stopped: 0.0000695 seconds, Stopping threads took: 0.0000105 seconds
2019-03-20T16:15:36.919+0600: 100.883: Total time for which application threads were stopped: 0.0001410 seconds, Stopping threads took: 0.0000338 seconds
2019-03-20T16:15:36.921+0600: 100.885: Total time for which application threads were stopped: 0.0001172 seconds, Stopping threads took: 0.0000150 seconds
2019-03-20T16:15:36.927+0600: 100.891: Total time for which application threads were stopped: 0.0001559 seconds, Stopping threads took: 0.0000826 seconds
2019-03-20T16:15:36.928+0600: 100.892: Total time for which application threads were stopped: 0.0000959 seconds, Stopping threads took: 0.0000293 seconds
2019-03-20T16:15:36.928+0600: 100.892: Total time for which application threads were stopped: 0.0000870 seconds, Stopping threads took: 0.0000256 seconds
2019-03-20T16:15:36.928+0600: 100.892: Total time for which application threads were stopped: 0.0000806 seconds, Stopping threads took: 0.0000243 seconds
2019-03-20T16:15:36.928+0600: 100.892: Total time for which application threads were stopped: 0.0000765 seconds, Stopping threads took: 0.0000236 seconds
2019-03-20T16:15:36.928+0600: 100.892: Total time for which application threads were stopped: 0.0000774 seconds, Stopping threads took: 0.0000241 seconds
2019-03-20T16:15:36.929+0600: 100.892: Total time for which application threads were stopped: 0.0000749 seconds, Stopping threads took: 0.0000232 seconds
2019-03-20T16:15:36.929+0600: 100.893: Total time for which application threads were stopped: 0.0000759 seconds, Stopping threads took: 0.0000242 seconds
2019-03-20T16:15:36.934+0600: 100.897: Total time for which application threads were stopped: 0.0001030 seconds, Stopping threads took: 0.0000325 seconds
2019-03-20T16:15:36.939+0600: 100.903: Total time for which application threads were stopped: 0.0000961 seconds, Stopping threads took: 0.0000174 seconds
2019-03-20T16:15:36.940+0600: 100.904: Total time for which application threads were stopped: 0.0002523 seconds, Stopping threads took: 0.0000174 seconds
2019-03-20T16:15:36.949+0600: 100.913: Total time for which application threads were stopped: 0.0001166 seconds, Stopping threads took: 0.0000173 seconds
2019-03-20T16:15:36.949+0600: 100.913: Total time for which application threads were stopped: 0.0000662 seconds, Stopping threads took: 0.0000118 seconds
2019-03-20T16:15:36.949+0600: 100.913: Total time for which application threads were stopped: 0.0000676 seconds, Stopping threads took: 0.0000175 seconds
2019-03-20T16:15:36.979+0600: 100.943: Total time for which application threads were stopped: 0.0001659 seconds, Stopping threads took: 0.0000431 seconds
2019-03-20T16:15:36.979+0600: 100.943: Total time for which application threads were stopped: 0.0000891 seconds, Stopping threads took: 0.0000117 seconds
2019-03-20T16:15:36.979+0600: 100.943: Total time for which application threads were stopped: 0.0000807 seconds, Stopping threads took: 0.0000101 seconds
2019-03-20T16:15:36.980+0600: 100.944: Total time for which application threads were stopped: 0.0001004 seconds, Stopping threads took: 0.0000218 seconds
{Heap before GC invocations=6 (full 1):
 par new generation   total 109248K, used 105671K [0x00000007a0000000, 0x00000007a8000000, 0x00000007a8000000)
  eden space 87424K, 100% used [0x00000007a0000000, 0x00000007a5560000, 0x00000007a5560000)
  from space 21824K,  83% used [0x00000007a5560000, 0x00000007a6731fe0, 0x00000007a6ab0000)
  to   space 21824K,   0% used [0x00000007a6ab0000, 0x00000007a6ab0000, 0x00000007a8000000)
 concurrent mark-sweep generation total 393216K, used 0K [0x00000007a8000000, 0x00000007c0000000, 0x00000007c0000000)
 Metaspace       used 34651K, capacity 35637K, committed 35916K, reserved 1081344K
  class space    used 4276K, capacity 4559K, committed 4684K, reserved 1048576K
2019-03-20T16:15:36.997+0600: 100.960: [GC (Allocation Failure) 2019-03-20T16:15:36.997+0600: 100.960: [ParNew
Desired survivor size 20112992 bytes, new threshold 8 (max 8)
- age   1:     925720 bytes,     925720 total
- age   2:    1908312 bytes,    2834032 total
- age   3:     419064 bytes,    3253096 total
- age   4:    2956480 bytes,    6209576 total
- age   5:    1419936 bytes,    7629512 total
- age   6:    2323352 bytes,    9952864 total
- age   7:    5218248 bytes,   15171112 total
: 105671K->21824K(109248K), 0.0605368 secs] 105671K->21935K(502464K), 0.0606399 secs] [Times: user=0.05 sys=0.00, real=0.06 secs] 
Heap after GC invocations=7 (full 1):
 par new generation   total 109248K, used 21824K [0x00000007a0000000, 0x00000007a8000000, 0x00000007a8000000)
  eden space 87424K,   0% used [0x00000007a0000000, 0x00000007a0000000, 0x00000007a5560000)
  from space 21824K, 100% used [0x00000007a6ab0000, 0x00000007a8000000, 0x00000007a8000000)
  to   space 21824K,   0% used [0x00000007a5560000, 0x00000007a5560000, 0x00000007a6ab0000)
 concurrent mark-sweep generation total 393216K, used 111K [0x00000007a8000000, 0x00000007c0000000, 0x00000007c0000000)
 Metaspace       used 34651K, capacity 35637K, committed 35916K, reserved 1081344K
  class space    used 4276K, capacity 4559K, committed 4684K, reserved 1048576K
}
2019-03-20T16:15:37.057+0600: 101.021: Total time for which application threads were stopped: 0.0715329 seconds, Stopping threads took: 0.0106922 seconds
{Heap before GC invocations=7 (full 1):
 par new generation   total 109248K, used 109248K [0x00000007a0000000, 0x00000007a8000000, 0x00000007a8000000)
  eden space 87424K, 100% used [0x00000007a0000000, 0x00000007a5560000, 0x00000007a5560000)
  from space 21824K, 100% used [0x00000007a6ab0000, 0x00000007a8000000, 0x00000007a8000000)
  to   space 21824K,   0% used [0x00000007a5560000, 0x00000007a5560000, 0x00000007a6ab0000)
 concurrent mark-sweep generation total 393216K, used 111K [0x00000007a8000000, 0x00000007c0000000, 0x00000007c0000000)
 Metaspace       used 34764K, capacity 35765K, committed 36172K, reserved 1081344K
  class space    used 4294K, capacity 4559K, committed 4684K, reserved 1048576K
2019-03-20T16:15:37.146+0600: 101.110: [GC (Allocation Failure) 2019-03-20T16:15:37.147+0600: 101.110: [ParNew
Desired survivor size 20112992 bytes, new threshold 8 (max 8)
- age   1:     478112 bytes,     478112 total
- age   2:     310128 bytes,     788240 total
- age   3:    1907880 bytes,    2696120 total
- age   4:     418664 bytes,    3114784 total
- age   5:    2956480 bytes,    6071264 total
- age   6:    1419936 bytes,    7491200 total
- age   7:    2323280 bytes,    9814480 total
- age   8:    5217240 bytes,   15031720 total
: 109248K->17234K(109248K), 0.0533925 secs] 109359K->17346K(502464K), 0.0535004 secs] [Times: user=0.05 sys=0.00, real=0.06 secs] 
Heap after GC invocations=8 (full 1):
 par new generation   total 109248K, used 17234K [0x00000007a0000000, 0x00000007a8000000, 0x00000007a8000000)
  eden space 87424K,   0% used [0x00000007a0000000, 0x00000007a0000000, 0x00000007a5560000)
  from space 21824K,  78% used [0x00000007a5560000, 0x00000007a6634bc0, 0x00000007a6ab0000)
  to   space 21824K,   0% used [0x00000007a6ab0000, 0x00000007a6ab0000, 0x00000007a8000000)
 concurrent mark-sweep generation total 393216K, used 111K [0x00000007a8000000, 0x00000007c0000000, 0x00000007c0000000)
 Metaspace       used 34764K, capacity 35765K, committed 36172K, reserved 1081344K
  class space    used 4294K, capacity 4559K, committed 4684K, reserved 1048576K
}
2019-03-20T16:15:37.200+0600: 101.164: Total time for which application threads were stopped: 0.0537459 seconds, Stopping threads took: 0.0000482 seconds
2019-03-20T16:15:37.250+0600: 101.214: Total time for which application threads were stopped: 0.0115090 seconds, Stopping threads took: 0.0113230 seconds
2019-03-20T16:15:37.251+0600: 101.215: Total time for which application threads were stopped: 0.0001404 seconds, Stopping threads took: 0.0000321 seconds
2019-03-20T16:15:37.251+0600: 101.215: Total time for which application threads were stopped: 0.0001024 seconds, Stopping threads took: 0.0000099 seconds
{Heap before GC invocations=8 (full 1):
 par new generation   total 109248K, used 104658K [0x00000007a0000000, 0x00000007a8000000, 0x00000007a8000000)
  eden space 87424K, 100% used [0x00000007a0000000, 0x00000007a5560000, 0x00000007a5560000)
  from space 21824K,  78% used [0x00000007a5560000, 0x00000007a6634bc0, 0x00000007a6ab0000)
  to   space 21824K,   0% used [0x00000007a6ab0000, 0x00000007a6ab0000, 0x00000007a8000000)
 concurrent mark-sweep generation total 393216K, used 111K [0x00000007a8000000, 0x00000007c0000000, 0x00000007c0000000)
 Metaspace       used 35147K, capacity 36219K, committed 36428K, reserved 1081344K
  class space    used 4342K, capacity 4624K, committed 4684K, reserved 1048576K
2019-03-20T16:15:37.382+0600: 101.346: [GC (Allocation Failure) 2019-03-20T16:15:37.382+0600: 101.346: [ParNew
Desired survivor size 20112992 bytes, new threshold 8 (max 8)
- age   1:     473256 bytes,     473256 total
- age   2:     106000 bytes,     579256 total
- age   3:     305336 bytes,     884592 total
- age   4:    1907736 bytes,    2792328 total
- age   5:     418424 bytes,    3210752 total
- age   6:    2956584 bytes,    6167336 total
- age   7:    1419936 bytes,    7587272 total
- age   8:    2323280 bytes,    9910552 total
: 104658K->16454K(109248K), 0.0546112 secs] 104770K->22176K(502464K), 0.0546921 secs] [Times: user=0.08 sys=0.01, real=0.05 secs] 
Heap after GC invocations=9 (full 1):
 par new generation   total 109248K, used 16454K [0x00000007a0000000, 0x00000007a8000000, 0x00000007a8000000)
  eden space 87424K,   0% used [0x00000007a0000000, 0x00000007a0000000, 0x00000007a5560000)
  from space 21824K,  75% used [0x00000007a6ab0000, 0x00000007a7ac1b38, 0x00000007a8000000)
  to   space 21824K,   0% used [0x00000007a5560000, 0x00000007a5560000, 0x00000007a6ab0000)
 concurrent mark-sweep generation total 393216K, used 5721K [0x00000007a8000000, 0x00000007c0000000, 0x00000007c0000000)
 Metaspace       used 35147K, capacity 36219K, committed 36428K, reserved 1081344K
  class space    used 4342K, capacity 4624K, committed 4684K, reserved 1048576K
}
2019-03-20T16:15:37.437+0600: 101.401: Total time for which application threads were stopped: 0.0549132 seconds, Stopping threads took: 0.0000195 seconds
2019-03-20T16:15:37.454+0600: 101.418: Total time for which application threads were stopped: 0.0001433 seconds, Stopping threads took: 0.0000193 seconds
2019-03-20T16:15:37.454+0600: 101.418: Total time for which application threads were stopped: 0.0000932 seconds, Stopping threads took: 0.0000115 seconds
2019-03-20T16:15:37.454+0600: 101.418: Total time for which application threads were stopped: 0.0000826 seconds, Stopping threads took: 0.0000095 seconds
2019-03-20T16:15:37.454+0600: 101.418: Total time for which application threads were stopped: 0.0000973 seconds, Stopping threads took: 0.0000093 seconds
2019-03-20T16:15:37.455+0600: 101.419: Total time for which application threads were stopped: 0.0001023 seconds, Stopping threads took: 0.0000093 seconds
2019-03-20T16:15:37.481+0600: 101.445: Total time for which application threads were stopped: 0.0001765 seconds, Stopping threads took: 0.0000356 seconds
2019-03-20T16:15:37.589+0600: 101.553: Total time for which application threads were stopped: 0.0005776 seconds, Stopping threads took: 0.0000385 seconds
2019-03-20T16:15:37.927+0600: 101.891: Total time for which application threads were stopped: 0.0002333 seconds, Stopping threads took: 0.0000771 seconds
2019-03-20T16:15:37.949+0600: 101.913: Total time for which application threads were stopped: 0.0001787 seconds, Stopping threads took: 0.0001001 seconds
2019-03-20T16:15:37.949+0600: 101.913: Total time for which application threads were stopped: 0.0000790 seconds, Stopping threads took: 0.0000128 seconds
2019-03-20T16:15:37.951+0600: 101.915: Total time for which application threads were stopped: 0.0000969 seconds, Stopping threads took: 0.0000343 seconds
2019-03-20T16:15:37.957+0600: 101.921: Total time for which application threads were stopped: 0.0000878 seconds, Stopping threads took: 0.0000165 seconds
2019-03-20T16:15:37.957+0600: 101.921: Total time for which application threads were stopped: 0.0000682 seconds, Stopping threads took: 0.0000108 seconds
2019-03-20T16:15:37.966+0600: 101.929: Total time for which application threads were stopped: 0.0001349 seconds, Stopping threads took: 0.0000300 seconds
2019-03-20T16:15:37.967+0600: 101.931: Total time for which application threads were stopped: 0.0001448 seconds, Stopping threads took: 0.0000318 seconds
2019-03-20T16:15:37.967+0600: 101.931: Total time for which application threads were stopped: 0.0001162 seconds, Stopping threads took: 0.0000237 seconds
2019-03-20T16:15:37.968+0600: 101.931: Total time for which application threads were stopped: 0.0000928 seconds, Stopping threads took: 0.0000179 seconds
2019-03-20T16:15:37.968+0600: 101.932: Total time for which application threads were stopped: 0.0002294 seconds, Stopping threads took: 0.0000971 seconds
2019-03-20T16:15:37.971+0600: 101.934: Total time for which application threads were stopped: 0.0013224 seconds, Stopping threads took: 0.0008101 seconds
2019-03-20T16:15:38.006+0600: 101.970: Total time for which application threads were stopped: 0.0005730 seconds, Stopping threads took: 0.0000210 seconds
2019-03-20T16:15:38.043+0600: 102.006: Total time for which application threads were stopped: 0.0001221 seconds, Stopping threads took: 0.0000200 seconds
2019-03-20T16:15:38.061+0600: 102.025: Total time for which application threads were stopped: 0.0001287 seconds, Stopping threads took: 0.0000313 seconds
2019-03-20T16:15:38.102+0600: 102.066: Total time for which application threads were stopped: 0.0001632 seconds, Stopping threads took: 0.0000373 seconds
2019-03-20T16:15:38.105+0600: 102.069: Total time for which application threads were stopped: 0.0003788 seconds, Stopping threads took: 0.0001405 seconds
2019-03-20T16:15:38.105+0600: 102.069: Total time for which application threads were stopped: 0.0001799 seconds, Stopping threads took: 0.0000253 seconds
2019-03-20T16:15:38.105+0600: 102.069: Total time for which application threads were stopped: 0.0001049 seconds, Stopping threads took: 0.0000245 seconds
2019-03-20T16:15:38.107+0600: 102.071: Total time for which application threads were stopped: 0.0001446 seconds, Stopping threads took: 0.0000367 seconds
{Heap before GC invocations=9 (full 1):
 par new generation   total 109248K, used 103878K [0x00000007a0000000, 0x00000007a8000000, 0x00000007a8000000)
  eden space 87424K, 100% used [0x00000007a0000000, 0x00000007a5560000, 0x00000007a5560000)
  from space 21824K,  75% used [0x00000007a6ab0000, 0x00000007a7ac1b38, 0x00000007a8000000)
  to   space 21824K,   0% used [0x00000007a5560000, 0x00000007a5560000, 0x00000007a6ab0000)
 concurrent mark-sweep generation total 393216K, used 5721K [0x00000007a8000000, 0x00000007c0000000, 0x00000007c0000000)
 Metaspace       used 38471K, capacity 39595K, committed 39884K, reserved 1083392K
  class space    used 4759K, capacity 5020K, committed 5068K, reserved 1048576K
2019-03-20T16:15:38.170+0600: 102.134: [GC (Allocation Failure) 2019-03-20T16:15:38.170+0600: 102.134: [ParNew
Desired survivor size 20112992 bytes, new threshold 8 (max 8)
- age   1:    4388704 bytes,    4388704 total
- age   2:     147160 bytes,    4535864 total
- age   3:     104480 bytes,    4640344 total
- age   4:     302128 bytes,    4942472 total
- age   5:     277176 bytes,    5219648 total
- age   6:     417120 bytes,    5636768 total
- age   7:    2932992 bytes,    8569760 total
- age   8:    1416848 bytes,    9986608 total
: 103878K->11421K(109248K), 0.0120000 secs] 109600K->19437K(502464K), 0.0120929 secs] [Times: user=0.04 sys=0.00, real=0.01 secs] 
Heap after GC invocations=10 (full 1):
 par new generation   total 109248K, used 11421K [0x00000007a0000000, 0x00000007a8000000, 0x00000007a8000000)
  eden space 87424K,   0% used [0x00000007a0000000, 0x00000007a0000000, 0x00000007a5560000)
  from space 21824K,  52% used [0x00000007a5560000, 0x00000007a6087400, 0x00000007a6ab0000)
  to   space 21824K,   0% used [0x00000007a6ab0000, 0x00000007a6ab0000, 0x00000007a8000000)
 concurrent mark-sweep generation total 393216K, used 8016K [0x00000007a8000000, 0x00000007c0000000, 0x00000007c0000000)
 Metaspace       used 38471K, capacity 39595K, committed 39884K, reserved 1083392K
  class space    used 4759K, capacity 5020K, committed 5068K, reserved 1048576K
}
2019-03-20T16:15:38.182+0600: 102.146: Total time for which application threads were stopped: 0.0123077 seconds, Stopping threads took: 0.0000201 seconds
2019-03-20T16:15:38.297+0600: 102.261: Total time for which application threads were stopped: 0.0006295 seconds, Stopping threads took: 0.0005331 seconds
2019-03-20T16:15:38.301+0600: 102.265: Total time for which application threads were stopped: 0.0001405 seconds, Stopping threads took: 0.0000310 seconds
2019-03-20T16:15:38.302+0600: 102.265: Total time for which application threads were stopped: 0.0001196 seconds, Stopping threads took: 0.0000316 seconds
2019-03-20T16:15:38.304+0600: 102.268: Total time for which application threads were stopped: 0.0002449 seconds, Stopping threads took: 0.0000319 seconds
2019-03-20T16:15:38.314+0600: 102.278: Total time for which application threads were stopped: 0.0003526 seconds, Stopping threads took: 0.0002599 seconds
2019-03-20T16:15:38.314+0600: 102.278: Total time for which application threads were stopped: 0.0000994 seconds, Stopping threads took: 0.0000358 seconds
2019-03-20T16:15:38.315+0600: 102.279: Total time for which application threads were stopped: 0.0001146 seconds, Stopping threads took: 0.0000281 seconds
2019-03-20T16:15:38.326+0600: 102.290: Total time for which application threads were stopped: 0.0002123 seconds, Stopping threads took: 0.0000934 seconds
2019-03-20T16:15:38.346+0600: 102.310: Total time for which application threads were stopped: 0.0016518 seconds, Stopping threads took: 0.0013205 seconds
2019-03-20T16:15:39.350+0600: 103.314: Total time for which application threads were stopped: 0.0005075 seconds, Stopping threads took: 0.0000813 seconds
{Heap before GC invocations=10 (full 1):
 par new generation   total 109248K, used 98845K [0x00000007a0000000, 0x00000007a8000000, 0x00000007a8000000)
  eden space 87424K, 100% used [0x00000007a0000000, 0x00000007a5560000, 0x00000007a5560000)
  from space 21824K,  52% used [0x00000007a5560000, 0x00000007a6087400, 0x00000007a6ab0000)
  to   space 21824K,   0% used [0x00000007a6ab0000, 0x00000007a6ab0000, 0x00000007a8000000)
 concurrent mark-sweep generation total 393216K, used 8016K [0x00000007a8000000, 0x00000007c0000000, 0x00000007c0000000)
 Metaspace       used 39647K, capacity 40907K, committed 41036K, reserved 1085440K
  class space    used 4877K, capacity 5164K, committed 5196K, reserved 1048576K
2019-03-20T16:15:43.514+0600: 107.478: [GC (Allocation Failure) 2019-03-20T16:15:43.516+0600: 107.480: [ParNew
Desired survivor size 20112992 bytes, new threshold 8 (max 8)
- age   1:    2548632 bytes,    2548632 total
- age   2:    1826792 bytes,    4375424 total
- age   3:     147136 bytes,    4522560 total
- age   4:     103712 bytes,    4626272 total
- age   5:     301816 bytes,    4928088 total
- age   6:     270872 bytes,    5198960 total
- age   7:     412136 bytes,    5611096 total
- age   8:    2920368 bytes,    8531464 total
: 98845K->13112K(109248K), 0.0753186 secs] 106861K->22523K(502464K), 0.0769138 secs] [Times: user=0.10 sys=0.01, real=0.08 secs] 
Heap after GC invocations=11 (full 1):
 par new generation   total 109248K, used 13112K [0x00000007a0000000, 0x00000007a8000000, 0x00000007a8000000)
  eden space 87424K,   0% used [0x00000007a0000000, 0x00000007a0000000, 0x00000007a5560000)
  from space 21824K,  60% used [0x00000007a6ab0000, 0x00000007a777e130, 0x00000007a8000000)
  to   space 21824K,   0% used [0x00000007a5560000, 0x00000007a5560000, 0x00000007a6ab0000)
 concurrent mark-sweep generation total 393216K, used 9411K [0x00000007a8000000, 0x00000007c0000000, 0x00000007c0000000)
 Metaspace       used 39647K, capacity 40907K, committed 41036K, reserved 1085440K
  class space    used 4877K, capacity 5164K, committed 5196K, reserved 1048576K
}
2019-03-20T16:15:43.592+0600: 107.555: Total time for which application threads were stopped: 0.0772462 seconds, Stopping threads took: 0.0000709 seconds
2019-03-20T16:15:43.747+0600: 107.711: Total time for which application threads were stopped: 0.0001373 seconds, Stopping threads took: 0.0000367 seconds
2019-03-20T16:15:43.790+0600: 107.754: Total time for which application threads were stopped: 0.0006426 seconds, Stopping threads took: 0.0000202 seconds
2019-03-20T16:15:43.887+0600: 107.851: Total time for which application threads were stopped: 0.0006358 seconds, Stopping threads took: 0.0000358 seconds
2019-03-20T16:15:43.908+0600: 107.872: Total time for which application threads were stopped: 0.0001105 seconds, Stopping threads took: 0.0000196 seconds
2019-03-20T16:15:44.124+0600: 108.088: Total time for which application threads were stopped: 0.0001786 seconds, Stopping threads took: 0.0000382 seconds
2019-03-20T16:15:44.156+0600: 108.120: Total time for which application threads were stopped: 0.0006489 seconds, Stopping threads took: 0.0000450 seconds
2019-03-20T16:15:44.194+0600: 108.157: Total time for which application threads were stopped: 0.0163376 seconds, Stopping threads took: 0.0162198 seconds
2019-03-20T16:15:44.700+0600: 108.664: Total time for which application threads were stopped: 0.0001234 seconds, Stopping threads took: 0.0000213 seconds
2019-03-20T16:15:44.702+0600: 108.665: Total time for which application threads were stopped: 0.0000912 seconds, Stopping threads took: 0.0000150 seconds
2019-03-20T16:15:45.226+0600: 109.189: Total time for which application threads were stopped: 0.0003135 seconds, Stopping threads took: 0.0000461 seconds
2019-03-20T16:15:45.330+0600: 109.294: Total time for which application threads were stopped: 0.0001455 seconds, Stopping threads took: 0.0000572 seconds
2019-03-20T16:15:45.330+0600: 109.294: Total time for which application threads were stopped: 0.0000953 seconds, Stopping threads took: 0.0000276 seconds
2019-03-20T16:15:48.474+0600: 112.437: Total time for which application threads were stopped: 0.0001878 seconds, Stopping threads took: 0.0000425 seconds
{Heap before GC invocations=11 (full 1):
 par new generation   total 109248K, used 100536K [0x00000007a0000000, 0x00000007a8000000, 0x00000007a8000000)
  eden space 87424K, 100% used [0x00000007a0000000, 0x00000007a5560000, 0x00000007a5560000)
  from space 21824K,  60% used [0x00000007a6ab0000, 0x00000007a777e130, 0x00000007a8000000)
  to   space 21824K,   0% used [0x00000007a5560000, 0x00000007a5560000, 0x00000007a6ab0000)
 concurrent mark-sweep generation total 393216K, used 9411K [0x00000007a8000000, 0x00000007c0000000, 0x00000007c0000000)
 Metaspace       used 42594K, capacity 44009K, committed 44108K, reserved 1087488K
  class space    used 5312K, capacity 5629K, committed 5708K, reserved 1048576K
2019-03-20T16:15:48.478+0600: 112.442: [GC (Allocation Failure) 2019-03-20T16:15:48.478+0600: 112.442: [ParNew
Desired survivor size 20112992 bytes, new threshold 8 (max 8)
- age   1:   16512368 bytes,   16512368 total
- age   2:     915024 bytes,   17427392 total
- age   3:    1823664 bytes,   19251056 total
- age   4:     147104 bytes,   19398160 total
- age   5:     103712 bytes,   19501872 total
- age   6:     301688 bytes,   19803560 total
- age   7:     270168 bytes,   20073728 total
- age   8:     410808 bytes,   20484536 total
: 100536K->21639K(109248K), 0.0229257 secs] 109947K->33908K(502464K), 0.0231143 secs] [Times: user=0.08 sys=0.01, real=0.03 secs] 
Heap after GC invocations=12 (full 1):
 par new generation   total 109248K, used 21639K [0x00000007a0000000, 0x00000007a8000000, 0x00000007a8000000)
  eden space 87424K,   0% used [0x00000007a0000000, 0x00000007a0000000, 0x00000007a5560000)
  from space 21824K,  99% used [0x00000007a5560000, 0x00000007a6a81ca0, 0x00000007a6ab0000)
  to   space 21824K,   0% used [0x00000007a6ab0000, 0x00000007a6ab0000, 0x00000007a8000000)
 concurrent mark-sweep generation total 393216K, used 12269K [0x00000007a8000000, 0x00000007c0000000, 0x00000007c0000000)
 Metaspace       used 42594K, capacity 44009K, committed 44108K, reserved 1087488K
  class space    used 5312K, capacity 5629K, committed 5708K, reserved 1048576K
}
2019-03-20T16:15:48.501+0600: 112.465: Total time for which application threads were stopped: 0.0233378 seconds, Stopping threads took: 0.0000258 seconds
2019-03-20T16:15:48.506+0600: 112.469: Total time for which application threads were stopped: 0.0001376 seconds, Stopping threads took: 0.0000253 seconds
2019-03-20T16:15:48.543+0600: 112.507: Total time for which application threads were stopped: 0.0001422 seconds, Stopping threads took: 0.0000464 seconds
2019-03-20T16:15:48.547+0600: 112.511: Total time for which application threads were stopped: 0.0001098 seconds, Stopping threads took: 0.0000253 seconds
2019-03-20T16:15:48.548+0600: 112.512: Total time for which application threads were stopped: 0.0001166 seconds, Stopping threads took: 0.0000411 seconds
2019-03-20T16:15:48.549+0600: 112.512: Total time for which application threads were stopped: 0.0000896 seconds, Stopping threads took: 0.0000139 seconds
2019-03-20T16:15:48.550+0600: 112.514: Total time for which application threads were stopped: 0.0001367 seconds, Stopping threads took: 0.0000261 seconds
2019-03-20T16:15:48.550+0600: 112.514: Total time for which application threads were stopped: 0.0000783 seconds, Stopping threads took: 0.0000142 seconds
2019-03-20T16:15:48.550+0600: 112.514: Total time for which application threads were stopped: 0.0000645 seconds, Stopping threads took: 0.0000098 seconds
2019-03-20T16:15:48.557+0600: 112.521: Total time for which application threads were stopped: 0.0001630 seconds, Stopping threads took: 0.0000246 seconds
2019-03-20T16:15:48.577+0600: 112.540: Total time for which application threads were stopped: 0.0001500 seconds, Stopping threads took: 0.0000234 seconds
2019-03-20T16:15:49.087+0600: 113.050: Total time for which application threads were stopped: 0.0001528 seconds, Stopping threads took: 0.0000514 seconds
2019-03-20T16:15:49.096+0600: 113.060: Total time for which application threads were stopped: 0.0004443 seconds, Stopping threads took: 0.0000193 seconds
2019-03-20T16:15:49.270+0600: 113.233: Total time for which application threads were stopped: 0.0001503 seconds, Stopping threads took: 0.0000429 seconds
2019-03-20T16:15:49.798+0600: 113.762: Total time for which application threads were stopped: 0.0002964 seconds, Stopping threads took: 0.0000600 seconds
2019-03-20T16:15:49.827+0600: 113.791: Total time for which application threads were stopped: 0.0001813 seconds, Stopping threads took: 0.0000618 seconds
2019-03-20T16:15:49.828+0600: 113.792: Total time for which application threads were stopped: 0.0002472 seconds, Stopping threads took: 0.0001235 seconds
2019-03-20T16:15:49.832+0600: 113.796: Total time for which application threads were stopped: 0.0002658 seconds, Stopping threads took: 0.0001097 seconds
{Heap before GC invocations=12 (full 1):
 par new generation   total 109248K, used 109045K [0x00000007a0000000, 0x00000007a8000000, 0x00000007a8000000)
  eden space 87424K,  99% used [0x00000007a0000000, 0x00000007a555b7f0, 0x00000007a5560000)
  from space 21824K,  99% used [0x00000007a5560000, 0x00000007a6a81ca0, 0x00000007a6ab0000)
  to   space 21824K,   0% used [0x00000007a6ab0000, 0x00000007a6ab0000, 0x00000007a8000000)
 concurrent mark-sweep generation total 393216K, used 12269K [0x00000007a8000000, 0x00000007c0000000, 0x00000007c0000000)
 Metaspace       used 43464K, capacity 44863K, committed 45004K, reserved 1089536K
  class space    used 5419K, capacity 5736K, committed 5836K, reserved 1048576K
2019-03-20T16:15:49.950+0600: 113.914: [GC (Allocation Failure) 2019-03-20T16:15:49.950+0600: 113.914: [ParNew
Desired survivor size 20112992 bytes, new threshold 4 (max 8)
- age   1:    6079232 bytes,    6079232 total
- age   2:   12626952 bytes,   18706184 total
- age   3:     914200 bytes,   19620384 total
- age   4:    1821232 bytes,   21441616 total
- age   5:     147104 bytes,   21588720 total
- age   6:     103712 bytes,   21692432 total
- age   7:     301688 bytes,   21994120 total
- age   8:     269912 bytes,   22264032 total
: 109045K->21824K(109248K), 0.0797225 secs] 121314K->37083K(502464K), 0.0798178 secs] [Times: user=0.08 sys=0.01, real=0.08 secs] 
Heap after GC invocations=13 (full 1):
 par new generation   total 109248K, used 21824K [0x00000007a0000000, 0x00000007a8000000, 0x00000007a8000000)
  eden space 87424K,   0% used [0x00000007a0000000, 0x00000007a0000000, 0x00000007a5560000)
  from space 21824K, 100% used [0x00000007a6ab0000, 0x00000007a8000000, 0x00000007a8000000)
  to   space 21824K,   0% used [0x00000007a5560000, 0x00000007a5560000, 0x00000007a6ab0000)
 concurrent mark-sweep generation total 393216K, used 15259K [0x00000007a8000000, 0x00000007c0000000, 0x00000007c0000000)
 Metaspace       used 43464K, capacity 44863K, committed 45004K, reserved 1089536K
  class space    used 5419K, capacity 5736K, committed 5836K, reserved 1048576K
}
2019-03-20T16:15:50.030+0600: 113.994: Total time for which application threads were stopped: 0.0801588 seconds, Stopping threads took: 0.0000621 seconds
2019-03-20T16:15:50.031+0600: 113.995: Total time for which application threads were stopped: 0.0001604 seconds, Stopping threads took: 0.0000657 seconds
2019-03-20T16:15:50.032+0600: 113.996: Total time for which application threads were stopped: 0.0001850 seconds, Stopping threads took: 0.0001141 seconds
2019-03-20T16:15:50.034+0600: 113.998: Total time for which application threads were stopped: 0.0001418 seconds, Stopping threads took: 0.0000683 seconds
{Heap before GC invocations=13 (full 1):
 par new generation   total 109248K, used 109216K [0x00000007a0000000, 0x00000007a8000000, 0x00000007a8000000)
  eden space 87424K,  99% used [0x00000007a0000000, 0x00000007a5558038, 0x00000007a5560000)
  from space 21824K, 100% used [0x00000007a6ab0000, 0x00000007a8000000, 0x00000007a8000000)
  to   space 21824K,   0% used [0x00000007a5560000, 0x00000007a5560000, 0x00000007a6ab0000)
 concurrent mark-sweep generation total 393216K, used 15259K [0x00000007a8000000, 0x00000007c0000000, 0x00000007c0000000)
 Metaspace       used 43492K, capacity 44945K, committed 45260K, reserved 1089536K
  class space    used 5421K, capacity 5739K, committed 5836K, reserved 1048576K
2019-03-20T16:15:50.124+0600: 114.088: [GC (Allocation Failure) 2019-03-20T16:15:50.124+0600: 114.088: [ParNew
Desired survivor size 20112992 bytes, new threshold 3 (max 8)
- age   1:    2033280 bytes,    2033280 total
- age   2:    5508520 bytes,    7541800 total
- age   3:   12626896 bytes,   20168696 total
- age   4:     914200 bytes,   21082896 total
: 109216K->21824K(109248K), 0.0287528 secs] 124475K->39752K(502464K), 0.0290083 secs] [Times: user=0.09 sys=0.00, real=0.03 secs] 
Heap after GC invocations=14 (full 1):
 par new generation   total 109248K, used 21824K [0x00000007a0000000, 0x00000007a8000000, 0x00000007a8000000)
  eden space 87424K,   0% used [0x00000007a0000000, 0x00000007a0000000, 0x00000007a5560000)
  from space 21824K, 100% used [0x00000007a5560000, 0x00000007a6ab0000, 0x00000007a6ab0000)
  to   space 21824K,   0% used [0x00000007a6ab0000, 0x00000007a6ab0000, 0x00000007a8000000)
 concurrent mark-sweep generation total 393216K, used 17928K [0x00000007a8000000, 0x00000007c0000000, 0x00000007c0000000)
 Metaspace       used 43492K, capacity 44945K, committed 45260K, reserved 1089536K
  class space    used 5421K, capacity 5739K, committed 5836K, reserved 1048576K
}
2019-03-20T16:15:50.153+0600: 114.117: Total time for which application threads were stopped: 0.0294846 seconds, Stopping threads took: 0.0000720 seconds
2019-03-20T16:15:50.244+0600: 114.207: Total time for which application threads were stopped: 0.0503117 seconds, Stopping threads took: 0.0501795 seconds
2019-03-20T16:15:50.267+0600: 114.230: Total time for which application threads were stopped: 0.0110563 seconds, Stopping threads took: 0.0109446 seconds
{Heap before GC invocations=14 (full 1):
 par new generation   total 109248K, used 109248K [0x00000007a0000000, 0x00000007a8000000, 0x00000007a8000000)
  eden space 87424K, 100% used [0x00000007a0000000, 0x00000007a5560000, 0x00000007a5560000)
  from space 21824K, 100% used [0x00000007a5560000, 0x00000007a6ab0000, 0x00000007a6ab0000)
  to   space 21824K,   0% used [0x00000007a6ab0000, 0x00000007a6ab0000, 0x00000007a8000000)
 concurrent mark-sweep generation total 393216K, used 17928K [0x00000007a8000000, 0x00000007c0000000, 0x00000007c0000000)
 Metaspace       used 43507K, capacity 44963K, committed 45260K, reserved 1089536K
  class space    used 5422K, capacity 5742K, committed 5836K, reserved 1048576K
2019-03-20T16:15:50.282+0600: 114.246: [GC (Allocation Failure) 2019-03-20T16:15:50.282+0600: 114.246: [ParNew
Desired survivor size 20112992 bytes, new threshold 8 (max 8)
- age   1:     371376 bytes,     371376 total
- age   2:    1830816 bytes,    2202192 total
- age   3:    5507032 bytes,    7709224 total
: 109248K->20408K(109248K), 0.0915910 secs] 127176K->54450K(502464K), 0.0917076 secs] [Times: user=0.09 sys=0.01, real=0.09 secs] 
Heap after GC invocations=15 (full 1):
 par new generation   total 109248K, used 20408K [0x00000007a0000000, 0x00000007a8000000, 0x00000007a8000000)
  eden space 87424K,   0% used [0x00000007a0000000, 0x00000007a0000000, 0x00000007a5560000)
  from space 21824K,  93% used [0x00000007a6ab0000, 0x00000007a7e9e2a0, 0x00000007a8000000)
  to   space 21824K,   0% used [0x00000007a5560000, 0x00000007a5560000, 0x00000007a6ab0000)
 concurrent mark-sweep generation total 393216K, used 34041K [0x00000007a8000000, 0x00000007c0000000, 0x00000007c0000000)
 Metaspace       used 43507K, capacity 44963K, committed 45260K, reserved 1089536K
  class space    used 5422K, capacity 5742K, committed 5836K, reserved 1048576K
}
2019-03-20T16:15:50.374+0600: 114.338: Total time for which application threads were stopped: 0.0947007 seconds, Stopping threads took: 0.0027982 seconds
2019-03-20T16:15:50.376+0600: 114.340: Total time for which application threads were stopped: 0.0002035 seconds, Stopping threads took: 0.0000891 seconds
2019-03-20T16:15:50.444+0600: 114.407: Total time for which application threads were stopped: 0.0222134 seconds, Stopping threads took: 0.0220638 seconds
{Heap before GC invocations=15 (full 1):
 par new generation   total 109248K, used 107832K [0x00000007a0000000, 0x00000007a8000000, 0x00000007a8000000)
  eden space 87424K, 100% used [0x00000007a0000000, 0x00000007a5560000, 0x00000007a5560000)
  from space 21824K,  93% used [0x00000007a6ab0000, 0x00000007a7e9e2a0, 0x00000007a8000000)
  to   space 21824K,   0% used [0x00000007a5560000, 0x00000007a5560000, 0x00000007a6ab0000)
 concurrent mark-sweep generation total 393216K, used 34041K [0x00000007a8000000, 0x00000007c0000000, 0x00000007c0000000)
 Metaspace       used 43515K, capacity 44969K, committed 45260K, reserved 1089536K
  class space    used 5423K, capacity 5743K, committed 5836K, reserved 1048576K
2019-03-20T16:15:50.452+0600: 114.416: [GC (Allocation Failure) 2019-03-20T16:15:50.452+0600: 114.416: [ParNew
Desired survivor size 20112992 bytes, new threshold 8 (max 8)
- age   1:     332752 bytes,     332752 total
- age   2:      84336 bytes,     417088 total
- age   3:    1828728 bytes,    2245816 total
- age   4:    5518904 bytes,    7764720 total
: 107832K->10904K(109248K), 0.0607971 secs] 141874K->44946K(502464K), 0.0609134 secs] [Times: user=0.04 sys=0.00, real=0.06 secs] 
Heap after GC invocations=16 (full 1):
 par new generation   total 109248K, used 10904K [0x00000007a0000000, 0x00000007a8000000, 0x00000007a8000000)
  eden space 87424K,   0% used [0x00000007a0000000, 0x00000007a0000000, 0x00000007a5560000)
  from space 21824K,  49% used [0x00000007a5560000, 0x00000007a6006330, 0x00000007a6ab0000)
  to   space 21824K,   0% used [0x00000007a6ab0000, 0x00000007a6ab0000, 0x00000007a8000000)
 concurrent mark-sweep generation total 393216K, used 34041K [0x00000007a8000000, 0x00000007c0000000, 0x00000007c0000000)
 Metaspace       used 43515K, capacity 44969K, committed 45260K, reserved 1089536K
  class space    used 5423K, capacity 5743K, committed 5836K, reserved 1048576K
}
2019-03-20T16:15:50.513+0600: 114.477: Total time for which application threads were stopped: 0.0612373 seconds, Stopping threads took: 0.0000562 seconds
2019-03-20T16:15:50.514+0600: 114.478: Total time for which application threads were stopped: 0.0001551 seconds, Stopping threads took: 0.0000479 seconds
2019-03-20T16:15:50.548+0600: 114.512: Total time for which application threads were stopped: 0.0005989 seconds, Stopping threads took: 0.0004440 seconds
2019-03-20T16:15:50.567+0600: 114.531: Total time for which application threads were stopped: 0.0004772 seconds, Stopping threads took: 0.0003300 seconds
2019-03-20T16:15:50.617+0600: 114.581: Total time for which application threads were stopped: 0.0003413 seconds, Stopping threads took: 0.0001736 seconds
2019-03-20T16:15:50.623+0600: 114.587: Total time for which application threads were stopped: 0.0001489 seconds, Stopping threads took: 0.0000391 seconds
2019-03-20T16:15:50.656+0600: 114.620: Total time for which application threads were stopped: 0.0016068 seconds, Stopping threads took: 0.0013368 seconds
2019-03-20T16:15:50.738+0600: 114.702: Total time for which application threads were stopped: 0.0115142 seconds, Stopping threads took: 0.0108562 seconds
2019-03-20T16:15:50.827+0600: 114.791: Total time for which application threads were stopped: 0.0001639 seconds, Stopping threads took: 0.0000392 seconds
2019-03-20T16:15:50.827+0600: 114.791: Total time for which application threads were stopped: 0.0000989 seconds, Stopping threads took: 0.0000255 seconds
2019-03-20T16:15:50.831+0600: 114.794: Total time for which application threads were stopped: 0.0001236 seconds, Stopping threads took: 0.0000348 seconds
2019-03-20T16:15:50.831+0600: 114.795: Total time for which application threads were stopped: 0.0000888 seconds, Stopping threads took: 0.0000165 seconds
2019-03-20T16:15:50.835+0600: 114.799: Total time for which application threads were stopped: 0.0000941 seconds, Stopping threads took: 0.0000175 seconds
2019-03-20T16:15:50.836+0600: 114.800: Total time for which application threads were stopped: 0.0001181 seconds, Stopping threads took: 0.0000351 seconds
2019-03-20T16:15:50.837+0600: 114.801: Total time for which application threads were stopped: 0.0006939 seconds, Stopping threads took: 0.0006043 seconds
2019-03-20T16:15:50.842+0600: 114.805: Total time for which application threads were stopped: 0.0000994 seconds, Stopping threads took: 0.0000193 seconds
2019-03-20T16:15:50.843+0600: 114.807: Total time for which application threads were stopped: 0.0001685 seconds, Stopping threads took: 0.0000773 seconds
2019-03-20T16:15:50.857+0600: 114.821: Total time for which application threads were stopped: 0.0001110 seconds, Stopping threads took: 0.0000200 seconds
2019-03-20T16:15:50.858+0600: 114.822: Total time for which application threads were stopped: 0.0001348 seconds, Stopping threads took: 0.0000279 seconds
2019-03-20T16:15:50.861+0600: 114.825: Total time for which application threads were stopped: 0.0001149 seconds, Stopping threads took: 0.0000189 seconds
{Heap before GC invocations=16 (full 1):
 par new generation   total 109248K, used 98328K [0x00000007a0000000, 0x00000007a8000000, 0x00000007a8000000)
  eden space 87424K, 100% used [0x00000007a0000000, 0x00000007a5560000, 0x00000007a5560000)
  from space 21824K,  49% used [0x00000007a5560000, 0x00000007a6006330, 0x00000007a6ab0000)
  to   space 21824K,   0% used [0x00000007a6ab0000, 0x00000007a6ab0000, 0x00000007a8000000)
 concurrent mark-sweep generation total 393216K, used 34041K [0x00000007a8000000, 0x00000007c0000000, 0x00000007c0000000)
 Metaspace       used 43665K, capacity 45097K, committed 45260K, reserved 1089536K
  class space    used 5423K, capacity 5743K, committed 5836K, reserved 1048576K
2019-03-20T16:15:50.876+0600: 114.840: [GC (Allocation Failure) 2019-03-20T16:15:50.876+0600: 114.840: [ParNew
Desired survivor size 20112992 bytes, new threshold 8 (max 8)
- age   1:    1646704 bytes,    1646704 total
- age   2:      81024 bytes,    1727728 total
- age   3:      82720 bytes,    1810448 total
- age   4:     198280 bytes,    2008728 total
- age   5:    5496568 bytes,    7505296 total
: 98328K->9893K(109248K), 0.0437117 secs] 132370K->43934K(502464K), 0.0438101 secs] [Times: user=0.07 sys=0.00, real=0.05 secs] 
Heap after GC invocations=17 (full 1):
 par new generation   total 109248K, used 9893K [0x00000007a0000000, 0x00000007a8000000, 0x00000007a8000000)
  eden space 87424K,   0% used [0x00000007a0000000, 0x00000007a0000000, 0x00000007a5560000)
  from space 21824K,  45% used [0x00000007a6ab0000, 0x00000007a7459500, 0x00000007a8000000)
  to   space 21824K,   0% used [0x00000007a5560000, 0x00000007a5560000, 0x00000007a6ab0000)
 concurrent mark-sweep generation total 393216K, used 34041K [0x00000007a8000000, 0x00000007c0000000, 0x00000007c0000000)
 Metaspace       used 43665K, capacity 45097K, committed 45260K, reserved 1089536K
  class space    used 5423K, capacity 5743K, committed 5836K, reserved 1048576K
}
2019-03-20T16:15:50.920+0600: 114.883: Total time for which application threads were stopped: 0.0442763 seconds, Stopping threads took: 0.0002061 seconds
2019-03-20T16:15:50.921+0600: 114.885: Total time for which application threads were stopped: 0.0001215 seconds, Stopping threads took: 0.0000317 seconds
2019-03-20T16:15:50.923+0600: 114.887: Total time for which application threads were stopped: 0.0001491 seconds, Stopping threads took: 0.0000518 seconds
2019-03-20T16:15:51.927+0600: 115.891: Total time for which application threads were stopped: 0.0002043 seconds, Stopping threads took: 0.0000300 seconds
2019-03-20T16:15:52.928+0600: 116.892: Total time for which application threads were stopped: 0.0001812 seconds, Stopping threads took: 0.0000331 seconds
2019-03-20T16:15:53.929+0600: 117.892: Total time for which application threads were stopped: 0.0001950 seconds, Stopping threads took: 0.0000317 seconds
2019-03-20T16:15:54.933+0600: 118.897: Total time for which application threads were stopped: 0.0002197 seconds, Stopping threads took: 0.0000433 seconds
2019-03-20T16:15:55.933+0600: 119.897: Total time for which application threads were stopped: 0.0001150 seconds, Stopping threads took: 0.0000237 seconds
2019-03-20T16:15:55.990+0600: 119.954: Total time for which application threads were stopped: 0.0001392 seconds, Stopping threads took: 0.0000266 seconds
2019-03-20T16:15:55.990+0600: 119.954: Total time for which application threads were stopped: 0.0001009 seconds, Stopping threads took: 0.0000145 seconds
2019-03-20T16:15:55.990+0600: 119.954: Total time for which application threads were stopped: 0.0000916 seconds, Stopping threads took: 0.0000130 seconds
2019-03-20T16:15:55.991+0600: 119.954: Total time for which application threads were stopped: 0.0001078 seconds, Stopping threads took: 0.0000120 seconds
2019-03-20T16:15:55.991+0600: 119.954: Total time for which application threads were stopped: 0.0000978 seconds, Stopping threads took: 0.0000113 seconds
2019-03-20T16:15:55.991+0600: 119.955: Total time for which application threads were stopped: 0.0000865 seconds, Stopping threads took: 0.0000114 seconds
2019-03-20T16:15:55.991+0600: 119.955: Total time for which application threads were stopped: 0.0000769 seconds, Stopping threads took: 0.0000093 seconds
2019-03-20T16:15:56.006+0600: 119.970: Total time for which application threads were stopped: 0.0002084 seconds, Stopping threads took: 0.0000576 seconds
2019-03-20T16:15:56.007+0600: 119.970: Total time for which application threads were stopped: 0.0000987 seconds, Stopping threads took: 0.0000252 seconds
2019-03-20T16:15:56.007+0600: 119.970: Total time for which application threads were stopped: 0.0001726 seconds, Stopping threads took: 0.0000320 seconds
2019-03-20T16:15:56.007+0600: 119.971: Total time for which application threads were stopped: 0.0002272 seconds, Stopping threads took: 0.0000373 seconds
2019-03-20T16:15:56.008+0600: 119.971: Total time for which application threads were stopped: 0.0003800 seconds, Stopping threads took: 0.0001381 seconds
2019-03-20T16:15:56.008+0600: 119.972: Total time for which application threads were stopped: 0.0003149 seconds, Stopping threads took: 0.0000976 seconds
2019-03-20T16:15:56.008+0600: 119.972: Total time for which application threads were stopped: 0.0001665 seconds, Stopping threads took: 0.0000170 seconds
2019-03-20T16:15:56.009+0600: 119.972: Total time for which application threads were stopped: 0.0003091 seconds, Stopping threads took: 0.0000424 seconds
2019-03-20T16:15:56.009+0600: 119.973: Total time for which application threads were stopped: 0.0000883 seconds, Stopping threads took: 0.0000224 seconds
2019-03-20T16:15:56.009+0600: 119.973: Total time for which application threads were stopped: 0.0000684 seconds, Stopping threads took: 0.0000105 seconds
2019-03-20T16:15:56.009+0600: 119.973: Total time for which application threads were stopped: 0.0001016 seconds, Stopping threads took: 0.0000094 seconds
2019-03-20T16:15:56.009+0600: 119.973: Total time for which application threads were stopped: 0.0000662 seconds, Stopping threads took: 0.0000098 seconds
2019-03-20T16:15:56.009+0600: 119.973: Total time for which application threads were stopped: 0.0000545 seconds, Stopping threads took: 0.0000088 seconds
2019-03-20T16:15:56.009+0600: 119.973: Total time for which application threads were stopped: 0.0000663 seconds, Stopping threads took: 0.0000101 seconds
2019-03-20T16:15:56.010+0600: 119.973: Total time for which application threads were stopped: 0.0000552 seconds, Stopping threads took: 0.0000086 seconds
2019-03-20T16:15:56.010+0600: 119.973: Total time for which application threads were stopped: 0.0000612 seconds, Stopping threads took: 0.0000097 seconds
2019-03-20T16:15:56.010+0600: 119.973: Total time for which application threads were stopped: 0.0000626 seconds, Stopping threads took: 0.0000118 seconds
2019-03-20T16:15:56.010+0600: 119.973: Total time for which application threads were stopped: 0.0000521 seconds, Stopping threads took: 0.0000083 seconds
2019-03-20T16:15:56.010+0600: 119.974: Total time for which application threads were stopped: 0.0000649 seconds, Stopping threads took: 0.0000153 seconds
2019-03-20T16:15:56.010+0600: 119.974: Total time for which application threads were stopped: 0.0001575 seconds, Stopping threads took: 0.0000071 seconds
2019-03-20T16:15:56.012+0600: 119.976: Total time for which application threads were stopped: 0.0001341 seconds, Stopping threads took: 0.0000414 seconds
2019-03-20T16:15:56.012+0600: 119.976: Total time for which application threads were stopped: 0.0000979 seconds, Stopping threads took: 0.0000276 seconds
2019-03-20T16:15:56.017+0600: 119.980: Total time for which application threads were stopped: 0.0001172 seconds, Stopping threads took: 0.0000252 seconds
2019-03-20T16:15:56.024+0600: 119.988: Total time for which application threads were stopped: 0.0005300 seconds, Stopping threads took: 0.0000226 seconds
2019-03-20T16:15:57.025+0600: 120.989: Total time for which application threads were stopped: 0.0001594 seconds, Stopping threads took: 0.0000293 seconds
2019-03-20T16:15:58.026+0600: 121.990: Total time for which application threads were stopped: 0.0007885 seconds, Stopping threads took: 0.0003402 seconds
2019-03-20T16:15:59.032+0600: 122.995: Total time for which application threads were stopped: 0.0002164 seconds, Stopping threads took: 0.0000480 seconds
2019-03-20T16:16:00.032+0600: 123.996: Total time for which application threads were stopped: 0.0001307 seconds, Stopping threads took: 0.0000307 seconds
2019-03-20T16:16:01.000+0600: 124.963: Total time for which application threads were stopped: 0.0004800 seconds, Stopping threads took: 0.0003302 seconds
2019-03-20T16:16:01.011+0600: 124.975: Total time for which application threads were stopped: 0.0003742 seconds, Stopping threads took: 0.0000792 seconds
2019-03-20T16:16:01.016+0600: 124.980: Total time for which application threads were stopped: 0.0001063 seconds, Stopping threads took: 0.0000235 seconds
2019-03-20T16:16:01.018+0600: 124.982: Total time for which application threads were stopped: 0.0000953 seconds, Stopping threads took: 0.0000195 seconds
2019-03-20T16:16:01.019+0600: 124.982: Total time for which application threads were stopped: 0.0000805 seconds, Stopping threads took: 0.0000154 seconds
2019-03-20T16:16:01.019+0600: 124.983: Total time for which application threads were stopped: 0.0000701 seconds, Stopping threads took: 0.0000115 seconds
2019-03-20T16:16:01.020+0600: 124.984: Total time for which application threads were stopped: 0.0000773 seconds, Stopping threads took: 0.0000128 seconds
2019-03-20T16:16:01.050+0600: 125.013: Total time for which application threads were stopped: 0.0001489 seconds, Stopping threads took: 0.0000260 seconds
2019-03-20T16:16:01.053+0600: 125.017: Total time for which application threads were stopped: 0.0002412 seconds, Stopping threads took: 0.0001104 seconds
2019-03-20T16:16:01.054+0600: 125.017: Total time for which application threads were stopped: 0.0002380 seconds, Stopping threads took: 0.0001500 seconds
2019-03-20T16:16:01.068+0600: 125.032: Total time for which application threads were stopped: 0.0001150 seconds, Stopping threads took: 0.0000245 seconds
2019-03-20T16:16:01.080+0600: 125.044: Total time for which application threads were stopped: 0.0001777 seconds, Stopping threads took: 0.0000764 seconds
2019-03-20T16:16:02.081+0600: 126.044: Total time for which application threads were stopped: 0.0002211 seconds, Stopping threads took: 0.0000412 seconds
2019-03-20T16:16:26.114+0600: 150.078: Total time for which application threads were stopped: 0.0001318 seconds, Stopping threads took: 0.0000238 seconds
2019-03-20T16:16:27.516+0600: 151.479: Total time for which application threads were stopped: 0.0007753 seconds, Stopping threads took: 0.0006396 seconds
2019-03-20T16:16:27.518+0600: 151.481: Total time for which application threads were stopped: 0.0001010 seconds, Stopping threads took: 0.0000200 seconds
2019-03-20T16:16:27.520+0600: 151.483: Total time for which application threads were stopped: 0.0001855 seconds, Stopping threads took: 0.0000989 seconds
2019-03-20T16:16:27.521+0600: 151.484: Total time for which application threads were stopped: 0.0001544 seconds, Stopping threads took: 0.0000751 seconds
2019-03-20T16:16:27.521+0600: 151.485: Total time for which application threads were stopped: 0.0004177 seconds, Stopping threads took: 0.0000788 seconds
2019-03-20T16:16:27.556+0600: 151.519: Total time for which application threads were stopped: 0.0001533 seconds, Stopping threads took: 0.0000376 seconds
2019-03-20T16:16:27.556+0600: 151.519: Total time for which application threads were stopped: 0.0000798 seconds, Stopping threads took: 0.0000100 seconds
2019-03-20T16:16:27.565+0600: 151.529: Total time for which application threads were stopped: 0.0001306 seconds, Stopping threads took: 0.0000338 seconds
2019-03-20T16:16:27.566+0600: 151.529: Total time for which application threads were stopped: 0.0000933 seconds, Stopping threads took: 0.0000284 seconds
2019-03-20T16:16:47.597+0600: 171.560: Total time for which application threads were stopped: 0.0003099 seconds, Stopping threads took: 0.0000416 seconds
2019-03-20T16:16:52.608+0600: 176.571: Total time for which application threads were stopped: 0.0002259 seconds, Stopping threads took: 0.0000406 seconds
2019-03-20T16:16:53.609+0600: 177.572: Total time for which application threads were stopped: 0.0001309 seconds, Stopping threads took: 0.0000266 seconds
2019-03-20T16:17:28.398+0600: 212.361: Total time for which application threads were stopped: 0.0001683 seconds, Stopping threads took: 0.0000232 seconds
2019-03-20T16:17:34.973+0600: 218.936: Total time for which application threads were stopped: 0.0007201 seconds, Stopping threads took: 0.0000188 seconds
2019-03-20T16:17:34.978+0600: 218.941: Total time for which application threads were stopped: 0.0004482 seconds, Stopping threads took: 0.0000144 seconds
2019-03-20T16:17:35.020+0600: 218.983: Total time for which application threads were stopped: 0.0001153 seconds, Stopping threads took: 0.0000213 seconds
2019-03-20T16:17:35.020+0600: 218.983: Total time for which application threads were stopped: 0.0000728 seconds, Stopping threads took: 0.0000120 seconds
2019-03-20T16:17:35.032+0600: 218.995: Total time for which application threads were stopped: 0.0001417 seconds, Stopping threads took: 0.0000300 seconds
2019-03-20T16:17:35.032+0600: 218.995: Total time for which application threads were stopped: 0.0004457 seconds, Stopping threads took: 0.0000231 seconds
2019-03-20T16:17:35.048+0600: 219.011: Total time for which application threads were stopped: 0.0006163 seconds, Stopping threads took: 0.0000141 seconds
{Heap before GC invocations=17 (full 1):
 par new generation   total 109248K, used 97317K [0x00000007a0000000, 0x00000007a8000000, 0x00000007a8000000)
  eden space 87424K, 100% used [0x00000007a0000000, 0x00000007a5560000, 0x00000007a5560000)
  from space 21824K,  45% used [0x00000007a6ab0000, 0x00000007a7459500, 0x00000007a8000000)
  to   space 21824K,   0% used [0x00000007a5560000, 0x00000007a5560000, 0x00000007a6ab0000)
 concurrent mark-sweep generation total 393216K, used 34041K [0x00000007a8000000, 0x00000007c0000000, 0x00000007c0000000)
 Metaspace       used 45201K, capacity 46745K, committed 46924K, reserved 1089536K
  class space    used 5576K, capacity 5916K, committed 5964K, reserved 1048576K
2019-03-20T16:17:35.062+0600: 219.024: [GC (Allocation Failure) 2019-03-20T16:17:35.062+0600: 219.024: [ParNew
Desired survivor size 20112992 bytes, new threshold 8 (max 8)
- age   1:    3504904 bytes,    3504904 total
- age   2:    1470544 bytes,    4975448 total
- age   3:      81024 bytes,    5056472 total
- age   4:      81912 bytes,    5138384 total
- age   5:     198056 bytes,    5336440 total
- age   6:    4415384 bytes,    9751824 total
: 97317K->10581K(109248K), 0.0113972 secs] 131358K->44622K(502464K), 0.0115022 secs] [Times: user=0.04 sys=0.00, real=0.01 secs] 
Heap after GC invocations=18 (full 1):
 par new generation   total 109248K, used 10581K [0x00000007a0000000, 0x00000007a8000000, 0x00000007a8000000)
  eden space 87424K,   0% used [0x00000007a0000000, 0x00000007a0000000, 0x00000007a5560000)
  from space 21824K,  48% used [0x00000007a5560000, 0x00000007a5fb54e8, 0x00000007a6ab0000)
  to   space 21824K,   0% used [0x00000007a6ab0000, 0x00000007a6ab0000, 0x00000007a8000000)
 concurrent mark-sweep generation total 393216K, used 34041K [0x00000007a8000000, 0x00000007c0000000, 0x00000007c0000000)
 Metaspace       used 45201K, capacity 46745K, committed 46924K, reserved 1089536K
  class space    used 5576K, capacity 5916K, committed 5964K, reserved 1048576K
}
2019-03-20T16:17:35.073+0600: 219.036: Total time for which application threads were stopped: 0.0116974 seconds, Stopping threads took: 0.0000148 seconds
2019-03-20T16:17:35.079+0600: 219.042: Total time for which application threads were stopped: 0.0001059 seconds, Stopping threads took: 0.0000272 seconds
2019-03-20T16:17:35.093+0600: 219.055: Total time for which application threads were stopped: 0.0001285 seconds, Stopping threads took: 0.0000244 seconds
2019-03-20T16:17:35.093+0600: 219.055: Total time for which application threads were stopped: 0.0000690 seconds, Stopping threads took: 0.0000106 seconds
2019-03-20T16:17:35.105+0600: 219.068: Total time for which application threads were stopped: 0.0000996 seconds, Stopping threads took: 0.0000283 seconds
2019-03-20T16:17:35.108+0600: 219.070: Total time for which application threads were stopped: 0.0006605 seconds, Stopping threads took: 0.0000130 seconds
2019-03-20T16:17:35.108+0600: 219.071: Total time for which application threads were stopped: 0.0004083 seconds, Stopping threads took: 0.0000089 seconds
2019-03-20T16:17:35.160+0600: 219.123: Total time for which application threads were stopped: 0.0006187 seconds, Stopping threads took: 0.0004868 seconds
2019-03-20T16:17:35.216+0600: 219.178: Total time for which application threads were stopped: 0.0002649 seconds, Stopping threads took: 0.0001478 seconds
2019-03-20T16:17:35.216+0600: 219.179: Total time for which application threads were stopped: 0.0001535 seconds, Stopping threads took: 0.0000609 seconds
2019-03-20T16:17:35.219+0600: 219.182: Total time for which application threads were stopped: 0.0002102 seconds, Stopping threads took: 0.0001132 seconds
2019-03-20T16:17:35.219+0600: 219.182: Total time for which application threads were stopped: 0.0001414 seconds, Stopping threads took: 0.0000527 seconds
2019-03-20T16:17:35.228+0600: 219.191: Total time for which application threads were stopped: 0.0001743 seconds, Stopping threads took: 0.0000819 seconds
2019-03-20T16:17:35.228+0600: 219.191: Total time for which application threads were stopped: 0.0001458 seconds, Stopping threads took: 0.0000653 seconds
2019-03-20T16:17:35.230+0600: 219.193: Total time for which application threads were stopped: 0.0001613 seconds, Stopping threads took: 0.0000745 seconds
2019-03-20T16:17:35.231+0600: 219.193: Total time for which application threads were stopped: 0.0001464 seconds, Stopping threads took: 0.0000628 seconds
2019-03-20T16:17:35.253+0600: 219.216: Total time for which application threads were stopped: 0.0002036 seconds, Stopping threads took: 0.0000992 seconds
2019-03-20T16:17:35.273+0600: 219.235: Total time for which application threads were stopped: 0.0002582 seconds, Stopping threads took: 0.0001575 seconds
2019-03-20T16:17:35.305+0600: 219.268: Total time for which application threads were stopped: 0.0008623 seconds, Stopping threads took: 0.0007627 seconds
2019-03-20T16:17:35.321+0600: 219.284: Total time for which application threads were stopped: 0.0010423 seconds, Stopping threads took: 0.0009508 seconds
2019-03-20T16:17:35.321+0600: 219.284: Total time for which application threads were stopped: 0.0000816 seconds, Stopping threads took: 0.0000103 seconds
2019-03-20T16:17:35.323+0600: 219.285: Total time for which application threads were stopped: 0.0001469 seconds, Stopping threads took: 0.0000347 seconds
2019-03-20T16:17:35.323+0600: 219.286: Total time for which application threads were stopped: 0.0001522 seconds, Stopping threads took: 0.0000343 seconds
2019-03-20T16:17:35.342+0600: 219.305: Total time for which application threads were stopped: 0.0004257 seconds, Stopping threads took: 0.0003388 seconds
2019-03-20T16:17:35.345+0600: 219.308: Total time for which application threads were stopped: 0.0001604 seconds, Stopping threads took: 0.0000532 seconds
2019-03-20T16:17:35.345+0600: 219.308: Total time for which application threads were stopped: 0.0001145 seconds, Stopping threads took: 0.0000598 seconds
2019-03-20T16:17:35.347+0600: 219.309: Total time for which application threads were stopped: 0.0002686 seconds, Stopping threads took: 0.0001355 seconds
2019-03-20T16:17:35.350+0600: 219.312: Total time for which application threads were stopped: 0.0002000 seconds, Stopping threads took: 0.0001162 seconds
2019-03-20T16:17:35.467+0600: 219.430: Total time for which application threads were stopped: 0.0610020 seconds, Stopping threads took: 0.0608712 seconds
2019-03-20T16:17:35.467+0600: 219.430: Total time for which application threads were stopped: 0.0001083 seconds, Stopping threads took: 0.0000343 seconds
2019-03-20T16:17:35.469+0600: 219.431: Total time for which application threads were stopped: 0.0001066 seconds, Stopping threads took: 0.0000331 seconds
2019-03-20T16:17:35.472+0600: 219.434: Total time for which application threads were stopped: 0.0001500 seconds, Stopping threads took: 0.0000625 seconds
2019-03-20T16:17:35.474+0600: 219.436: Total time for which application threads were stopped: 0.0001336 seconds, Stopping threads took: 0.0000498 seconds
2019-03-20T16:17:35.589+0600: 219.551: Total time for which application threads were stopped: 0.0039027 seconds, Stopping threads took: 0.0037820 seconds
2019-03-20T16:17:35.650+0600: 219.613: Total time for which application threads were stopped: 0.0109081 seconds, Stopping threads took: 0.0108018 seconds
2019-03-20T16:17:35.654+0600: 219.617: Total time for which application threads were stopped: 0.0001944 seconds, Stopping threads took: 0.0000840 seconds
2019-03-20T16:17:35.655+0600: 219.618: Total time for which application threads were stopped: 0.0002537 seconds, Stopping threads took: 0.0001555 seconds
2019-03-20T16:17:35.656+0600: 219.618: Total time for which application threads were stopped: 0.0001640 seconds, Stopping threads took: 0.0000788 seconds
2019-03-20T16:17:35.656+0600: 219.619: Total time for which application threads were stopped: 0.0000912 seconds, Stopping threads took: 0.0000099 seconds
2019-03-20T16:17:35.656+0600: 219.619: Total time for which application threads were stopped: 0.0001405 seconds, Stopping threads took: 0.0000595 seconds
2019-03-20T16:17:35.691+0600: 219.653: Total time for which application threads were stopped: 0.0114764 seconds, Stopping threads took: 0.0113730 seconds
2019-03-20T16:17:35.725+0600: 219.687: Total time for which application threads were stopped: 0.0108825 seconds, Stopping threads took: 0.0107872 seconds
2019-03-20T16:17:35.725+0600: 219.688: Total time for which application threads were stopped: 0.0001125 seconds, Stopping threads took: 0.0000427 seconds
2019-03-20T16:17:35.896+0600: 219.859: Total time for which application threads were stopped: 0.0209122 seconds, Stopping threads took: 0.0208083 seconds
2019-03-20T16:17:35.898+0600: 219.860: Total time for which application threads were stopped: 0.0003333 seconds, Stopping threads took: 0.0002383 seconds
2019-03-20T16:17:35.997+0600: 219.959: Total time for which application threads were stopped: 0.0002185 seconds, Stopping threads took: 0.0000897 seconds
2019-03-20T16:17:36.097+0600: 220.059: Total time for which application threads were stopped: 0.0003353 seconds, Stopping threads took: 0.0001807 seconds
2019-03-20T16:17:36.098+0600: 220.061: Total time for which application threads were stopped: 0.0001644 seconds, Stopping threads took: 0.0000531 seconds
2019-03-20T16:17:36.098+0600: 220.061: Total time for which application threads were stopped: 0.0001521 seconds, Stopping threads took: 0.0000696 seconds
2019-03-20T16:17:36.098+0600: 220.061: Total time for which application threads were stopped: 0.0001143 seconds, Stopping threads took: 0.0000400 seconds
2019-03-20T16:17:36.099+0600: 220.061: Total time for which application threads were stopped: 0.0001070 seconds, Stopping threads took: 0.0000371 seconds
2019-03-20T16:17:36.100+0600: 220.063: Total time for which application threads were stopped: 0.0001675 seconds, Stopping threads took: 0.0000702 seconds
2019-03-20T16:17:36.129+0600: 220.091: Total time for which application threads were stopped: 0.0109254 seconds, Stopping threads took: 0.0108149 seconds
2019-03-20T16:17:36.183+0600: 220.146: Total time for which application threads were stopped: 0.0003122 seconds, Stopping threads took: 0.0001998 seconds
2019-03-20T16:17:36.186+0600: 220.149: Total time for which application threads were stopped: 0.0001812 seconds, Stopping threads took: 0.0000781 seconds
2019-03-20T16:17:36.251+0600: 220.214: Total time for which application threads were stopped: 0.0227505 seconds, Stopping threads took: 0.0226264 seconds
2019-03-20T16:17:36.326+0600: 220.288: Total time for which application threads were stopped: 0.0140484 seconds, Stopping threads took: 0.0137597 seconds
2019-03-20T16:17:36.329+0600: 220.291: Total time for which application threads were stopped: 0.0004926 seconds, Stopping threads took: 0.0003629 seconds
2019-03-20T16:17:36.372+0600: 220.334: Total time for which application threads were stopped: 0.0111610 seconds, Stopping threads took: 0.0109436 seconds
2019-03-20T16:17:36.433+0600: 220.396: Total time for which application threads were stopped: 0.0002558 seconds, Stopping threads took: 0.0001097 seconds
2019-03-20T16:17:36.494+0600: 220.456: Total time for which application threads were stopped: 0.0212136 seconds, Stopping threads took: 0.0208397 seconds
2019-03-20T16:17:36.549+0600: 220.512: Total time for which application threads were stopped: 0.0023617 seconds, Stopping threads took: 0.0022383 seconds
2019-03-20T16:17:36.585+0600: 220.547: Total time for which application threads were stopped: 0.0135340 seconds, Stopping threads took: 0.0134218 seconds
2019-03-20T16:17:36.630+0600: 220.593: Total time for which application threads were stopped: 0.0002102 seconds, Stopping threads took: 0.0000874 seconds
2019-03-20T16:17:36.655+0600: 220.618: Total time for which application threads were stopped: 0.0108761 seconds, Stopping threads took: 0.0107787 seconds
2019-03-20T16:17:36.781+0600: 220.743: Total time for which application threads were stopped: 0.0114830 seconds, Stopping threads took: 0.0113769 seconds
2019-03-20T16:17:36.782+0600: 220.745: Total time for which application threads were stopped: 0.0002582 seconds, Stopping threads took: 0.0001542 seconds
2019-03-20T16:17:37.086+0600: 221.049: [GC (CMS Initial Mark) [1 CMS-initial-mark: 34041K(393216K)] 77335K(502464K), 0.0050293 secs] [Times: user=0.02 sys=0.00, real=0.01 secs] 
2019-03-20T16:17:37.091+0600: 221.054: Total time for which application threads were stopped: 0.0179592 seconds, Stopping threads took: 0.0127439 seconds
2019-03-20T16:17:37.091+0600: 221.054: [CMS-concurrent-mark-start]
2019-03-20T16:17:37.125+0600: 221.088: [CMS-concurrent-mark: 0.034/0.034 secs] [Times: user=0.10 sys=0.01, real=0.03 secs] 
2019-03-20T16:17:37.125+0600: 221.088: [CMS-concurrent-preclean-start]
2019-03-20T16:17:37.128+0600: 221.090: [CMS-concurrent-preclean: 0.002/0.002 secs] [Times: user=0.00 sys=0.00, real=0.00 secs] 
2019-03-20T16:17:37.128+0600: 221.090: [CMS-concurrent-abortable-preclean-start]
2019-03-20T16:17:38.147+0600: 222.110: Total time for which application threads were stopped: 0.0124112 seconds, Stopping threads took: 0.0123039 seconds
2019-03-20T16:17:38.147+0600: 222.110: Total time for which application threads were stopped: 0.0001029 seconds, Stopping threads took: 0.0000308 seconds
2019-03-20T16:17:38.152+0600: 222.114: Total time for which application threads were stopped: 0.0001009 seconds, Stopping threads took: 0.0000190 seconds
2019-03-20T16:17:38.158+0600: 222.120: Total time for which application threads were stopped: 0.0001140 seconds, Stopping threads took: 0.0000350 seconds
2019-03-20T16:17:38.161+0600: 222.124: Total time for which application threads were stopped: 0.0001403 seconds, Stopping threads took: 0.0000643 seconds
2019-03-20T16:17:38.161+0600: 222.124: Total time for which application threads were stopped: 0.0000866 seconds, Stopping threads took: 0.0000218 seconds
2019-03-20T16:17:38.195+0600: 222.157: Total time for which application threads were stopped: 0.0122956 seconds, Stopping threads took: 0.0121896 seconds
2019-03-20T16:17:38.205+0600: 222.168: Total time for which application threads were stopped: 0.0009585 seconds, Stopping threads took: 0.0002108 seconds
2019-03-20T16:17:38.208+0600: 222.170: Total time for which application threads were stopped: 0.0001140 seconds, Stopping threads took: 0.0000181 seconds
2019-03-20T16:17:38.247+0600: 222.210: Total time for which application threads were stopped: 0.0001756 seconds, Stopping threads took: 0.0000496 seconds
2019-03-20T16:17:38.249+0600: 222.212: Total time for which application threads were stopped: 0.0001202 seconds, Stopping threads took: 0.0000369 seconds
2019-03-20T16:17:38.253+0600: 222.216: Total time for which application threads were stopped: 0.0001544 seconds, Stopping threads took: 0.0000667 seconds
2019-03-20T16:17:38.256+0600: 222.219: Total time for which application threads were stopped: 0.0001541 seconds, Stopping threads took: 0.0000697 seconds
2019-03-20T16:17:38.260+0600: 222.223: Total time for which application threads were stopped: 0.0001465 seconds, Stopping threads took: 0.0000609 seconds
2019-03-20T16:17:38.291+0600: 222.254: Total time for which application threads were stopped: 0.0208661 seconds, Stopping threads took: 0.0207679 seconds
2019-03-20T16:17:38.292+0600: 222.254: Total time for which application threads were stopped: 0.0001173 seconds, Stopping threads took: 0.0000404 seconds
2019-03-20T16:17:38.336+0600: 222.298: Total time for which application threads were stopped: 0.0007833 seconds, Stopping threads took: 0.0006607 seconds
2019-03-20T16:17:38.337+0600: 222.299: Total time for which application threads were stopped: 0.0000964 seconds, Stopping threads took: 0.0000175 seconds
2019-03-20T16:17:38.337+0600: 222.300: Total time for which application threads were stopped: 0.0000935 seconds, Stopping threads took: 0.0000274 seconds
2019-03-20T16:17:38.340+0600: 222.302: Total time for which application threads were stopped: 0.0001293 seconds, Stopping threads took: 0.0000395 seconds
2019-03-20T16:17:38.343+0600: 222.305: Total time for which application threads were stopped: 0.0006945 seconds, Stopping threads took: 0.0000568 seconds
2019-03-20T16:17:38.563+0600: 222.526: Total time for which application threads were stopped: 0.0113468 seconds, Stopping threads took: 0.0111944 seconds
2019-03-20T16:17:38.753+0600: 222.715: Total time for which application threads were stopped: 0.0609524 seconds, Stopping threads took: 0.0608266 seconds
2019-03-20T16:17:39.483+0600: 223.446: Total time for which application threads were stopped: 0.0001725 seconds, Stopping threads took: 0.0000765 seconds
2019-03-20T16:17:39.484+0600: 223.447: Total time for which application threads were stopped: 0.0005000 seconds, Stopping threads took: 0.0003952 seconds
2019-03-20T16:17:39.491+0600: 223.454: Total time for which application threads were stopped: 0.0001316 seconds, Stopping threads took: 0.0000433 seconds
2019-03-20T16:17:39.520+0600: 223.483: Total time for which application threads were stopped: 0.0094163 seconds, Stopping threads took: 0.0092871 seconds
2019-03-20T16:17:39.589+0600: 223.552: Total time for which application threads were stopped: 0.0229187 seconds, Stopping threads took: 0.0228092 seconds
2019-03-20T16:17:40.594+0600: 224.556: Total time for which application threads were stopped: 0.0002135 seconds, Stopping threads took: 0.0001120 seconds
2019-03-20T16:17:41.631+0600: 225.593: Total time for which application threads were stopped: 0.0340073 seconds, Stopping threads took: 0.0338930 seconds
2019-03-20T16:17:41.636+0600: 225.598: Total time for which application threads were stopped: 0.0001395 seconds, Stopping threads took: 0.0000460 seconds
2019-03-20T16:17:41.639+0600: 225.601: Total time for which application threads were stopped: 0.0001102 seconds, Stopping threads took: 0.0000357 seconds
2019-03-20T16:17:41.686+0600: 225.649: Total time for which application threads were stopped: 0.0217029 seconds, Stopping threads took: 0.0215802 seconds
2019-03-20T16:17:41.687+0600: 225.649: Total time for which application threads were stopped: 0.0001096 seconds, Stopping threads took: 0.0000419 seconds
2019-03-20T16:17:41.691+0600: 225.653: Total time for which application threads were stopped: 0.0001483 seconds, Stopping threads took: 0.0000504 seconds
2019-03-20T16:17:41.693+0600: 225.655: Total time for which application threads were stopped: 0.0000982 seconds, Stopping threads took: 0.0000159 seconds
2019-03-20T16:17:41.693+0600: 225.656: Total time for which application threads were stopped: 0.0000732 seconds, Stopping threads took: 0.0000110 seconds
2019-03-20T16:17:41.695+0600: 225.657: Total time for which application threads were stopped: 0.0001013 seconds, Stopping threads took: 0.0000256 seconds
2019-03-20T16:17:41.980+0600: 225.942: Total time for which application threads were stopped: 0.0004135 seconds, Stopping threads took: 0.0001411 seconds
2019-03-20T16:17:42.060+0600: 226.022: Total time for which application threads were stopped: 0.0209498 seconds, Stopping threads took: 0.0208115 seconds
2019-03-20T16:17:42.183+0600: 226.145: Total time for which application threads were stopped: 0.0309977 seconds, Stopping threads took: 0.0307924 seconds
2019-03-20T16:17:42.357+0600: 226.320: Total time for which application threads were stopped: 0.0002796 seconds, Stopping threads took: 0.0001494 seconds
2019-03-20T16:17:42.433+0600: 226.396: Total time for which application threads were stopped: 0.0108866 seconds, Stopping threads took: 0.0107812 seconds
2019-03-20T16:17:42.511+0600: 226.474: Total time for which application threads were stopped: 0.0002457 seconds, Stopping threads took: 0.0001089 seconds
2019-03-20T16:17:42.562+0600: 226.525: Total time for which application threads were stopped: 0.0217349 seconds, Stopping threads took: 0.0216199 seconds
2019-03-20T16:17:42.610+0600: 226.573: Total time for which application threads were stopped: 0.0001643 seconds, Stopping threads took: 0.0000630 seconds
2019-03-20T16:17:42.613+0600: 226.575: Total time for which application threads were stopped: 0.0001391 seconds, Stopping threads took: 0.0000459 seconds
2019-03-20T16:17:42.661+0600: 226.624: Total time for which application threads were stopped: 0.0109733 seconds, Stopping threads took: 0.0108091 seconds
2019-03-20T16:17:42.666+0600: 226.628: Total time for which application threads were stopped: 0.0004590 seconds, Stopping threads took: 0.0000931 seconds
2019-03-20T16:17:42.666+0600: 226.629: Total time for which application threads were stopped: 0.0004521 seconds, Stopping threads took: 0.0001576 seconds
2019-03-20T16:17:42.684+0600: 226.646: Total time for which application threads were stopped: 0.0002413 seconds, Stopping threads took: 0.0001077 seconds
2019-03-20T16:17:42.684+0600: 226.647: Total time for which application threads were stopped: 0.0001311 seconds, Stopping threads took: 0.0000332 seconds
2019-03-20T16:17:42.688+0600: 226.650: Total time for which application threads were stopped: 0.0001634 seconds, Stopping threads took: 0.0000780 seconds
2019-03-20T16:17:42.689+0600: 226.651: Total time for which application threads were stopped: 0.0001264 seconds, Stopping threads took: 0.0000393 seconds
2019-03-20T16:17:42.690+0600: 226.653: Total time for which application threads were stopped: 0.0001448 seconds, Stopping threads took: 0.0000537 seconds
2019-03-20T16:17:42.691+0600: 226.653: Total time for which application threads were stopped: 0.0000990 seconds, Stopping threads took: 0.0000133 seconds
2019-03-20T16:17:42.691+0600: 226.654: Total time for which application threads were stopped: 0.0001183 seconds, Stopping threads took: 0.0000165 seconds
2019-03-20T16:17:42.692+0600: 226.655: Total time for which application threads were stopped: 0.0003993 seconds, Stopping threads took: 0.0000305 seconds
2019-03-20T16:17:42.730+0600: 226.693: Total time for which application threads were stopped: 0.0003091 seconds, Stopping threads took: 0.0001375 seconds
2019-03-20T16:17:42.751+0600: 226.714: Total time for which application threads were stopped: 0.0004699 seconds, Stopping threads took: 0.0001422 seconds
2019-03-20T16:17:42.752+0600: 226.715: Total time for which application threads were stopped: 0.0001101 seconds, Stopping threads took: 0.0000177 seconds
2019-03-20T16:17:42.755+0600: 226.717: Total time for which application threads were stopped: 0.0002454 seconds, Stopping threads took: 0.0000193 seconds
2019-03-20T16:17:42.755+0600: 226.718: Total time for which application threads were stopped: 0.0001061 seconds, Stopping threads took: 0.0000290 seconds
2019-03-20T16:17:42.757+0600: 226.720: Total time for which application threads were stopped: 0.0002797 seconds, Stopping threads took: 0.0001836 seconds
2019-03-20T16:17:42.867+0600: 226.830: Total time for which application threads were stopped: 0.0005943 seconds, Stopping threads took: 0.0003042 seconds
2019-03-20T16:17:42.871+0600: 226.834: Total time for which application threads were stopped: 0.0002923 seconds, Stopping threads took: 0.0001961 seconds
2019-03-20T16:17:42.872+0600: 226.834: Total time for which application threads were stopped: 0.0001251 seconds, Stopping threads took: 0.0000112 seconds
2019-03-20T16:17:42.872+0600: 226.835: Total time for which application threads were stopped: 0.0000919 seconds, Stopping threads took: 0.0000107 seconds
2019-03-20T16:17:42.872+0600: 226.835: Total time for which application threads were stopped: 0.0000821 seconds, Stopping threads took: 0.0000092 seconds
2019-03-20T16:17:43.143+0600: 227.106: Total time for which application threads were stopped: 0.0114015 seconds, Stopping threads took: 0.0111076 seconds
 CMS: abort preclean due to time 2019-03-20T16:17:43.150+0600: 227.112: [CMS-concurrent-abortable-preclean: 3.632/6.022 secs] [Times: user=9.42 sys=0.09, real=6.03 secs] 
2019-03-20T16:17:43.150+0600: 227.113: [GC (CMS Final Remark) [YG occupancy: 89538 K (109248 K)]{Heap before GC invocations=18 (full 2):
 par new generation   total 109248K, used 89538K [0x00000007a0000000, 0x00000007a8000000, 0x00000007a8000000)
  eden space 87424K,  90% used [0x00000007a0000000, 0x00000007a4d1b528, 0x00000007a5560000)
  from space 21824K,  48% used [0x00000007a5560000, 0x00000007a5fb54e8, 0x00000007a6ab0000)
  to   space 21824K,   0% used [0x00000007a6ab0000, 0x00000007a6ab0000, 0x00000007a8000000)
 concurrent mark-sweep generation total 393216K, used 34041K [0x00000007a8000000, 0x00000007c0000000, 0x00000007c0000000)
 Metaspace       used 48882K, capacity 50593K, committed 50656K, reserved 1093632K
  class space    used 6018K, capacity 6388K, committed 6396K, reserved 1048576K
2019-03-20T16:17:43.150+0600: 227.113: [GC (CMS Final Remark) 2019-03-20T16:17:43.150+0600: 227.113: [ParNew
Desired survivor size 20112992 bytes, new threshold 8 (max 8)
- age   1:    4258120 bytes,    4258120 total
- age   2:    2194968 bytes,    6453088 total
- age   3:    1470320 bytes,    7923408 total
- age   4:      81024 bytes,    8004432 total
- age   5:      81912 bytes,    8086344 total
- age   6:     198056 bytes,    8284400 total
- age   7:    4430840 bytes,   12715240 total
: 89538K->16206K(109248K), 0.0592424 secs] 123579K->50247K(502464K), 0.0593205 secs] [Times: user=0.06 sys=0.00, real=0.05 secs] 
Heap after GC invocations=19 (full 2):
 par new generation   total 109248K, used 16206K [0x00000007a0000000, 0x00000007a8000000, 0x00000007a8000000)
  eden space 87424K,   0% used [0x00000007a0000000, 0x00000007a0000000, 0x00000007a5560000)
  from space 21824K,  74% used [0x00000007a6ab0000, 0x00000007a7a83880, 0x00000007a8000000)
  to   space 21824K,   0% used [0x00000007a5560000, 0x00000007a5560000, 0x00000007a6ab0000)
 concurrent mark-sweep generation total 393216K, used 34041K [0x00000007a8000000, 0x00000007c0000000, 0x00000007c0000000)
 Metaspace       used 48882K, capacity 50593K, committed 50656K, reserved 1093632K
  class space    used 6018K, capacity 6388K, committed 6396K, reserved 1048576K
}
2019-03-20T16:17:43.209+0600: 227.172: [Rescan (parallel) , 0.0039790 secs]2019-03-20T16:17:43.213+0600: 227.176: [weak refs processing, 0.0756815 secs]2019-03-20T16:17:43.289+0600: 227.252: [class unloading, 0.0219467 secs]2019-03-20T16:17:43.311+0600: 227.274: [scrub symbol table, 0.0090113 secs]2019-03-20T16:17:43.320+0600: 227.283: [scrub string table, 0.0006324 secs][1 CMS-remark: 34041K(393216K)] 50247K(502464K), 0.1724208 secs] [Times: user=0.11 sys=0.01, real=0.17 secs] 
2019-03-20T16:17:43.322+0600: 227.285: Total time for which application threads were stopped: 0.1726300 seconds, Stopping threads took: 0.0000593 seconds
2019-03-20T16:17:43.323+0600: 227.285: [CMS-concurrent-sweep-start]
2019-03-20T16:17:43.325+0600: 227.288: Total time for which application threads were stopped: 0.0007559 seconds, Stopping threads took: 0.0000664 seconds
2019-03-20T16:17:43.338+0600: 227.301: Total time for which application threads were stopped: 0.0001701 seconds, Stopping threads took: 0.0000621 seconds
2019-03-20T16:17:43.340+0600: 227.302: Total time for which application threads were stopped: 0.0001552 seconds, Stopping threads took: 0.0000640 seconds
2019-03-20T16:17:43.340+0600: 227.303: Total time for which application threads were stopped: 0.0001172 seconds, Stopping threads took: 0.0000380 seconds
2019-03-20T16:17:43.345+0600: 227.308: Total time for which application threads were stopped: 0.0003862 seconds, Stopping threads took: 0.0002105 seconds
2019-03-20T16:17:43.346+0600: 227.308: Total time for which application threads were stopped: 0.0001533 seconds, Stopping threads took: 0.0000490 seconds
2019-03-20T16:17:43.347+0600: 227.310: Total time for which application threads were stopped: 0.0001539 seconds, Stopping threads took: 0.0000692 seconds
2019-03-20T16:17:43.355+0600: 227.317: Total time for which application threads were stopped: 0.0009785 seconds, Stopping threads took: 0.0001952 seconds
2019-03-20T16:17:43.357+0600: 227.319: Total time for which application threads were stopped: 0.0001893 seconds, Stopping threads took: 0.0000990 seconds
2019-03-20T16:17:43.362+0600: 227.325: Total time for which application threads were stopped: 0.0002092 seconds, Stopping threads took: 0.0000823 seconds
2019-03-20T16:17:43.363+0600: 227.326: Total time for which application threads were stopped: 0.0002567 seconds, Stopping threads took: 0.0001502 seconds
2019-03-20T16:17:43.365+0600: 227.328: Total time for which application threads were stopped: 0.0001373 seconds, Stopping threads took: 0.0000525 seconds
2019-03-20T16:17:43.365+0600: 227.328: [CMS-concurrent-sweep: 0.035/0.042 secs] [Times: user=0.09 sys=0.01, real=0.04 secs] 
2019-03-20T16:17:43.365+0600: 227.328: [CMS-concurrent-reset-start]
2019-03-20T16:17:43.367+0600: 227.329: Total time for which application threads were stopped: 0.0007451 seconds, Stopping threads took: 0.0005643 seconds
2019-03-20T16:17:43.389+0600: 227.351: Total time for which application threads were stopped: 0.0112128 seconds, Stopping threads took: 0.0110946 seconds
2019-03-20T16:17:43.397+0600: 227.359: Total time for which application threads were stopped: 0.0002286 seconds, Stopping threads took: 0.0001069 seconds
2019-03-20T16:17:43.398+0600: 227.360: [CMS-concurrent-reset: 0.020/0.033 secs] [Times: user=0.04 sys=0.00, real=0.03 secs] 
2019-03-20T16:17:43.401+0600: 227.364: Total time for which application threads were stopped: 0.0001966 seconds, Stopping threads took: 0.0000989 seconds
2019-03-20T16:17:43.402+0600: 227.364: Total time for which application threads were stopped: 0.0001275 seconds, Stopping threads took: 0.0000565 seconds
2019-03-20T16:17:43.403+0600: 227.365: Total time for which application threads were stopped: 0.0001444 seconds, Stopping threads took: 0.0000673 seconds
2019-03-20T16:17:44.419+0600: 228.381: Total time for which application threads were stopped: 0.0113963 seconds, Stopping threads took: 0.0112546 seconds
2019-03-20T16:17:46.419+0600: 230.382: Total time for which application threads were stopped: 0.0001855 seconds, Stopping threads took: 0.0000910 seconds
2019-03-20T16:17:53.431+0600: 237.393: Total time for which application threads were stopped: 0.0002727 seconds, Stopping threads took: 0.0000506 seconds
2019-03-20T16:18:19.502+0600: 263.465: Total time for which application threads were stopped: 0.0001881 seconds, Stopping threads took: 0.0000278 seconds
2019-03-20T16:18:28.657+0600: 272.619: Total time for which application threads were stopped: 0.0002491 seconds, Stopping threads took: 0.0000227 seconds
2019-03-20T16:18:28.657+0600: 272.620: Total time for which application threads were stopped: 0.0001171 seconds, Stopping threads took: 0.0000124 seconds
2019-03-20T16:18:28.663+0600: 272.625: Total time for which application threads were stopped: 0.0001350 seconds, Stopping threads took: 0.0000221 seconds
2019-03-20T16:18:28.667+0600: 272.629: Total time for which application threads were stopped: 0.0001279 seconds, Stopping threads took: 0.0000261 seconds
2019-03-20T16:18:28.667+0600: 272.629: Total time for which application threads were stopped: 0.0000889 seconds, Stopping threads took: 0.0000132 seconds
2019-03-20T16:18:28.680+0600: 272.642: Total time for which application threads were stopped: 0.0007892 seconds, Stopping threads took: 0.0000206 seconds
2019-03-20T16:18:28.684+0600: 272.646: Total time for which application threads were stopped: 0.0001326 seconds, Stopping threads took: 0.0000222 seconds
2019-03-20T16:18:28.696+0600: 272.659: Total time for which application threads were stopped: 0.0001445 seconds, Stopping threads took: 0.0000255 seconds
2019-03-20T16:18:28.706+0600: 272.668: Total time for which application threads were stopped: 0.0001143 seconds, Stopping threads took: 0.0000212 seconds
2019-03-20T16:18:28.713+0600: 272.676: Total time for which application threads were stopped: 0.0001303 seconds, Stopping threads took: 0.0000214 seconds
2019-03-20T16:18:28.714+0600: 272.676: Total time for which application threads were stopped: 0.0001141 seconds, Stopping threads took: 0.0000287 seconds
2019-03-20T16:18:28.715+0600: 272.677: Total time for which application threads were stopped: 0.0001263 seconds, Stopping threads took: 0.0000159 seconds
2019-03-20T16:18:28.715+0600: 272.677: Total time for which application threads were stopped: 0.0001346 seconds, Stopping threads took: 0.0000365 seconds
2019-03-20T16:18:28.716+0600: 272.678: Total time for which application threads were stopped: 0.0001076 seconds, Stopping threads took: 0.0000293 seconds
2019-03-20T16:18:28.716+0600: 272.678: Total time for which application threads were stopped: 0.0001162 seconds, Stopping threads took: 0.0000154 seconds
2019-03-20T16:18:28.717+0600: 272.679: Total time for which application threads were stopped: 0.0001322 seconds, Stopping threads took: 0.0000331 seconds
2019-03-20T16:18:28.717+0600: 272.679: Total time for which application threads were stopped: 0.0001021 seconds, Stopping threads took: 0.0000149 seconds
2019-03-20T16:18:28.717+0600: 272.680: Total time for which application threads were stopped: 0.0000972 seconds, Stopping threads took: 0.0000115 seconds
2019-03-20T16:18:28.718+0600: 272.680: Total time for which application threads were stopped: 0.0002051 seconds, Stopping threads took: 0.0001363 seconds
2019-03-20T16:18:29.718+0600: 273.680: Total time for which application threads were stopped: 0.0001100 seconds, Stopping threads took: 0.0000270 seconds
2019-03-20T16:18:30.719+0600: 274.681: Total time for which application threads were stopped: 0.0001076 seconds, Stopping threads took: 0.0000247 seconds
2019-03-20T16:18:32.724+0600: 276.687: Total time for which application threads were stopped: 0.0002026 seconds, Stopping threads took: 0.0000405 seconds
2019-03-20T16:18:35.729+0600: 279.692: Total time for which application threads were stopped: 0.0001198 seconds, Stopping threads took: 0.0000250 seconds
2019-03-20T16:18:53.772+0600: 297.734: Total time for which application threads were stopped: 0.0002572 seconds, Stopping threads took: 0.0000431 seconds
2019-03-20T16:19:19.830+0600: 323.792: Total time for which application threads were stopped: 0.0003956 seconds, Stopping threads took: 0.0000944 seconds
2019-03-20T16:19:43.883+0600: 347.845: Total time for which application threads were stopped: 0.0001711 seconds, Stopping threads took: 0.0000379 seconds
2019-03-20T16:19:48.305+0600: 352.266: Total time for which application threads were stopped: 0.0002710 seconds, Stopping threads took: 0.0001255 seconds
2019-03-20T16:19:48.310+0600: 352.271: Total time for which application threads were stopped: 0.0001502 seconds, Stopping threads took: 0.0000396 seconds
2019-03-20T16:19:49.312+0600: 353.274: Total time for which application threads were stopped: 0.0002004 seconds, Stopping threads took: 0.0000408 seconds
2019-03-20T16:19:53.316+0600: 357.277: Total time for which application threads were stopped: 0.0001400 seconds, Stopping threads took: 0.0000380 seconds
2019-03-20T16:20:31.398+0600: 395.359: Total time for which application threads were stopped: 0.0002298 seconds, Stopping threads took: 0.0000512 seconds
2019-03-20T16:20:53.443+0600: 417.403: Total time for which application threads were stopped: 0.0002021 seconds, Stopping threads took: 0.0000386 seconds
2019-03-20T16:21:13.655+0600: 437.616: Total time for which application threads were stopped: 0.0001942 seconds, Stopping threads took: 0.0000227 seconds
2019-03-20T16:21:13.666+0600: 437.627: Total time for which application threads were stopped: 0.0003665 seconds, Stopping threads took: 0.0001372 seconds
2019-03-20T16:21:13.667+0600: 437.628: Total time for which application threads were stopped: 0.0004376 seconds, Stopping threads took: 0.0000460 seconds
2019-03-20T16:21:13.669+0600: 437.630: Total time for which application threads were stopped: 0.0001411 seconds, Stopping threads took: 0.0000230 seconds
2019-03-20T16:21:13.670+0600: 437.630: Total time for which application threads were stopped: 0.0001252 seconds, Stopping threads took: 0.0000209 seconds
2019-03-20T16:21:53.760+0600: 477.720: Total time for which application threads were stopped: 0.0002554 seconds, Stopping threads took: 0.0000886 seconds
2019-03-20T16:22:19.805+0600: 503.765: Total time for which application threads were stopped: 0.0001565 seconds, Stopping threads took: 0.0000254 seconds
2019-03-20T16:22:29.552+0600: 513.511: Total time for which application threads were stopped: 0.0001164 seconds, Stopping threads took: 0.0000201 seconds
2019-03-20T16:22:29.560+0600: 513.520: Total time for which application threads were stopped: 0.0001620 seconds, Stopping threads took: 0.0000207 seconds
2019-03-20T16:22:29.562+0600: 513.522: Total time for which application threads were stopped: 0.0004390 seconds, Stopping threads took: 0.0003190 seconds
2019-03-20T16:22:29.563+0600: 513.523: Total time for which application threads were stopped: 0.0001353 seconds, Stopping threads took: 0.0000180 seconds
2019-03-20T16:22:29.564+0600: 513.523: Total time for which application threads were stopped: 0.0001555 seconds, Stopping threads took: 0.0000504 seconds
2019-03-20T16:22:29.564+0600: 513.524: Total time for which application threads were stopped: 0.0001388 seconds, Stopping threads took: 0.0000164 seconds
2019-03-20T16:22:53.619+0600: 537.579: Total time for which application threads were stopped: 0.0002577 seconds, Stopping threads took: 0.0000570 seconds
2019-03-20T16:23:04.705+0600: 548.664: Total time for which application threads were stopped: 0.0015719 seconds, Stopping threads took: 0.0000227 seconds
2019-03-20T16:23:04.707+0600: 548.666: Total time for which application threads were stopped: 0.0002442 seconds, Stopping threads took: 0.0000320 seconds
2019-03-20T16:23:53.852+0600: 597.811: Total time for which application threads were stopped: 0.0003042 seconds, Stopping threads took: 0.0000498 seconds
2019-03-20T16:24:54.049+0600: 657.996: Total time for which application threads were stopped: 0.0002091 seconds, Stopping threads took: 0.0000367 seconds
2019-03-20T16:25:05.080+0600: 669.026: Total time for which application threads were stopped: 0.0002559 seconds, Stopping threads took: 0.0000482 seconds
2019-03-20T16:25:16.109+0600: 680.054: Total time for which application threads were stopped: 0.0002007 seconds, Stopping threads took: 0.0000436 seconds
2019-03-20T16:25:19.123+0600: 683.068: Total time for which application threads were stopped: 0.0002909 seconds, Stopping threads took: 0.0000518 seconds
2019-03-20T16:25:21.127+0600: 685.072: Total time for which application threads were stopped: 0.0001958 seconds, Stopping threads took: 0.0000390 seconds
2019-03-20T16:25:54.244+0600: 718.187: Total time for which application threads were stopped: 0.0001559 seconds, Stopping threads took: 0.0000433 seconds
2019-03-20T16:26:15.120+0600: 739.064: Total time for which application threads were stopped: 0.0002265 seconds, Stopping threads took: 0.0000264 seconds
2019-03-20T16:26:15.121+0600: 739.064: Total time for which application threads were stopped: 0.0000925 seconds, Stopping threads took: 0.0000115 seconds
2019-03-20T16:26:15.128+0600: 739.072: Total time for which application threads were stopped: 0.0001425 seconds, Stopping threads took: 0.0000229 seconds
2019-03-20T16:26:48.217+0600: 772.159: Total time for which application threads were stopped: 0.0002549 seconds, Stopping threads took: 0.0000314 seconds
2019-03-20T16:26:54.219+0600: 778.161: Total time for which application threads were stopped: 0.0002199 seconds, Stopping threads took: 0.0000450 seconds
2019-03-20T16:27:54.390+0600: 838.331: Total time for which application threads were stopped: 0.0002073 seconds, Stopping threads took: 0.0000441 seconds
2019-03-20T16:28:48.507+0600: 892.447: Total time for which application threads were stopped: 0.0004029 seconds, Stopping threads took: 0.0001169 seconds
2019-03-20T16:28:54.531+0600: 898.471: Total time for which application threads were stopped: 0.0002310 seconds, Stopping threads took: 0.0000414 seconds
2019-03-20T16:29:54.652+0600: 958.590: Total time for which application threads were stopped: 0.0001398 seconds, Stopping threads took: 0.0000373 seconds
2019-03-20T16:30:53.789+0600: 1017.726: Total time for which application threads were stopped: 0.0001235 seconds, Stopping threads took: 0.0000239 seconds
2019-03-20T16:30:57.802+0600: 1021.739: Total time for which application threads were stopped: 0.0001556 seconds, Stopping threads took: 0.0000551 seconds
2019-03-20T16:30:57.802+0600: 1021.740: Total time for which application threads were stopped: 0.0001067 seconds, Stopping threads took: 0.0000278 seconds
2019-03-20T16:30:57.804+0600: 1021.741: Total time for which application threads were stopped: 0.0000716 seconds, Stopping threads took: 0.0000101 seconds
2019-03-20T16:30:57.804+0600: 1021.741: Total time for which application threads were stopped: 0.0000522 seconds, Stopping threads took: 0.0000061 seconds
2019-03-20T16:30:57.804+0600: 1021.741: Total time for which application threads were stopped: 0.0000444 seconds, Stopping threads took: 0.0000071 seconds
2019-03-20T16:30:57.804+0600: 1021.741: Total time for which application threads were stopped: 0.0001177 seconds, Stopping threads took: 0.0000772 seconds
2019-03-20T16:30:57.804+0600: 1021.741: Total time for which application threads were stopped: 0.0000523 seconds, Stopping threads took: 0.0000106 seconds
2019-03-20T16:30:57.804+0600: 1021.741: Total time for which application threads were stopped: 0.0000552 seconds, Stopping threads took: 0.0000090 seconds
2019-03-20T16:30:57.805+0600: 1021.742: Total time for which application threads were stopped: 0.0001374 seconds, Stopping threads took: 0.0000355 seconds
2019-03-20T16:30:57.805+0600: 1021.743: Total time for which application threads were stopped: 0.0001335 seconds, Stopping threads took: 0.0000342 seconds
2019-03-20T16:30:57.807+0600: 1021.744: Total time for which application threads were stopped: 0.0001189 seconds, Stopping threads took: 0.0000323 seconds
2019-03-20T16:30:57.807+0600: 1021.744: Total time for which application threads were stopped: 0.0000797 seconds, Stopping threads took: 0.0000223 seconds
2019-03-20T16:30:57.816+0600: 1021.754: Total time for which application threads were stopped: 0.0001505 seconds, Stopping threads took: 0.0000231 seconds
2019-03-20T16:30:57.816+0600: 1021.754: Total time for which application threads were stopped: 0.0001282 seconds, Stopping threads took: 0.0000297 seconds
2019-03-20T16:30:57.829+0600: 1021.766: Total time for which application threads were stopped: 0.0002820 seconds, Stopping threads took: 0.0000802 seconds
2019-03-20T16:30:57.829+0600: 1021.766: Total time for which application threads were stopped: 0.0001765 seconds, Stopping threads took: 0.0000504 seconds
2019-03-20T16:30:57.851+0600: 1021.789: Total time for which application threads were stopped: 0.0001651 seconds, Stopping threads took: 0.0000399 seconds
2019-03-20T16:30:57.852+0600: 1021.789: Total time for which application threads were stopped: 0.0001094 seconds, Stopping threads took: 0.0000256 seconds
2019-03-20T16:30:57.852+0600: 1021.790: Total time for which application threads were stopped: 0.0001721 seconds, Stopping threads took: 0.0000756 seconds
2019-03-20T16:30:57.853+0600: 1021.790: Total time for which application threads were stopped: 0.0001175 seconds, Stopping threads took: 0.0000334 seconds
2019-03-20T16:30:57.853+0600: 1021.790: Total time for which application threads were stopped: 0.0001025 seconds, Stopping threads took: 0.0000243 seconds
2019-03-20T16:30:57.855+0600: 1021.792: Total time for which application threads were stopped: 0.0001508 seconds, Stopping threads took: 0.0000392 seconds
2019-03-20T16:30:57.855+0600: 1021.792: Total time for which application threads were stopped: 0.0001302 seconds, Stopping threads took: 0.0000451 seconds
2019-03-20T16:30:57.855+0600: 1021.792: Total time for which application threads were stopped: 0.0001012 seconds, Stopping threads took: 0.0000280 seconds
2019-03-20T16:30:57.856+0600: 1021.793: Total time for which application threads were stopped: 0.0002671 seconds, Stopping threads took: 0.0000349 seconds
2019-03-20T16:30:57.863+0600: 1021.801: Total time for which application threads were stopped: 0.0001518 seconds, Stopping threads took: 0.0000226 seconds
2019-03-20T16:30:57.864+0600: 1021.801: Total time for which application threads were stopped: 0.0001030 seconds, Stopping threads took: 0.0000120 seconds
2019-03-20T16:30:57.874+0600: 1021.811: Total time for which application threads were stopped: 0.0001757 seconds, Stopping threads took: 0.0000478 seconds
2019-03-20T16:30:57.874+0600: 1021.811: Total time for which application threads were stopped: 0.0001155 seconds, Stopping threads took: 0.0000258 seconds
2019-03-20T16:30:58.879+0600: 1022.817: Total time for which application threads were stopped: 0.0002761 seconds, Stopping threads took: 0.0000445 seconds
2019-03-20T16:31:03.543+0600: 1027.480: Total time for which application threads were stopped: 0.0002391 seconds, Stopping threads took: 0.0000478 seconds
2019-03-20T16:31:03.551+0600: 1027.488: Total time for which application threads were stopped: 0.0002730 seconds, Stopping threads took: 0.0000347 seconds
2019-03-20T16:31:04.556+0600: 1028.494: Total time for which application threads were stopped: 0.0002351 seconds, Stopping threads took: 0.0000416 seconds
{Heap before GC invocations=19 (full 2):
 par new generation   total 109248K, used 103622K [0x00000007a0000000, 0x00000007a8000000, 0x00000007a8000000)
  eden space 87424K,  99% used [0x00000007a0000000, 0x00000007a555e1f0, 0x00000007a5560000)
  from space 21824K,  74% used [0x00000007a6ab0000, 0x00000007a7a83880, 0x00000007a8000000)
  to   space 21824K,   0% used [0x00000007a5560000, 0x00000007a5560000, 0x00000007a6ab0000)
 concurrent mark-sweep generation total 393216K, used 33043K [0x00000007a8000000, 0x00000007c0000000, 0x00000007c0000000)
 Metaspace       used 49768K, capacity 51555K, committed 51808K, reserved 1095680K
  class space    used 6114K, capacity 6495K, committed 6524K, reserved 1048576K
2019-03-20T16:31:04.873+0600: 1028.810: [GC (Allocation Failure) 2019-03-20T16:31:04.873+0600: 1028.810: [ParNew
Desired survivor size 20112992 bytes, new threshold 8 (max 8)
- age   1:    2988888 bytes,    2988888 total
- age   2:    1483136 bytes,    4472024 total
- age   3:    2097968 bytes,    6569992 total
- age   4:    1392888 bytes,    7962880 total
- age   5:      81024 bytes,    8043904 total
- age   6:      81912 bytes,    8125816 total
- age   7:     197880 bytes,    8323696 total
- age   8:    3838496 bytes,   12162192 total
: 103622K->13350K(109248K), 0.1421181 secs] 136665K->46393K(502464K), 0.1422707 secs] [Times: user=0.09 sys=0.08, real=0.14 secs] 
Heap after GC invocations=20 (full 2):
 par new generation   total 109248K, used 13350K [0x00000007a0000000, 0x00000007a8000000, 0x00000007a8000000)
  eden space 87424K,   0% used [0x00000007a0000000, 0x00000007a0000000, 0x00000007a5560000)
  from space 21824K,  61% used [0x00000007a5560000, 0x00000007a6269ac0, 0x00000007a6ab0000)
  to   space 21824K,   0% used [0x00000007a6ab0000, 0x00000007a6ab0000, 0x00000007a8000000)
 concurrent mark-sweep generation total 393216K, used 33043K [0x00000007a8000000, 0x00000007c0000000, 0x00000007c0000000)
 Metaspace       used 49768K, capacity 51555K, committed 51808K, reserved 1095680K
  class space    used 6114K, capacity 6495K, committed 6524K, reserved 1048576K
}
2019-03-20T16:31:05.015+0600: 1028.952: Total time for which application threads were stopped: 0.1429183 seconds, Stopping threads took: 0.0000579 seconds
{Heap before GC invocations=20 (full 2):
 par new generation   total 109248K, used 100774K [0x00000007a0000000, 0x00000007a8000000, 0x00000007a8000000)
  eden space 87424K, 100% used [0x00000007a0000000, 0x00000007a5560000, 0x00000007a5560000)
  from space 21824K,  61% used [0x00000007a5560000, 0x00000007a6269ac0, 0x00000007a6ab0000)
  to   space 21824K,   0% used [0x00000007a6ab0000, 0x00000007a6ab0000, 0x00000007a8000000)
 concurrent mark-sweep generation total 393216K, used 33043K [0x00000007a8000000, 0x00000007c0000000, 0x00000007c0000000)
 Metaspace       used 49778K, capacity 51555K, committed 51808K, reserved 1095680K
  class space    used 6115K, capacity 6495K, committed 6524K, reserved 1048576K
2019-03-20T16:31:05.102+0600: 1029.039: [GC (Allocation Failure) 2019-03-20T16:31:05.102+0600: 1029.039: [ParNew
Desired survivor size 20112992 bytes, new threshold 8 (max 8)
- age   1:    2226728 bytes,    2226728 total
- age   2:    1841896 bytes,    4068624 total
- age   3:    1455488 bytes,    5524112 total
- age   4:    2091480 bytes,    7615592 total
- age   5:    1392888 bytes,    9008480 total
- age   6:      80944 bytes,    9089424 total
- age   7:      81672 bytes,    9171096 total
- age   8:     197640 bytes,    9368736 total
: 100774K->15862K(109248K), 0.0795032 secs] 133817K->52865K(502464K), 0.0796099 secs] [Times: user=0.11 sys=0.01, real=0.08 secs] 
Heap after GC invocations=21 (full 2):
 par new generation   total 109248K, used 15862K [0x00000007a0000000, 0x00000007a8000000, 0x00000007a8000000)
  eden space 87424K,   0% used [0x00000007a0000000, 0x00000007a0000000, 0x00000007a5560000)
  from space 21824K,  72% used [0x00000007a6ab0000, 0x00000007a7a2da30, 0x00000007a8000000)
  to   space 21824K,   0% used [0x00000007a5560000, 0x00000007a5560000, 0x00000007a6ab0000)
 concurrent mark-sweep generation total 393216K, used 37002K [0x00000007a8000000, 0x00000007c0000000, 0x00000007c0000000)
 Metaspace       used 49778K, capacity 51555K, committed 51808K, reserved 1095680K
  class space    used 6115K, capacity 6495K, committed 6524K, reserved 1048576K
}
2019-03-20T16:31:05.181+0600: 1029.119: Total time for which application threads were stopped: 0.1008852 seconds, Stopping threads took: 0.0208846 seconds
{Heap before GC invocations=21 (full 2):
 par new generation   total 109248K, used 103286K [0x00000007a0000000, 0x00000007a8000000, 0x00000007a8000000)
  eden space 87424K, 100% used [0x00000007a0000000, 0x00000007a5560000, 0x00000007a5560000)
  from space 21824K,  72% used [0x00000007a6ab0000, 0x00000007a7a2da30, 0x00000007a8000000)
  to   space 21824K,   0% used [0x00000007a5560000, 0x00000007a5560000, 0x00000007a6ab0000)
 concurrent mark-sweep generation total 393216K, used 37002K [0x00000007a8000000, 0x00000007c0000000, 0x00000007c0000000)
 Metaspace       used 49786K, capacity 51561K, committed 51808K, reserved 1095680K
  class space    used 6116K, capacity 6496K, committed 6524K, reserved 1048576K
2019-03-20T16:31:05.337+0600: 1029.274: [GC (Allocation Failure) 2019-03-20T16:31:05.337+0600: 1029.274: [ParNew
Desired survivor size 20112992 bytes, new threshold 8 (max 8)
- age   1:     294928 bytes,     294928 total
- age   2:    1689208 bytes,    1984136 total
- age   3:    1822712 bytes,    3806848 total
- age   4:    1455488 bytes,    5262336 total
- age   5:    2091480 bytes,    7353816 total
- age   6:    1392888 bytes,    8746704 total
- age   7:      80944 bytes,    8827648 total
- age   8:      81672 bytes,    8909320 total
: 103286K->11094K(109248K), 0.0301130 secs] 140289K->48292K(502464K), 0.0303860 secs] [Times: user=0.06 sys=0.00, real=0.03 secs] 
Heap after GC invocations=22 (full 2):
 par new generation   total 109248K, used 11094K [0x00000007a0000000, 0x00000007a8000000, 0x00000007a8000000)
  eden space 87424K,   0% used [0x00000007a0000000, 0x00000007a0000000, 0x00000007a5560000)
  from space 21824K,  50% used [0x00000007a5560000, 0x00000007a6035b48, 0x00000007a6ab0000)
  to   space 21824K,   0% used [0x00000007a6ab0000, 0x00000007a6ab0000, 0x00000007a8000000)
 concurrent mark-sweep generation total 393216K, used 37198K [0x00000007a8000000, 0x00000007c0000000, 0x00000007c0000000)
 Metaspace       used 49786K, capacity 51561K, committed 51808K, reserved 1095680K
  class space    used 6116K, capacity 6496K, committed 6524K, reserved 1048576K
}
2019-03-20T16:31:05.367+0600: 1029.304: Total time for which application threads were stopped: 0.0515022 seconds, Stopping threads took: 0.0208532 seconds
{Heap before GC invocations=22 (full 2):
 par new generation   total 109248K, used 98518K [0x00000007a0000000, 0x00000007a8000000, 0x00000007a8000000)
  eden space 87424K, 100% used [0x00000007a0000000, 0x00000007a5560000, 0x00000007a5560000)
  from space 21824K,  50% used [0x00000007a5560000, 0x00000007a6035b48, 0x00000007a6ab0000)
  to   space 21824K,   0% used [0x00000007a6ab0000, 0x00000007a6ab0000, 0x00000007a8000000)
 concurrent mark-sweep generation total 393216K, used 37198K [0x00000007a8000000, 0x00000007c0000000, 0x00000007c0000000)
 Metaspace       used 49788K, capacity 51561K, committed 51808K, reserved 1095680K
  class space    used 6116K, capacity 6496K, committed 6524K, reserved 1048576K
2019-03-20T16:31:05.487+0600: 1029.424: [GC (Allocation Failure) 2019-03-20T16:31:05.487+0600: 1029.424: [ParNew
Desired survivor size 20112992 bytes, new threshold 8 (max 8)
- age   1:     733920 bytes,     733920 total
- age   2:      85776 bytes,     819696 total
- age   3:    1689200 bytes,    2508896 total
- age   4:    1822712 bytes,    4331608 total
- age   5:    1455488 bytes,    5787096 total
- age   6:    2091480 bytes,    7878576 total
- age   7:    1392888 bytes,    9271464 total
- age   8:      80944 bytes,    9352408 total
: 98518K->15516K(109248K), 0.0170269 secs] 135716K->52796K(502464K), 0.0171359 secs] [Times: user=0.04 sys=0.00, real=0.02 secs] 
Heap after GC invocations=23 (full 2):
 par new generation   total 109248K, used 15516K [0x00000007a0000000, 0x00000007a8000000, 0x00000007a8000000)
  eden space 87424K,   0% used [0x00000007a0000000, 0x00000007a0000000, 0x00000007a5560000)
  from space 21824K,  71% used [0x00000007a6ab0000, 0x00000007a79d7100, 0x00000007a8000000)
  to   space 21824K,   0% used [0x00000007a5560000, 0x00000007a5560000, 0x00000007a6ab0000)
 concurrent mark-sweep generation total 393216K, used 37280K [0x00000007a8000000, 0x00000007c0000000, 0x00000007c0000000)
 Metaspace       used 49788K, capacity 51561K, committed 51808K, reserved 1095680K
  class space    used 6116K, capacity 6496K, committed 6524K, reserved 1048576K
}
2019-03-20T16:31:05.505+0600: 1029.442: Total time for which application threads were stopped: 0.0174555 seconds, Stopping threads took: 0.0000508 seconds
{Heap before GC invocations=23 (full 2):
 par new generation   total 109248K, used 102940K [0x00000007a0000000, 0x00000007a8000000, 0x00000007a8000000)
  eden space 87424K, 100% used [0x00000007a0000000, 0x00000007a5560000, 0x00000007a5560000)
  from space 21824K,  71% used [0x00000007a6ab0000, 0x00000007a79d7100, 0x00000007a8000000)
  to   space 21824K,   0% used [0x00000007a5560000, 0x00000007a5560000, 0x00000007a6ab0000)
 concurrent mark-sweep generation total 393216K, used 37280K [0x00000007a8000000, 0x00000007c0000000, 0x00000007c0000000)
 Metaspace       used 50141K, capacity 51895K, committed 52192K, reserved 1095680K
  class space    used 6156K, capacity 6549K, committed 6652K, reserved 1048576K
2019-03-20T16:31:06.068+0600: 1030.005: [GC (Allocation Failure) 2019-03-20T16:31:06.068+0600: 1030.005: [ParNew
Desired survivor size 20112992 bytes, new threshold 8 (max 8)
- age   1:    3262584 bytes,    3262584 total
- age   2:      80816 bytes,    3343400 total
- age   3:      84840 bytes,    3428240 total
- age   4:     181384 bytes,    3609624 total
- age   5:    1816736 bytes,    5426360 total
- age   6:    1455488 bytes,    6881848 total
- age   7:    2091424 bytes,    8973272 total
- age   8:    1392888 bytes,   10366160 total
: 102940K->12668K(109248K), 0.0090835 secs] 140220K->50030K(502464K), 0.0091904 secs] [Times: user=0.03 sys=0.00, real=0.01 secs] 
Heap after GC invocations=24 (full 2):
 par new generation   total 109248K, used 12668K [0x00000007a0000000, 0x00000007a8000000, 0x00000007a8000000)
  eden space 87424K,   0% used [0x00000007a0000000, 0x00000007a0000000, 0x00000007a5560000)
  from space 21824K,  58% used [0x00000007a5560000, 0x00000007a61bf1c0, 0x00000007a6ab0000)
  to   space 21824K,   0% used [0x00000007a6ab0000, 0x00000007a6ab0000, 0x00000007a8000000)
 concurrent mark-sweep generation total 393216K, used 37361K [0x00000007a8000000, 0x00000007c0000000, 0x00000007c0000000)
 Metaspace       used 50141K, capacity 51895K, committed 52192K, reserved 1095680K
  class space    used 6156K, capacity 6549K, committed 6652K, reserved 1048576K
}
2019-03-20T16:31:06.077+0600: 1030.014: Total time for which application threads were stopped: 0.0096218 seconds, Stopping threads took: 0.0000226 seconds
2019-03-20T16:31:07.082+0600: 1031.020: Total time for which application threads were stopped: 0.0003145 seconds, Stopping threads took: 0.0000420 seconds
2019-03-20T16:31:11.270+0600: 1035.207: Total time for which application threads were stopped: 0.0002279 seconds, Stopping threads took: 0.0000441 seconds
2019-03-20T16:31:11.292+0600: 1035.229: Total time for which application threads were stopped: 0.0002386 seconds, Stopping threads took: 0.0000413 seconds
2019-03-20T16:31:11.301+0600: 1035.238: Total time for which application threads were stopped: 0.0002700 seconds, Stopping threads took: 0.0001115 seconds
2019-03-20T16:31:11.302+0600: 1035.239: Total time for which application threads were stopped: 0.0001667 seconds, Stopping threads took: 0.0000210 seconds
2019-03-20T16:31:12.302+0600: 1036.239: Total time for which application threads were stopped: 0.0001951 seconds, Stopping threads took: 0.0000344 seconds
2019-03-20T16:31:13.302+0600: 1037.239: Total time for which application threads were stopped: 0.0001848 seconds, Stopping threads took: 0.0000366 seconds
2019-03-20T16:31:16.244+0600: 1040.181: Total time for which application threads were stopped: 0.0011942 seconds, Stopping threads took: 0.0010143 seconds
2019-03-20T16:31:16.244+0600: 1040.181: Total time for which application threads were stopped: 0.0001902 seconds, Stopping threads took: 0.0000376 seconds
2019-03-20T16:31:16.263+0600: 1040.200: Total time for which application threads were stopped: 0.0002530 seconds, Stopping threads took: 0.0000254 seconds
2019-03-20T16:31:16.273+0600: 1040.210: Total time for which application threads were stopped: 0.0002521 seconds, Stopping threads took: 0.0000260 seconds
2019-03-20T16:31:16.395+0600: 1040.332: Total time for which application threads were stopped: 0.0001846 seconds, Stopping threads took: 0.0000258 seconds
2019-03-20T16:31:17.284+0600: 1041.221: Total time for which application threads were stopped: 0.0001924 seconds, Stopping threads took: 0.0000241 seconds
2019-03-20T16:31:18.285+0600: 1042.221: Total time for which application threads were stopped: 0.0003014 seconds, Stopping threads took: 0.0000664 seconds
2019-03-20T16:31:53.807+0600: 1077.743: Total time for which application threads were stopped: 0.0001565 seconds, Stopping threads took: 0.0000264 seconds
2019-03-20T16:31:53.808+0600: 1077.744: Total time for which application threads were stopped: 0.0000837 seconds, Stopping threads took: 0.0000105 seconds
2019-03-20T16:32:28.460+0600: 1112.395: Total time for which application threads were stopped: 0.0001457 seconds, Stopping threads took: 0.0000337 seconds
2019-03-20T16:32:54.528+0600: 1138.463: Total time for which application threads were stopped: 0.0003041 seconds, Stopping threads took: 0.0000691 seconds
2019-03-20T16:33:54.656+0600: 1198.589: Total time for which application threads were stopped: 0.0002330 seconds, Stopping threads took: 0.0000529 seconds
2019-03-20T16:34:54.800+0600: 1258.732: Total time for which application threads were stopped: 0.0002869 seconds, Stopping threads took: 0.0000952 seconds
2019-03-20T16:35:19.835+0600: 1283.767: Total time for which application threads were stopped: 0.0001440 seconds, Stopping threads took: 0.0000301 seconds
2019-03-20T16:35:35.669+0600: 1299.601: Total time for which application threads were stopped: 0.0003038 seconds, Stopping threads took: 0.0001296 seconds
2019-03-20T16:35:35.676+0600: 1299.608: Total time for which application threads were stopped: 0.0005531 seconds, Stopping threads took: 0.0003896 seconds
2019-03-20T16:35:35.677+0600: 1299.608: Total time for which application threads were stopped: 0.0001687 seconds, Stopping threads took: 0.0000488 seconds
2019-03-20T16:35:35.680+0600: 1299.611: Total time for which application threads were stopped: 0.0001878 seconds, Stopping threads took: 0.0000508 seconds
2019-03-20T16:35:35.680+0600: 1299.612: Total time for which application threads were stopped: 0.0001907 seconds, Stopping threads took: 0.0000839 seconds
2019-03-20T16:35:35.681+0600: 1299.613: Total time for which application threads were stopped: 0.0003684 seconds, Stopping threads took: 0.0002608 seconds
2019-03-20T16:35:35.703+0600: 1299.634: Total time for which application threads were stopped: 0.0098832 seconds, Stopping threads took: 0.0097117 seconds
{Heap before GC invocations=24 (full 2):
 par new generation   total 109248K, used 100092K [0x00000007a0000000, 0x00000007a8000000, 0x00000007a8000000)
  eden space 87424K, 100% used [0x00000007a0000000, 0x00000007a5560000, 0x00000007a5560000)
  from space 21824K,  58% used [0x00000007a5560000, 0x00000007a61bf1c0, 0x00000007a6ab0000)
  to   space 21824K,   0% used [0x00000007a6ab0000, 0x00000007a6ab0000, 0x00000007a8000000)
 concurrent mark-sweep generation total 393216K, used 37361K [0x00000007a8000000, 0x00000007c0000000, 0x00000007c0000000)
 Metaspace       used 50486K, capacity 52363K, committed 52448K, reserved 1095680K
  class space    used 6195K, capacity 6605K, committed 6652K, reserved 1048576K
2019-03-20T16:35:35.705+0600: 1299.637: [GC (Allocation Failure) 2019-03-20T16:35:35.706+0600: 1299.637: [ParNew
Desired survivor size 20112992 bytes, new threshold 7 (max 8)
- age   1:   13603880 bytes,   13603880 total
- age   2:    3112728 bytes,   16716608 total
- age   3:      80816 bytes,   16797424 total
- age   4:      84840 bytes,   16882264 total
- age   5:     181208 bytes,   17063472 total
- age   6:    1740656 bytes,   18804128 total
- age   7:    1452056 bytes,   20256184 total
- age   8:    2091216 bytes,   22347400 total
: 100092K->21824K(109248K), 0.0576943 secs] 137454K->65038K(502464K), 0.0578060 secs] [Times: user=0.11 sys=0.02, real=0.06 secs] 
Heap after GC invocations=25 (full 2):
 par new generation   total 109248K, used 21824K [0x00000007a0000000, 0x00000007a8000000, 0x00000007a8000000)
  eden space 87424K,   0% used [0x00000007a0000000, 0x00000007a0000000, 0x00000007a5560000)
  from space 21824K, 100% used [0x00000007a6ab0000, 0x00000007a8000000, 0x00000007a8000000)
  to   space 21824K,   0% used [0x00000007a5560000, 0x00000007a5560000, 0x00000007a6ab0000)
 concurrent mark-sweep generation total 393216K, used 43214K [0x00000007a8000000, 0x00000007c0000000, 0x00000007c0000000)
 Metaspace       used 50486K, capacity 52363K, committed 52448K, reserved 1095680K
  class space    used 6195K, capacity 6605K, committed 6652K, reserved 1048576K
}
2019-03-20T16:35:35.763+0600: 1299.695: Total time for which application threads were stopped: 0.0580847 seconds, Stopping threads took: 0.0000533 seconds
{Heap before GC invocations=25 (full 2):
 par new generation   total 109248K, used 109248K [0x00000007a0000000, 0x00000007a8000000, 0x00000007a8000000)
  eden space 87424K, 100% used [0x00000007a0000000, 0x00000007a5560000, 0x00000007a5560000)
  from space 21824K, 100% used [0x00000007a6ab0000, 0x00000007a8000000, 0x00000007a8000000)
  to   space 21824K,   0% used [0x00000007a5560000, 0x00000007a5560000, 0x00000007a6ab0000)
 concurrent mark-sweep generation total 393216K, used 43214K [0x00000007a8000000, 0x00000007c0000000, 0x00000007c0000000)
 Metaspace       used 50520K, capacity 52411K, committed 52704K, reserved 1095680K
  class space    used 6200K, capacity 6613K, committed 6652K, reserved 1048576K
2019-03-20T16:35:35.817+0600: 1299.749: [GC (Allocation Failure) 2019-03-20T16:35:35.817+0600: 1299.749: [ParNew
Desired survivor size 20112992 bytes, new threshold 8 (max 8)
- age   1:     537496 bytes,     537496 total
- age   2:   12864232 bytes,   13401728 total
- age   3:    3111096 bytes,   16512824 total
- age   4:      80816 bytes,   16593640 total
- age   5:      84840 bytes,   16678480 total
- age   6:     181160 bytes,   16859640 total
- age   7:    1739000 bytes,   18598640 total
: 109248K->21824K(109248K), 0.0541762 secs] 152462K->69111K(502464K), 0.0543019 secs] [Times: user=0.07 sys=0.01, real=0.06 secs] 
Heap after GC invocations=26 (full 2):
 par new generation   total 109248K, used 21824K [0x00000007a0000000, 0x00000007a8000000, 0x00000007a8000000)
  eden space 87424K,   0% used [0x00000007a0000000, 0x00000007a0000000, 0x00000007a5560000)
  from space 21824K, 100% used [0x00000007a5560000, 0x00000007a6ab0000, 0x00000007a6ab0000)
  to   space 21824K,   0% used [0x00000007a6ab0000, 0x00000007a6ab0000, 0x00000007a8000000)
 concurrent mark-sweep generation total 393216K, used 47287K [0x00000007a8000000, 0x00000007c0000000, 0x00000007c0000000)
 Metaspace       used 50520K, capacity 52411K, committed 52704K, reserved 1095680K
  class space    used 6200K, capacity 6613K, committed 6652K, reserved 1048576K
}
2019-03-20T16:35:35.872+0600: 1299.803: Total time for which application threads were stopped: 0.0546400 seconds, Stopping threads took: 0.0000396 seconds
{Heap before GC invocations=26 (full 2):
 par new generation   total 109248K, used 109243K [0x00000007a0000000, 0x00000007a8000000, 0x00000007a8000000)
  eden space 87424K,  99% used [0x00000007a0000000, 0x00000007a555ef18, 0x00000007a5560000)
  from space 21824K, 100% used [0x00000007a5560000, 0x00000007a6ab0000, 0x00000007a6ab0000)
  to   space 21824K,   0% used [0x00000007a6ab0000, 0x00000007a6ab0000, 0x00000007a8000000)
 concurrent mark-sweep generation total 393216K, used 47287K [0x00000007a8000000, 0x00000007c0000000, 0x00000007c0000000)
 Metaspace       used 50546K, capacity 52435K, committed 52704K, reserved 1095680K
  class space    used 6202K, capacity 6617K, committed 6652K, reserved 1048576K
2019-03-20T16:35:35.959+0600: 1299.890: [GC (Allocation Failure) 2019-03-20T16:35:35.959+0600: 1299.890: [ParNew
Desired survivor size 20112992 bytes, new threshold 8 (max 8)
- age   1:     844680 bytes,     844680 total
- age   2:     328264 bytes,    1172944 total
- age   3:   12508480 bytes,   13681424 total
- age   4:    3109704 bytes,   16791128 total
- age   5:      80816 bytes,   16871944 total
- age   6:      84840 bytes,   16956784 total
- age   7:     181160 bytes,   17137944 total
- age   8:    1728000 bytes,   18865944 total
: 109243K->21824K(109248K), 0.0531098 secs] 156530K->69449K(502464K), 0.0532547 secs] [Times: user=0.08 sys=0.00, real=0.06 secs] 
Heap after GC invocations=27 (full 2):
 par new generation   total 109248K, used 21824K [0x00000007a0000000, 0x00000007a8000000, 0x00000007a8000000)
  eden space 87424K,   0% used [0x00000007a0000000, 0x00000007a0000000, 0x00000007a5560000)
  from space 21824K, 100% used [0x00000007a6ab0000, 0x00000007a8000000, 0x00000007a8000000)
  to   space 21824K,   0% used [0x00000007a5560000, 0x00000007a5560000, 0x00000007a6ab0000)
 concurrent mark-sweep generation total 393216K, used 47625K [0x00000007a8000000, 0x00000007c0000000, 0x00000007c0000000)
 Metaspace       used 50546K, capacity 52435K, committed 52704K, reserved 1095680K
  class space    used 6202K, capacity 6617K, committed 6652K, reserved 1048576K
}
2019-03-20T16:35:36.012+0600: 1299.944: Total time for which application threads were stopped: 0.0535793 seconds, Stopping threads took: 0.0000618 seconds
{Heap before GC invocations=27 (full 2):
 par new generation   total 109248K, used 109248K [0x00000007a0000000, 0x00000007a8000000, 0x00000007a8000000)
  eden space 87424K, 100% used [0x00000007a0000000, 0x00000007a5560000, 0x00000007a5560000)
  from space 21824K, 100% used [0x00000007a6ab0000, 0x00000007a8000000, 0x00000007a8000000)
  to   space 21824K,   0% used [0x00000007a5560000, 0x00000007a5560000, 0x00000007a6ab0000)
 concurrent mark-sweep generation total 393216K, used 47625K [0x00000007a8000000, 0x00000007c0000000, 0x00000007c0000000)
 Metaspace       used 50548K, capacity 52435K, committed 52704K, reserved 1095680K
  class space    used 6202K, capacity 6617K, committed 6652K, reserved 1048576K
2019-03-20T16:35:36.105+0600: 1300.036: [GC (Allocation Failure) 2019-03-20T16:35:36.105+0600: 1300.036: [ParNew
Desired survivor size 20112992 bytes, new threshold 8 (max 8)
- age   1:     737368 bytes,     737368 total
- age   2:     332320 bytes,    1069688 total
- age   3:     327504 bytes,    1397192 total
- age   4:   12508512 bytes,   13905704 total
- age   5:    3109704 bytes,   17015408 total
- age   6:      80816 bytes,   17096224 total
- age   7:      84840 bytes,   17181064 total
- age   8:     181160 bytes,   17362224 total
: 109248K->21824K(109248K), 0.0269314 secs] 156873K->71146K(502464K), 0.0270593 secs] [Times: user=0.07 sys=0.01, real=0.03 secs] 
Heap after GC invocations=28 (full 2):
 par new generation   total 109248K, used 21824K [0x00000007a0000000, 0x00000007a8000000, 0x00000007a8000000)
  eden space 87424K,   0% used [0x00000007a0000000, 0x00000007a0000000, 0x00000007a5560000)
  from space 21824K, 100% used [0x00000007a5560000, 0x00000007a6ab0000, 0x00000007a6ab0000)
  to   space 21824K,   0% used [0x00000007a6ab0000, 0x00000007a6ab0000, 0x00000007a8000000)
 concurrent mark-sweep generation total 393216K, used 49322K [0x00000007a8000000, 0x00000007c0000000, 0x00000007c0000000)
 Metaspace       used 50548K, capacity 52435K, committed 52704K, reserved 1095680K
  class space    used 6202K, capacity 6617K, committed 6652K, reserved 1048576K
}
2019-03-20T16:35:36.132+0600: 1300.064: Total time for which application threads were stopped: 0.0381720 seconds, Stopping threads took: 0.0108382 seconds
{Heap before GC invocations=28 (full 2):
 par new generation   total 109248K, used 109248K [0x00000007a0000000, 0x00000007a8000000, 0x00000007a8000000)
  eden space 87424K, 100% used [0x00000007a0000000, 0x00000007a5560000, 0x00000007a5560000)
  from space 21824K, 100% used [0x00000007a5560000, 0x00000007a6ab0000, 0x00000007a6ab0000)
  to   space 21824K,   0% used [0x00000007a6ab0000, 0x00000007a6ab0000, 0x00000007a8000000)
 concurrent mark-sweep generation total 393216K, used 49322K [0x00000007a8000000, 0x00000007c0000000, 0x00000007c0000000)
 Metaspace       used 50567K, capacity 52441K, committed 52704K, reserved 1095680K
  class space    used 6202K, capacity 6618K, committed 6652K, reserved 1048576K
2019-03-20T16:35:36.167+0600: 1300.098: [GC (Allocation Failure) 2019-03-20T16:35:36.167+0600: 1300.098: [ParNew
Desired survivor size 20112992 bytes, new threshold 8 (max 8)
- age   1:    1351528 bytes,    1351528 total
- age   2:      78096 bytes,    1429624 total
- age   3:     322032 bytes,    1751656 total
- age   4:     326184 bytes,    2077840 total
- age   5:   12348608 bytes,   14426448 total
- age   6:    3109704 bytes,   17536152 total
- age   7:      80816 bytes,   17616968 total
- age   8:      84840 bytes,   17701808 total
: 109248K->21824K(109248K), 0.0271650 secs] 158570K->71492K(502464K), 0.0273259 secs] [Times: user=0.06 sys=0.00, real=0.03 secs] 
Heap after GC invocations=29 (full 2):
 par new generation   total 109248K, used 21824K [0x00000007a0000000, 0x00000007a8000000, 0x00000007a8000000)
  eden space 87424K,   0% used [0x00000007a0000000, 0x00000007a0000000, 0x00000007a5560000)
  from space 21824K, 100% used [0x00000007a6ab0000, 0x00000007a8000000, 0x00000007a8000000)
  to   space 21824K,   0% used [0x00000007a5560000, 0x00000007a5560000, 0x00000007a6ab0000)
 concurrent mark-sweep generation total 393216K, used 49668K [0x00000007a8000000, 0x00000007c0000000, 0x00000007c0000000)
 Metaspace       used 50567K, capacity 52441K, committed 52704K, reserved 1095680K
  class space    used 6202K, capacity 6618K, committed 6652K, reserved 1048576K
}
2019-03-20T16:35:36.194+0600: 1300.125: Total time for which application threads were stopped: 0.0276486 seconds, Stopping threads took: 0.0000400 seconds
2019-03-20T16:35:36.214+0600: 1300.145: Total time for which application threads were stopped: 0.0002082 seconds, Stopping threads took: 0.0000703 seconds
2019-03-20T16:35:36.215+0600: 1300.147: Total time for which application threads were stopped: 0.0001282 seconds, Stopping threads took: 0.0000307 seconds
{Heap before GC invocations=29 (full 2):
 par new generation   total 109248K, used 109248K [0x00000007a0000000, 0x00000007a8000000, 0x00000007a8000000)
  eden space 87424K, 100% used [0x00000007a0000000, 0x00000007a5560000, 0x00000007a5560000)
  from space 21824K, 100% used [0x00000007a6ab0000, 0x00000007a8000000, 0x00000007a8000000)
  to   space 21824K,   0% used [0x00000007a5560000, 0x00000007a5560000, 0x00000007a6ab0000)
 concurrent mark-sweep generation total 393216K, used 49668K [0x00000007a8000000, 0x00000007c0000000, 0x00000007c0000000)
 Metaspace       used 50599K, capacity 52483K, committed 52704K, reserved 1095680K
  class space    used 6206K, capacity 6625K, committed 6652K, reserved 1048576K
2019-03-20T16:35:36.339+0600: 1300.270: [GC (Allocation Failure) 2019-03-20T16:35:36.339+0600: 1300.270: [ParNew
Desired survivor size 20112992 bytes, new threshold 8 (max 8)
- age   1:    1105320 bytes,    1105320 total
- age   2:     678176 bytes,    1783496 total
- age   3:      78096 bytes,    1861592 total
- age   4:     322032 bytes,    2183624 total
- age   5:     312528 bytes,    2496152 total
- age   6:   11103720 bytes,   13599872 total
- age   7:    3109704 bytes,   16709576 total
- age   8:      80816 bytes,   16790392 total
: 109248K->21824K(109248K), 0.0563179 secs] 158916K->71713K(502464K), 0.0564108 secs] [Times: user=0.10 sys=0.00, real=0.06 secs] 
Heap after GC invocations=30 (full 2):
 par new generation   total 109248K, used 21824K [0x00000007a0000000, 0x00000007a8000000, 0x00000007a8000000)
  eden space 87424K,   0% used [0x00000007a0000000, 0x00000007a0000000, 0x00000007a5560000)
  from space 21824K, 100% used [0x00000007a5560000, 0x00000007a6ab0000, 0x00000007a6ab0000)
  to   space 21824K,   0% used [0x00000007a6ab0000, 0x00000007a6ab0000, 0x00000007a8000000)
 concurrent mark-sweep generation total 393216K, used 49889K [0x00000007a8000000, 0x00000007c0000000, 0x00000007c0000000)
 Metaspace       used 50599K, capacity 52483K, committed 52704K, reserved 1095680K
  class space    used 6206K, capacity 6625K, committed 6652K, reserved 1048576K
}
2019-03-20T16:35:36.396+0600: 1300.327: Total time for which application threads were stopped: 0.0566674 seconds, Stopping threads took: 0.0000238 seconds
2019-03-20T16:35:36.405+0600: 1300.337: Total time for which application threads were stopped: 0.0001327 seconds, Stopping threads took: 0.0000228 seconds
2019-03-20T16:35:36.409+0600: 1300.340: Total time for which application threads were stopped: 0.0001567 seconds, Stopping threads took: 0.0000423 seconds
2019-03-20T16:35:36.409+0600: 1300.340: Total time for which application threads were stopped: 0.0001090 seconds, Stopping threads took: 0.0000267 seconds
2019-03-20T16:35:36.413+0600: 1300.344: Total time for which application threads were stopped: 0.0001420 seconds, Stopping threads took: 0.0000480 seconds
2019-03-20T16:35:37.418+0600: 1301.349: Total time for which application threads were stopped: 0.0002339 seconds, Stopping threads took: 0.0000425 seconds
2019-03-20T16:35:41.470+0600: 1305.401: Total time for which application threads were stopped: 0.0001755 seconds, Stopping threads took: 0.0000518 seconds
2019-03-20T16:35:41.482+0600: 1305.413: Total time for which application threads were stopped: 0.0001506 seconds, Stopping threads took: 0.0000269 seconds
2019-03-20T16:35:41.492+0600: 1305.423: Total time for which application threads were stopped: 0.0001565 seconds, Stopping threads took: 0.0000329 seconds
2019-03-20T16:35:41.492+0600: 1305.423: Total time for which application threads were stopped: 0.0001137 seconds, Stopping threads took: 0.0000142 seconds
2019-03-20T16:35:41.493+0600: 1305.424: Total time for which application threads were stopped: 0.0001139 seconds, Stopping threads took: 0.0000153 seconds
2019-03-20T16:35:41.493+0600: 1305.424: Total time for which application threads were stopped: 0.0001467 seconds, Stopping threads took: 0.0000130 seconds
2019-03-20T16:35:41.493+0600: 1305.425: Total time for which application threads were stopped: 0.0000974 seconds, Stopping threads took: 0.0000105 seconds
2019-03-20T16:35:41.555+0600: 1305.487: Total time for which application threads were stopped: 0.0002029 seconds, Stopping threads took: 0.0000590 seconds
2019-03-20T16:35:41.556+0600: 1305.488: Total time for which application threads were stopped: 0.0001442 seconds, Stopping threads took: 0.0000379 seconds
2019-03-20T16:35:41.556+0600: 1305.488: Total time for which application threads were stopped: 0.0001075 seconds, Stopping threads took: 0.0000257 seconds
2019-03-20T16:35:41.557+0600: 1305.488: Total time for which application threads were stopped: 0.0000897 seconds, Stopping threads took: 0.0000236 seconds
2019-03-20T16:35:41.557+0600: 1305.488: Total time for which application threads were stopped: 0.0000965 seconds, Stopping threads took: 0.0000249 seconds
2019-03-20T16:35:41.557+0600: 1305.488: Total time for which application threads were stopped: 0.0000908 seconds, Stopping threads took: 0.0000229 seconds
2019-03-20T16:35:41.557+0600: 1305.488: Total time for which application threads were stopped: 0.0000977 seconds, Stopping threads took: 0.0000271 seconds
2019-03-20T16:35:41.557+0600: 1305.488: Total time for which application threads were stopped: 0.0000946 seconds, Stopping threads took: 0.0000241 seconds
2019-03-20T16:35:41.557+0600: 1305.489: Total time for which application threads were stopped: 0.0000870 seconds, Stopping threads took: 0.0000218 seconds
2019-03-20T16:35:41.557+0600: 1305.489: Total time for which application threads were stopped: 0.0000943 seconds, Stopping threads took: 0.0000231 seconds
2019-03-20T16:35:41.558+0600: 1305.489: Total time for which application threads were stopped: 0.0000945 seconds, Stopping threads took: 0.0000269 seconds
2019-03-20T16:35:41.558+0600: 1305.489: Total time for which application threads were stopped: 0.0000901 seconds, Stopping threads took: 0.0000221 seconds
2019-03-20T16:35:41.558+0600: 1305.489: Total time for which application threads were stopped: 0.0001107 seconds, Stopping threads took: 0.0000229 seconds
2019-03-20T16:35:41.558+0600: 1305.489: Total time for which application threads were stopped: 0.0000947 seconds, Stopping threads took: 0.0000248 seconds
2019-03-20T16:35:41.558+0600: 1305.489: Total time for which application threads were stopped: 0.0000969 seconds, Stopping threads took: 0.0000263 seconds
2019-03-20T16:35:41.558+0600: 1305.490: Total time for which application threads were stopped: 0.0000908 seconds, Stopping threads took: 0.0000231 seconds
2019-03-20T16:35:41.558+0600: 1305.490: Total time for which application threads were stopped: 0.0000925 seconds, Stopping threads took: 0.0000256 seconds
2019-03-20T16:35:41.559+0600: 1305.490: Total time for which application threads were stopped: 0.0000878 seconds, Stopping threads took: 0.0000225 seconds
2019-03-20T16:35:41.559+0600: 1305.490: Total time for which application threads were stopped: 0.0000896 seconds, Stopping threads took: 0.0000241 seconds
2019-03-20T16:35:41.559+0600: 1305.490: Total time for which application threads were stopped: 0.0000853 seconds, Stopping threads took: 0.0000227 seconds
2019-03-20T16:35:41.559+0600: 1305.490: Total time for which application threads were stopped: 0.0002355 seconds, Stopping threads took: 0.0000252 seconds
2019-03-20T16:35:41.563+0600: 1305.494: Total time for which application threads were stopped: 0.0001703 seconds, Stopping threads took: 0.0000525 seconds
2019-03-20T16:35:41.574+0600: 1305.505: Total time for which application threads were stopped: 0.0001392 seconds, Stopping threads took: 0.0000221 seconds
2019-03-20T16:35:41.577+0600: 1305.508: Total time for which application threads were stopped: 0.0001237 seconds, Stopping threads took: 0.0000177 seconds
2019-03-20T16:35:42.580+0600: 1306.511: Total time for which application threads were stopped: 0.0002590 seconds, Stopping threads took: 0.0000423 seconds
2019-03-20T16:35:46.777+0600: 1310.709: Total time for which application threads were stopped: 0.0001750 seconds, Stopping threads took: 0.0000299 seconds
2019-03-20T16:35:47.787+0600: 1311.718: Total time for which application threads were stopped: 0.0002202 seconds, Stopping threads took: 0.0000388 seconds
2019-03-20T16:35:54.803+0600: 1318.734: Total time for which application threads were stopped: 0.0001614 seconds, Stopping threads took: 0.0000351 seconds
2019-03-20T16:37:54.070+0600: 1437.999: Total time for which application threads were stopped: 0.0001842 seconds, Stopping threads took: 0.0000340 seconds
2019-03-20T16:38:54.183+0600: 1498.110: Total time for which application threads were stopped: 0.0002381 seconds, Stopping threads took: 0.0000491 seconds
2019-03-20T16:39:54.333+0600: 1558.259: Total time for which application threads were stopped: 0.0002073 seconds, Stopping threads took: 0.0000519 seconds
2019-03-20T16:40:54.464+0600: 1618.388: Total time for which application threads were stopped: 0.0003120 seconds, Stopping threads took: 0.0000430 seconds
2019-03-20T16:41:54.624+0600: 1678.547: Total time for which application threads were stopped: 0.0003236 seconds, Stopping threads took: 0.0000667 seconds
2019-03-20T16:44:02.933+0600: 1806.854: Total time for which application threads were stopped: 0.0045272 seconds, Stopping threads took: 0.0027336 seconds
2019-03-20T16:44:55.062+0600: 1858.981: Total time for which application threads were stopped: 0.0002671 seconds, Stopping threads took: 0.0000417 seconds
2019-03-20T16:45:55.191+0600: 1919.109: Total time for which application threads were stopped: 0.0001414 seconds, Stopping threads took: 0.0000253 seconds
2019-03-20T16:46:55.352+0600: 1979.269: Total time for which application threads were stopped: 0.0002365 seconds, Stopping threads took: 0.0000544 seconds
2019-03-20T16:47:55.474+0600: 2039.390: Total time for which application threads were stopped: 0.0001420 seconds, Stopping threads took: 0.0000285 seconds
2019-03-20T16:48:54.596+0600: 2098.510: Total time for which application threads were stopped: 0.0001638 seconds, Stopping threads took: 0.0000382 seconds
2019-03-20T16:50:54.902+0600: 2218.814: Total time for which application threads were stopped: 0.0001753 seconds, Stopping threads took: 0.0000375 seconds
2019-03-20T16:51:53.015+0600: 2276.925: Total time for which application threads were stopped: 0.0002099 seconds, Stopping threads took: 0.0000417 seconds
2019-03-20T16:51:55.016+0600: 2278.926: Total time for which application threads were stopped: 0.0001676 seconds, Stopping threads took: 0.0000347 seconds
2019-03-20T16:52:55.143+0600: 2339.052: Total time for which application threads were stopped: 0.0001854 seconds, Stopping threads took: 0.0000577 seconds
2019-03-20T16:53:55.265+0600: 2399.173: Total time for which application threads were stopped: 0.0003439 seconds, Stopping threads took: 0.0000491 seconds
2019-03-20T16:54:13.518+0600: 2417.425: Total time for which application threads were stopped: 0.0002381 seconds, Stopping threads took: 0.0000241 seconds
2019-03-20T16:54:13.518+0600: 2417.425: Total time for which application threads were stopped: 0.0000684 seconds, Stopping threads took: 0.0000081 seconds
2019-03-20T16:54:13.534+0600: 2417.441: Total time for which application threads were stopped: 0.0001487 seconds, Stopping threads took: 0.0000196 seconds
2019-03-20T16:54:14.539+0600: 2418.446: Total time for which application threads were stopped: 0.0002423 seconds, Stopping threads took: 0.0000417 seconds
2019-03-20T16:54:15.540+0600: 2419.447: Total time for which application threads were stopped: 0.0003577 seconds, Stopping threads took: 0.0000960 seconds
2019-03-20T16:54:16.544+0600: 2420.451: Total time for which application threads were stopped: 0.0004707 seconds, Stopping threads took: 0.0000778 seconds
2019-03-20T16:54:55.628+0600: 2459.535: Total time for which application threads were stopped: 0.0002199 seconds, Stopping threads took: 0.0000409 seconds
2019-03-20T16:55:20.922+0600: 2484.828: Total time for which application threads were stopped: 0.0009175 seconds, Stopping threads took: 0.0006078 seconds
{Heap before GC invocations=30 (full 2):
 par new generation   total 109248K, used 109248K [0x00000007a0000000, 0x00000007a8000000, 0x00000007a8000000)
  eden space 87424K, 100% used [0x00000007a0000000, 0x00000007a5560000, 0x00000007a5560000)
  from space 21824K, 100% used [0x00000007a5560000, 0x00000007a6ab0000, 0x00000007a6ab0000)
  to   space 21824K,   0% used [0x00000007a6ab0000, 0x00000007a6ab0000, 0x00000007a8000000)
 concurrent mark-sweep generation total 393216K, used 49889K [0x00000007a8000000, 0x00000007c0000000, 0x00000007c0000000)
 Metaspace       used 50822K, capacity 52663K, committed 52704K, reserved 1095680K
  class space    used 6211K, capacity 6633K, committed 6652K, reserved 1048576K
2019-03-20T16:55:20.990+0600: 2484.896: [GC (Allocation Failure) 2019-03-20T16:55:20.990+0600: 2484.896: [ParNew
Desired survivor size 20112992 bytes, new threshold 8 (max 8)
- age   1:    4806376 bytes,    4806376 total
- age   2:    1020368 bytes,    5826744 total
- age   3:     646816 bytes,    6473560 total
- age   4:      78040 bytes,    6551600 total
- age   5:     315848 bytes,    6867448 total
- age   6:     312528 bytes,    7179976 total
- age   7:    8992248 bytes,   16172224 total
- age   8:    3093360 bytes,   19265584 total
: 109248K->21824K(109248K), 0.1749682 secs] 159137K->72090K(502464K), 0.1751616 secs] [Times: user=0.13 sys=0.16, real=0.17 secs] 
Heap after GC invocations=31 (full 2):
 par new generation   total 109248K, used 21824K [0x00000007a0000000, 0x00000007a8000000, 0x00000007a8000000)
  eden space 87424K,   0% used [0x00000007a0000000, 0x00000007a0000000, 0x00000007a5560000)
  from space 21824K, 100% used [0x00000007a6ab0000, 0x00000007a8000000, 0x00000007a8000000)
  to   space 21824K,   0% used [0x00000007a5560000, 0x00000007a5560000, 0x00000007a6ab0000)
 concurrent mark-sweep generation total 393216K, used 50266K [0x00000007a8000000, 0x00000007c0000000, 0x00000007c0000000)
 Metaspace       used 50822K, capacity 52663K, committed 52704K, reserved 1095680K
  class space    used 6211K, capacity 6633K, committed 6652K, reserved 1048576K
}
2019-03-20T16:55:21.165+0600: 2485.071: Total time for which application threads were stopped: 0.1754928 seconds, Stopping threads took: 0.0000246 seconds
{Heap before GC invocations=31 (full 2):
 par new generation   total 109248K, used 109248K [0x00000007a0000000, 0x00000007a8000000, 0x00000007a8000000)
  eden space 87424K, 100% used [0x00000007a0000000, 0x00000007a5560000, 0x00000007a5560000)
  from space 21824K, 100% used [0x00000007a6ab0000, 0x00000007a8000000, 0x00000007a8000000)
  to   space 21824K,   0% used [0x00000007a5560000, 0x00000007a5560000, 0x00000007a6ab0000)
 concurrent mark-sweep generation total 393216K, used 50266K [0x00000007a8000000, 0x00000007c0000000, 0x00000007c0000000)
 Metaspace       used 50826K, capacity 52727K, committed 52960K, reserved 1095680K
  class space    used 6211K, capacity 6633K, committed 6652K, reserved 1048576K
2019-03-20T16:55:21.222+0600: 2485.128: [GC (Allocation Failure) 2019-03-20T16:55:21.222+0600: 2485.128: [ParNew
Desired survivor size 20112992 bytes, new threshold 8 (max 8)
- age   1:    1728744 bytes,    1728744 total
- age   2:    3621536 bytes,    5350280 total
- age   3:    1019808 bytes,    6370088 total
- age   4:     646736 bytes,    7016824 total
- age   5:      78040 bytes,    7094864 total
- age   6:     312552 bytes,    7407416 total
- age   7:     311888 bytes,    7719304 total
- age   8:    8966528 bytes,   16685832 total
: 109248K->21824K(109248K), 0.0469215 secs] 159514K->75124K(502464K), 0.0470386 secs] [Times: user=0.09 sys=0.01, real=0.04 secs] 
Heap after GC invocations=32 (full 2):
 par new generation   total 109248K, used 21824K [0x00000007a0000000, 0x00000007a8000000, 0x00000007a8000000)
  eden space 87424K,   0% used [0x00000007a0000000, 0x00000007a0000000, 0x00000007a5560000)
  from space 21824K, 100% used [0x00000007a5560000, 0x00000007a6ab0000, 0x00000007a6ab0000)
  to   space 21824K,   0% used [0x00000007a6ab0000, 0x00000007a6ab0000, 0x00000007a8000000)
 concurrent mark-sweep generation total 393216K, used 53300K [0x00000007a8000000, 0x00000007c0000000, 0x00000007c0000000)
 Metaspace       used 50826K, capacity 52727K, committed 52960K, reserved 1095680K
  class space    used 6211K, capacity 6633K, committed 6652K, reserved 1048576K
}
2019-03-20T16:55:21.269+0600: 2485.175: Total time for which application threads were stopped: 0.0475023 seconds, Stopping threads took: 0.0000587 seconds
{Heap before GC invocations=32 (full 2):
 par new generation   total 109248K, used 109248K [0x00000007a0000000, 0x00000007a8000000, 0x00000007a8000000)
  eden space 87424K, 100% used [0x00000007a0000000, 0x00000007a5560000, 0x00000007a5560000)
  from space 21824K, 100% used [0x00000007a5560000, 0x00000007a6ab0000, 0x00000007a6ab0000)
  to   space 21824K,   0% used [0x00000007a6ab0000, 0x00000007a6ab0000, 0x00000007a8000000)
 concurrent mark-sweep generation total 393216K, used 53300K [0x00000007a8000000, 0x00000007c0000000, 0x00000007c0000000)
 Metaspace       used 50827K, capacity 52727K, committed 52960K, reserved 1095680K
  class space    used 6211K, capacity 6633K, committed 6652K, reserved 1048576K
2019-03-20T16:55:21.296+0600: 2485.201: [GC (Allocation Failure) 2019-03-20T16:55:21.296+0600: 2485.202: [ParNew
Desired survivor size 20112992 bytes, new threshold 8 (max 8)
- age   1:     997192 bytes,     997192 total
- age   2:     704920 bytes,    1702112 total
- age   3:    3621536 bytes,    5323648 total
- age   4:    1019808 bytes,    6343456 total
- age   5:     646736 bytes,    6990192 total
- age   6:      78040 bytes,    7068232 total
- age   7:     306112 bytes,    7374344 total
- age   8:     311888 bytes,    7686232 total
: 109248K->12834K(109248K), 0.0490849 secs] 162548K->75784K(502464K), 0.0492247 secs] [Times: user=0.09 sys=0.01, real=0.05 secs] 
Heap after GC invocations=33 (full 2):
 par new generation   total 109248K, used 12834K [0x00000007a0000000, 0x00000007a8000000, 0x00000007a8000000)
  eden space 87424K,   0% used [0x00000007a0000000, 0x00000007a0000000, 0x00000007a5560000)
  from space 21824K,  58% used [0x00000007a6ab0000, 0x00000007a7738b10, 0x00000007a8000000)
  to   space 21824K,   0% used [0x00000007a5560000, 0x00000007a5560000, 0x00000007a6ab0000)
 concurrent mark-sweep generation total 393216K, used 62949K [0x00000007a8000000, 0x00000007c0000000, 0x00000007c0000000)
 Metaspace       used 50827K, capacity 52727K, committed 52960K, reserved 1095680K
  class space    used 6211K, capacity 6633K, committed 6652K, reserved 1048576K
}
2019-03-20T16:55:21.345+0600: 2485.251: Total time for which application threads were stopped: 0.0495919 seconds, Stopping threads took: 0.0000894 seconds
{Heap before GC invocations=33 (full 2):
 par new generation   total 109248K, used 100258K [0x00000007a0000000, 0x00000007a8000000, 0x00000007a8000000)
  eden space 87424K, 100% used [0x00000007a0000000, 0x00000007a5560000, 0x00000007a5560000)
  from space 21824K,  58% used [0x00000007a6ab0000, 0x00000007a7738b10, 0x00000007a8000000)
  to   space 21824K,   0% used [0x00000007a5560000, 0x00000007a5560000, 0x00000007a6ab0000)
 concurrent mark-sweep generation total 393216K, used 62949K [0x00000007a8000000, 0x00000007c0000000, 0x00000007c0000000)
 Metaspace       used 50833K, capacity 52727K, committed 52960K, reserved 1095680K
  class space    used 6211K, capacity 6633K, committed 6652K, reserved 1048576K
2019-03-20T16:55:21.370+0600: 2485.276: [GC (Allocation Failure) 2019-03-20T16:55:21.370+0600: 2485.276: [ParNew
Desired survivor size 20112992 bytes, new threshold 8 (max 8)
- age   1:     809328 bytes,     809328 total
- age   2:     114872 bytes,     924200 total
- age   3:     704312 bytes,    1628512 total
- age   4:    3621536 bytes,    5250048 total
- age   5:    1019808 bytes,    6269856 total
- age   6:     646736 bytes,    6916592 total
- age   7:      78040 bytes,    6994632 total
- age   8:     306112 bytes,    7300744 total
: 100258K->8886K(109248K), 0.0327195 secs] 163208K->72143K(502464K), 0.0328480 secs] [Times: user=0.06 sys=0.00, real=0.03 secs] 
Heap after GC invocations=34 (full 2):
 par new generation   total 109248K, used 8886K [0x00000007a0000000, 0x00000007a8000000, 0x00000007a8000000)
  eden space 87424K,   0% used [0x00000007a0000000, 0x00000007a0000000, 0x00000007a5560000)
  from space 21824K,  40% used [0x00000007a5560000, 0x00000007a5e0dbc0, 0x00000007a6ab0000)
  to   space 21824K,   0% used [0x00000007a6ab0000, 0x00000007a6ab0000, 0x00000007a8000000)
 concurrent mark-sweep generation total 393216K, used 63256K [0x00000007a8000000, 0x00000007c0000000, 0x00000007c0000000)
 Metaspace       used 50833K, capacity 52727K, committed 52960K, reserved 1095680K
  class space    used 6211K, capacity 6633K, committed 6652K, reserved 1048576K
}
2019-03-20T16:55:21.403+0600: 2485.309: Total time for which application threads were stopped: 0.0331680 seconds, Stopping threads took: 0.0000268 seconds
{Heap before GC invocations=34 (full 2):
 par new generation   total 109248K, used 96310K [0x00000007a0000000, 0x00000007a8000000, 0x00000007a8000000)
  eden space 87424K, 100% used [0x00000007a0000000, 0x00000007a5560000, 0x00000007a5560000)
  from space 21824K,  40% used [0x00000007a5560000, 0x00000007a5e0dbc0, 0x00000007a6ab0000)
  to   space 21824K,   0% used [0x00000007a6ab0000, 0x00000007a6ab0000, 0x00000007a8000000)
 concurrent mark-sweep generation total 393216K, used 63256K [0x00000007a8000000, 0x00000007c0000000, 0x00000007c0000000)
 Metaspace       used 50836K, capacity 52727K, committed 52960K, reserved 1095680K
  class space    used 6211K, capacity 6633K, committed 6652K, reserved 1048576K
2019-03-20T16:55:21.446+0600: 2485.352: [GC (Allocation Failure) 2019-03-20T16:55:21.446+0600: 2485.352: [ParNew
Desired survivor size 20112992 bytes, new threshold 8 (max 8)
- age   1:     980432 bytes,     980432 total
- age   2:     706984 bytes,    1687416 total
- age   3:     114272 bytes,    1801688 total
- age   4:     703112 bytes,    2504800 total
- age   5:    3620328 bytes,    6125128 total
- age   6:    1019808 bytes,    7144936 total
- age   7:     646736 bytes,    7791672 total
- age   8:      78040 bytes,    7869712 total
: 96310K->12916K(109248K), 0.0145561 secs] 159567K->76476K(502464K), 0.0146718 secs] [Times: user=0.03 sys=0.00, real=0.02 secs] 
Heap after GC invocations=35 (full 2):
 par new generation   total 109248K, used 12916K [0x00000007a0000000, 0x00000007a8000000, 0x00000007a8000000)
  eden space 87424K,   0% used [0x00000007a0000000, 0x00000007a0000000, 0x00000007a5560000)
  from space 21824K,  59% used [0x00000007a6ab0000, 0x00000007a774d0c0, 0x00000007a8000000)
  to   space 21824K,   0% used [0x00000007a5560000, 0x00000007a5560000, 0x00000007a6ab0000)
 concurrent mark-sweep generation total 393216K, used 63559K [0x00000007a8000000, 0x00000007c0000000, 0x00000007c0000000)
 Metaspace       used 50836K, capacity 52727K, committed 52960K, reserved 1095680K
  class space    used 6211K, capacity 6633K, committed 6652K, reserved 1048576K
}
2019-03-20T16:55:21.461+0600: 2485.367: Total time for which application threads were stopped: 0.0155997 seconds, Stopping threads took: 0.0005949 seconds
2019-03-20T16:55:21.470+0600: 2485.376: Total time for which application threads were stopped: 0.0001552 seconds, Stopping threads took: 0.0000463 seconds
2019-03-20T16:55:21.624+0600: 2485.529: Total time for which application threads were stopped: 0.0001673 seconds, Stopping threads took: 0.0000261 seconds
2019-03-20T16:55:21.627+0600: 2485.533: Total time for which application threads were stopped: 0.0001899 seconds, Stopping threads took: 0.0000455 seconds
2019-03-20T16:55:21.627+0600: 2485.533: Total time for which application threads were stopped: 0.0000982 seconds, Stopping threads took: 0.0000130 seconds
2019-03-20T16:55:21.630+0600: 2485.536: Total time for which application threads were stopped: 0.0001178 seconds, Stopping threads took: 0.0000190 seconds
{Heap before GC invocations=35 (full 2):
 par new generation   total 109248K, used 100340K [0x00000007a0000000, 0x00000007a8000000, 0x00000007a8000000)
  eden space 87424K, 100% used [0x00000007a0000000, 0x00000007a5560000, 0x00000007a5560000)
  from space 21824K,  59% used [0x00000007a6ab0000, 0x00000007a774d0c0, 0x00000007a8000000)
  to   space 21824K,   0% used [0x00000007a5560000, 0x00000007a5560000, 0x00000007a6ab0000)
 concurrent mark-sweep generation total 393216K, used 63559K [0x00000007a8000000, 0x00000007c0000000, 0x00000007c0000000)
 Metaspace       used 50868K, capacity 52745K, committed 52960K, reserved 1095680K
  class space    used 6213K, capacity 6636K, committed 6652K, reserved 1048576K
2019-03-20T16:55:21.676+0600: 2485.582: [GC (Allocation Failure) 2019-03-20T16:55:21.676+0600: 2485.582: [ParNew
Desired survivor size 20112992 bytes, new threshold 8 (max 8)
- age   1:    2352192 bytes,    2352192 total
- age   2:     833184 bytes,    3185376 total
- age   3:     125912 bytes,    3311288 total
- age   4:     113568 bytes,    3424856 total
- age   5:     701000 bytes,    4125856 total
- age   6:    2487480 bytes,    6613336 total
- age   7:    1019808 bytes,    7633144 total
- age   8:     712304 bytes,    8345448 total
: 100340K->9723K(109248K), 0.0149934 secs] 163900K->73361K(502464K), 0.0150773 secs] [Times: user=0.04 sys=0.00, real=0.02 secs] 
Heap after GC invocations=36 (full 2):
 par new generation   total 109248K, used 9723K [0x00000007a0000000, 0x00000007a8000000, 0x00000007a8000000)
  eden space 87424K,   0% used [0x00000007a0000000, 0x00000007a0000000, 0x00000007a5560000)
  from space 21824K,  44% used [0x00000007a5560000, 0x00000007a5ededf0, 0x00000007a6ab0000)
  to   space 21824K,   0% used [0x00000007a6ab0000, 0x00000007a6ab0000, 0x00000007a8000000)
 concurrent mark-sweep generation total 393216K, used 63638K [0x00000007a8000000, 0x00000007c0000000, 0x00000007c0000000)
 Metaspace       used 50868K, capacity 52745K, committed 52960K, reserved 1095680K
  class space    used 6213K, capacity 6636K, committed 6652K, reserved 1048576K
}
2019-03-20T16:55:21.691+0600: 2485.597: Total time for which application threads were stopped: 0.0153294 seconds, Stopping threads took: 0.0000235 seconds
2019-03-20T16:55:22.692+0600: 2486.598: Total time for which application threads were stopped: 0.0002847 seconds, Stopping threads took: 0.0000317 seconds
2019-03-20T16:55:26.727+0600: 2490.633: Total time for which application threads were stopped: 0.0001657 seconds, Stopping threads took: 0.0000279 seconds
2019-03-20T16:55:26.729+0600: 2490.635: Total time for which application threads were stopped: 0.0003006 seconds, Stopping threads took: 0.0001753 seconds
2019-03-20T16:55:26.729+0600: 2490.635: Total time for which application threads were stopped: 0.0001305 seconds, Stopping threads took: 0.0000300 seconds
2019-03-20T16:55:26.730+0600: 2490.636: Total time for which application threads were stopped: 0.0001945 seconds, Stopping threads took: 0.0000222 seconds
2019-03-20T16:55:26.731+0600: 2490.637: Total time for which application threads were stopped: 0.0004391 seconds, Stopping threads took: 0.0000655 seconds
2019-03-20T16:55:26.732+0600: 2490.638: Total time for which application threads were stopped: 0.0002793 seconds, Stopping threads took: 0.0000732 seconds
2019-03-20T16:55:26.734+0600: 2490.640: Total time for which application threads were stopped: 0.0006320 seconds, Stopping threads took: 0.0000662 seconds
2019-03-20T16:55:26.757+0600: 2490.663: Total time for which application threads were stopped: 0.0002008 seconds, Stopping threads took: 0.0000397 seconds
2019-03-20T16:55:26.758+0600: 2490.664: Total time for which application threads were stopped: 0.0001839 seconds, Stopping threads took: 0.0000303 seconds
2019-03-20T16:55:26.783+0600: 2490.689: Total time for which application threads were stopped: 0.0003994 seconds, Stopping threads took: 0.0000348 seconds
2019-03-20T16:55:27.784+0600: 2491.690: Total time for which application threads were stopped: 0.0006277 seconds, Stopping threads took: 0.0001021 seconds
2019-03-20T16:55:31.961+0600: 2495.867: Total time for which application threads were stopped: 0.0006800 seconds, Stopping threads took: 0.0000366 seconds
2019-03-20T16:55:32.966+0600: 2496.871: Total time for which application threads were stopped: 0.0001935 seconds, Stopping threads took: 0.0000416 seconds
2019-03-20T16:56:16.047+0600: 2539.952: Total time for which application threads were stopped: 0.0002867 seconds, Stopping threads took: 0.0000380 seconds
2019-03-20T16:56:23.992+0600: 2547.897: Total time for which application threads were stopped: 0.0028011 seconds, Stopping threads took: 0.0023937 seconds
{Heap before GC invocations=36 (full 2):
 par new generation   total 109248K, used 97147K [0x00000007a0000000, 0x00000007a8000000, 0x00000007a8000000)
  eden space 87424K, 100% used [0x00000007a0000000, 0x00000007a5560000, 0x00000007a5560000)
  from space 21824K,  44% used [0x00000007a5560000, 0x00000007a5ededf0, 0x00000007a6ab0000)
  to   space 21824K,   0% used [0x00000007a6ab0000, 0x00000007a6ab0000, 0x00000007a8000000)
 concurrent mark-sweep generation total 393216K, used 63638K [0x00000007a8000000, 0x00000007c0000000, 0x00000007c0000000)
 Metaspace       used 50892K, capacity 52819K, committed 52960K, reserved 1095680K
  class space    used 6213K, capacity 6637K, committed 6652K, reserved 1048576K
2019-03-20T16:56:23.998+0600: 2547.903: [GC (Allocation Failure) 2019-03-20T16:56:23.999+0600: 2547.903: [ParNew
Desired survivor size 20112992 bytes, new threshold 8 (max 8)
- age   1:    2120920 bytes,    2120920 total
- age   2:    1927960 bytes,    4048880 total
- age   3:     832496 bytes,    4881376 total
- age   4:     125736 bytes,    5007112 total
- age   5:     113568 bytes,    5120680 total
- age   6:     675808 bytes,    5796488 total
- age   7:    2420088 bytes,    8216576 total
- age   8:    1019808 bytes,    9236384 total
: 97147K->12159K(109248K), 0.0155677 secs] 160785K->76433K(502464K), 0.0160307 secs] [Times: user=0.04 sys=0.00, real=0.02 secs] 
Heap after GC invocations=37 (full 2):
 par new generation   total 109248K, used 12159K [0x00000007a0000000, 0x00000007a8000000, 0x00000007a8000000)
  eden space 87424K,   0% used [0x00000007a0000000, 0x00000007a0000000, 0x00000007a5560000)
  from space 21824K,  55% used [0x00000007a6ab0000, 0x00000007a768fe68, 0x00000007a8000000)
  to   space 21824K,   0% used [0x00000007a5560000, 0x00000007a5560000, 0x00000007a6ab0000)
 concurrent mark-sweep generation total 393216K, used 64273K [0x00000007a8000000, 0x00000007c0000000, 0x00000007c0000000)
 Metaspace       used 50892K, capacity 52819K, committed 52960K, reserved 1095680K
  class space    used 6213K, capacity 6637K, committed 6652K, reserved 1048576K
}
2019-03-20T16:56:24.015+0600: 2547.919: Total time for which application threads were stopped: 0.0162979 seconds, Stopping threads took: 0.0000515 seconds
{Heap before GC invocations=37 (full 2):
 par new generation   total 109248K, used 99583K [0x00000007a0000000, 0x00000007a8000000, 0x00000007a8000000)
  eden space 87424K, 100% used [0x00000007a0000000, 0x00000007a5560000, 0x00000007a5560000)
  from space 21824K,  55% used [0x00000007a6ab0000, 0x00000007a768fe68, 0x00000007a8000000)
  to   space 21824K,   0% used [0x00000007a5560000, 0x00000007a5560000, 0x00000007a6ab0000)
 concurrent mark-sweep generation total 393216K, used 64273K [0x00000007a8000000, 0x00000007c0000000, 0x00000007c0000000)
 Metaspace       used 50892K, capacity 52819K, committed 52960K, reserved 1095680K
  class space    used 6213K, capacity 6637K, committed 6652K, reserved 1048576K
2019-03-20T16:56:24.050+0600: 2547.955: [GC (Allocation Failure) 2019-03-20T16:56:24.050+0600: 2547.955: [ParNew
Desired survivor size 20112992 bytes, new threshold 8 (max 8)
- age   1:     475264 bytes,     475264 total
- age   2:    1620944 bytes,    2096208 total
- age   3:    1927960 bytes,    4024168 total
- age   4:     832496 bytes,    4856664 total
- age   5:     125736 bytes,    4982400 total
- age   6:     113568 bytes,    5095968 total
- age   7:     675808 bytes,    5771776 total
- age   8:    2419952 bytes,    8191728 total
: 99583K->11519K(109248K), 0.0462120 secs] 163857K->76792K(502464K), 0.0463528 secs] [Times: user=0.04 sys=0.00, real=0.04 secs] 
Heap after GC invocations=38 (full 2):
 par new generation   total 109248K, used 11519K [0x00000007a0000000, 0x00000007a8000000, 0x00000007a8000000)
  eden space 87424K,   0% used [0x00000007a0000000, 0x00000007a0000000, 0x00000007a5560000)
  from space 21824K,  52% used [0x00000007a5560000, 0x00000007a609fc10, 0x00000007a6ab0000)
  to   space 21824K,   0% used [0x00000007a6ab0000, 0x00000007a6ab0000, 0x00000007a8000000)
 concurrent mark-sweep generation total 393216K, used 65273K [0x00000007a8000000, 0x00000007c0000000, 0x00000007c0000000)
 Metaspace       used 50892K, capacity 52819K, committed 52960K, reserved 1095680K
  class space    used 6213K, capacity 6637K, committed 6652K, reserved 1048576K
}
2019-03-20T16:56:24.097+0600: 2548.001: Total time for which application threads were stopped: 0.0466399 seconds, Stopping threads took: 0.0000470 seconds
{Heap before GC invocations=38 (full 2):
 par new generation   total 109248K, used 98943K [0x00000007a0000000, 0x00000007a8000000, 0x00000007a8000000)
  eden space 87424K, 100% used [0x00000007a0000000, 0x00000007a5560000, 0x00000007a5560000)
  from space 21824K,  52% used [0x00000007a5560000, 0x00000007a609fc10, 0x00000007a6ab0000)
  to   space 21824K,   0% used [0x00000007a6ab0000, 0x00000007a6ab0000, 0x00000007a8000000)
 concurrent mark-sweep generation total 393216K, used 65273K [0x00000007a8000000, 0x00000007c0000000, 0x00000007c0000000)
 Metaspace       used 50893K, capacity 52819K, committed 52960K, reserved 1095680K
  class space    used 6213K, capacity 6637K, committed 6652K, reserved 1048576K
2019-03-20T16:56:24.142+0600: 2548.046: [GC (Allocation Failure) 2019-03-20T16:56:24.142+0600: 2548.046: [ParNew
Desired survivor size 20112992 bytes, new threshold 8 (max 8)
- age   1:     660536 bytes,     660536 total
- age   2:      98704 bytes,     759240 total
- age   3:    1620624 bytes,    2379864 total
- age   4:    1927960 bytes,    4307824 total
- age   5:     832496 bytes,    5140320 total
- age   6:     125736 bytes,    5266056 total
- age   7:     113568 bytes,    5379624 total
- age   8:     675808 bytes,    6055432 total
: 98943K->8559K(109248K), 0.0875244 secs] 164216K->76195K(502464K), 0.0876465 secs] [Times: user=0.05 sys=0.01, real=0.08 secs] 
Heap after GC invocations=39 (full 2):
 par new generation   total 109248K, used 8559K [0x00000007a0000000, 0x00000007a8000000, 0x00000007a8000000)
  eden space 87424K,   0% used [0x00000007a0000000, 0x00000007a0000000, 0x00000007a5560000)
  from space 21824K,  39% used [0x00000007a6ab0000, 0x00000007a730be40, 0x00000007a8000000)
  to   space 21824K,   0% used [0x00000007a5560000, 0x00000007a5560000, 0x00000007a6ab0000)
 concurrent mark-sweep generation total 393216K, used 67636K [0x00000007a8000000, 0x00000007c0000000, 0x00000007c0000000)
 Metaspace       used 50893K, capacity 52819K, committed 52960K, reserved 1095680K
  class space    used 6213K, capacity 6637K, committed 6652K, reserved 1048576K
}
2019-03-20T16:56:24.229+0600: 2548.134: Total time for which application threads were stopped: 0.0879698 seconds, Stopping threads took: 0.0000613 seconds
2019-03-20T16:56:24.230+0600: 2548.135: Total time for which application threads were stopped: 0.0004292 seconds, Stopping threads took: 0.0002712 seconds
2019-03-20T16:56:24.230+0600: 2548.135: Total time for which application threads were stopped: 0.0001575 seconds, Stopping threads took: 0.0000645 seconds
2019-03-20T16:56:24.351+0600: 2548.255: Total time for which application threads were stopped: 0.0002792 seconds, Stopping threads took: 0.0000594 seconds
2019-03-20T16:56:24.455+0600: 2548.360: Total time for which application threads were stopped: 0.0002254 seconds, Stopping threads took: 0.0000222 seconds
2019-03-20T16:56:24.457+0600: 2548.361: Total time for which application threads were stopped: 0.0001411 seconds, Stopping threads took: 0.0000293 seconds
2019-03-20T16:56:24.461+0600: 2548.365: Total time for which application threads were stopped: 0.0006009 seconds, Stopping threads took: 0.0004234 seconds
2019-03-20T16:56:24.468+0600: 2548.373: Total time for which application threads were stopped: 0.0002774 seconds, Stopping threads took: 0.0000984 seconds
2019-03-20T16:56:24.468+0600: 2548.373: Total time for which application threads were stopped: 0.0001753 seconds, Stopping threads took: 0.0000644 seconds
2019-03-20T16:56:24.469+0600: 2548.373: Total time for which application threads were stopped: 0.0001073 seconds, Stopping threads took: 0.0000107 seconds
2019-03-20T16:56:24.470+0600: 2548.374: Total time for which application threads were stopped: 0.0001921 seconds, Stopping threads took: 0.0000503 seconds
2019-03-20T16:56:24.471+0600: 2548.376: Total time for which application threads were stopped: 0.0002384 seconds, Stopping threads took: 0.0000568 seconds
{Heap before GC invocations=39 (full 2):
 par new generation   total 109248K, used 95983K [0x00000007a0000000, 0x00000007a8000000, 0x00000007a8000000)
  eden space 87424K, 100% used [0x00000007a0000000, 0x00000007a5560000, 0x00000007a5560000)
  from space 21824K,  39% used [0x00000007a6ab0000, 0x00000007a730be40, 0x00000007a8000000)
  to   space 21824K,   0% used [0x00000007a5560000, 0x00000007a5560000, 0x00000007a6ab0000)
 concurrent mark-sweep generation total 393216K, used 67636K [0x00000007a8000000, 0x00000007c0000000, 0x00000007c0000000)
 Metaspace       used 51044K, capacity 53079K, committed 53344K, reserved 1095680K
  class space    used 6234K, capacity 6665K, committed 6780K, reserved 1048576K
2019-03-20T16:56:24.515+0600: 2548.420: [GC (Allocation Failure) 2019-03-20T16:56:24.515+0600: 2548.420: [ParNew
Desired survivor size 20112992 bytes, new threshold 8 (max 8)
- age   1:    4220784 bytes,    4220784 total
- age   2:      93920 bytes,    4314704 total
- age   3:      97648 bytes,    4412352 total
- age   4:     475440 bytes,    4887792 total
- age   5:    1343384 bytes,    6231176 total
- age   6:     469264 bytes,    6700440 total
- age   7:     125736 bytes,    6826176 total
- age   8:     113568 bytes,    6939744 total
: 95983K->8218K(109248K), 0.0880373 secs] 163619K->76518K(502464K), 0.0881469 secs] [Times: user=0.08 sys=0.01, real=0.09 secs] 
Heap after GC invocations=40 (full 2):
 par new generation   total 109248K, used 8218K [0x00000007a0000000, 0x00000007a8000000, 0x00000007a8000000)
  eden space 87424K,   0% used [0x00000007a0000000, 0x00000007a0000000, 0x00000007a5560000)
  from space 21824K,  37% used [0x00000007a5560000, 0x00000007a5d66b00, 0x00000007a6ab0000)
  to   space 21824K,   0% used [0x00000007a6ab0000, 0x00000007a6ab0000, 0x00000007a8000000)
 concurrent mark-sweep generation total 393216K, used 68299K [0x00000007a8000000, 0x00000007c0000000, 0x00000007c0000000)
 Metaspace       used 51044K, capacity 53079K, committed 53344K, reserved 1095680K
  class space    used 6234K, capacity 6665K, committed 6780K, reserved 1048576K
}
2019-03-20T16:56:24.603+0600: 2548.508: Total time for which application threads were stopped: 0.0997058 seconds, Stopping threads took: 0.0112286 seconds
2019-03-20T16:56:24.615+0600: 2548.519: Total time for which application threads were stopped: 0.0002892 seconds, Stopping threads took: 0.0000564 seconds
2019-03-20T16:56:24.615+0600: 2548.520: Total time for which application threads were stopped: 0.0001786 seconds, Stopping threads took: 0.0000724 seconds
2019-03-20T16:56:24.616+0600: 2548.520: Total time for which application threads were stopped: 0.0001448 seconds, Stopping threads took: 0.0000424 seconds
2019-03-20T16:56:24.619+0600: 2548.524: Total time for which application threads were stopped: 0.0002101 seconds, Stopping threads took: 0.0000670 seconds
2019-03-20T16:56:25.055+0600: 2548.960: Total time for which application threads were stopped: 0.0134666 seconds, Stopping threads took: 0.0131186 seconds
2019-03-20T16:56:25.443+0600: 2549.348: Total time for which application threads were stopped: 0.0110008 seconds, Stopping threads took: 0.0108316 seconds
2019-03-20T16:56:25.445+0600: 2549.349: Total time for which application threads were stopped: 0.0003431 seconds, Stopping threads took: 0.0000663 seconds
2019-03-20T16:56:25.445+0600: 2549.350: Total time for which application threads were stopped: 0.0001338 seconds, Stopping threads took: 0.0000366 seconds
2019-03-20T16:56:25.497+0600: 2549.402: Total time for which application threads were stopped: 0.0109874 seconds, Stopping threads took: 0.0108346 seconds
2019-03-20T16:56:25.497+0600: 2549.402: Total time for which application threads were stopped: 0.0001328 seconds, Stopping threads took: 0.0000394 seconds
2019-03-20T16:56:25.498+0600: 2549.402: Total time for which application threads were stopped: 0.0001675 seconds, Stopping threads took: 0.0000618 seconds
2019-03-20T16:56:25.498+0600: 2549.402: Total time for which application threads were stopped: 0.0000999 seconds, Stopping threads took: 0.0000227 seconds
2019-03-20T16:56:25.499+0600: 2549.404: Total time for which application threads were stopped: 0.0001685 seconds, Stopping threads took: 0.0000433 seconds
2019-03-20T16:56:25.503+0600: 2549.407: Total time for which application threads were stopped: 0.0002020 seconds, Stopping threads took: 0.0000552 seconds
2019-03-20T16:56:25.503+0600: 2549.408: Total time for which application threads were stopped: 0.0001440 seconds, Stopping threads took: 0.0000305 seconds
2019-03-20T16:56:25.512+0600: 2549.416: Total time for which application threads were stopped: 0.0002334 seconds, Stopping threads took: 0.0000673 seconds
2019-03-20T16:56:25.512+0600: 2549.417: Total time for which application threads were stopped: 0.0001561 seconds, Stopping threads took: 0.0000506 seconds
2019-03-20T16:56:25.636+0600: 2549.541: Total time for which application threads were stopped: 0.0107659 seconds, Stopping threads took: 0.0105923 seconds
2019-03-20T16:56:25.646+0600: 2549.550: Total time for which application threads were stopped: 0.0001545 seconds, Stopping threads took: 0.0000419 seconds
2019-03-20T16:56:25.694+0600: 2549.599: Total time for which application threads were stopped: 0.0341854 seconds, Stopping threads took: 0.0339959 seconds
2019-03-20T16:56:25.699+0600: 2549.604: Total time for which application threads were stopped: 0.0001825 seconds, Stopping threads took: 0.0000486 seconds
2019-03-20T16:56:25.781+0600: 2549.685: Total time for which application threads were stopped: 0.0211150 seconds, Stopping threads took: 0.0208707 seconds
2019-03-20T16:56:25.805+0600: 2549.709: Total time for which application threads were stopped: 0.0237316 seconds, Stopping threads took: 0.0235795 seconds
2019-03-20T16:56:25.806+0600: 2549.711: Total time for which application threads were stopped: 0.0002067 seconds, Stopping threads took: 0.0000362 seconds
2019-03-20T16:56:25.807+0600: 2549.712: Total time for which application threads were stopped: 0.0001820 seconds, Stopping threads took: 0.0000692 seconds
2019-03-20T16:56:25.807+0600: 2549.712: Total time for which application threads were stopped: 0.0001237 seconds, Stopping threads took: 0.0000267 seconds
2019-03-20T16:56:25.892+0600: 2549.796: Total time for which application threads were stopped: 0.0309725 seconds, Stopping threads took: 0.0308284 seconds
2019-03-20T16:56:25.952+0600: 2549.857: Total time for which application threads were stopped: 0.0267043 seconds, Stopping threads took: 0.0265583 seconds
2019-03-20T16:56:25.953+0600: 2549.857: Total time for which application threads were stopped: 0.0000966 seconds, Stopping threads took: 0.0000136 seconds
2019-03-20T16:56:25.953+0600: 2549.857: Total time for which application threads were stopped: 0.0000948 seconds, Stopping threads took: 0.0000122 seconds
2019-03-20T16:56:25.953+0600: 2549.857: Total time for which application threads were stopped: 0.0000819 seconds, Stopping threads took: 0.0000097 seconds
2019-03-20T16:56:25.953+0600: 2549.858: Total time for which application threads were stopped: 0.0001003 seconds, Stopping threads took: 0.0000114 seconds
2019-03-20T16:56:25.957+0600: 2549.862: Total time for which application threads were stopped: 0.0001437 seconds, Stopping threads took: 0.0000210 seconds
2019-03-20T16:56:25.958+0600: 2549.862: Total time for which application threads were stopped: 0.0001249 seconds, Stopping threads took: 0.0000150 seconds
2019-03-20T16:56:26.075+0600: 2549.979: Total time for which application threads were stopped: 0.0322306 seconds, Stopping threads took: 0.0320587 seconds
2019-03-20T16:56:26.086+0600: 2549.991: Total time for which application threads were stopped: 0.0110358 seconds, Stopping threads took: 0.0109096 seconds
2019-03-20T16:56:26.100+0600: 2550.004: Total time for which application threads were stopped: 0.0002160 seconds, Stopping threads took: 0.0000813 seconds
2019-03-20T16:56:26.100+0600: 2550.005: Total time for which application threads were stopped: 0.0001258 seconds, Stopping threads took: 0.0000226 seconds
2019-03-20T16:56:26.184+0600: 2550.088: Total time for which application threads were stopped: 0.0110551 seconds, Stopping threads took: 0.0108741 seconds
2019-03-20T16:56:26.184+0600: 2550.089: Total time for which application threads were stopped: 0.0001317 seconds, Stopping threads took: 0.0000299 seconds
2019-03-20T16:56:26.184+0600: 2550.089: Total time for which application threads were stopped: 0.0001399 seconds, Stopping threads took: 0.0000362 seconds
2019-03-20T16:56:40.122+0600: 2564.026: Total time for which application threads were stopped: 0.0001936 seconds, Stopping threads took: 0.0000447 seconds
2019-03-20T16:56:40.122+0600: 2564.027: Total time for which application threads were stopped: 0.0001574 seconds, Stopping threads took: 0.0000136 seconds
2019-03-20T16:56:40.124+0600: 2564.028: Total time for which application threads were stopped: 0.0002450 seconds, Stopping threads took: 0.0000399 seconds
2019-03-20T16:56:40.127+0600: 2564.031: Total time for which application threads were stopped: 0.0001645 seconds, Stopping threads took: 0.0000256 seconds
2019-03-20T16:56:40.137+0600: 2564.041: Total time for which application threads were stopped: 0.0004587 seconds, Stopping threads took: 0.0000267 seconds
2019-03-20T16:56:41.137+0600: 2565.041: Total time for which application threads were stopped: 0.0002767 seconds, Stopping threads took: 0.0000415 seconds
2019-03-20T16:56:55.162+0600: 2579.066: Total time for which application threads were stopped: 0.0002235 seconds, Stopping threads took: 0.0000454 seconds
2019-03-20T16:57:19.621+0600: 2603.524: Total time for which application threads were stopped: 0.0001855 seconds, Stopping threads took: 0.0000268 seconds
2019-03-20T16:57:19.627+0600: 2603.530: Total time for which application threads were stopped: 0.0001891 seconds, Stopping threads took: 0.0000420 seconds
2019-03-20T16:57:20.630+0600: 2604.534: Total time for which application threads were stopped: 0.0001610 seconds, Stopping threads took: 0.0000271 seconds
2019-03-20T16:57:55.737+0600: 2639.639: Total time for which application threads were stopped: 0.0002856 seconds, Stopping threads took: 0.0000526 seconds
2019-03-20T16:58:26.803+0600: 2670.705: Total time for which application threads were stopped: 0.0002458 seconds, Stopping threads took: 0.0000491 seconds
2019-03-20T16:58:55.861+0600: 2699.763: Total time for which application threads were stopped: 0.0007999 seconds, Stopping threads took: 0.0000483 seconds
2019-03-20T16:59:55.924+0600: 2759.823: Total time for which application threads were stopped: 0.0003902 seconds, Stopping threads took: 0.0001487 seconds
2019-03-20T17:02:56.253+0600: 2940.161: Total time for which application threads were stopped: 0.0003016 seconds, Stopping threads took: 0.0000529 seconds
2019-03-20T17:03:55.370+0600: 2999.276: Total time for which application threads were stopped: 0.0003585 seconds, Stopping threads took: 0.0000685 seconds
2019-03-20T17:05:50.761+0600: 3114.666: Total time for which application threads were stopped: 0.0002998 seconds, Stopping threads took: 0.0000423 seconds
2019-03-20T17:05:50.761+0600: 3114.666: Total time for which application threads were stopped: 0.0001404 seconds, Stopping threads took: 0.0000124 seconds
2019-03-20T17:05:50.778+0600: 3114.683: Total time for which application threads were stopped: 0.0005993 seconds, Stopping threads took: 0.0002425 seconds
2019-03-20T17:05:50.785+0600: 3114.690: Total time for which application threads were stopped: 0.0002328 seconds, Stopping threads took: 0.0000228 seconds
{Heap before GC invocations=40 (full 2):
 par new generation   total 109248K, used 95642K [0x00000007a0000000, 0x00000007a8000000, 0x00000007a8000000)
  eden space 87424K, 100% used [0x00000007a0000000, 0x00000007a5560000, 0x00000007a5560000)
  from space 21824K,  37% used [0x00000007a5560000, 0x00000007a5d66b00, 0x00000007a6ab0000)
  to   space 21824K,   0% used [0x00000007a6ab0000, 0x00000007a6ab0000, 0x00000007a8000000)
 concurrent mark-sweep generation total 393216K, used 68299K [0x00000007a8000000, 0x00000007c0000000, 0x00000007c0000000)
 Metaspace       used 51483K, capacity 53481K, committed 53600K, reserved 1095680K
  class space    used 6245K, capacity 6670K, committed 6780K, reserved 1048576K
2019-03-20T17:05:50.864+0600: 3114.769: [GC (Allocation Failure) 2019-03-20T17:05:50.865+0600: 3114.769: [ParNew
Desired survivor size 20112992 bytes, new threshold 8 (max 8)
- age   1:    2503128 bytes,    2503128 total
- age   2:    2866792 bytes,    5369920 total
- age   3:      87176 bytes,    5457096 total
- age   4:      97648 bytes,    5554744 total
- age   5:     366784 bytes,    5921528 total
- age   6:    1249952 bytes,    7171480 total
- age   7:     422936 bytes,    7594416 total
- age   8:      48728 bytes,    7643144 total
: 95642K->11809K(109248K), 0.0618992 secs] 163942K->80222K(502464K), 0.0624848 secs] [Times: user=0.04 sys=0.06, real=0.06 secs] 
Heap after GC invocations=41 (full 2):
 par new generation   total 109248K, used 11809K [0x00000007a0000000, 0x00000007a8000000, 0x00000007a8000000)
  eden space 87424K,   0% used [0x00000007a0000000, 0x00000007a0000000, 0x00000007a5560000)
  from space 21824K,  54% used [0x00000007a6ab0000, 0x00000007a76385c0, 0x00000007a8000000)
  to   space 21824K,   0% used [0x00000007a5560000, 0x00000007a5560000, 0x00000007a6ab0000)
 concurrent mark-sweep generation total 393216K, used 68412K [0x00000007a8000000, 0x00000007c0000000, 0x00000007c0000000)
 Metaspace       used 51483K, capacity 53481K, committed 53600K, reserved 1095680K
  class space    used 6245K, capacity 6670K, committed 6780K, reserved 1048576K
}
2019-03-20T17:05:50.927+0600: 3114.831: Total time for which application threads were stopped: 0.0735252 seconds, Stopping threads took: 0.0105728 seconds
2019-03-20T17:05:50.954+0600: 3114.859: Total time for which application threads were stopped: 0.0096881 seconds, Stopping threads took: 0.0094526 seconds
2019-03-20T17:05:50.955+0600: 3114.859: Total time for which application threads were stopped: 0.0002494 seconds, Stopping threads took: 0.0001090 seconds
2019-03-20T17:05:50.955+0600: 3114.859: Total time for which application threads were stopped: 0.0001603 seconds, Stopping threads took: 0.0000563 seconds
2019-03-20T17:05:50.959+0600: 3114.863: Total time for which application threads were stopped: 0.0002235 seconds, Stopping threads took: 0.0000894 seconds
2019-03-20T17:05:50.964+0600: 3114.869: Total time for which application threads were stopped: 0.0005758 seconds, Stopping threads took: 0.0003808 seconds
2019-03-20T17:05:51.175+0600: 3115.079: Total time for which application threads were stopped: 0.0368115 seconds, Stopping threads took: 0.0364798 seconds
2019-03-20T17:05:51.416+0600: 3115.321: Total time for which application threads were stopped: 0.0129757 seconds, Stopping threads took: 0.0126914 seconds
2019-03-20T17:05:51.505+0600: 3115.410: Total time for which application threads were stopped: 0.0110453 seconds, Stopping threads took: 0.0108872 seconds
2019-03-20T17:05:51.507+0600: 3115.411: Total time for which application threads were stopped: 0.0004248 seconds, Stopping threads took: 0.0002939 seconds
2019-03-20T17:05:51.562+0600: 3115.466: Total time for which application threads were stopped: 0.0014796 seconds, Stopping threads took: 0.0013464 seconds
2019-03-20T17:05:51.569+0600: 3115.473: Total time for which application threads were stopped: 0.0008441 seconds, Stopping threads took: 0.0006825 seconds
2019-03-20T17:05:51.577+0600: 3115.482: Total time for which application threads were stopped: 0.0014798 seconds, Stopping threads took: 0.0013529 seconds
2019-03-20T17:05:51.585+0600: 3115.490: Total time for which application threads were stopped: 0.0003177 seconds, Stopping threads took: 0.0001733 seconds
2019-03-20T17:05:51.623+0600: 3115.527: Total time for which application threads were stopped: 0.0169010 seconds, Stopping threads took: 0.0166966 seconds
2019-03-20T17:05:51.677+0600: 3115.582: Total time for which application threads were stopped: 0.0539219 seconds, Stopping threads took: 0.0536482 seconds
2019-03-20T17:05:51.844+0600: 3115.748: Total time for which application threads were stopped: 0.0035579 seconds, Stopping threads took: 0.0033933 seconds
2019-03-20T17:05:51.846+0600: 3115.750: Total time for which application threads were stopped: 0.0001549 seconds, Stopping threads took: 0.0000418 seconds
2019-03-20T17:05:51.897+0600: 3115.802: Total time for which application threads were stopped: 0.0122804 seconds, Stopping threads took: 0.0121147 seconds
2019-03-20T17:05:51.971+0600: 3115.876: Total time for which application threads were stopped: 0.0111381 seconds, Stopping threads took: 0.0108850 seconds
2019-03-20T17:05:51.973+0600: 3115.878: Total time for which application threads were stopped: 0.0004300 seconds, Stopping threads took: 0.0003053 seconds
2019-03-20T17:05:51.975+0600: 3115.880: Total time for which application threads were stopped: 0.0002128 seconds, Stopping threads took: 0.0000973 seconds
2019-03-20T17:05:51.976+0600: 3115.881: Total time for which application threads were stopped: 0.0002109 seconds, Stopping threads took: 0.0000479 seconds
2019-03-20T17:05:51.982+0600: 3115.886: Total time for which application threads were stopped: 0.0003052 seconds, Stopping threads took: 0.0001365 seconds
2019-03-20T17:05:51.983+0600: 3115.887: Total time for which application threads were stopped: 0.0002667 seconds, Stopping threads took: 0.0001223 seconds
2019-03-20T17:05:51.986+0600: 3115.890: Total time for which application threads were stopped: 0.0002065 seconds, Stopping threads took: 0.0000582 seconds
2019-03-20T17:05:51.989+0600: 3115.894: Total time for which application threads were stopped: 0.0005742 seconds, Stopping threads took: 0.0004464 seconds
2019-03-20T17:05:51.989+0600: 3115.894: Total time for which application threads were stopped: 0.0001361 seconds, Stopping threads took: 0.0000371 seconds
2019-03-20T17:05:52.066+0600: 3115.971: Total time for which application threads were stopped: 0.0542027 seconds, Stopping threads took: 0.0540498 seconds
2019-03-20T17:05:52.213+0600: 3116.117: Total time for which application threads were stopped: 0.0358696 seconds, Stopping threads took: 0.0356793 seconds
2019-03-20T17:05:52.213+0600: 3116.118: Total time for which application threads were stopped: 0.0001361 seconds, Stopping threads took: 0.0000305 seconds
2019-03-20T17:05:52.225+0600: 3116.130: Total time for which application threads were stopped: 0.0002234 seconds, Stopping threads took: 0.0000886 seconds
2019-03-20T17:05:52.300+0600: 3116.204: Total time for which application threads were stopped: 0.0111093 seconds, Stopping threads took: 0.0109454 seconds
2019-03-20T17:05:52.301+0600: 3116.206: Total time for which application threads were stopped: 0.0002334 seconds, Stopping threads took: 0.0001205 seconds
2019-03-20T17:07:55.558+0600: 3239.460: Total time for which application threads were stopped: 0.0005861 seconds, Stopping threads took: 0.0000825 seconds
2019-03-20T17:08:19.601+0600: 3263.503: Total time for which application threads were stopped: 0.0001723 seconds, Stopping threads took: 0.0000334 seconds
2019-03-20T17:08:55.661+0600: 3299.563: Total time for which application threads were stopped: 0.0002369 seconds, Stopping threads took: 0.0000451 seconds
2019-03-20T17:09:19.709+0600: 3323.610: Total time for which application threads were stopped: 0.0003279 seconds, Stopping threads took: 0.0000555 seconds
2019-03-20T17:09:55.759+0600: 3359.659: Total time for which application threads were stopped: 0.0002002 seconds, Stopping threads took: 0.0000417 seconds
2019-03-20T17:10:05.050+0600: 3368.950: Total time for which application threads were stopped: 0.0001422 seconds, Stopping threads took: 0.0000231 seconds
2019-03-20T17:10:05.051+0600: 3368.951: Total time for which application threads were stopped: 0.0000797 seconds, Stopping threads took: 0.0000101 seconds
2019-03-20T17:10:05.052+0600: 3368.952: Total time for which application threads were stopped: 0.0002113 seconds, Stopping threads took: 0.0000793 seconds
2019-03-20T17:10:05.053+0600: 3368.953: Total time for which application threads were stopped: 0.0001454 seconds, Stopping threads took: 0.0000247 seconds
2019-03-20T17:10:05.054+0600: 3368.954: Total time for which application threads were stopped: 0.0001539 seconds, Stopping threads took: 0.0000319 seconds
2019-03-20T17:10:05.054+0600: 3368.954: Total time for which application threads were stopped: 0.0001504 seconds, Stopping threads took: 0.0000351 seconds
2019-03-20T17:10:05.056+0600: 3368.956: Total time for which application threads were stopped: 0.0001891 seconds, Stopping threads took: 0.0000380 seconds
2019-03-20T17:10:05.057+0600: 3368.957: Total time for which application threads were stopped: 0.0001141 seconds, Stopping threads took: 0.0000137 seconds
2019-03-20T17:10:05.057+0600: 3368.957: Total time for which application threads were stopped: 0.0001031 seconds, Stopping threads took: 0.0000127 seconds
2019-03-20T17:10:05.057+0600: 3368.957: Total time for which application threads were stopped: 0.0001182 seconds, Stopping threads took: 0.0000293 seconds
2019-03-20T17:10:05.062+0600: 3368.962: Total time for which application threads were stopped: 0.0001364 seconds, Stopping threads took: 0.0000327 seconds
2019-03-20T17:10:05.062+0600: 3368.962: Total time for which application threads were stopped: 0.0001074 seconds, Stopping threads took: 0.0000225 seconds
2019-03-20T17:10:05.062+0600: 3368.962: Total time for which application threads were stopped: 0.0000648 seconds, Stopping threads took: 0.0000095 seconds
2019-03-20T17:10:05.063+0600: 3368.963: Total time for which application threads were stopped: 0.0001667 seconds, Stopping threads took: 0.0000272 seconds
2019-03-20T17:10:05.073+0600: 3368.973: Total time for which application threads were stopped: 0.0001345 seconds, Stopping threads took: 0.0000216 seconds
2019-03-20T17:10:09.812+0600: 3373.712: Total time for which application threads were stopped: 0.0003074 seconds, Stopping threads took: 0.0000373 seconds
2019-03-20T17:10:09.813+0600: 3373.713: Total time for which application threads were stopped: 0.0001154 seconds, Stopping threads took: 0.0000269 seconds
2019-03-20T17:10:09.813+0600: 3373.713: Total time for which application threads were stopped: 0.0001064 seconds, Stopping threads took: 0.0000332 seconds
2019-03-20T17:10:09.813+0600: 3373.713: Total time for which application threads were stopped: 0.0000695 seconds, Stopping threads took: 0.0000104 seconds
2019-03-20T17:10:09.815+0600: 3373.715: Total time for which application threads were stopped: 0.0001702 seconds, Stopping threads took: 0.0000322 seconds
2019-03-20T17:10:56.375+0600: 3420.274: Total time for which application threads were stopped: 0.0002338 seconds, Stopping threads took: 0.0000687 seconds
2019-03-20T17:10:56.376+0600: 3420.275: Total time for which application threads were stopped: 0.0001496 seconds, Stopping threads took: 0.0000252 seconds
2019-03-20T17:10:56.376+0600: 3420.275: Total time for which application threads were stopped: 0.0000977 seconds, Stopping threads took: 0.0000235 seconds
2019-03-20T17:10:56.379+0600: 3420.278: Total time for which application threads were stopped: 0.0001705 seconds, Stopping threads took: 0.0000500 seconds
2019-03-20T17:13:55.740+0600: 3599.636: Total time for which application threads were stopped: 0.0003226 seconds, Stopping threads took: 0.0000984 seconds
2019-03-20T17:14:42.802+0600: 3646.697: Total time for which application threads were stopped: 0.0273991 seconds, Stopping threads took: 0.0271272 seconds
{Heap before GC invocations=41 (full 2):
 par new generation   total 109248K, used 99233K [0x00000007a0000000, 0x00000007a8000000, 0x00000007a8000000)
  eden space 87424K, 100% used [0x00000007a0000000, 0x00000007a5560000, 0x00000007a5560000)
  from space 21824K,  54% used [0x00000007a6ab0000, 0x00000007a76385c0, 0x00000007a8000000)
  to   space 21824K,   0% used [0x00000007a5560000, 0x00000007a5560000, 0x00000007a6ab0000)
 concurrent mark-sweep generation total 393216K, used 68412K [0x00000007a8000000, 0x00000007c0000000, 0x00000007c0000000)
 Metaspace       used 51743K, capacity 53803K, committed 54112K, reserved 1097728K
  class space    used 6246K, capacity 6671K, committed 6780K, reserved 1048576K
2019-03-20T17:14:42.845+0600: 3646.740: [GC (Allocation Failure) 2019-03-20T17:14:42.846+0600: 3646.741: [ParNew
Desired survivor size 20112992 bytes, new threshold 8 (max 8)
- age   1:    2056776 bytes,    2056776 total
- age   2:     672736 bytes,    2729512 total
- age   3:    2787528 bytes,    5517040 total
- age   4:      87176 bytes,    5604216 total
- age   5:      97648 bytes,    5701864 total
- age   6:     363152 bytes,    6065016 total
- age   7:     526600 bytes,    6591616 total
- age   8:     422936 bytes,    7014552 total
: 99233K->9190K(109248K), 0.0680245 secs] 167646K->77652K(502464K), 0.0689176 secs] [Times: user=0.04 sys=0.07, real=0.07 secs] 
Heap after GC invocations=42 (full 2):
 par new generation   total 109248K, used 9190K [0x00000007a0000000, 0x00000007a8000000, 0x00000007a8000000)
  eden space 87424K,   0% used [0x00000007a0000000, 0x00000007a0000000, 0x00000007a5560000)
  from space 21824K,  42% used [0x00000007a5560000, 0x00000007a5e59bb8, 0x00000007a6ab0000)
  to   space 21824K,   0% used [0x00000007a6ab0000, 0x00000007a6ab0000, 0x00000007a8000000)
 concurrent mark-sweep generation total 393216K, used 68461K [0x00000007a8000000, 0x00000007c0000000, 0x00000007c0000000)
 Metaspace       used 51743K, capacity 53803K, committed 54112K, reserved 1097728K
  class space    used 6246K, capacity 6671K, committed 6780K, reserved 1048576K
}
2019-03-20T17:14:42.914+0600: 3646.809: Total time for which application threads were stopped: 0.0810556 seconds, Stopping threads took: 0.0108870 seconds
2019-03-20T17:14:42.940+0600: 3646.835: Total time for which application threads were stopped: 0.0110972 seconds, Stopping threads took: 0.0105597 seconds
2019-03-20T17:14:42.940+0600: 3646.835: Total time for which application threads were stopped: 0.0001559 seconds, Stopping threads took: 0.0000148 seconds
{Heap before GC invocations=42 (full 2):
 par new generation   total 109248K, used 96614K [0x00000007a0000000, 0x00000007a8000000, 0x00000007a8000000)
  eden space 87424K, 100% used [0x00000007a0000000, 0x00000007a5560000, 0x00000007a5560000)
  from space 21824K,  42% used [0x00000007a5560000, 0x00000007a5e59bb8, 0x00000007a6ab0000)
  to   space 21824K,   0% used [0x00000007a6ab0000, 0x00000007a6ab0000, 0x00000007a8000000)
 concurrent mark-sweep generation total 393216K, used 68461K [0x00000007a8000000, 0x00000007c0000000, 0x00000007c0000000)
 Metaspace       used 51768K, capacity 53839K, committed 54112K, reserved 1097728K
  class space    used 6250K, capacity 6677K, committed 6780K, reserved 1048576K
2019-03-20T17:14:43.129+0600: 3647.024: [GC (Allocation Failure) 2019-03-20T17:14:43.129+0600: 3647.024: [ParNew
Desired survivor size 20112992 bytes, new threshold 8 (max 8)
- age   1:    1411280 bytes,    1411280 total
- age   2:    1537816 bytes,    2949096 total
- age   3:     668568 bytes,    3617664 total
- age   4:    2822184 bytes,    6439848 total
- age   5:      87176 bytes,    6527024 total
- age   6:      97648 bytes,    6624672 total
- age   7:     363152 bytes,    6987824 total
- age   8:     526600 bytes,    7514424 total
: 96614K->9361K(109248K), 0.0570560 secs] 165076K->78239K(502464K), 0.0572008 secs] [Times: user=0.03 sys=0.00, real=0.06 secs] 
Heap after GC invocations=43 (full 2):
 par new generation   total 109248K, used 9361K [0x00000007a0000000, 0x00000007a8000000, 0x00000007a8000000)
  eden space 87424K,   0% used [0x00000007a0000000, 0x00000007a0000000, 0x00000007a5560000)
  from space 21824K,  42% used [0x00000007a6ab0000, 0x00000007a73d4770, 0x00000007a8000000)
  to   space 21824K,   0% used [0x00000007a5560000, 0x00000007a5560000, 0x00000007a6ab0000)
 concurrent mark-sweep generation total 393216K, used 68877K [0x00000007a8000000, 0x00000007c0000000, 0x00000007c0000000)
 Metaspace       used 51768K, capacity 53839K, committed 54112K, reserved 1097728K
  class space    used 6250K, capacity 6677K, committed 6780K, reserved 1048576K
}
2019-03-20T17:14:43.186+0600: 3647.081: Total time for which application threads were stopped: 0.0576220 seconds, Stopping threads took: 0.0000868 seconds
{Heap before GC invocations=43 (full 2):
 par new generation   total 109248K, used 96785K [0x00000007a0000000, 0x00000007a8000000, 0x00000007a8000000)
  eden space 87424K, 100% used [0x00000007a0000000, 0x00000007a5560000, 0x00000007a5560000)
  from space 21824K,  42% used [0x00000007a6ab0000, 0x00000007a73d4770, 0x00000007a8000000)
  to   space 21824K,   0% used [0x00000007a5560000, 0x00000007a5560000, 0x00000007a6ab0000)
 concurrent mark-sweep generation total 393216K, used 68877K [0x00000007a8000000, 0x00000007c0000000, 0x00000007c0000000)
 Metaspace       used 51819K, capacity 53917K, committed 54112K, reserved 1097728K
  class space    used 6257K, capacity 6690K, committed 6780K, reserved 1048576K
2019-03-20T17:14:43.248+0600: 3647.143: [GC (Allocation Failure) 2019-03-20T17:14:43.248+0600: 3647.143: [ParNew
Desired survivor size 20112992 bytes, new threshold 8 (max 8)
- age   1:     580408 bytes,     580408 total
- age   2:    1189664 bytes,    1770072 total
- age   3:    1537816 bytes,    3307888 total
- age   4:     668568 bytes,    3976456 total
- age   5:    2885688 bytes,    6862144 total
- age   6:      87176 bytes,    6949320 total
- age   7:      97648 bytes,    7046968 total
- age   8:     363152 bytes,    7410120 total
: 96785K->11076K(109248K), 0.0210452 secs] 165663K->80470K(502464K), 0.0211307 secs] [Times: user=0.03 sys=0.00, real=0.02 secs] 
Heap after GC invocations=44 (full 2):
 par new generation   total 109248K, used 11076K [0x00000007a0000000, 0x00000007a8000000, 0x00000007a8000000)
  eden space 87424K,   0% used [0x00000007a0000000, 0x00000007a0000000, 0x00000007a5560000)
  from space 21824K,  50% used [0x00000007a5560000, 0x00000007a6031130, 0x00000007a6ab0000)
  to   space 21824K,   0% used [0x00000007a6ab0000, 0x00000007a6ab0000, 0x00000007a8000000)
 concurrent mark-sweep generation total 393216K, used 69394K [0x00000007a8000000, 0x00000007c0000000, 0x00000007c0000000)
 Metaspace       used 51819K, capacity 53917K, committed 54112K, reserved 1097728K
  class space    used 6257K, capacity 6690K, committed 6780K, reserved 1048576K
}
2019-03-20T17:14:43.269+0600: 3647.164: Total time for which application threads were stopped: 0.0216413 seconds, Stopping threads took: 0.0000640 seconds
{Heap before GC invocations=44 (full 2):
 par new generation   total 109248K, used 98473K [0x00000007a0000000, 0x00000007a8000000, 0x00000007a8000000)
  eden space 87424K,  99% used [0x00000007a0000000, 0x00000007a5559658, 0x00000007a5560000)
  from space 21824K,  50% used [0x00000007a5560000, 0x00000007a6031130, 0x00000007a6ab0000)
  to   space 21824K,   0% used [0x00000007a6ab0000, 0x00000007a6ab0000, 0x00000007a8000000)
 concurrent mark-sweep generation total 393216K, used 69394K [0x00000007a8000000, 0x00000007c0000000, 0x00000007c0000000)
 Metaspace       used 51887K, capacity 54025K, committed 54112K, reserved 1097728K
  class space    used 6267K, capacity 6708K, committed 6780K, reserved 1048576K
2019-03-20T17:14:43.375+0600: 3647.270: [GC (Allocation Failure) 2019-03-20T17:14:43.375+0600: 3647.270: [ParNew
Desired survivor size 20112992 bytes, new threshold 8 (max 8)
- age   1:     440408 bytes,     440408 total
- age   2:     123776 bytes,     564184 total
- age   3:    1188376 bytes,    1752560 total
- age   4:    1537464 bytes,    3290024 total
- age   5:     668568 bytes,    3958592 total
- age   6:    2787336 bytes,    6745928 total
- age   7:      87176 bytes,    6833104 total
- age   8:      97648 bytes,    6930752 total
: 98473K->8418K(109248K), 0.0450470 secs] 167868K->78171K(502464K), 0.0451335 secs] [Times: user=0.07 sys=0.01, real=0.05 secs] 
Heap after GC invocations=45 (full 2):
 par new generation   total 109248K, used 8418K [0x00000007a0000000, 0x00000007a8000000, 0x00000007a8000000)
  eden space 87424K,   0% used [0x00000007a0000000, 0x00000007a0000000, 0x00000007a5560000)
  from space 21824K,  38% used [0x00000007a6ab0000, 0x00000007a72e8a10, 0x00000007a8000000)
  to   space 21824K,   0% used [0x00000007a5560000, 0x00000007a5560000, 0x00000007a6ab0000)
 concurrent mark-sweep generation total 393216K, used 69753K [0x00000007a8000000, 0x00000007c0000000, 0x00000007c0000000)
 Metaspace       used 51887K, capacity 54025K, committed 54112K, reserved 1097728K
  class space    used 6267K, capacity 6708K, committed 6780K, reserved 1048576K
}
2019-03-20T17:14:43.420+0600: 3647.316: Total time for which application threads were stopped: 0.0459424 seconds, Stopping threads took: 0.0004945 seconds
2019-03-20T17:14:43.561+0600: 3647.456: Total time for which application threads were stopped: 0.0004461 seconds, Stopping threads took: 0.0001749 seconds
2019-03-20T17:14:43.692+0600: 3647.587: Total time for which application threads were stopped: 0.0308648 seconds, Stopping threads took: 0.0306762 seconds
2019-03-20T17:14:43.695+0600: 3647.590: Total time for which application threads were stopped: 0.0001864 seconds, Stopping threads took: 0.0000647 seconds
2019-03-20T17:14:43.769+0600: 3647.664: Total time for which application threads were stopped: 0.0053940 seconds, Stopping threads took: 0.0052386 seconds
2019-03-20T17:14:43.769+0600: 3647.664: Total time for which application threads were stopped: 0.0001584 seconds, Stopping threads took: 0.0000227 seconds
2019-03-20T17:14:43.825+0600: 3647.720: Total time for which application threads were stopped: 0.0111552 seconds, Stopping threads took: 0.0109635 seconds
2019-03-20T17:14:43.825+0600: 3647.720: Total time for which application threads were stopped: 0.0001561 seconds, Stopping threads took: 0.0000492 seconds
2019-03-20T17:14:43.902+0600: 3647.798: Total time for which application threads were stopped: 0.0009273 seconds, Stopping threads took: 0.0006876 seconds
2019-03-20T17:14:43.904+0600: 3647.800: Total time for which application threads were stopped: 0.0003280 seconds, Stopping threads took: 0.0002030 seconds
2019-03-20T17:14:43.904+0600: 3647.800: Total time for which application threads were stopped: 0.0001221 seconds, Stopping threads took: 0.0000119 seconds
2019-03-20T17:14:43.905+0600: 3647.800: Total time for which application threads were stopped: 0.0001271 seconds, Stopping threads took: 0.0000115 seconds
2019-03-20T17:14:43.905+0600: 3647.800: Total time for which application threads were stopped: 0.0002257 seconds, Stopping threads took: 0.0001076 seconds
2019-03-20T17:14:43.908+0600: 3647.804: Total time for which application threads were stopped: 0.0002096 seconds, Stopping threads took: 0.0000446 seconds
2019-03-20T17:14:43.909+0600: 3647.804: Total time for which application threads were stopped: 0.0001269 seconds, Stopping threads took: 0.0000131 seconds
2019-03-20T17:14:44.047+0600: 3647.942: Total time for which application threads were stopped: 0.0122188 seconds, Stopping threads took: 0.0120347 seconds
2019-03-20T17:14:44.064+0600: 3647.959: Total time for which application threads were stopped: 0.0154405 seconds, Stopping threads took: 0.0152334 seconds
2019-03-20T17:14:44.065+0600: 3647.960: Total time for which application threads were stopped: 0.0001628 seconds, Stopping threads took: 0.0000544 seconds
2019-03-20T17:14:44.065+0600: 3647.960: Total time for which application threads were stopped: 0.0001028 seconds, Stopping threads took: 0.0000123 seconds
2019-03-20T17:14:56.086+0600: 3659.981: Total time for which application threads were stopped: 0.0037035 seconds, Stopping threads took: 0.0035722 seconds
2019-03-20T17:15:07.108+0600: 3671.003: Total time for which application threads were stopped: 0.0002648 seconds, Stopping threads took: 0.0000449 seconds
2019-03-20T17:15:32.763+0600: 3696.657: Total time for which application threads were stopped: 0.0002699 seconds, Stopping threads took: 0.0000250 seconds
2019-03-20T17:15:32.764+0600: 3696.658: Total time for which application threads were stopped: 0.0001596 seconds, Stopping threads took: 0.0000161 seconds
2019-03-20T17:15:32.787+0600: 3696.682: Total time for which application threads were stopped: 0.0002651 seconds, Stopping threads took: 0.0000289 seconds
2019-03-20T17:15:32.787+0600: 3696.682: Total time for which application threads were stopped: 0.0001901 seconds, Stopping threads took: 0.0000276 seconds
2019-03-20T17:15:33.788+0600: 3697.682: Total time for which application threads were stopped: 0.0002449 seconds, Stopping threads took: 0.0000503 seconds
2019-03-20T17:15:42.526+0600: 3706.420: Total time for which application threads were stopped: 0.0002647 seconds, Stopping threads took: 0.0000362 seconds
2019-03-20T17:15:42.527+0600: 3706.421: Total time for which application threads were stopped: 0.0001995 seconds, Stopping threads took: 0.0000268 seconds
2019-03-20T17:15:42.529+0600: 3706.423: Total time for which application threads were stopped: 0.0002001 seconds, Stopping threads took: 0.0000263 seconds
2019-03-20T17:15:42.534+0600: 3706.428: Total time for which application threads were stopped: 0.0002456 seconds, Stopping threads took: 0.0000264 seconds
2019-03-20T17:15:42.535+0600: 3706.429: Total time for which application threads were stopped: 0.0004282 seconds, Stopping threads took: 0.0002353 seconds
2019-03-20T17:15:42.536+0600: 3706.430: Total time for which application threads were stopped: 0.0002803 seconds, Stopping threads took: 0.0000241 seconds
2019-03-20T17:15:42.537+0600: 3706.431: Total time for which application threads were stopped: 0.0002584 seconds, Stopping threads took: 0.0000935 seconds
2019-03-20T17:15:42.541+0600: 3706.435: Total time for which application threads were stopped: 0.0003625 seconds, Stopping threads took: 0.0001850 seconds
2019-03-20T17:15:42.541+0600: 3706.435: Total time for which application threads were stopped: 0.0003321 seconds, Stopping threads took: 0.0001546 seconds
2019-03-20T17:15:42.548+0600: 3706.443: Total time for which application threads were stopped: 0.0054828 seconds, Stopping threads took: 0.0052773 seconds
2019-03-20T17:15:42.551+0600: 3706.445: Total time for which application threads were stopped: 0.0002053 seconds, Stopping threads took: 0.0000226 seconds
2019-03-20T17:15:42.552+0600: 3706.446: Total time for which application threads were stopped: 0.0005090 seconds, Stopping threads took: 0.0000635 seconds
2019-03-20T17:15:42.553+0600: 3706.447: Total time for which application threads were stopped: 0.0001885 seconds, Stopping threads took: 0.0000355 seconds
2019-03-20T17:15:42.553+0600: 3706.448: Total time for which application threads were stopped: 0.0001416 seconds, Stopping threads took: 0.0000279 seconds
2019-03-20T17:15:42.554+0600: 3706.448: Total time for which application threads were stopped: 0.0001534 seconds, Stopping threads took: 0.0000311 seconds
2019-03-20T17:15:42.581+0600: 3706.475: Total time for which application threads were stopped: 0.0001915 seconds, Stopping threads took: 0.0000256 seconds
2019-03-20T17:15:43.583+0600: 3707.477: Total time for which application threads were stopped: 0.0005650 seconds, Stopping threads took: 0.0001585 seconds
2019-03-20T17:15:56.621+0600: 3720.515: Total time for which application threads were stopped: 0.0001674 seconds, Stopping threads took: 0.0000345 seconds
2019-03-20T17:16:02.773+0600: 3726.667: Total time for which application threads were stopped: 0.0001352 seconds, Stopping threads took: 0.0000222 seconds
2019-03-20T17:16:02.773+0600: 3726.667: Total time for which application threads were stopped: 0.0001174 seconds, Stopping threads took: 0.0000268 seconds
2019-03-20T17:16:02.774+0600: 3726.668: Total time for which application threads were stopped: 0.0000851 seconds, Stopping threads took: 0.0000238 seconds
2019-03-20T17:16:02.774+0600: 3726.668: Total time for which application threads were stopped: 0.0000896 seconds, Stopping threads took: 0.0000309 seconds
2019-03-20T17:16:02.774+0600: 3726.668: Total time for which application threads were stopped: 0.0000792 seconds, Stopping threads took: 0.0000236 seconds
2019-03-20T17:16:02.775+0600: 3726.669: Total time for which application threads were stopped: 0.0001638 seconds, Stopping threads took: 0.0000633 seconds
2019-03-20T17:16:02.776+0600: 3726.670: Total time for which application threads were stopped: 0.0002845 seconds, Stopping threads took: 0.0000638 seconds
2019-03-20T17:16:02.776+0600: 3726.670: Total time for which application threads were stopped: 0.0000980 seconds, Stopping threads took: 0.0000234 seconds
2019-03-20T17:16:02.776+0600: 3726.670: Total time for which application threads were stopped: 0.0001164 seconds, Stopping threads took: 0.0000238 seconds
2019-03-20T17:16:02.776+0600: 3726.670: Total time for which application threads were stopped: 0.0000947 seconds, Stopping threads took: 0.0000280 seconds
2019-03-20T17:16:02.776+0600: 3726.670: Total time for which application threads were stopped: 0.0000616 seconds, Stopping threads took: 0.0000073 seconds
2019-03-20T17:16:02.776+0600: 3726.670: Total time for which application threads were stopped: 0.0000640 seconds, Stopping threads took: 0.0000074 seconds
2019-03-20T17:16:02.777+0600: 3726.671: Total time for which application threads were stopped: 0.0000965 seconds, Stopping threads took: 0.0000351 seconds
2019-03-20T17:16:02.777+0600: 3726.671: Total time for which application threads were stopped: 0.0001061 seconds, Stopping threads took: 0.0000291 seconds
2019-03-20T17:16:02.778+0600: 3726.671: Total time for which application threads were stopped: 0.0001338 seconds, Stopping threads took: 0.0000635 seconds
2019-03-20T17:16:02.789+0600: 3726.682: Total time for which application threads were stopped: 0.0002270 seconds, Stopping threads took: 0.0000458 seconds
2019-03-20T17:16:02.789+0600: 3726.683: Total time for which application threads were stopped: 0.0001601 seconds, Stopping threads took: 0.0000138 seconds
2019-03-20T17:16:02.795+0600: 3726.689: Total time for which application threads were stopped: 0.0002975 seconds, Stopping threads took: 0.0000498 seconds
2019-03-20T17:16:02.795+0600: 3726.689: Total time for which application threads were stopped: 0.0002244 seconds, Stopping threads took: 0.0000407 seconds
2019-03-20T17:16:02.820+0600: 3726.714: Total time for which application threads were stopped: 0.0002323 seconds, Stopping threads took: 0.0000379 seconds
2019-03-20T17:16:02.820+0600: 3726.714: Total time for which application threads were stopped: 0.0001428 seconds, Stopping threads took: 0.0000273 seconds
2019-03-20T17:16:02.828+0600: 3726.722: Total time for which application threads were stopped: 0.0002602 seconds, Stopping threads took: 0.0000505 seconds
2019-03-20T17:16:02.828+0600: 3726.722: Total time for which application threads were stopped: 0.0002538 seconds, Stopping threads took: 0.0000471 seconds
2019-03-20T17:16:03.829+0600: 3727.722: Total time for which application threads were stopped: 0.0003868 seconds, Stopping threads took: 0.0000630 seconds
2019-03-20T17:16:08.519+0600: 3732.412: Total time for which application threads were stopped: 0.0002977 seconds, Stopping threads took: 0.0000331 seconds
2019-03-20T17:16:08.526+0600: 3732.420: Total time for which application threads were stopped: 0.0003607 seconds, Stopping threads took: 0.0000580 seconds
{Heap before GC invocations=45 (full 2):
 par new generation   total 109248K, used 95842K [0x00000007a0000000, 0x00000007a8000000, 0x00000007a8000000)
  eden space 87424K, 100% used [0x00000007a0000000, 0x00000007a5560000, 0x00000007a5560000)
  from space 21824K,  38% used [0x00000007a6ab0000, 0x00000007a72e8a10, 0x00000007a8000000)
  to   space 21824K,   0% used [0x00000007a5560000, 0x00000007a5560000, 0x00000007a6ab0000)
 concurrent mark-sweep generation total 393216K, used 69753K [0x00000007a8000000, 0x00000007c0000000, 0x00000007c0000000)
 Metaspace       used 52174K, capacity 54341K, committed 54624K, reserved 1097728K
  class space    used 6283K, capacity 6718K, committed 6780K, reserved 1048576K
2019-03-20T17:16:09.587+0600: 3733.482: [GC (Allocation Failure) 2019-03-20T17:16:09.588+0600: 3733.482: [ParNew
Desired survivor size 20112992 bytes, new threshold 8 (max 8)
- age   1:    4799872 bytes,    4799872 total
- age   2:     139056 bytes,    4938928 total
- age   3:     123296 bytes,    5062224 total
- age   4:    1108800 bytes,    6171024 total
- age   5:     312088 bytes,    6483112 total
- age   6:     426152 bytes,    6909264 total
- age   7:    1973688 bytes,    8882952 total
- age   8:      87176 bytes,    8970128 total
: 95842K->13315K(109248K), 0.0209033 secs] 165595K->83166K(502464K), 0.0215615 secs] [Times: user=0.03 sys=0.00, real=0.02 secs] 
Heap after GC invocations=46 (full 2):
 par new generation   total 109248K, used 13315K [0x00000007a0000000, 0x00000007a8000000, 0x00000007a8000000)
  eden space 87424K,   0% used [0x00000007a0000000, 0x00000007a0000000, 0x00000007a5560000)
  from space 21824K,  61% used [0x00000007a5560000, 0x00000007a6260f20, 0x00000007a6ab0000)
  to   space 21824K,   0% used [0x00000007a6ab0000, 0x00000007a6ab0000, 0x00000007a8000000)
 concurrent mark-sweep generation total 393216K, used 69850K [0x00000007a8000000, 0x00000007c0000000, 0x00000007c0000000)
 Metaspace       used 52174K, capacity 54341K, committed 54624K, reserved 1097728K
  class space    used 6283K, capacity 6718K, committed 6780K, reserved 1048576K
}
2019-03-20T17:16:09.609+0600: 3733.503: Total time for which application threads were stopped: 0.0219348 seconds, Stopping threads took: 0.0000287 seconds
{Heap before GC invocations=46 (full 2):
 par new generation   total 109248K, used 100739K [0x00000007a0000000, 0x00000007a8000000, 0x00000007a8000000)
  eden space 87424K, 100% used [0x00000007a0000000, 0x00000007a5560000, 0x00000007a5560000)
  from space 21824K,  61% used [0x00000007a5560000, 0x00000007a6260f20, 0x00000007a6ab0000)
  to   space 21824K,   0% used [0x00000007a6ab0000, 0x00000007a6ab0000, 0x00000007a8000000)
 concurrent mark-sweep generation total 393216K, used 69850K [0x00000007a8000000, 0x00000007c0000000, 0x00000007c0000000)
 Metaspace       used 52180K, capacity 54341K, committed 54624K, reserved 1097728K
  class space    used 6284K, capacity 6718K, committed 6780K, reserved 1048576K
2019-03-20T17:16:09.708+0600: 3733.602: [GC (Allocation Failure) 2019-03-20T17:16:09.708+0600: 3733.602: [ParNew
Desired survivor size 20112992 bytes, new threshold 8 (max 8)
- age   1:    1745576 bytes,    1745576 total
- age   2:    3947352 bytes,    5692928 total
- age   3:     139056 bytes,    5831984 total
- age   4:     123296 bytes,    5955280 total
- age   5:    1108800 bytes,    7064080 total
- age   6:     311160 bytes,    7375240 total
- age   7:     426152 bytes,    7801392 total
- age   8:    1908120 bytes,    9709512 total
: 100739K->11873K(109248K), 0.0098556 secs] 170590K->81811K(502464K), 0.0099684 secs] [Times: user=0.02 sys=0.00, real=0.01 secs] 
Heap after GC invocations=47 (full 2):
 par new generation   total 109248K, used 11873K [0x00000007a0000000, 0x00000007a8000000, 0x00000007a8000000)
  eden space 87424K,   0% used [0x00000007a0000000, 0x00000007a0000000, 0x00000007a5560000)
  from space 21824K,  54% used [0x00000007a6ab0000, 0x00000007a7648780, 0x00000007a8000000)
  to   space 21824K,   0% used [0x00000007a5560000, 0x00000007a5560000, 0x00000007a6ab0000)
 concurrent mark-sweep generation total 393216K, used 69938K [0x00000007a8000000, 0x00000007c0000000, 0x00000007c0000000)
 Metaspace       used 52180K, capacity 54341K, committed 54624K, reserved 1097728K
  class space    used 6284K, capacity 6718K, committed 6780K, reserved 1048576K
}
2019-03-20T17:16:09.718+0600: 3733.612: Total time for which application threads were stopped: 0.0214510 seconds, Stopping threads took: 0.0111197 seconds
{Heap before GC invocations=47 (full 2):
 par new generation   total 109248K, used 99297K [0x00000007a0000000, 0x00000007a8000000, 0x00000007a8000000)
  eden space 87424K, 100% used [0x00000007a0000000, 0x00000007a5560000, 0x00000007a5560000)
  from space 21824K,  54% used [0x00000007a6ab0000, 0x00000007a7648780, 0x00000007a8000000)
  to   space 21824K,   0% used [0x00000007a5560000, 0x00000007a5560000, 0x00000007a6ab0000)
 concurrent mark-sweep generation total 393216K, used 69938K [0x00000007a8000000, 0x00000007c0000000, 0x00000007c0000000)
 Metaspace       used 52181K, capacity 54341K, committed 54624K, reserved 1097728K
  class space    used 6284K, capacity 6718K, committed 6780K, reserved 1048576K
2019-03-20T17:16:09.764+0600: 3733.657: [GC (Allocation Failure) 2019-03-20T17:16:09.764+0600: 3733.658: [ParNew
Desired survivor size 20112992 bytes, new threshold 8 (max 8)
- age   1:     388808 bytes,     388808 total
- age   2:    1704880 bytes,    2093688 total
- age   3:    3937760 bytes,    6031448 total
- age   4:     139056 bytes,    6170504 total
- age   5:     123296 bytes,    6293800 total
- age   6:    1108800 bytes,    7402600 total
- age   7:     311160 bytes,    7713760 total
- age   8:     426152 bytes,    8139912 total
: 99297K->12037K(109248K), 0.0272406 secs] 169235K->83846K(502464K), 0.0273585 secs] [Times: user=0.03 sys=0.00, real=0.03 secs] 
Heap after GC invocations=48 (full 2):
 par new generation   total 109248K, used 12037K [0x00000007a0000000, 0x00000007a8000000, 0x00000007a8000000)
  eden space 87424K,   0% used [0x00000007a0000000, 0x00000007a0000000, 0x00000007a5560000)
  from space 21824K,  55% used [0x00000007a5560000, 0x00000007a61214e0, 0x00000007a6ab0000)
  to   space 21824K,   0% used [0x00000007a6ab0000, 0x00000007a6ab0000, 0x00000007a8000000)
 concurrent mark-sweep generation total 393216K, used 71809K [0x00000007a8000000, 0x00000007c0000000, 0x00000007c0000000)
 Metaspace       used 52181K, capacity 54341K, committed 54624K, reserved 1097728K
  class space    used 6284K, capacity 6718K, committed 6780K, reserved 1048576K
}
2019-03-20T17:16:09.791+0600: 3733.685: Total time for which application threads were stopped: 0.0277285 seconds, Stopping threads took: 0.0000547 seconds
{Heap before GC invocations=48 (full 2):
 par new generation   total 109248K, used 99457K [0x00000007a0000000, 0x00000007a8000000, 0x00000007a8000000)
  eden space 87424K,  99% used [0x00000007a0000000, 0x00000007a555f2b8, 0x00000007a5560000)
  from space 21824K,  55% used [0x00000007a5560000, 0x00000007a61214e0, 0x00000007a6ab0000)
  to   space 21824K,   0% used [0x00000007a6ab0000, 0x00000007a6ab0000, 0x00000007a8000000)
 concurrent mark-sweep generation total 393216K, used 71809K [0x00000007a8000000, 0x00000007c0000000, 0x00000007c0000000)
 Metaspace       used 52187K, capacity 54347K, committed 54624K, reserved 1097728K
  class space    used 6285K, capacity 6719K, committed 6780K, reserved 1048576K
2019-03-20T17:16:09.910+0600: 3733.804: [GC (Allocation Failure) 2019-03-20T17:16:09.910+0600: 3733.804: [ParNew
Desired survivor size 20112992 bytes, new threshold 8 (max 8)
- age   1:     532352 bytes,     532352 total
- age   2:      92736 bytes,     625088 total
- age   3:    1704952 bytes,    2330040 total
- age   4:    3937760 bytes,    6267800 total
- age   5:     139056 bytes,    6406856 total
- age   6:     123296 bytes,    6530152 total
- age   7:    1108800 bytes,    7638952 total
- age   8:     311160 bytes,    7950112 total
: 99457K->9983K(109248K), 0.0358886 secs] 171267K->82211K(502464K), 0.0359974 secs] [Times: user=0.04 sys=0.00, real=0.03 secs] 
Heap after GC invocations=49 (full 2):
 par new generation   total 109248K, used 9983K [0x00000007a0000000, 0x00000007a8000000, 0x00000007a8000000)
  eden space 87424K,   0% used [0x00000007a0000000, 0x00000007a0000000, 0x00000007a5560000)
  from space 21824K,  45% used [0x00000007a6ab0000, 0x00000007a746feb0, 0x00000007a8000000)
  to   space 21824K,   0% used [0x00000007a5560000, 0x00000007a5560000, 0x00000007a6ab0000)
 concurrent mark-sweep generation total 393216K, used 72227K [0x00000007a8000000, 0x00000007c0000000, 0x00000007c0000000)
 Metaspace       used 52187K, capacity 54347K, committed 54624K, reserved 1097728K
  class space    used 6285K, capacity 6719K, committed 6780K, reserved 1048576K
}
2019-03-20T17:16:09.946+0600: 3733.840: Total time for which application threads were stopped: 0.0473042 seconds, Stopping threads took: 0.0109953 seconds
{Heap before GC invocations=49 (full 2):
 par new generation   total 109248K, used 97407K [0x00000007a0000000, 0x00000007a8000000, 0x00000007a8000000)
  eden space 87424K, 100% used [0x00000007a0000000, 0x00000007a5560000, 0x00000007a5560000)
  from space 21824K,  45% used [0x00000007a6ab0000, 0x00000007a746feb0, 0x00000007a8000000)
  to   space 21824K,   0% used [0x00000007a5560000, 0x00000007a5560000, 0x00000007a6ab0000)
 concurrent mark-sweep generation total 393216K, used 72227K [0x00000007a8000000, 0x00000007c0000000, 0x00000007c0000000)
 Metaspace       used 52197K, capacity 54353K, committed 54624K, reserved 1097728K
  class space    used 6285K, capacity 6720K, committed 6780K, reserved 1048576K
2019-03-20T17:16:10.045+0600: 3733.938: [GC (Allocation Failure) 2019-03-20T17:16:10.045+0600: 3733.938: [ParNew
Desired survivor size 20112992 bytes, new threshold 8 (max 8)
- age   1:     770864 bytes,     770864 total
- age   2:      77816 bytes,     848680 total
- age   3:      91728 bytes,     940408 total
- age   4:    1006144 bytes,    1946552 total
- age   5:    3937760 bytes,    5884312 total
- age   6:     139056 bytes,    6023368 total
- age   7:     123296 bytes,    6146664 total
- age   8:    1108800 bytes,    7255464 total
: 97407K->10231K(109248K), 0.0193523 secs] 169635K->82766K(502464K), 0.0194701 secs] [Times: user=0.02 sys=0.00, real=0.02 secs] 
