Java HotSpot(TM) 64-Bit Server VM (25.151-b12) for bsd-amd64 JRE (1.8.0_151-b12), built on Sep  5 2017 19:37:08 by "java_re" with gcc 4.2.1 (Based on Apple Inc. build 5658) (LLVM build 2336.11.00)
Memory: 4k page, physical 8388608k(17492k free)

/proc/meminfo:

CommandLine flags: -XX:CMSInitiatingOccupancyFraction=50 -XX:CMSMaxAbortablePrecleanTime=6000 -XX:+CMSParallelRemarkEnabled -XX:+CMSScavengeBeforeRemark -XX:ConcGCThreads=4 -XX:GCLogFileSize=20971520 -XX:InitialHeapSize=536870912 -XX:MaxHeapSize=536870912 -XX:MaxTenuringThreshold=8 -XX:NewRatio=3 -XX:NumberOfGCLogFiles=9 -XX:OldPLABSize=16 -XX:-OmitStackTraceInFastThrow -XX:OnOutOfMemoryError=/Users/gracefan/Documents/Github/Channel470News/solr-8.0.0/bin/oom_solr.sh 8983 /Users/gracefan/Documents/Github/Channel470News/solr-8.0.0/example/cloud/node1/solr/../logs -XX:ParallelGCThreads=4 -XX:+ParallelRefProcEnabled -XX:PretenureSizeThreshold=67108864 -XX:+PrintGC -XX:+PrintGCApplicationStoppedTime -XX:+PrintGCDateStamps -XX:+PrintGCDetails -XX:+PrintGCTimeStamps -XX:+PrintHeapAtGC -XX:+PrintTenuringDistribution -XX:SurvivorRatio=4 -XX:TargetSurvivorRatio=90 -XX:ThreadStackSize=256 -XX:+UseCMSInitiatingOccupancyOnly -XX:+UseCompressedClassPointers -XX:+UseCompressedOops -XX:+UseConcMarkSweepGC -XX:+UseGCLogFileRotation -XX:+UseParNewGC 
2019-03-20T16:13:23.701+0600: 0.213: Total time for which application threads were stopped: 0.0000877 seconds, Stopping threads took: 0.0000102 seconds
2019-03-20T16:13:23.740+0600: 0.252: Total time for which application threads were stopped: 0.0000738 seconds, Stopping threads took: 0.0000081 seconds
2019-03-20T16:13:23.907+0600: 0.419: Total time for which application threads were stopped: 0.0001153 seconds, Stopping threads took: 0.0000120 seconds
2019-03-20T16:13:24.126+0600: 0.638: Total time for which application threads were stopped: 0.0002096 seconds, Stopping threads took: 0.0000131 seconds
2019-03-20T16:13:24.345+0600: 0.857: Total time for which application threads were stopped: 0.0001411 seconds, Stopping threads took: 0.0000114 seconds
2019-03-20T16:13:25.345+0600: 1.857: Total time for which application threads were stopped: 0.0000604 seconds, Stopping threads took: 0.0000148 seconds
2019-03-20T16:13:27.596+0600: 4.108: Total time for which application threads were stopped: 0.0001472 seconds, Stopping threads took: 0.0000154 seconds
2019-03-20T16:13:29.597+0600: 6.108: Total time for which application threads were stopped: 0.0004899 seconds, Stopping threads took: 0.0003520 seconds
2019-03-20T16:13:29.618+0600: 6.130: Total time for which application threads were stopped: 0.0001690 seconds, Stopping threads took: 0.0000146 seconds
2019-03-20T16:13:29.871+0600: 6.383: Total time for which application threads were stopped: 0.0000699 seconds, Stopping threads took: 0.0000208 seconds
2019-03-20T16:13:29.872+0600: 6.383: Total time for which application threads were stopped: 0.0000489 seconds, Stopping threads took: 0.0000304 seconds
2019-03-20T16:13:29.872+0600: 6.384: Total time for which application threads were stopped: 0.0000346 seconds, Stopping threads took: 0.0000061 seconds
2019-03-20T16:13:29.878+0600: 6.390: Total time for which application threads were stopped: 0.0001869 seconds, Stopping threads took: 0.0000089 seconds
2019-03-20T16:13:29.886+0600: 6.398: Total time for which application threads were stopped: 0.0001384 seconds, Stopping threads took: 0.0000080 seconds
2019-03-20T16:13:29.977+0600: 6.489: Total time for which application threads were stopped: 0.0002782 seconds, Stopping threads took: 0.0000159 seconds
2019-03-20T16:13:30.009+0600: 6.520: Total time for which application threads were stopped: 0.0002391 seconds, Stopping threads took: 0.0000277 seconds
2019-03-20T16:13:30.343+0600: 6.855: Total time for which application threads were stopped: 0.0001681 seconds, Stopping threads took: 0.0000526 seconds
2019-03-20T16:13:30.352+0600: 6.864: Total time for which application threads were stopped: 0.0002476 seconds, Stopping threads took: 0.0000094 seconds
{Heap before GC invocations=0 (full 0):
 par new generation   total 109248K, used 87424K [0x00000007a0000000, 0x00000007a8000000, 0x00000007a8000000)
  eden space 87424K, 100% used [0x00000007a0000000, 0x00000007a5560000, 0x00000007a5560000)
  from space 21824K,   0% used [0x00000007a5560000, 0x00000007a5560000, 0x00000007a6ab0000)
  to   space 21824K,   0% used [0x00000007a6ab0000, 0x00000007a6ab0000, 0x00000007a8000000)
 concurrent mark-sweep generation total 393216K, used 0K [0x00000007a8000000, 0x00000007c0000000, 0x00000007c0000000)
 Metaspace       used 17973K, capacity 18310K, committed 18432K, reserved 1064960K
  class space    used 2165K, capacity 2282K, committed 2304K, reserved 1048576K
2019-03-20T16:13:30.373+0600: 6.885: [GC (Allocation Failure) 2019-03-20T16:13:30.374+0600: 6.886: [ParNew
Desired survivor size 20112992 bytes, new threshold 8 (max 8)
- age   1:   11964032 bytes,   11964032 total
: 87424K->11797K(109248K), 0.0228794 secs] 87424K->11797K(502464K), 0.0232500 secs] [Times: user=0.04 sys=0.01, real=0.02 secs] 
Heap after GC invocations=1 (full 0):
 par new generation   total 109248K, used 11797K [0x00000007a0000000, 0x00000007a8000000, 0x00000007a8000000)
  eden space 87424K,   0% used [0x00000007a0000000, 0x00000007a0000000, 0x00000007a5560000)
  from space 21824K,  54% used [0x00000007a6ab0000, 0x00000007a7635660, 0x00000007a8000000)
  to   space 21824K,   0% used [0x00000007a5560000, 0x00000007a5560000, 0x00000007a6ab0000)
 concurrent mark-sweep generation total 393216K, used 0K [0x00000007a8000000, 0x00000007c0000000, 0x00000007c0000000)
 Metaspace       used 17973K, capacity 18310K, committed 18432K, reserved 1064960K
  class space    used 2165K, capacity 2282K, committed 2304K, reserved 1048576K
}
2019-03-20T16:13:30.397+0600: 6.909: Total time for which application threads were stopped: 0.0234709 seconds, Stopping threads took: 0.0000310 seconds
2019-03-20T16:13:30.397+0600: 6.909: Total time for which application threads were stopped: 0.0001068 seconds, Stopping threads took: 0.0000497 seconds
2019-03-20T16:13:30.398+0600: 6.909: Total time for which application threads were stopped: 0.0000844 seconds, Stopping threads took: 0.0000406 seconds
2019-03-20T16:13:30.398+0600: 6.910: Total time for which application threads were stopped: 0.0000897 seconds, Stopping threads took: 0.0000418 seconds
2019-03-20T16:13:30.398+0600: 6.910: Total time for which application threads were stopped: 0.0001231 seconds, Stopping threads took: 0.0000808 seconds
2019-03-20T16:13:30.399+0600: 6.910: Total time for which application threads were stopped: 0.0000693 seconds, Stopping threads took: 0.0000338 seconds
2019-03-20T16:13:30.399+0600: 6.911: Total time for which application threads were stopped: 0.0000436 seconds, Stopping threads took: 0.0000171 seconds
2019-03-20T16:13:30.399+0600: 6.911: Total time for which application threads were stopped: 0.0000516 seconds, Stopping threads took: 0.0000213 seconds
2019-03-20T16:13:30.399+0600: 6.911: Total time for which application threads were stopped: 0.0000953 seconds, Stopping threads took: 0.0000686 seconds
2019-03-20T16:13:30.401+0600: 6.912: Total time for which application threads were stopped: 0.0000888 seconds, Stopping threads took: 0.0000387 seconds
2019-03-20T16:13:30.401+0600: 6.913: Total time for which application threads were stopped: 0.0001678 seconds, Stopping threads took: 0.0001244 seconds
2019-03-20T16:13:30.401+0600: 6.913: Total time for which application threads were stopped: 0.0000565 seconds, Stopping threads took: 0.0000236 seconds
2019-03-20T16:13:30.402+0600: 6.913: Total time for which application threads were stopped: 0.0001138 seconds, Stopping threads took: 0.0000847 seconds
2019-03-20T16:13:30.402+0600: 6.913: Total time for which application threads were stopped: 0.0000619 seconds, Stopping threads took: 0.0000259 seconds
2019-03-20T16:13:30.402+0600: 6.914: Total time for which application threads were stopped: 0.0000505 seconds, Stopping threads took: 0.0000210 seconds
2019-03-20T16:13:30.402+0600: 6.914: Total time for which application threads were stopped: 0.0000573 seconds, Stopping threads took: 0.0000291 seconds
2019-03-20T16:13:30.402+0600: 6.914: Total time for which application threads were stopped: 0.0000659 seconds, Stopping threads took: 0.0000300 seconds
2019-03-20T16:13:30.402+0600: 6.914: Total time for which application threads were stopped: 0.0000728 seconds, Stopping threads took: 0.0000354 seconds
2019-03-20T16:13:30.402+0600: 6.914: Total time for which application threads were stopped: 0.0000535 seconds, Stopping threads took: 0.0000180 seconds
2019-03-20T16:13:30.402+0600: 6.914: Total time for which application threads were stopped: 0.0000376 seconds, Stopping threads took: 0.0000080 seconds
2019-03-20T16:13:30.402+0600: 6.914: Total time for which application threads were stopped: 0.0000542 seconds, Stopping threads took: 0.0000186 seconds
2019-03-20T16:13:30.402+0600: 6.914: Total time for which application threads were stopped: 0.0000370 seconds, Stopping threads took: 0.0000076 seconds
2019-03-20T16:13:30.402+0600: 6.914: Total time for which application threads were stopped: 0.0000600 seconds, Stopping threads took: 0.0000233 seconds
2019-03-20T16:13:30.402+0600: 6.914: Total time for which application threads were stopped: 0.0000552 seconds, Stopping threads took: 0.0000200 seconds
2019-03-20T16:13:30.403+0600: 6.914: Total time for which application threads were stopped: 0.0000723 seconds, Stopping threads took: 0.0000164 seconds
2019-03-20T16:13:30.403+0600: 6.915: Total time for which application threads were stopped: 0.0002519 seconds, Stopping threads took: 0.0002089 seconds
2019-03-20T16:13:30.644+0600: 7.156: Total time for which application threads were stopped: 0.0001214 seconds, Stopping threads took: 0.0000135 seconds
2019-03-20T16:13:30.669+0600: 7.181: Total time for which application threads were stopped: 0.0001101 seconds, Stopping threads took: 0.0000303 seconds
2019-03-20T16:13:30.696+0600: 7.207: Total time for which application threads were stopped: 0.0001139 seconds, Stopping threads took: 0.0000175 seconds
2019-03-20T16:13:31.490+0600: 8.002: Total time for which application threads were stopped: 0.0003507 seconds, Stopping threads took: 0.0000161 seconds
2019-03-20T16:13:31.500+0600: 8.012: Total time for which application threads were stopped: 0.0002103 seconds, Stopping threads took: 0.0000111 seconds
2019-03-20T16:13:31.501+0600: 8.013: Total time for which application threads were stopped: 0.0002653 seconds, Stopping threads took: 0.0000116 seconds
2019-03-20T16:13:31.516+0600: 8.028: Total time for which application threads were stopped: 0.0000494 seconds, Stopping threads took: 0.0000107 seconds
2019-03-20T16:13:31.520+0600: 8.032: Total time for which application threads were stopped: 0.0000784 seconds, Stopping threads took: 0.0000135 seconds
2019-03-20T16:13:31.541+0600: 8.053: Total time for which application threads were stopped: 0.0000653 seconds, Stopping threads took: 0.0000133 seconds
2019-03-20T16:13:31.552+0600: 8.064: Total time for which application threads were stopped: 0.0002403 seconds, Stopping threads took: 0.0000113 seconds
2019-03-20T16:13:31.580+0600: 8.092: Total time for which application threads were stopped: 0.0000719 seconds, Stopping threads took: 0.0000134 seconds
{Heap before GC invocations=1 (full 0):
 par new generation   total 109248K, used 99221K [0x00000007a0000000, 0x00000007a8000000, 0x00000007a8000000)
  eden space 87424K, 100% used [0x00000007a0000000, 0x00000007a5560000, 0x00000007a5560000)
  from space 21824K,  54% used [0x00000007a6ab0000, 0x00000007a7635660, 0x00000007a8000000)
  to   space 21824K,   0% used [0x00000007a5560000, 0x00000007a5560000, 0x00000007a6ab0000)
 concurrent mark-sweep generation total 393216K, used 0K [0x00000007a8000000, 0x00000007c0000000, 0x00000007c0000000)
 Metaspace       used 22603K, capacity 23030K, committed 23212K, reserved 1069056K
  class space    used 2713K, capacity 2854K, committed 2916K, reserved 1048576K
2019-03-20T16:13:31.606+0600: 8.118: [GC (Allocation Failure) 2019-03-20T16:13:31.606+0600: 8.118: [ParNew
Desired survivor size 20112992 bytes, new threshold 8 (max 8)
- age   1:    3300760 bytes,    3300760 total
- age   2:    5465360 bytes,    8766120 total
: 99221K->12300K(109248K), 0.0127826 secs] 99221K->12300K(502464K), 0.0128722 secs] [Times: user=0.03 sys=0.01, real=0.01 secs] 
Heap after GC invocations=2 (full 0):
 par new generation   total 109248K, used 12300K [0x00000007a0000000, 0x00000007a8000000, 0x00000007a8000000)
  eden space 87424K,   0% used [0x00000007a0000000, 0x00000007a0000000, 0x00000007a5560000)
  from space 21824K,  56% used [0x00000007a5560000, 0x00000007a6163028, 0x00000007a6ab0000)
  to   space 21824K,   0% used [0x00000007a6ab0000, 0x00000007a6ab0000, 0x00000007a8000000)
 concurrent mark-sweep generation total 393216K, used 0K [0x00000007a8000000, 0x00000007c0000000, 0x00000007c0000000)
 Metaspace       used 22603K, capacity 23030K, committed 23212K, reserved 1069056K
  class space    used 2713K, capacity 2854K, committed 2916K, reserved 1048576K
}
2019-03-20T16:13:31.619+0600: 8.131: Total time for which application threads were stopped: 0.0130014 seconds, Stopping threads took: 0.0000112 seconds
2019-03-20T16:13:31.620+0600: 8.132: [GC (CMS Initial Mark) [1 CMS-initial-mark: 0K(393216K)] 15750K(502464K), 0.0037475 secs] [Times: user=0.01 sys=0.00, real=0.00 secs] 
2019-03-20T16:13:31.623+0600: 8.135: Total time for which application threads were stopped: 0.0038693 seconds, Stopping threads took: 0.0000242 seconds
2019-03-20T16:13:31.623+0600: 8.135: [CMS-concurrent-mark-start]
2019-03-20T16:13:31.624+0600: 8.136: [CMS-concurrent-mark: 0.001/0.001 secs] [Times: user=0.00 sys=0.00, real=0.00 secs] 
2019-03-20T16:13:31.624+0600: 8.136: [CMS-concurrent-preclean-start]
2019-03-20T16:13:31.625+0600: 8.137: [CMS-concurrent-preclean: 0.001/0.001 secs] [Times: user=0.00 sys=0.00, real=0.00 secs] 
2019-03-20T16:13:31.625+0600: 8.137: [CMS-concurrent-abortable-preclean-start]
2019-03-20T16:13:31.644+0600: 8.155: Total time for which application threads were stopped: 0.0000494 seconds, Stopping threads took: 0.0000095 seconds
2019-03-20T16:13:31.649+0600: 8.161: Total time for which application threads were stopped: 0.0000828 seconds, Stopping threads took: 0.0000211 seconds
2019-03-20T16:13:31.649+0600: 8.161: Total time for which application threads were stopped: 0.0000901 seconds, Stopping threads took: 0.0000334 seconds
2019-03-20T16:13:31.650+0600: 8.161: Total time for which application threads were stopped: 0.0000561 seconds, Stopping threads took: 0.0000135 seconds
2019-03-20T16:13:31.650+0600: 8.161: Total time for which application threads were stopped: 0.0000391 seconds, Stopping threads took: 0.0000057 seconds
2019-03-20T16:13:31.650+0600: 8.162: Total time for which application threads were stopped: 0.0000343 seconds, Stopping threads took: 0.0000054 seconds
2019-03-20T16:13:31.650+0600: 8.162: Total time for which application threads were stopped: 0.0000350 seconds, Stopping threads took: 0.0000054 seconds
2019-03-20T16:13:31.650+0600: 8.162: Total time for which application threads were stopped: 0.0000337 seconds, Stopping threads took: 0.0000052 seconds
2019-03-20T16:13:31.650+0600: 8.162: Total time for which application threads were stopped: 0.0000998 seconds, Stopping threads took: 0.0000636 seconds
2019-03-20T16:13:31.650+0600: 8.162: Total time for which application threads were stopped: 0.0000520 seconds, Stopping threads took: 0.0000150 seconds
2019-03-20T16:13:31.650+0600: 8.162: Total time for which application threads were stopped: 0.0000657 seconds, Stopping threads took: 0.0000344 seconds
2019-03-20T16:13:31.650+0600: 8.162: Total time for which application threads were stopped: 0.0000431 seconds, Stopping threads took: 0.0000081 seconds
2019-03-20T16:13:31.650+0600: 8.162: Total time for which application threads were stopped: 0.0000426 seconds, Stopping threads took: 0.0000073 seconds
2019-03-20T16:13:31.651+0600: 8.162: Total time for which application threads were stopped: 0.0000527 seconds, Stopping threads took: 0.0000201 seconds
2019-03-20T16:13:31.651+0600: 8.163: Total time for which application threads were stopped: 0.0000525 seconds, Stopping threads took: 0.0000171 seconds
2019-03-20T16:13:31.651+0600: 8.163: Total time for which application threads were stopped: 0.0000525 seconds, Stopping threads took: 0.0000165 seconds
2019-03-20T16:13:31.651+0600: 8.163: Total time for which application threads were stopped: 0.0000405 seconds, Stopping threads took: 0.0000061 seconds
2019-03-20T16:13:31.651+0600: 8.163: Total time for which application threads were stopped: 0.0000373 seconds, Stopping threads took: 0.0000058 seconds
2019-03-20T16:13:31.651+0600: 8.163: Total time for which application threads were stopped: 0.0000610 seconds, Stopping threads took: 0.0000249 seconds
2019-03-20T16:13:31.651+0600: 8.163: Total time for which application threads were stopped: 0.0000405 seconds, Stopping threads took: 0.0000061 seconds
2019-03-20T16:13:31.651+0600: 8.163: Total time for which application threads were stopped: 0.0000370 seconds, Stopping threads took: 0.0000056 seconds
2019-03-20T16:13:31.651+0600: 8.163: Total time for which application threads were stopped: 0.0000749 seconds, Stopping threads took: 0.0000191 seconds
2019-03-20T16:13:31.652+0600: 8.163: Total time for which application threads were stopped: 0.0000455 seconds, Stopping threads took: 0.0000063 seconds
2019-03-20T16:13:31.652+0600: 8.164: Total time for which application threads were stopped: 0.0000442 seconds, Stopping threads took: 0.0000063 seconds
2019-03-20T16:13:31.652+0600: 8.164: Total time for which application threads were stopped: 0.0000388 seconds, Stopping threads took: 0.0000058 seconds
2019-03-20T16:13:31.652+0600: 8.164: Total time for which application threads were stopped: 0.0000583 seconds, Stopping threads took: 0.0000211 seconds
2019-03-20T16:13:31.652+0600: 8.164: Total time for which application threads were stopped: 0.0000424 seconds, Stopping threads took: 0.0000064 seconds
2019-03-20T16:13:31.652+0600: 8.164: Total time for which application threads were stopped: 0.0000380 seconds, Stopping threads took: 0.0000051 seconds
2019-03-20T16:13:31.652+0600: 8.164: Total time for which application threads were stopped: 0.0000376 seconds, Stopping threads took: 0.0000069 seconds
2019-03-20T16:13:31.652+0600: 8.164: Total time for which application threads were stopped: 0.0000422 seconds, Stopping threads took: 0.0000063 seconds
2019-03-20T16:13:31.653+0600: 8.165: Total time for which application threads were stopped: 0.0000443 seconds, Stopping threads took: 0.0000062 seconds
2019-03-20T16:13:31.653+0600: 8.165: Total time for which application threads were stopped: 0.0000378 seconds, Stopping threads took: 0.0000057 seconds
2019-03-20T16:13:31.654+0600: 8.166: Total time for which application threads were stopped: 0.0000631 seconds, Stopping threads took: 0.0000316 seconds
2019-03-20T16:13:31.654+0600: 8.166: Total time for which application threads were stopped: 0.0000862 seconds, Stopping threads took: 0.0000581 seconds
2019-03-20T16:13:31.654+0600: 8.166: Total time for which application threads were stopped: 0.0000420 seconds, Stopping threads took: 0.0000157 seconds
2019-03-20T16:13:31.654+0600: 8.166: Total time for which application threads were stopped: 0.0000336 seconds, Stopping threads took: 0.0000078 seconds
2019-03-20T16:13:31.654+0600: 8.166: Total time for which application threads were stopped: 0.0000319 seconds, Stopping threads took: 0.0000066 seconds
2019-03-20T16:13:31.654+0600: 8.166: Total time for which application threads were stopped: 0.0000412 seconds, Stopping threads took: 0.0000159 seconds
2019-03-20T16:13:31.654+0600: 8.166: Total time for which application threads were stopped: 0.0000371 seconds, Stopping threads took: 0.0000154 seconds
2019-03-20T16:13:31.654+0600: 8.166: Total time for which application threads were stopped: 0.0000261 seconds, Stopping threads took: 0.0000055 seconds
2019-03-20T16:13:31.655+0600: 8.166: Total time for which application threads were stopped: 0.0000252 seconds, Stopping threads took: 0.0000047 seconds
2019-03-20T16:13:31.655+0600: 8.166: Total time for which application threads were stopped: 0.0000266 seconds, Stopping threads took: 0.0000055 seconds
2019-03-20T16:13:31.655+0600: 8.167: Total time for which application threads were stopped: 0.0000473 seconds, Stopping threads took: 0.0000200 seconds
2019-03-20T16:13:31.655+0600: 8.167: Total time for which application threads were stopped: 0.0000280 seconds, Stopping threads took: 0.0000062 seconds
2019-03-20T16:13:31.655+0600: 8.167: Total time for which application threads were stopped: 0.0000243 seconds, Stopping threads took: 0.0000052 seconds
2019-03-20T16:13:31.655+0600: 8.167: Total time for which application threads were stopped: 0.0000246 seconds, Stopping threads took: 0.0000051 seconds
2019-03-20T16:13:31.655+0600: 8.167: Total time for which application threads were stopped: 0.0000344 seconds, Stopping threads took: 0.0000145 seconds
2019-03-20T16:13:31.655+0600: 8.167: Total time for which application threads were stopped: 0.0000245 seconds, Stopping threads took: 0.0000049 seconds
2019-03-20T16:13:31.655+0600: 8.167: Total time for which application threads were stopped: 0.0000246 seconds, Stopping threads took: 0.0000053 seconds
2019-03-20T16:13:31.655+0600: 8.167: Total time for which application threads were stopped: 0.0000244 seconds, Stopping threads took: 0.0000053 seconds
2019-03-20T16:13:31.655+0600: 8.167: Total time for which application threads were stopped: 0.0000239 seconds, Stopping threads took: 0.0000051 seconds
2019-03-20T16:13:31.655+0600: 8.167: Total time for which application threads were stopped: 0.0000645 seconds, Stopping threads took: 0.0000053 seconds
2019-03-20T16:13:31.677+0600: 8.189: Total time for which application threads were stopped: 0.0000685 seconds, Stopping threads took: 0.0000120 seconds
2019-03-20T16:13:31.689+0600: 8.201: Total time for which application threads were stopped: 0.0004262 seconds, Stopping threads took: 0.0000128 seconds
2019-03-20T16:13:31.699+0600: 8.211: Total time for which application threads were stopped: 0.0000752 seconds, Stopping threads took: 0.0000129 seconds
2019-03-20T16:13:31.734+0600: 8.246: Total time for which application threads were stopped: 0.0000940 seconds, Stopping threads took: 0.0000160 seconds
2019-03-20T16:13:31.747+0600: 8.258: Total time for which application threads were stopped: 0.0001020 seconds, Stopping threads took: 0.0000163 seconds
2019-03-20T16:13:31.775+0600: 8.287: Total time for which application threads were stopped: 0.0003633 seconds, Stopping threads took: 0.0000144 seconds
2019-03-20T16:13:31.860+0600: 8.372: Total time for which application threads were stopped: 0.0000882 seconds, Stopping threads took: 0.0000149 seconds
2019-03-20T16:13:31.940+0600: 8.452: Total time for which application threads were stopped: 0.0000867 seconds, Stopping threads took: 0.0000156 seconds
2019-03-20T16:13:32.002+0600: 8.514: Total time for which application threads were stopped: 0.0002392 seconds, Stopping threads took: 0.0000162 seconds
2019-03-20T16:13:32.052+0600: 8.564: Total time for which application threads were stopped: 0.0000758 seconds, Stopping threads took: 0.0000255 seconds
2019-03-20T16:13:32.123+0600: 8.635: Total time for which application threads were stopped: 0.0002614 seconds, Stopping threads took: 0.0001954 seconds
2019-03-20T16:13:32.152+0600: 8.664: Total time for which application threads were stopped: 0.0000655 seconds, Stopping threads took: 0.0000146 seconds
2019-03-20T16:13:32.152+0600: 8.664: Total time for which application threads were stopped: 0.0000968 seconds, Stopping threads took: 0.0000488 seconds
2019-03-20T16:13:32.180+0600: 8.691: Total time for which application threads were stopped: 0.0000957 seconds, Stopping threads took: 0.0000142 seconds
2019-03-20T16:13:32.232+0600: 8.744: Total time for which application threads were stopped: 0.0001992 seconds, Stopping threads took: 0.0000382 seconds
2019-03-20T16:13:32.247+0600: 8.759: Total time for which application threads were stopped: 0.0000950 seconds, Stopping threads took: 0.0000182 seconds
2019-03-20T16:13:32.259+0600: 8.771: Total time for which application threads were stopped: 0.0001000 seconds, Stopping threads took: 0.0000293 seconds
2019-03-20T16:13:32.260+0600: 8.771: Total time for which application threads were stopped: 0.0000612 seconds, Stopping threads took: 0.0000089 seconds
2019-03-20T16:13:32.260+0600: 8.772: Total time for which application threads were stopped: 0.0000665 seconds, Stopping threads took: 0.0000104 seconds
2019-03-20T16:13:32.260+0600: 8.772: Total time for which application threads were stopped: 0.0000430 seconds, Stopping threads took: 0.0000073 seconds
2019-03-20T16:13:32.261+0600: 8.773: Total time for which application threads were stopped: 0.0000858 seconds, Stopping threads took: 0.0000125 seconds
2019-03-20T16:13:32.261+0600: 8.773: Total time for which application threads were stopped: 0.0000650 seconds, Stopping threads took: 0.0000101 seconds
2019-03-20T16:13:32.261+0600: 8.773: Total time for which application threads were stopped: 0.0000527 seconds, Stopping threads took: 0.0000088 seconds
2019-03-20T16:13:32.261+0600: 8.773: Total time for which application threads were stopped: 0.0001064 seconds, Stopping threads took: 0.0000079 seconds
2019-03-20T16:13:32.262+0600: 8.774: Total time for which application threads were stopped: 0.0001959 seconds, Stopping threads took: 0.0000433 seconds
2019-03-20T16:13:32.262+0600: 8.774: Total time for which application threads were stopped: 0.0002475 seconds, Stopping threads took: 0.0000343 seconds
2019-03-20T16:13:32.263+0600: 8.775: Total time for which application threads were stopped: 0.0001775 seconds, Stopping threads took: 0.0000330 seconds
2019-03-20T16:13:32.263+0600: 8.775: Total time for which application threads were stopped: 0.0000744 seconds, Stopping threads took: 0.0000163 seconds
2019-03-20T16:13:32.263+0600: 8.775: Total time for which application threads were stopped: 0.0000985 seconds, Stopping threads took: 0.0000162 seconds
2019-03-20T16:13:32.264+0600: 8.775: Total time for which application threads were stopped: 0.0000847 seconds, Stopping threads took: 0.0000131 seconds
2019-03-20T16:13:32.265+0600: 8.777: Total time for which application threads were stopped: 0.0002238 seconds, Stopping threads took: 0.0000094 seconds
2019-03-20T16:13:32.272+0600: 8.784: Total time for which application threads were stopped: 0.0002872 seconds, Stopping threads took: 0.0000464 seconds
2019-03-20T16:13:32.273+0600: 8.785: Total time for which application threads were stopped: 0.0000723 seconds, Stopping threads took: 0.0000095 seconds
2019-03-20T16:13:32.273+0600: 8.785: Total time for which application threads were stopped: 0.0000603 seconds, Stopping threads took: 0.0000091 seconds
2019-03-20T16:13:32.273+0600: 8.785: Total time for which application threads were stopped: 0.0000585 seconds, Stopping threads took: 0.0000082 seconds
2019-03-20T16:13:32.273+0600: 8.785: Total time for which application threads were stopped: 0.0001036 seconds, Stopping threads took: 0.0000080 seconds
2019-03-20T16:13:32.273+0600: 8.785: Total time for which application threads were stopped: 0.0000612 seconds, Stopping threads took: 0.0000078 seconds
2019-03-20T16:13:32.273+0600: 8.785: Total time for which application threads were stopped: 0.0000644 seconds, Stopping threads took: 0.0000143 seconds
2019-03-20T16:13:32.273+0600: 8.785: Total time for which application threads were stopped: 0.0000594 seconds, Stopping threads took: 0.0000072 seconds
2019-03-20T16:13:32.273+0600: 8.785: Total time for which application threads were stopped: 0.0000823 seconds, Stopping threads took: 0.0000074 seconds
2019-03-20T16:13:32.274+0600: 8.785: Total time for which application threads were stopped: 0.0001265 seconds, Stopping threads took: 0.0000078 seconds
2019-03-20T16:13:32.279+0600: 8.791: Total time for which application threads were stopped: 0.0011739 seconds, Stopping threads took: 0.0000283 seconds
2019-03-20T16:13:32.764+0600: 9.276: Total time for which application threads were stopped: 0.0004411 seconds, Stopping threads took: 0.0001603 seconds
2019-03-20T16:13:32.770+0600: 9.282: Total time for which application threads were stopped: 0.0000500 seconds, Stopping threads took: 0.0000116 seconds
2019-03-20T16:13:32.771+0600: 9.283: Total time for which application threads were stopped: 0.0000579 seconds, Stopping threads took: 0.0000104 seconds
2019-03-20T16:13:32.773+0600: 9.285: Total time for which application threads were stopped: 0.0000517 seconds, Stopping threads took: 0.0000091 seconds
2019-03-20T16:13:32.777+0600: 9.289: Total time for which application threads were stopped: 0.0000530 seconds, Stopping threads took: 0.0000123 seconds
2019-03-20T16:13:33.779+0600: 10.291: Total time for which application threads were stopped: 0.0000655 seconds, Stopping threads took: 0.0000212 seconds
2019-03-20T16:13:37.296+0600: 13.807: Total time for which application threads were stopped: 0.0000924 seconds, Stopping threads took: 0.0000201 seconds
2019-03-20T16:13:37.306+0600: 13.818: Total time for which application threads were stopped: 0.0000665 seconds, Stopping threads took: 0.0000150 seconds
2019-03-20T16:13:37.316+0600: 13.828: Total time for which application threads were stopped: 0.0000674 seconds, Stopping threads took: 0.0000150 seconds
2019-03-20T16:13:37.316+0600: 13.828: [CMS-concurrent-abortable-preclean: 1.719/5.691 secs] [Times: user=2.57 sys=0.09, real=5.69 secs] 
2019-03-20T16:13:37.317+0600: 13.828: [GC (CMS Final Remark) [YG occupancy: 58528 K (109248 K)]{Heap before GC invocations=2 (full 1):
 par new generation   total 109248K, used 58528K [0x00000007a0000000, 0x00000007a8000000, 0x00000007a8000000)
  eden space 87424K,  52% used [0x00000007a0000000, 0x00000007a2d25318, 0x00000007a5560000)
  from space 21824K,  56% used [0x00000007a5560000, 0x00000007a6163028, 0x00000007a6ab0000)
  to   space 21824K,   0% used [0x00000007a6ab0000, 0x00000007a6ab0000, 0x00000007a8000000)
 concurrent mark-sweep generation total 393216K, used 0K [0x00000007a8000000, 0x00000007c0000000, 0x00000007c0000000)
 Metaspace       used 26048K, capacity 26614K, committed 26864K, reserved 1073152K
  class space    used 3144K, capacity 3333K, committed 3376K, reserved 1048576K
2019-03-20T16:13:37.317+0600: 13.828: [GC (CMS Final Remark) 2019-03-20T16:13:37.317+0600: 13.828: [ParNew
Desired survivor size 20112992 bytes, new threshold 8 (max 8)
- age   1:    4423984 bytes,    4423984 total
- age   2:     734784 bytes,    5158768 total
- age   3:    5458632 bytes,   10617400 total
: 58528K->12417K(109248K), 0.0087845 secs] 58528K->12417K(502464K), 0.0088353 secs] [Times: user=0.03 sys=0.00, real=0.01 secs] 
Heap after GC invocations=3 (full 1):
 par new generation   total 109248K, used 12417K [0x00000007a0000000, 0x00000007a8000000, 0x00000007a8000000)
  eden space 87424K,   0% used [0x00000007a0000000, 0x00000007a0000000, 0x00000007a5560000)
  from space 21824K,  56% used [0x00000007a6ab0000, 0x00000007a76d06a0, 0x00000007a8000000)
  to   space 21824K,   0% used [0x00000007a5560000, 0x00000007a5560000, 0x00000007a6ab0000)
 concurrent mark-sweep generation total 393216K, used 0K [0x00000007a8000000, 0x00000007c0000000, 0x00000007c0000000)
 Metaspace       used 26048K, capacity 26614K, committed 26864K, reserved 1073152K
  class space    used 3144K, capacity 3333K, committed 3376K, reserved 1048576K
}
2019-03-20T16:13:37.325+0600: 13.837: [Rescan (parallel) , 0.0028646 secs]2019-03-20T16:13:37.328+0600: 13.840: [weak refs processing, 0.0006870 secs]2019-03-20T16:13:37.329+0600: 13.841: [class unloading, 0.0035411 secs]2019-03-20T16:13:37.333+0600: 13.844: [scrub symbol table, 0.0051137 secs]2019-03-20T16:13:37.338+0600: 13.850: [scrub string table, 0.0002822 secs][1 CMS-remark: 0K(393216K)] 12417K(502464K), 0.0220924 secs] [Times: user=0.06 sys=0.00, real=0.02 secs] 
2019-03-20T16:13:37.339+0600: 13.851: Total time for which application threads were stopped: 0.0223462 seconds, Stopping threads took: 0.0001845 seconds
2019-03-20T16:13:37.339+0600: 13.851: [CMS-concurrent-sweep-start]
2019-03-20T16:13:37.339+0600: 13.851: [CMS-concurrent-sweep: 0.000/0.000 secs] [Times: user=0.00 sys=0.00, real=0.00 secs] 
2019-03-20T16:13:37.339+0600: 13.851: [CMS-concurrent-reset-start]
2019-03-20T16:13:37.340+0600: 13.852: Total time for which application threads were stopped: 0.0001087 seconds, Stopping threads took: 0.0000302 seconds
2019-03-20T16:13:37.341+0600: 13.853: Total time for which application threads were stopped: 0.0001127 seconds, Stopping threads took: 0.0000507 seconds
2019-03-20T16:13:37.342+0600: 13.854: Total time for which application threads were stopped: 0.0001299 seconds, Stopping threads took: 0.0000702 seconds
2019-03-20T16:13:37.343+0600: 13.855: Total time for which application threads were stopped: 0.0000706 seconds, Stopping threads took: 0.0000144 seconds
2019-03-20T16:13:37.344+0600: 13.855: Total time for which application threads were stopped: 0.0000779 seconds, Stopping threads took: 0.0000236 seconds
2019-03-20T16:13:37.344+0600: 13.855: [CMS-concurrent-reset: 0.004/0.005 secs] [Times: user=0.00 sys=0.00, real=0.01 secs] 
2019-03-20T16:13:37.344+0600: 13.856: Total time for which application threads were stopped: 0.0001005 seconds, Stopping threads took: 0.0000563 seconds
2019-03-20T16:13:37.344+0600: 13.856: Total time for which application threads were stopped: 0.0000509 seconds, Stopping threads took: 0.0000211 seconds
2019-03-20T16:13:37.344+0600: 13.856: Total time for which application threads were stopped: 0.0000480 seconds, Stopping threads took: 0.0000185 seconds
2019-03-20T16:13:37.344+0600: 13.856: Total time for which application threads were stopped: 0.0000429 seconds, Stopping threads took: 0.0000087 seconds
2019-03-20T16:13:37.344+0600: 13.856: Total time for which application threads were stopped: 0.0000397 seconds, Stopping threads took: 0.0000077 seconds
2019-03-20T16:13:37.344+0600: 13.856: Total time for which application threads were stopped: 0.0000708 seconds, Stopping threads took: 0.0000357 seconds
2019-03-20T16:13:37.345+0600: 13.856: Total time for which application threads were stopped: 0.0000623 seconds, Stopping threads took: 0.0000085 seconds
2019-03-20T16:13:37.352+0600: 13.864: Total time for which application threads were stopped: 0.0001134 seconds, Stopping threads took: 0.0000142 seconds
2019-03-20T16:13:37.357+0600: 13.869: Total time for which application threads were stopped: 0.0000841 seconds, Stopping threads took: 0.0000241 seconds
2019-03-20T16:13:37.357+0600: 13.869: Total time for which application threads were stopped: 0.0000453 seconds, Stopping threads took: 0.0000083 seconds
2019-03-20T16:13:37.357+0600: 13.869: Total time for which application threads were stopped: 0.0000400 seconds, Stopping threads took: 0.0000101 seconds
2019-03-20T16:13:37.370+0600: 13.882: Total time for which application threads were stopped: 0.0000635 seconds, Stopping threads took: 0.0000143 seconds
2019-03-20T16:13:37.372+0600: 13.884: Total time for which application threads were stopped: 0.0000578 seconds, Stopping threads took: 0.0000106 seconds
2019-03-20T16:13:37.379+0600: 13.891: Total time for which application threads were stopped: 0.0000698 seconds, Stopping threads took: 0.0000140 seconds
2019-03-20T16:13:37.379+0600: 13.891: Total time for which application threads were stopped: 0.0000535 seconds, Stopping threads took: 0.0000074 seconds
2019-03-20T16:13:37.379+0600: 13.891: Total time for which application threads were stopped: 0.0000597 seconds, Stopping threads took: 0.0000098 seconds
2019-03-20T16:13:37.380+0600: 13.891: Total time for which application threads were stopped: 0.0000455 seconds, Stopping threads took: 0.0000079 seconds
2019-03-20T16:13:37.380+0600: 13.892: Total time for which application threads were stopped: 0.0000787 seconds, Stopping threads took: 0.0000200 seconds
2019-03-20T16:13:37.380+0600: 13.892: Total time for which application threads were stopped: 0.0001504 seconds, Stopping threads took: 0.0000761 seconds
2019-03-20T16:13:37.380+0600: 13.892: Total time for which application threads were stopped: 0.0001104 seconds, Stopping threads took: 0.0000313 seconds
2019-03-20T16:13:37.381+0600: 13.892: Total time for which application threads were stopped: 0.0000483 seconds, Stopping threads took: 0.0000092 seconds
2019-03-20T16:13:38.381+0600: 14.893: Total time for which application threads were stopped: 0.0000948 seconds, Stopping threads took: 0.0000263 seconds
2019-03-20T16:13:42.311+0600: 18.823: Total time for which application threads were stopped: 0.0000661 seconds, Stopping threads took: 0.0000174 seconds
2019-03-20T16:13:42.314+0600: 18.826: Total time for which application threads were stopped: 0.0000569 seconds, Stopping threads took: 0.0000131 seconds
2019-03-20T16:13:47.344+0600: 23.856: Total time for which application threads were stopped: 0.0000696 seconds, Stopping threads took: 0.0000137 seconds
2019-03-20T16:13:47.346+0600: 23.858: Total time for which application threads were stopped: 0.0000491 seconds, Stopping threads took: 0.0000114 seconds
2019-03-20T16:13:47.346+0600: 23.858: Total time for which application threads were stopped: 0.0000331 seconds, Stopping threads took: 0.0000068 seconds
2019-03-20T16:13:47.352+0600: 23.864: Total time for which application threads were stopped: 0.0000708 seconds, Stopping threads took: 0.0000159 seconds
2019-03-20T16:13:47.352+0600: 23.864: Total time for which application threads were stopped: 0.0000470 seconds, Stopping threads took: 0.0000093 seconds
2019-03-20T16:13:47.352+0600: 23.864: Total time for which application threads were stopped: 0.0002291 seconds, Stopping threads took: 0.0001987 seconds
2019-03-20T16:13:47.353+0600: 23.865: Total time for which application threads were stopped: 0.0000447 seconds, Stopping threads took: 0.0000083 seconds
2019-03-20T16:13:47.354+0600: 23.866: Total time for which application threads were stopped: 0.0002336 seconds, Stopping threads took: 0.0001882 seconds
2019-03-20T16:13:47.357+0600: 23.869: Total time for which application threads were stopped: 0.0000864 seconds, Stopping threads took: 0.0000149 seconds
2019-03-20T16:13:47.359+0600: 23.871: Total time for which application threads were stopped: 0.0000507 seconds, Stopping threads took: 0.0000113 seconds
2019-03-20T16:13:47.360+0600: 23.871: Total time for which application threads were stopped: 0.0000435 seconds, Stopping threads took: 0.0000083 seconds
2019-03-20T16:13:47.365+0600: 23.877: Total time for which application threads were stopped: 0.0000587 seconds, Stopping threads took: 0.0000153 seconds
2019-03-20T16:13:47.366+0600: 23.878: Total time for which application threads were stopped: 0.0000475 seconds, Stopping threads took: 0.0000121 seconds
2019-03-20T16:13:47.367+0600: 23.879: Total time for which application threads were stopped: 0.0000749 seconds, Stopping threads took: 0.0000141 seconds
2019-03-20T16:13:47.368+0600: 23.880: Total time for which application threads were stopped: 0.0000672 seconds, Stopping threads took: 0.0000250 seconds
2019-03-20T16:13:47.368+0600: 23.880: Total time for which application threads were stopped: 0.0000571 seconds, Stopping threads took: 0.0000295 seconds
2019-03-20T16:13:47.371+0600: 23.883: Total time for which application threads were stopped: 0.0000641 seconds, Stopping threads took: 0.0000134 seconds
2019-03-20T16:13:47.371+0600: 23.883: Total time for which application threads were stopped: 0.0000469 seconds, Stopping threads took: 0.0000112 seconds
2019-03-20T16:13:47.373+0600: 23.885: Total time for which application threads were stopped: 0.0000528 seconds, Stopping threads took: 0.0000142 seconds
2019-03-20T16:13:47.380+0600: 23.892: Total time for which application threads were stopped: 0.0000639 seconds, Stopping threads took: 0.0000159 seconds
2019-03-20T16:13:47.382+0600: 23.894: Total time for which application threads were stopped: 0.0000589 seconds, Stopping threads took: 0.0000136 seconds
2019-03-20T16:13:47.382+0600: 23.894: Total time for which application threads were stopped: 0.0000354 seconds, Stopping threads took: 0.0000066 seconds
2019-03-20T16:13:47.382+0600: 23.894: Total time for which application threads were stopped: 0.0000422 seconds, Stopping threads took: 0.0000067 seconds
2019-03-20T16:13:47.383+0600: 23.895: Total time for which application threads were stopped: 0.0000493 seconds, Stopping threads took: 0.0000096 seconds
2019-03-20T16:13:47.389+0600: 23.900: Total time for which application threads were stopped: 0.0000584 seconds, Stopping threads took: 0.0000188 seconds
2019-03-20T16:13:47.389+0600: 23.901: Total time for which application threads were stopped: 0.0000373 seconds, Stopping threads took: 0.0000092 seconds
2019-03-20T16:13:47.390+0600: 23.902: Total time for which application threads were stopped: 0.0000636 seconds, Stopping threads took: 0.0000162 seconds
2019-03-20T16:13:47.391+0600: 23.902: Total time for which application threads were stopped: 0.0000675 seconds, Stopping threads took: 0.0000102 seconds
2019-03-20T16:13:47.392+0600: 23.904: Total time for which application threads were stopped: 0.0000681 seconds, Stopping threads took: 0.0000263 seconds
2019-03-20T16:13:47.393+0600: 23.905: Total time for which application threads were stopped: 0.0000715 seconds, Stopping threads took: 0.0000250 seconds
2019-03-20T16:13:47.396+0600: 23.907: Total time for which application threads were stopped: 0.0000837 seconds, Stopping threads took: 0.0000149 seconds
2019-03-20T16:13:47.414+0600: 23.926: Total time for which application threads were stopped: 0.0002051 seconds, Stopping threads took: 0.0000176 seconds
2019-03-20T16:13:47.416+0600: 23.928: Total time for which application threads were stopped: 0.0000541 seconds, Stopping threads took: 0.0000148 seconds
2019-03-20T16:13:47.432+0600: 23.944: Total time for which application threads were stopped: 0.0000867 seconds, Stopping threads took: 0.0000161 seconds
2019-03-20T16:13:47.443+0600: 23.954: Total time for which application threads were stopped: 0.0000590 seconds, Stopping threads took: 0.0000159 seconds
2019-03-20T16:13:47.443+0600: 23.955: Total time for which application threads were stopped: 0.0001310 seconds, Stopping threads took: 0.0000230 seconds
2019-03-20T16:13:47.444+0600: 23.956: Total time for which application threads were stopped: 0.0000571 seconds, Stopping threads took: 0.0000146 seconds
2019-03-20T16:13:47.451+0600: 23.963: Total time for which application threads were stopped: 0.0000659 seconds, Stopping threads took: 0.0000185 seconds
2019-03-20T16:13:47.626+0600: 24.138: Total time for which application threads were stopped: 0.0001936 seconds, Stopping threads took: 0.0000188 seconds
2019-03-20T16:13:47.639+0600: 24.150: Total time for which application threads were stopped: 0.0000678 seconds, Stopping threads took: 0.0000152 seconds
2019-03-20T16:13:47.640+0600: 24.151: Total time for which application threads were stopped: 0.0000812 seconds, Stopping threads took: 0.0000385 seconds
2019-03-20T16:13:47.675+0600: 24.187: Total time for which application threads were stopped: 0.0004660 seconds, Stopping threads took: 0.0000170 seconds
2019-03-20T16:13:47.683+0600: 24.194: Total time for which application threads were stopped: 0.0000936 seconds, Stopping threads took: 0.0000318 seconds
2019-03-20T16:13:47.684+0600: 24.196: Total time for which application threads were stopped: 0.0000585 seconds, Stopping threads took: 0.0000116 seconds
2019-03-20T16:13:47.685+0600: 24.196: Total time for which application threads were stopped: 0.0000928 seconds, Stopping threads took: 0.0000452 seconds
2019-03-20T16:13:47.685+0600: 24.197: Total time for which application threads were stopped: 0.0000442 seconds, Stopping threads took: 0.0000095 seconds
2019-03-20T16:13:47.685+0600: 24.197: Total time for which application threads were stopped: 0.0000368 seconds, Stopping threads took: 0.0000096 seconds
2019-03-20T16:13:47.685+0600: 24.197: Total time for which application threads were stopped: 0.0000518 seconds, Stopping threads took: 0.0000068 seconds
2019-03-20T16:13:47.736+0600: 24.248: Total time for which application threads were stopped: 0.0001194 seconds, Stopping threads took: 0.0000418 seconds
2019-03-20T16:13:47.737+0600: 24.248: Total time for which application threads were stopped: 0.0001093 seconds, Stopping threads took: 0.0000500 seconds
2019-03-20T16:13:47.737+0600: 24.249: Total time for which application threads were stopped: 0.0000713 seconds, Stopping threads took: 0.0000263 seconds
2019-03-20T16:13:47.737+0600: 24.249: Total time for which application threads were stopped: 0.0000798 seconds, Stopping threads took: 0.0000377 seconds
2019-03-20T16:13:47.737+0600: 24.249: Total time for which application threads were stopped: 0.0000778 seconds, Stopping threads took: 0.0000320 seconds
2019-03-20T16:13:47.738+0600: 24.250: Total time for which application threads were stopped: 0.0001164 seconds, Stopping threads took: 0.0000405 seconds
2019-03-20T16:13:47.738+0600: 24.250: Total time for which application threads were stopped: 0.0000858 seconds, Stopping threads took: 0.0000202 seconds
2019-03-20T16:13:47.738+0600: 24.250: Total time for which application threads were stopped: 0.0002151 seconds, Stopping threads took: 0.0001460 seconds
2019-03-20T16:13:47.739+0600: 24.250: Total time for which application threads were stopped: 0.0000984 seconds, Stopping threads took: 0.0000472 seconds
2019-03-20T16:13:47.741+0600: 24.252: Total time for which application threads were stopped: 0.0001573 seconds, Stopping threads took: 0.0000324 seconds
2019-03-20T16:13:47.741+0600: 24.252: Total time for which application threads were stopped: 0.0000879 seconds, Stopping threads took: 0.0000395 seconds
2019-03-20T16:13:47.741+0600: 24.253: Total time for which application threads were stopped: 0.0000711 seconds, Stopping threads took: 0.0000334 seconds
2019-03-20T16:13:47.743+0600: 24.254: Total time for which application threads were stopped: 0.0001316 seconds, Stopping threads took: 0.0000607 seconds
2019-03-20T16:13:47.743+0600: 24.254: Total time for which application threads were stopped: 0.0001326 seconds, Stopping threads took: 0.0000801 seconds
2019-03-20T16:13:47.743+0600: 24.255: Total time for which application threads were stopped: 0.0003825 seconds, Stopping threads took: 0.0003218 seconds
2019-03-20T16:13:47.745+0600: 24.257: Total time for which application threads were stopped: 0.0001342 seconds, Stopping threads took: 0.0000522 seconds
2019-03-20T16:13:47.755+0600: 24.267: Total time for which application threads were stopped: 0.0001249 seconds, Stopping threads took: 0.0000465 seconds
2019-03-20T16:13:47.769+0600: 24.280: Total time for which application threads were stopped: 0.0002781 seconds, Stopping threads took: 0.0001516 seconds
2019-03-20T16:13:47.772+0600: 24.283: Total time for which application threads were stopped: 0.0001214 seconds, Stopping threads took: 0.0000449 seconds
2019-03-20T16:13:47.773+0600: 24.284: Total time for which application threads were stopped: 0.0003058 seconds, Stopping threads took: 0.0002145 seconds
2019-03-20T16:13:47.773+0600: 24.285: Total time for which application threads were stopped: 0.0003143 seconds, Stopping threads took: 0.0002471 seconds
2019-03-20T16:13:47.799+0600: 24.311: Total time for which application threads were stopped: 0.0001073 seconds, Stopping threads took: 0.0000173 seconds
2019-03-20T16:13:47.812+0600: 24.324: Total time for which application threads were stopped: 0.0002494 seconds, Stopping threads took: 0.0001591 seconds
2019-03-20T16:13:47.813+0600: 24.325: Total time for which application threads were stopped: 0.0000839 seconds, Stopping threads took: 0.0000261 seconds
2019-03-20T16:13:47.838+0600: 24.349: Total time for which application threads were stopped: 0.0003663 seconds, Stopping threads took: 0.0000447 seconds
2019-03-20T16:13:47.867+0600: 24.379: Total time for which application threads were stopped: 0.0005504 seconds, Stopping threads took: 0.0004486 seconds
2019-03-20T16:13:47.874+0600: 24.385: Total time for which application threads were stopped: 0.0000842 seconds, Stopping threads took: 0.0000269 seconds
2019-03-20T16:13:48.879+0600: 25.390: Total time for which application threads were stopped: 0.0002444 seconds, Stopping threads took: 0.0000674 seconds
2019-03-20T16:13:48.879+0600: 25.391: Total time for which application threads were stopped: 0.0001539 seconds, Stopping threads took: 0.0000521 seconds
2019-03-20T16:13:48.879+0600: 25.391: Total time for which application threads were stopped: 0.0001145 seconds, Stopping threads took: 0.0000183 seconds
2019-03-20T16:13:48.879+0600: 25.391: Total time for which application threads were stopped: 0.0001441 seconds, Stopping threads took: 0.0000367 seconds
2019-03-20T16:13:49.880+0600: 26.392: Total time for which application threads were stopped: 0.0001357 seconds, Stopping threads took: 0.0000457 seconds
2019-03-20T16:13:52.881+0600: 29.393: Total time for which application threads were stopped: 0.0001680 seconds, Stopping threads took: 0.0000852 seconds
{Heap before GC invocations=3 (full 1):
 par new generation   total 109248K, used 99841K [0x00000007a0000000, 0x00000007a8000000, 0x00000007a8000000)
  eden space 87424K, 100% used [0x00000007a0000000, 0x00000007a5560000, 0x00000007a5560000)
  from space 21824K,  56% used [0x00000007a6ab0000, 0x00000007a76d06a0, 0x00000007a8000000)
  to   space 21824K,   0% used [0x00000007a5560000, 0x00000007a5560000, 0x00000007a6ab0000)
 concurrent mark-sweep generation total 393216K, used 0K [0x00000007a8000000, 0x00000007c0000000, 0x00000007c0000000)
 Metaspace       used 30286K, capacity 31210K, committed 31408K, reserved 1077248K
  class space    used 3643K, capacity 3905K, committed 4016K, reserved 1048576K
2019-03-20T16:13:52.903+0600: 29.414: [GC (Allocation Failure) 2019-03-20T16:13:52.903+0600: 29.414: [ParNew
Desired survivor size 20112992 bytes, new threshold 8 (max 8)
- age   1:    5196496 bytes,    5196496 total
- age   2:    2614080 bytes,    7810576 total
- age   3:     711552 bytes,    8522128 total
- age   4:    5419144 bytes,   13941272 total
: 99841K->18035K(109248K), 0.0171399 secs] 99841K->18035K(502464K), 0.0172026 secs] [Times: user=0.04 sys=0.01, real=0.02 secs] 
Heap after GC invocations=4 (full 1):
 par new generation   total 109248K, used 18035K [0x00000007a0000000, 0x00000007a8000000, 0x00000007a8000000)
  eden space 87424K,   0% used [0x00000007a0000000, 0x00000007a0000000, 0x00000007a5560000)
  from space 21824K,  82% used [0x00000007a5560000, 0x00000007a66fcf00, 0x00000007a6ab0000)
  to   space 21824K,   0% used [0x00000007a6ab0000, 0x00000007a6ab0000, 0x00000007a8000000)
 concurrent mark-sweep generation total 393216K, used 0K [0x00000007a8000000, 0x00000007c0000000, 0x00000007c0000000)
 Metaspace       used 30286K, capacity 31210K, committed 31408K, reserved 1077248K
  class space    used 3643K, capacity 3905K, committed 4016K, reserved 1048576K
}
2019-03-20T16:13:52.920+0600: 29.431: Total time for which application threads were stopped: 0.0174589 seconds, Stopping threads took: 0.0000260 seconds
2019-03-20T16:13:52.921+0600: 29.433: Total time for which application threads were stopped: 0.0002891 seconds, Stopping threads took: 0.0000405 seconds
2019-03-20T16:13:53.053+0600: 29.565: Total time for which application threads were stopped: 0.0001461 seconds, Stopping threads took: 0.0000358 seconds
2019-03-20T16:13:53.129+0600: 29.641: Total time for which application threads were stopped: 0.0001010 seconds, Stopping threads took: 0.0000187 seconds
2019-03-20T16:13:53.129+0600: 29.641: Total time for which application threads were stopped: 0.0000736 seconds, Stopping threads took: 0.0000199 seconds
2019-03-20T16:13:54.130+0600: 30.642: Total time for which application threads were stopped: 0.0001660 seconds, Stopping threads took: 0.0000357 seconds
2019-03-20T16:13:55.526+0600: 32.038: Total time for which application threads were stopped: 0.0004283 seconds, Stopping threads took: 0.0000229 seconds
2019-03-20T16:13:55.569+0600: 32.080: Total time for which application threads were stopped: 0.0000895 seconds, Stopping threads took: 0.0000209 seconds
2019-03-20T16:13:55.572+0600: 32.084: Total time for which application threads were stopped: 0.0000835 seconds, Stopping threads took: 0.0000141 seconds
2019-03-20T16:13:55.572+0600: 32.084: Total time for which application threads were stopped: 0.0000501 seconds, Stopping threads took: 0.0000082 seconds
2019-03-20T16:13:55.572+0600: 32.084: Total time for which application threads were stopped: 0.0000402 seconds, Stopping threads took: 0.0000067 seconds
2019-03-20T16:13:55.572+0600: 32.084: Total time for which application threads were stopped: 0.0000407 seconds, Stopping threads took: 0.0000065 seconds
2019-03-20T16:13:55.579+0600: 32.090: Total time for which application threads were stopped: 0.0000764 seconds, Stopping threads took: 0.0000158 seconds
2019-03-20T16:13:55.579+0600: 32.090: Total time for which application threads were stopped: 0.0000460 seconds, Stopping threads took: 0.0000073 seconds
2019-03-20T16:13:55.579+0600: 32.090: Total time for which application threads were stopped: 0.0000377 seconds, Stopping threads took: 0.0000062 seconds
2019-03-20T16:13:55.579+0600: 32.091: Total time for which application threads were stopped: 0.0000397 seconds, Stopping threads took: 0.0000061 seconds
2019-03-20T16:13:55.598+0600: 32.109: Total time for which application threads were stopped: 0.0000742 seconds, Stopping threads took: 0.0000153 seconds
2019-03-20T16:13:55.598+0600: 32.109: Total time for which application threads were stopped: 0.0000444 seconds, Stopping threads took: 0.0000073 seconds
2019-03-20T16:13:55.598+0600: 32.109: Total time for which application threads were stopped: 0.0000464 seconds, Stopping threads took: 0.0000065 seconds
2019-03-20T16:13:55.598+0600: 32.110: Total time for which application threads were stopped: 0.0000376 seconds, Stopping threads took: 0.0000065 seconds
2019-03-20T16:13:55.598+0600: 32.110: Total time for which application threads were stopped: 0.0000376 seconds, Stopping threads took: 0.0000063 seconds
2019-03-20T16:13:55.598+0600: 32.110: Total time for which application threads were stopped: 0.0000370 seconds, Stopping threads took: 0.0000063 seconds
2019-03-20T16:13:55.598+0600: 32.111: Total time for which application threads were stopped: 0.0008792 seconds, Stopping threads took: 0.0000068 seconds
2019-03-20T16:13:55.599+0600: 32.111: Total time for which application threads were stopped: 0.0000972 seconds, Stopping threads took: 0.0000198 seconds
2019-03-20T16:13:55.600+0600: 32.111: Total time for which application threads were stopped: 0.0000719 seconds, Stopping threads took: 0.0000123 seconds
2019-03-20T16:13:55.600+0600: 32.111: Total time for which application threads were stopped: 0.0000661 seconds, Stopping threads took: 0.0000113 seconds
2019-03-20T16:13:55.600+0600: 32.112: Total time for which application threads were stopped: 0.0000656 seconds, Stopping threads took: 0.0000113 seconds
2019-03-20T16:13:55.600+0600: 32.112: Total time for which application threads were stopped: 0.0000656 seconds, Stopping threads took: 0.0000114 seconds
2019-03-20T16:13:55.600+0600: 32.112: Total time for which application threads were stopped: 0.0000589 seconds, Stopping threads took: 0.0000110 seconds
2019-03-20T16:13:55.600+0600: 32.112: Total time for which application threads were stopped: 0.0000560 seconds, Stopping threads took: 0.0000107 seconds
2019-03-20T16:13:55.601+0600: 32.113: Total time for which application threads were stopped: 0.0000760 seconds, Stopping threads took: 0.0000231 seconds
2019-03-20T16:13:55.601+0600: 32.113: Total time for which application threads were stopped: 0.0000582 seconds, Stopping threads took: 0.0000114 seconds
2019-03-20T16:13:55.617+0600: 32.128: Total time for which application threads were stopped: 0.0003685 seconds, Stopping threads took: 0.0000160 seconds
2019-03-20T16:13:55.617+0600: 32.129: Total time for which application threads were stopped: 0.0002653 seconds, Stopping threads took: 0.0000097 seconds
2019-03-20T16:13:55.618+0600: 32.130: Total time for which application threads were stopped: 0.0000929 seconds, Stopping threads took: 0.0000346 seconds
2019-03-20T16:13:55.618+0600: 32.130: Total time for which application threads were stopped: 0.0000866 seconds, Stopping threads took: 0.0000222 seconds
2019-03-20T16:13:55.618+0600: 32.130: Total time for which application threads were stopped: 0.0000708 seconds, Stopping threads took: 0.0000281 seconds
2019-03-20T16:13:55.629+0600: 32.140: Total time for which application threads were stopped: 0.0001032 seconds, Stopping threads took: 0.0000348 seconds
2019-03-20T16:13:55.629+0600: 32.140: Total time for which application threads were stopped: 0.0000922 seconds, Stopping threads took: 0.0000283 seconds
2019-03-20T16:13:55.631+0600: 32.143: Total time for which application threads were stopped: 0.0000788 seconds, Stopping threads took: 0.0000153 seconds
2019-03-20T16:13:55.631+0600: 32.143: Total time for which application threads were stopped: 0.0000531 seconds, Stopping threads took: 0.0000082 seconds
2019-03-20T16:13:55.631+0600: 32.143: Total time for which application threads were stopped: 0.0000448 seconds, Stopping threads took: 0.0000077 seconds
2019-03-20T16:13:55.631+0600: 32.143: Total time for which application threads were stopped: 0.0000409 seconds, Stopping threads took: 0.0000062 seconds
2019-03-20T16:13:55.634+0600: 32.145: Total time for which application threads were stopped: 0.0000540 seconds, Stopping threads took: 0.0000091 seconds
2019-03-20T16:13:55.634+0600: 32.145: Total time for which application threads were stopped: 0.0000439 seconds, Stopping threads took: 0.0000068 seconds
2019-03-20T16:13:55.634+0600: 32.146: Total time for which application threads were stopped: 0.0000389 seconds, Stopping threads took: 0.0000067 seconds
2019-03-20T16:13:55.634+0600: 32.146: Total time for which application threads were stopped: 0.0000572 seconds, Stopping threads took: 0.0000111 seconds
2019-03-20T16:13:55.662+0600: 32.174: Total time for which application threads were stopped: 0.0001434 seconds, Stopping threads took: 0.0000319 seconds
2019-03-20T16:13:55.662+0600: 32.174: Total time for which application threads were stopped: 0.0000711 seconds, Stopping threads took: 0.0000229 seconds
2019-03-20T16:13:55.662+0600: 32.174: Total time for which application threads were stopped: 0.0000927 seconds, Stopping threads took: 0.0000305 seconds
2019-03-20T16:13:55.662+0600: 32.174: Total time for which application threads were stopped: 0.0000643 seconds, Stopping threads took: 0.0000256 seconds
2019-03-20T16:13:55.663+0600: 32.174: Total time for which application threads were stopped: 0.0000721 seconds, Stopping threads took: 0.0000270 seconds
2019-03-20T16:13:55.663+0600: 32.174: Total time for which application threads were stopped: 0.0000637 seconds, Stopping threads took: 0.0000258 seconds
2019-03-20T16:13:56.665+0600: 33.176: Total time for which application threads were stopped: 0.0001058 seconds, Stopping threads took: 0.0000276 seconds
2019-03-20T16:14:00.676+0600: 37.187: Total time for which application threads were stopped: 0.0001428 seconds, Stopping threads took: 0.0000270 seconds
2019-03-20T16:14:05.680+0600: 42.192: Total time for which application threads were stopped: 0.0001757 seconds, Stopping threads took: 0.0000647 seconds
2019-03-20T16:14:06.680+0600: 43.192: Total time for which application threads were stopped: 0.0001492 seconds, Stopping threads took: 0.0000417 seconds
2019-03-20T16:14:07.581+0600: 44.093: Total time for which application threads were stopped: 0.0001162 seconds, Stopping threads took: 0.0000217 seconds
2019-03-20T16:14:07.581+0600: 44.093: Total time for which application threads were stopped: 0.0000887 seconds, Stopping threads took: 0.0000247 seconds
2019-03-20T16:14:08.583+0600: 45.095: Total time for which application threads were stopped: 0.0001813 seconds, Stopping threads took: 0.0000404 seconds
2019-03-20T16:14:13.535+0600: 50.047: Total time for which application threads were stopped: 0.0000918 seconds, Stopping threads took: 0.0000233 seconds
2019-03-20T16:14:13.649+0600: 50.160: Total time for which application threads were stopped: 0.0001338 seconds, Stopping threads took: 0.0000246 seconds
2019-03-20T16:14:13.937+0600: 50.449: Total time for which application threads were stopped: 0.0001317 seconds, Stopping threads took: 0.0000253 seconds
2019-03-20T16:14:14.938+0600: 51.449: Total time for which application threads were stopped: 0.0003713 seconds, Stopping threads took: 0.0001049 seconds
2019-03-20T16:14:15.938+0600: 52.450: Total time for which application threads were stopped: 0.0001420 seconds, Stopping threads took: 0.0000506 seconds
2019-03-20T16:14:16.942+0600: 53.454: Total time for which application threads were stopped: 0.0002599 seconds, Stopping threads took: 0.0000872 seconds
2019-03-20T16:14:18.948+0600: 55.459: Total time for which application threads were stopped: 0.0001168 seconds, Stopping threads took: 0.0000298 seconds
2019-03-20T16:14:19.948+0600: 56.460: Total time for which application threads were stopped: 0.0001479 seconds, Stopping threads took: 0.0000429 seconds
2019-03-20T16:14:23.950+0600: 60.462: Total time for which application threads were stopped: 0.0001422 seconds, Stopping threads took: 0.0000399 seconds
2019-03-20T16:14:25.951+0600: 62.462: Total time for which application threads were stopped: 0.0001017 seconds, Stopping threads took: 0.0000274 seconds
2019-03-20T16:14:26.951+0600: 63.462: Total time for which application threads were stopped: 0.0001494 seconds, Stopping threads took: 0.0000572 seconds
2019-03-20T16:14:35.976+0600: 72.487: Total time for which application threads were stopped: 0.0002002 seconds, Stopping threads took: 0.0000516 seconds
2019-03-20T16:14:40.980+0600: 77.491: Total time for which application threads were stopped: 0.0002802 seconds, Stopping threads took: 0.0000535 seconds
2019-03-20T16:14:50.895+0600: 87.406: Total time for which application threads were stopped: 0.0002028 seconds, Stopping threads took: 0.0000741 seconds
2019-03-20T16:14:50.895+0600: 87.406: Total time for which application threads were stopped: 0.0001019 seconds, Stopping threads took: 0.0000181 seconds
2019-03-20T16:14:50.895+0600: 87.407: Total time for which application threads were stopped: 0.0000883 seconds, Stopping threads took: 0.0000295 seconds
2019-03-20T16:14:50.897+0600: 87.408: Total time for which application threads were stopped: 0.0001028 seconds, Stopping threads took: 0.0000376 seconds
2019-03-20T16:14:50.897+0600: 87.408: Total time for which application threads were stopped: 0.0000837 seconds, Stopping threads took: 0.0000325 seconds
2019-03-20T16:14:50.897+0600: 87.408: Total time for which application threads were stopped: 0.0000791 seconds, Stopping threads took: 0.0000248 seconds
2019-03-20T16:14:51.903+0600: 88.414: Total time for which application threads were stopped: 0.0001917 seconds, Stopping threads took: 0.0000543 seconds
2019-03-20T16:14:52.959+0600: 89.470: Total time for which application threads were stopped: 0.0000958 seconds, Stopping threads took: 0.0000211 seconds
2019-03-20T16:14:52.959+0600: 89.470: Total time for which application threads were stopped: 0.0000584 seconds, Stopping threads took: 0.0000092 seconds
2019-03-20T16:14:52.959+0600: 89.470: Total time for which application threads were stopped: 0.0000452 seconds, Stopping threads took: 0.0000073 seconds
2019-03-20T16:14:52.959+0600: 89.470: Total time for which application threads were stopped: 0.0000504 seconds, Stopping threads took: 0.0000081 seconds
2019-03-20T16:14:52.968+0600: 89.479: Total time for which application threads were stopped: 0.0004822 seconds, Stopping threads took: 0.0000264 seconds
2019-03-20T16:14:53.002+0600: 89.513: Total time for which application threads were stopped: 0.0005024 seconds, Stopping threads took: 0.0000252 seconds
2019-03-20T16:14:53.009+0600: 89.520: Total time for which application threads were stopped: 0.0001265 seconds, Stopping threads took: 0.0000262 seconds
2019-03-20T16:14:53.009+0600: 89.520: Total time for which application threads were stopped: 0.0001178 seconds, Stopping threads took: 0.0000177 seconds
2019-03-20T16:14:53.017+0600: 89.528: Total time for which application threads were stopped: 0.0005461 seconds, Stopping threads took: 0.0000261 seconds
2019-03-20T16:14:53.054+0600: 89.565: Total time for which application threads were stopped: 0.0001039 seconds, Stopping threads took: 0.0000210 seconds
2019-03-20T16:14:53.055+0600: 89.566: Total time for which application threads were stopped: 0.0001210 seconds, Stopping threads took: 0.0000784 seconds
2019-03-20T16:14:53.055+0600: 89.566: Total time for which application threads were stopped: 0.0000624 seconds, Stopping threads took: 0.0000219 seconds
2019-03-20T16:14:53.055+0600: 89.566: Total time for which application threads were stopped: 0.0000484 seconds, Stopping threads took: 0.0000076 seconds
2019-03-20T16:14:54.055+0600: 90.566: Total time for which application threads were stopped: 0.0001132 seconds, Stopping threads took: 0.0000312 seconds
2019-03-20T16:14:55.630+0600: 92.142: Total time for which application threads were stopped: 0.0003302 seconds, Stopping threads took: 0.0000933 seconds
2019-03-20T16:14:56.634+0600: 93.145: Total time for which application threads were stopped: 0.0001621 seconds, Stopping threads took: 0.0000361 seconds
2019-03-20T16:15:02.642+0600: 99.153: Total time for which application threads were stopped: 0.0001625 seconds, Stopping threads took: 0.0000308 seconds
2019-03-20T16:15:12.671+0600: 109.181: Total time for which application threads were stopped: 0.0001692 seconds, Stopping threads took: 0.0000465 seconds
2019-03-20T16:15:13.671+0600: 110.182: Total time for which application threads were stopped: 0.0001868 seconds, Stopping threads took: 0.0000369 seconds
2019-03-20T16:15:24.701+0600: 121.212: Total time for which application threads were stopped: 0.0002193 seconds, Stopping threads took: 0.0000516 seconds
2019-03-20T16:15:27.704+0600: 124.215: Total time for which application threads were stopped: 0.0002324 seconds, Stopping threads took: 0.0000499 seconds
2019-03-20T16:15:33.575+0600: 130.086: Total time for which application threads were stopped: 0.0001267 seconds, Stopping threads took: 0.0000269 seconds
2019-03-20T16:15:33.575+0600: 130.086: Total time for which application threads were stopped: 0.0001074 seconds, Stopping threads took: 0.0000296 seconds
2019-03-20T16:15:33.588+0600: 130.099: Total time for which application threads were stopped: 0.0001397 seconds, Stopping threads took: 0.0000454 seconds
2019-03-20T16:15:33.589+0600: 130.099: Total time for which application threads were stopped: 0.0000871 seconds, Stopping threads took: 0.0000219 seconds
2019-03-20T16:15:33.617+0600: 130.128: Total time for which application threads were stopped: 0.0001165 seconds, Stopping threads took: 0.0000215 seconds
2019-03-20T16:15:33.640+0600: 130.150: Total time for which application threads were stopped: 0.0000989 seconds, Stopping threads took: 0.0000228 seconds
2019-03-20T16:15:33.641+0600: 130.151: Total time for which application threads were stopped: 0.0000816 seconds, Stopping threads took: 0.0000185 seconds
2019-03-20T16:15:33.662+0600: 130.173: Total time for which application threads were stopped: 0.0001040 seconds, Stopping threads took: 0.0000218 seconds
2019-03-20T16:15:33.787+0600: 130.298: Total time for which application threads were stopped: 0.0002593 seconds, Stopping threads took: 0.0000247 seconds
2019-03-20T16:15:33.790+0600: 130.300: Total time for which application threads were stopped: 0.0000913 seconds, Stopping threads took: 0.0000225 seconds
2019-03-20T16:15:33.913+0600: 130.423: Total time for which application threads were stopped: 0.0001102 seconds, Stopping threads took: 0.0000227 seconds
2019-03-20T16:15:33.949+0600: 130.459: Total time for which application threads were stopped: 0.0001040 seconds, Stopping threads took: 0.0000198 seconds
2019-03-20T16:15:33.949+0600: 130.460: Total time for which application threads were stopped: 0.0001649 seconds, Stopping threads took: 0.0000876 seconds
2019-03-20T16:15:33.954+0600: 130.465: Total time for which application threads were stopped: 0.0000887 seconds, Stopping threads took: 0.0000186 seconds
2019-03-20T16:15:33.954+0600: 130.465: Total time for which application threads were stopped: 0.0000766 seconds, Stopping threads took: 0.0000184 seconds
2019-03-20T16:15:33.958+0600: 130.468: Total time for which application threads were stopped: 0.0000961 seconds, Stopping threads took: 0.0000196 seconds
2019-03-20T16:15:33.960+0600: 130.471: Total time for which application threads were stopped: 0.0001493 seconds, Stopping threads took: 0.0000429 seconds
2019-03-20T16:15:33.969+0600: 130.480: Total time for which application threads were stopped: 0.0001484 seconds, Stopping threads took: 0.0000534 seconds
2019-03-20T16:15:33.970+0600: 130.481: Total time for which application threads were stopped: 0.0000974 seconds, Stopping threads took: 0.0000204 seconds
2019-03-20T16:15:34.082+0600: 130.593: Total time for which application threads were stopped: 0.0001898 seconds, Stopping threads took: 0.0000676 seconds
2019-03-20T16:15:34.204+0600: 130.715: Total time for which application threads were stopped: 0.0001543 seconds, Stopping threads took: 0.0000381 seconds
2019-03-20T16:15:34.207+0600: 130.717: Total time for which application threads were stopped: 0.0000982 seconds, Stopping threads took: 0.0000186 seconds
2019-03-20T16:15:34.207+0600: 130.717: Total time for which application threads were stopped: 0.0000657 seconds, Stopping threads took: 0.0000098 seconds
2019-03-20T16:15:34.207+0600: 130.717: Total time for which application threads were stopped: 0.0000782 seconds, Stopping threads took: 0.0000143 seconds
2019-03-20T16:15:34.207+0600: 130.718: Total time for which application threads were stopped: 0.0000610 seconds, Stopping threads took: 0.0000096 seconds
2019-03-20T16:15:34.307+0600: 130.818: Total time for which application threads were stopped: 0.0002709 seconds, Stopping threads took: 0.0000397 seconds
2019-03-20T16:15:34.307+0600: 130.818: Total time for which application threads were stopped: 0.0001157 seconds, Stopping threads took: 0.0000379 seconds
2019-03-20T16:15:34.308+0600: 130.819: Total time for which application threads were stopped: 0.0001763 seconds, Stopping threads took: 0.0001029 seconds
{Heap before GC invocations=4 (full 1):
 par new generation   total 109248K, used 105459K [0x00000007a0000000, 0x00000007a8000000, 0x00000007a8000000)
  eden space 87424K, 100% used [0x00000007a0000000, 0x00000007a5560000, 0x00000007a5560000)
  from space 21824K,  82% used [0x00000007a5560000, 0x00000007a66fcf00, 0x00000007a6ab0000)
  to   space 21824K,   0% used [0x00000007a6ab0000, 0x00000007a6ab0000, 0x00000007a8000000)
 concurrent mark-sweep generation total 393216K, used 0K [0x00000007a8000000, 0x00000007c0000000, 0x00000007c0000000)
 Metaspace       used 34914K, capacity 36118K, committed 36272K, reserved 1081344K
  class space    used 4226K, capacity 4517K, committed 4528K, reserved 1048576K
2019-03-20T16:15:34.309+0600: 130.820: [GC (Allocation Failure) 2019-03-20T16:15:34.310+0600: 130.820: [ParNew
Desired survivor size 20112992 bytes, new threshold 8 (max 8)
- age   1:    6523880 bytes,    6523880 total
- age   2:    1581304 bytes,    8105184 total
- age   3:    2606608 bytes,   10711792 total
- age   4:     707184 bytes,   11418976 total
- age   5:    5321296 bytes,   16740272 total
: 105459K->18735K(109248K), 0.0187504 secs] 105459K->18735K(502464K), 0.0188347 secs] [Times: user=0.06 sys=0.01, real=0.02 secs] 
Heap after GC invocations=5 (full 1):
 par new generation   total 109248K, used 18735K [0x00000007a0000000, 0x00000007a8000000, 0x00000007a8000000)
  eden space 87424K,   0% used [0x00000007a0000000, 0x00000007a0000000, 0x00000007a5560000)
  from space 21824K,  85% used [0x00000007a6ab0000, 0x00000007a7cfbc70, 0x00000007a8000000)
  to   space 21824K,   0% used [0x00000007a5560000, 0x00000007a5560000, 0x00000007a6ab0000)
 concurrent mark-sweep generation total 393216K, used 0K [0x00000007a8000000, 0x00000007c0000000, 0x00000007c0000000)
 Metaspace       used 34914K, capacity 36118K, committed 36272K, reserved 1081344K
  class space    used 4226K, capacity 4517K, committed 4528K, reserved 1048576K
}
2019-03-20T16:15:34.328+0600: 130.839: Total time for which application threads were stopped: 0.0191051 seconds, Stopping threads took: 0.0000495 seconds
2019-03-20T16:15:34.329+0600: 130.840: Total time for which application threads were stopped: 0.0001674 seconds, Stopping threads took: 0.0000922 seconds
2019-03-20T16:15:34.330+0600: 130.840: Total time for which application threads were stopped: 0.0001001 seconds, Stopping threads took: 0.0000452 seconds
2019-03-20T16:15:34.336+0600: 130.847: Total time for which application threads were stopped: 0.0001449 seconds, Stopping threads took: 0.0000326 seconds
2019-03-20T16:15:34.337+0600: 130.847: Total time for which application threads were stopped: 0.0001299 seconds, Stopping threads took: 0.0000507 seconds
2019-03-20T16:15:34.337+0600: 130.848: Total time for which application threads were stopped: 0.0000887 seconds, Stopping threads took: 0.0000285 seconds
2019-03-20T16:15:34.337+0600: 130.848: Total time for which application threads were stopped: 0.0000989 seconds, Stopping threads took: 0.0000378 seconds
2019-03-20T16:15:34.340+0600: 130.851: Total time for which application threads were stopped: 0.0001591 seconds, Stopping threads took: 0.0000832 seconds
2019-03-20T16:15:34.345+0600: 130.855: Total time for which application threads were stopped: 0.0001587 seconds, Stopping threads took: 0.0000508 seconds
2019-03-20T16:15:34.345+0600: 130.856: Total time for which application threads were stopped: 0.0001189 seconds, Stopping threads took: 0.0000208 seconds
2019-03-20T16:15:34.346+0600: 130.857: Total time for which application threads were stopped: 0.0001561 seconds, Stopping threads took: 0.0000375 seconds
2019-03-20T16:15:34.349+0600: 130.859: Total time for which application threads were stopped: 0.0001457 seconds, Stopping threads took: 0.0000249 seconds
2019-03-20T16:15:34.351+0600: 130.861: Total time for which application threads were stopped: 0.0001434 seconds, Stopping threads took: 0.0000357 seconds
2019-03-20T16:15:34.469+0600: 130.979: Total time for which application threads were stopped: 0.0001833 seconds, Stopping threads took: 0.0000372 seconds
2019-03-20T16:15:34.469+0600: 130.979: Total time for which application threads were stopped: 0.0001053 seconds, Stopping threads took: 0.0000144 seconds
2019-03-20T16:15:34.469+0600: 130.980: Total time for which application threads were stopped: 0.0000918 seconds, Stopping threads took: 0.0000128 seconds
2019-03-20T16:15:34.469+0600: 130.980: Total time for which application threads were stopped: 0.0000878 seconds, Stopping threads took: 0.0000119 seconds
2019-03-20T16:15:35.359+0600: 131.870: Total time for which application threads were stopped: 0.0001721 seconds, Stopping threads took: 0.0000335 seconds
2019-03-20T16:15:35.359+0600: 131.870: Total time for which application threads were stopped: 0.0000994 seconds, Stopping threads took: 0.0000138 seconds
2019-03-20T16:15:35.359+0600: 131.870: Total time for which application threads were stopped: 0.0000856 seconds, Stopping threads took: 0.0000114 seconds
2019-03-20T16:15:35.359+0600: 131.870: Total time for which application threads were stopped: 0.0000791 seconds, Stopping threads took: 0.0000106 seconds
2019-03-20T16:15:35.386+0600: 131.897: Total time for which application threads were stopped: 0.0001787 seconds, Stopping threads took: 0.0000415 seconds
2019-03-20T16:15:35.387+0600: 131.897: Total time for which application threads were stopped: 0.0002211 seconds, Stopping threads took: 0.0000626 seconds
2019-03-20T16:15:35.387+0600: 131.898: Total time for which application threads were stopped: 0.0001615 seconds, Stopping threads took: 0.0000615 seconds
2019-03-20T16:15:35.388+0600: 131.898: Total time for which application threads were stopped: 0.0001144 seconds, Stopping threads took: 0.0000163 seconds
2019-03-20T16:15:35.452+0600: 131.963: Total time for which application threads were stopped: 0.0005947 seconds, Stopping threads took: 0.0000291 seconds
2019-03-20T16:15:35.457+0600: 131.968: Total time for which application threads were stopped: 0.0001572 seconds, Stopping threads took: 0.0000284 seconds
2019-03-20T16:15:35.461+0600: 131.971: Total time for which application threads were stopped: 0.0001741 seconds, Stopping threads took: 0.0000286 seconds
2019-03-20T16:15:35.461+0600: 131.972: Total time for which application threads were stopped: 0.0001211 seconds, Stopping threads took: 0.0000176 seconds
2019-03-20T16:15:35.462+0600: 131.973: Total time for which application threads were stopped: 0.0001506 seconds, Stopping threads took: 0.0000266 seconds
2019-03-20T16:15:35.486+0600: 131.996: Total time for which application threads were stopped: 0.0004408 seconds, Stopping threads took: 0.0000552 seconds
2019-03-20T16:15:35.486+0600: 131.996: Total time for which application threads were stopped: 0.0001123 seconds, Stopping threads took: 0.0000158 seconds
2019-03-20T16:15:35.486+0600: 131.996: Total time for which application threads were stopped: 0.0000914 seconds, Stopping threads took: 0.0000110 seconds
2019-03-20T16:15:35.486+0600: 131.997: Total time for which application threads were stopped: 0.0001037 seconds, Stopping threads took: 0.0000224 seconds
2019-03-20T16:15:35.490+0600: 132.001: Total time for which application threads were stopped: 0.0001678 seconds, Stopping threads took: 0.0000530 seconds
2019-03-20T16:15:35.490+0600: 132.001: Total time for which application threads were stopped: 0.0000879 seconds, Stopping threads took: 0.0000103 seconds
2019-03-20T16:15:35.491+0600: 132.002: Total time for which application threads were stopped: 0.0001395 seconds, Stopping threads took: 0.0000123 seconds
2019-03-20T16:15:35.495+0600: 132.005: Total time for which application threads were stopped: 0.0004330 seconds, Stopping threads took: 0.0000606 seconds
2019-03-20T16:15:35.495+0600: 132.006: Total time for which application threads were stopped: 0.0003311 seconds, Stopping threads took: 0.0000232 seconds
2019-03-20T16:15:35.497+0600: 132.007: Total time for which application threads were stopped: 0.0009783 seconds, Stopping threads took: 0.0000700 seconds
2019-03-20T16:15:35.501+0600: 132.011: Total time for which application threads were stopped: 0.0013696 seconds, Stopping threads took: 0.0011351 seconds
2019-03-20T16:15:35.501+0600: 132.011: Total time for which application threads were stopped: 0.0001438 seconds, Stopping threads took: 0.0000295 seconds
2019-03-20T16:15:35.501+0600: 132.012: Total time for which application threads were stopped: 0.0003053 seconds, Stopping threads took: 0.0001103 seconds
2019-03-20T16:15:35.502+0600: 132.013: Total time for which application threads were stopped: 0.0001328 seconds, Stopping threads took: 0.0000138 seconds
2019-03-20T16:15:35.502+0600: 132.013: Total time for which application threads were stopped: 0.0003207 seconds, Stopping threads took: 0.0000344 seconds
2019-03-20T16:15:35.502+0600: 132.013: Total time for which application threads were stopped: 0.0001190 seconds, Stopping threads took: 0.0000114 seconds
2019-03-20T16:15:35.503+0600: 132.014: Total time for which application threads were stopped: 0.0001606 seconds, Stopping threads took: 0.0000289 seconds
2019-03-20T16:15:35.503+0600: 132.014: Total time for which application threads were stopped: 0.0001269 seconds, Stopping threads took: 0.0000215 seconds
2019-03-20T16:15:35.503+0600: 132.014: Total time for which application threads were stopped: 0.0001411 seconds, Stopping threads took: 0.0000456 seconds
2019-03-20T16:15:35.504+0600: 132.014: Total time for which application threads were stopped: 0.0001220 seconds, Stopping threads took: 0.0000129 seconds
2019-03-20T16:15:35.504+0600: 132.015: Total time for which application threads were stopped: 0.0001248 seconds, Stopping threads took: 0.0000218 seconds
2019-03-20T16:15:35.504+0600: 132.015: Total time for which application threads were stopped: 0.0001140 seconds, Stopping threads took: 0.0000178 seconds
2019-03-20T16:15:35.504+0600: 132.015: Total time for which application threads were stopped: 0.0001405 seconds, Stopping threads took: 0.0000272 seconds
2019-03-20T16:15:35.505+0600: 132.015: Total time for which application threads were stopped: 0.0001406 seconds, Stopping threads took: 0.0000121 seconds
2019-03-20T16:15:35.566+0600: 132.077: Total time for which application threads were stopped: 0.0005325 seconds, Stopping threads took: 0.0001371 seconds
2019-03-20T16:15:35.695+0600: 132.206: Total time for which application threads were stopped: 0.0001540 seconds, Stopping threads took: 0.0000282 seconds
2019-03-20T16:15:35.812+0600: 132.323: Total time for which application threads were stopped: 0.0001770 seconds, Stopping threads took: 0.0000540 seconds
2019-03-20T16:15:35.826+0600: 132.337: Total time for which application threads were stopped: 0.0110844 seconds, Stopping threads took: 0.0109625 seconds
2019-03-20T16:15:35.827+0600: 132.337: Total time for which application threads were stopped: 0.0001596 seconds, Stopping threads took: 0.0000350 seconds
2019-03-20T16:15:35.829+0600: 132.339: Total time for which application threads were stopped: 0.0002390 seconds, Stopping threads took: 0.0000615 seconds
2019-03-20T16:15:35.830+0600: 132.340: Total time for which application threads were stopped: 0.0001716 seconds, Stopping threads took: 0.0000446 seconds
2019-03-20T16:15:35.830+0600: 132.341: Total time for which application threads were stopped: 0.0001505 seconds, Stopping threads took: 0.0000303 seconds
2019-03-20T16:15:35.831+0600: 132.342: Total time for which application threads were stopped: 0.0002227 seconds, Stopping threads took: 0.0000313 seconds
2019-03-20T16:15:35.832+0600: 132.343: Total time for which application threads were stopped: 0.0002109 seconds, Stopping threads took: 0.0000448 seconds
2019-03-20T16:15:35.833+0600: 132.343: Total time for which application threads were stopped: 0.0001437 seconds, Stopping threads took: 0.0000192 seconds
2019-03-20T16:15:35.861+0600: 132.372: Total time for which application threads were stopped: 0.0002119 seconds, Stopping threads took: 0.0000411 seconds
2019-03-20T16:15:35.867+0600: 132.378: Total time for which application threads were stopped: 0.0001379 seconds, Stopping threads took: 0.0000225 seconds
2019-03-20T16:15:35.872+0600: 132.383: Total time for which application threads were stopped: 0.0001728 seconds, Stopping threads took: 0.0000589 seconds
2019-03-20T16:15:35.875+0600: 132.386: Total time for which application threads were stopped: 0.0001544 seconds, Stopping threads took: 0.0000373 seconds
2019-03-20T16:15:35.877+0600: 132.387: Total time for which application threads were stopped: 0.0001506 seconds, Stopping threads took: 0.0000341 seconds
2019-03-20T16:15:35.877+0600: 132.388: Total time for which application threads were stopped: 0.0002610 seconds, Stopping threads took: 0.0001626 seconds
2019-03-20T16:15:35.878+0600: 132.388: Total time for which application threads were stopped: 0.0001280 seconds, Stopping threads took: 0.0000286 seconds
2019-03-20T16:15:35.878+0600: 132.388: Total time for which application threads were stopped: 0.0001740 seconds, Stopping threads took: 0.0000751 seconds
2019-03-20T16:15:35.878+0600: 132.389: Total time for which application threads were stopped: 0.0001148 seconds, Stopping threads took: 0.0000244 seconds
2019-03-20T16:15:35.880+0600: 132.391: Total time for which application threads were stopped: 0.0001620 seconds, Stopping threads took: 0.0000374 seconds
2019-03-20T16:15:35.881+0600: 132.391: Total time for which application threads were stopped: 0.0001316 seconds, Stopping threads took: 0.0000131 seconds
2019-03-20T16:15:35.881+0600: 132.392: Total time for which application threads were stopped: 0.0000961 seconds, Stopping threads took: 0.0000108 seconds
2019-03-20T16:15:35.885+0600: 132.396: Total time for which application threads were stopped: 0.0001488 seconds, Stopping threads took: 0.0000383 seconds
2019-03-20T16:15:35.885+0600: 132.396: Total time for which application threads were stopped: 0.0001126 seconds, Stopping threads took: 0.0000137 seconds
2019-03-20T16:15:35.885+0600: 132.396: Total time for which application threads were stopped: 0.0001015 seconds, Stopping threads took: 0.0000109 seconds
2019-03-20T16:15:35.886+0600: 132.397: Total time for which application threads were stopped: 0.0001319 seconds, Stopping threads took: 0.0000194 seconds
2019-03-20T16:15:35.887+0600: 132.397: Total time for which application threads were stopped: 0.0001228 seconds, Stopping threads took: 0.0000180 seconds
2019-03-20T16:15:35.888+0600: 132.399: Total time for which application threads were stopped: 0.0001696 seconds, Stopping threads took: 0.0000370 seconds
2019-03-20T16:15:35.900+0600: 132.411: Total time for which application threads were stopped: 0.0001834 seconds, Stopping threads took: 0.0000209 seconds
2019-03-20T16:15:36.098+0600: 132.608: Total time for which application threads were stopped: 0.0006107 seconds, Stopping threads took: 0.0000255 seconds
{Heap before GC invocations=5 (full 1):
 par new generation   total 109248K, used 106159K [0x00000007a0000000, 0x00000007a8000000, 0x00000007a8000000)
  eden space 87424K, 100% used [0x00000007a0000000, 0x00000007a5560000, 0x00000007a5560000)
  from space 21824K,  85% used [0x00000007a6ab0000, 0x00000007a7cfbc70, 0x00000007a8000000)
  to   space 21824K,   0% used [0x00000007a5560000, 0x00000007a5560000, 0x00000007a6ab0000)
 concurrent mark-sweep generation total 393216K, used 0K [0x00000007a8000000, 0x00000007c0000000, 0x00000007c0000000)
 Metaspace       used 36917K, capacity 38130K, committed 38320K, reserved 1083392K
  class space    used 4470K, capacity 4755K, committed 4784K, reserved 1048576K
2019-03-20T16:15:36.158+0600: 132.669: [GC (Allocation Failure) 2019-03-20T16:15:36.158+0600: 132.669: [ParNew
Desired survivor size 20112992 bytes, new threshold 8 (max 8)
- age   1:    3927024 bytes,    3927024 total
- age   2:    3424912 bytes,    7351936 total
- age   3:    1542360 bytes,    8894296 total
- age   4:    2602224 bytes,   11496520 total
- age   5:     706320 bytes,   12202840 total
- age   6:    5296888 bytes,   17499728 total
: 106159K->21824K(109248K), 0.0411067 secs] 106159K->22322K(502464K), 0.0412254 secs] [Times: user=0.05 sys=0.01, real=0.05 secs] 
Heap after GC invocations=6 (full 1):
 par new generation   total 109248K, used 21824K [0x00000007a0000000, 0x00000007a8000000, 0x00000007a8000000)
  eden space 87424K,   0% used [0x00000007a0000000, 0x00000007a0000000, 0x00000007a5560000)
  from space 21824K, 100% used [0x00000007a5560000, 0x00000007a6ab0000, 0x00000007a6ab0000)
  to   space 21824K,   0% used [0x00000007a6ab0000, 0x00000007a6ab0000, 0x00000007a8000000)
 concurrent mark-sweep generation total 393216K, used 498K [0x00000007a8000000, 0x00000007c0000000, 0x00000007c0000000)
 Metaspace       used 36917K, capacity 38130K, committed 38320K, reserved 1083392K
  class space    used 4470K, capacity 4755K, committed 4784K, reserved 1048576K
}
2019-03-20T16:15:36.200+0600: 132.710: Total time for which application threads were stopped: 0.0825671 seconds, Stopping threads took: 0.0410920 seconds
2019-03-20T16:15:36.200+0600: 132.711: Total time for which application threads were stopped: 0.0001973 seconds, Stopping threads took: 0.0000481 seconds
2019-03-20T16:15:36.201+0600: 132.712: Total time for which application threads were stopped: 0.0001840 seconds, Stopping threads took: 0.0000704 seconds
2019-03-20T16:15:36.212+0600: 132.722: Total time for which application threads were stopped: 0.0006028 seconds, Stopping threads took: 0.0000436 seconds
2019-03-20T16:15:36.287+0600: 132.798: Total time for which application threads were stopped: 0.0002777 seconds, Stopping threads took: 0.0000996 seconds
2019-03-20T16:15:36.447+0600: 132.958: Total time for which application threads were stopped: 0.0117361 seconds, Stopping threads took: 0.0115558 seconds
{Heap before GC invocations=6 (full 1):
 par new generation   total 109248K, used 109248K [0x00000007a0000000, 0x00000007a8000000, 0x00000007a8000000)
  eden space 87424K, 100% used [0x00000007a0000000, 0x00000007a5560000, 0x00000007a5560000)
  from space 21824K, 100% used [0x00000007a5560000, 0x00000007a6ab0000, 0x00000007a6ab0000)
  to   space 21824K,   0% used [0x00000007a6ab0000, 0x00000007a6ab0000, 0x00000007a8000000)
 concurrent mark-sweep generation total 393216K, used 498K [0x00000007a8000000, 0x00000007c0000000, 0x00000007c0000000)
 Metaspace       used 37698K, capacity 38956K, committed 39216K, reserved 1083392K
  class space    used 4560K, capacity 4862K, committed 4912K, reserved 1048576K
2019-03-20T16:15:36.693+0600: 133.204: [GC (Allocation Failure) 2019-03-20T16:15:36.693+0600: 133.204: [ParNew
Desired survivor size 20112992 bytes, new threshold 8 (max 8)
- age   1:    2614400 bytes,    2614400 total
- age   2:    1977832 bytes,    4592232 total
- age   3:    3404200 bytes,    7996432 total
- age   4:    1527080 bytes,    9523512 total
- age   5:    2542312 bytes,   12065824 total
- age   6:     651512 bytes,   12717336 total
- age   7:    4993480 bytes,   17710816 total
: 109248K->21824K(109248K), 0.0389346 secs] 109746K->22872K(502464K), 0.0390489 secs] [Times: user=0.07 sys=0.00, real=0.04 secs] 
Heap after GC invocations=7 (full 1):
 par new generation   total 109248K, used 21824K [0x00000007a0000000, 0x00000007a8000000, 0x00000007a8000000)
  eden space 87424K,   0% used [0x00000007a0000000, 0x00000007a0000000, 0x00000007a5560000)
  from space 21824K, 100% used [0x00000007a6ab0000, 0x00000007a8000000, 0x00000007a8000000)
  to   space 21824K,   0% used [0x00000007a5560000, 0x00000007a5560000, 0x00000007a6ab0000)
 concurrent mark-sweep generation total 393216K, used 1048K [0x00000007a8000000, 0x00000007c0000000, 0x00000007c0000000)
 Metaspace       used 37698K, capacity 38956K, committed 39216K, reserved 1083392K
  class space    used 4560K, capacity 4862K, committed 4912K, reserved 1048576K
}
2019-03-20T16:15:36.732+0600: 133.243: Total time for which application threads were stopped: 0.0402707 seconds, Stopping threads took: 0.0009604 seconds
2019-03-20T16:15:36.733+0600: 133.243: Total time for which application threads were stopped: 0.0001781 seconds, Stopping threads took: 0.0000415 seconds
2019-03-20T16:15:36.820+0600: 133.330: Total time for which application threads were stopped: 0.0001984 seconds, Stopping threads took: 0.0000531 seconds
2019-03-20T16:15:36.820+0600: 133.330: Total time for which application threads were stopped: 0.0001529 seconds, Stopping threads took: 0.0000505 seconds
2019-03-20T16:15:36.820+0600: 133.331: Total time for which application threads were stopped: 0.0001603 seconds, Stopping threads took: 0.0000641 seconds
{Heap before GC invocations=7 (full 1):
 par new generation   total 109248K, used 109217K [0x00000007a0000000, 0x00000007a8000000, 0x00000007a8000000)
  eden space 87424K,  99% used [0x00000007a0000000, 0x00000007a55584f8, 0x00000007a5560000)
  from space 21824K, 100% used [0x00000007a6ab0000, 0x00000007a8000000, 0x00000007a8000000)
  to   space 21824K,   0% used [0x00000007a5560000, 0x00000007a5560000, 0x00000007a6ab0000)
 concurrent mark-sweep generation total 393216K, used 1048K [0x00000007a8000000, 0x00000007c0000000, 0x00000007c0000000)
 Metaspace       used 37928K, capacity 39204K, committed 39472K, reserved 1083392K
  class space    used 4586K, capacity 4898K, committed 4912K, reserved 1048576K
2019-03-20T16:15:36.849+0600: 133.360: [GC (Allocation Failure) 2019-03-20T16:15:36.849+0600: 133.360: [ParNew
Desired survivor size 20112992 bytes, new threshold 8 (max 8)
- age   1:     428616 bytes,     428616 total
- age   2:    2018904 bytes,    2447520 total
- age   3:    1973408 bytes,    4420928 total
- age   4:    3400416 bytes,    7821344 total
- age   5:    1522488 bytes,    9343832 total
- age   6:    2540080 bytes,   11883912 total
- age   7:     648600 bytes,   12532512 total
- age   8:    4992848 bytes,   17525360 total
: 109217K->21824K(109248K), 0.0712143 secs] 110265K->22890K(502464K), 0.0713178 secs] [Times: user=0.06 sys=0.00, real=0.08 secs] 
Heap after GC invocations=8 (full 1):
 par new generation   total 109248K, used 21824K [0x00000007a0000000, 0x00000007a8000000, 0x00000007a8000000)
  eden space 87424K,   0% used [0x00000007a0000000, 0x00000007a0000000, 0x00000007a5560000)
  from space 21824K, 100% used [0x00000007a5560000, 0x00000007a6ab0000, 0x00000007a6ab0000)
  to   space 21824K,   0% used [0x00000007a6ab0000, 0x00000007a6ab0000, 0x00000007a8000000)
 concurrent mark-sweep generation total 393216K, used 1066K [0x00000007a8000000, 0x00000007c0000000, 0x00000007c0000000)
 Metaspace       used 37928K, capacity 39204K, committed 39472K, reserved 1083392K
  class space    used 4586K, capacity 4898K, committed 4912K, reserved 1048576K
}
2019-03-20T16:15:36.921+0600: 133.431: Total time for which application threads were stopped: 0.0715899 seconds, Stopping threads took: 0.0000280 seconds
2019-03-20T16:15:36.924+0600: 133.435: Total time for which application threads were stopped: 0.0001765 seconds, Stopping threads took: 0.0000250 seconds
2019-03-20T16:15:36.950+0600: 133.461: Total time for which application threads were stopped: 0.0001590 seconds, Stopping threads took: 0.0000229 seconds
2019-03-20T16:15:36.950+0600: 133.461: Total time for which application threads were stopped: 0.0001042 seconds, Stopping threads took: 0.0000127 seconds
2019-03-20T16:15:36.951+0600: 133.462: Total time for which application threads were stopped: 0.0001504 seconds, Stopping threads took: 0.0000542 seconds
2019-03-20T16:15:36.954+0600: 133.465: Total time for which application threads were stopped: 0.0014551 seconds, Stopping threads took: 0.0012908 seconds
2019-03-20T16:15:36.958+0600: 133.469: Total time for which application threads were stopped: 0.0002030 seconds, Stopping threads took: 0.0000377 seconds
2019-03-20T16:15:36.964+0600: 133.475: Total time for which application threads were stopped: 0.0001494 seconds, Stopping threads took: 0.0000371 seconds
2019-03-20T16:15:36.964+0600: 133.475: Total time for which application threads were stopped: 0.0001183 seconds, Stopping threads took: 0.0000230 seconds
2019-03-20T16:15:36.964+0600: 133.475: Total time for which application threads were stopped: 0.0001125 seconds, Stopping threads took: 0.0000282 seconds
2019-03-20T16:15:36.965+0600: 133.475: Total time for which application threads were stopped: 0.0001084 seconds, Stopping threads took: 0.0000308 seconds
2019-03-20T16:15:36.965+0600: 133.476: Total time for which application threads were stopped: 0.0001199 seconds, Stopping threads took: 0.0000368 seconds
2019-03-20T16:15:36.965+0600: 133.476: Total time for which application threads were stopped: 0.0001048 seconds, Stopping threads took: 0.0000248 seconds
2019-03-20T16:15:36.965+0600: 133.476: Total time for which application threads were stopped: 0.0001073 seconds, Stopping threads took: 0.0000242 seconds
2019-03-20T16:15:36.965+0600: 133.476: Total time for which application threads were stopped: 0.0000998 seconds, Stopping threads took: 0.0000220 seconds
2019-03-20T16:15:36.967+0600: 133.478: Total time for which application threads were stopped: 0.0001355 seconds, Stopping threads took: 0.0000337 seconds
2019-03-20T16:15:36.970+0600: 133.480: Total time for which application threads were stopped: 0.0004054 seconds, Stopping threads took: 0.0000447 seconds
2019-03-20T16:15:36.980+0600: 133.490: Total time for which application threads were stopped: 0.0001198 seconds, Stopping threads took: 0.0000194 seconds
2019-03-20T16:15:36.980+0600: 133.491: Total time for which application threads were stopped: 0.0001122 seconds, Stopping threads took: 0.0000270 seconds
2019-03-20T16:15:36.980+0600: 133.491: Total time for which application threads were stopped: 0.0001132 seconds, Stopping threads took: 0.0000269 seconds
2019-03-20T16:15:37.000+0600: 133.511: Total time for which application threads were stopped: 0.0001622 seconds, Stopping threads took: 0.0000225 seconds
2019-03-20T16:15:37.010+0600: 133.521: Total time for which application threads were stopped: 0.0002023 seconds, Stopping threads took: 0.0000368 seconds
2019-03-20T16:15:37.011+0600: 133.521: Total time for which application threads were stopped: 0.0001432 seconds, Stopping threads took: 0.0000320 seconds
2019-03-20T16:15:37.011+0600: 133.521: Total time for which application threads were stopped: 0.0001702 seconds, Stopping threads took: 0.0000499 seconds
{Heap before GC invocations=8 (full 1):
 par new generation   total 109248K, used 109248K [0x00000007a0000000, 0x00000007a8000000, 0x00000007a8000000)
  eden space 87424K, 100% used [0x00000007a0000000, 0x00000007a5560000, 0x00000007a5560000)
  from space 21824K, 100% used [0x00000007a5560000, 0x00000007a6ab0000, 0x00000007a6ab0000)
  to   space 21824K,   0% used [0x00000007a6ab0000, 0x00000007a6ab0000, 0x00000007a8000000)
 concurrent mark-sweep generation total 393216K, used 1066K [0x00000007a8000000, 0x00000007c0000000, 0x00000007c0000000)
 Metaspace       used 38470K, capacity 39792K, committed 40112K, reserved 1085440K
  class space    used 4660K, capacity 4964K, committed 5040K, reserved 1048576K
2019-03-20T16:15:37.121+0600: 133.631: [GC (Allocation Failure) 2019-03-20T16:15:37.121+0600: 133.631: [ParNew
Desired survivor size 20112992 bytes, new threshold 8 (max 8)
- age   1:    1196672 bytes,    1196672 total
- age   2:     156896 bytes,    1353568 total
- age   3:    2018584 bytes,    3372152 total
- age   4:    1969680 bytes,    5341832 total
- age   5:    3400176 bytes,    8742008 total
- age   6:    1521592 bytes,   10263600 total
- age   7:    2539616 bytes,   12803216 total
- age   8:     648336 bytes,   13451552 total
: 109248K->21369K(109248K), 0.0681841 secs] 110314K->27789K(502464K), 0.0683030 secs] [Times: user=0.09 sys=0.00, real=0.06 secs] 
Heap after GC invocations=9 (full 1):
 par new generation   total 109248K, used 21369K [0x00000007a0000000, 0x00000007a8000000, 0x00000007a8000000)
  eden space 87424K,   0% used [0x00000007a0000000, 0x00000007a0000000, 0x00000007a5560000)
  from space 21824K,  97% used [0x00000007a6ab0000, 0x00000007a7f8e7b0, 0x00000007a8000000)
  to   space 21824K,   0% used [0x00000007a5560000, 0x00000007a5560000, 0x00000007a6ab0000)
 concurrent mark-sweep generation total 393216K, used 6419K [0x00000007a8000000, 0x00000007c0000000, 0x00000007c0000000)
 Metaspace       used 38470K, capacity 39792K, committed 40112K, reserved 1085440K
  class space    used 4660K, capacity 4964K, committed 5040K, reserved 1048576K
}
2019-03-20T16:15:37.189+0600: 133.700: Total time for which application threads were stopped: 0.0895387 seconds, Stopping threads took: 0.0209627 seconds
{Heap before GC invocations=9 (full 1):
 par new generation   total 109248K, used 108793K [0x00000007a0000000, 0x00000007a8000000, 0x00000007a8000000)
  eden space 87424K, 100% used [0x00000007a0000000, 0x00000007a5560000, 0x00000007a5560000)
  from space 21824K,  97% used [0x00000007a6ab0000, 0x00000007a7f8e7b0, 0x00000007a8000000)
  to   space 21824K,   0% used [0x00000007a5560000, 0x00000007a5560000, 0x00000007a6ab0000)
 concurrent mark-sweep generation total 393216K, used 6419K [0x00000007a8000000, 0x00000007c0000000, 0x00000007c0000000)
 Metaspace       used 38690K, capacity 39958K, committed 40112K, reserved 1085440K
  class space    used 4689K, capacity 4997K, committed 5040K, reserved 1048576K
2019-03-20T16:15:37.348+0600: 133.858: [GC (Allocation Failure) 2019-03-20T16:15:37.348+0600: 133.858: [ParNew
Desired survivor size 20112992 bytes, new threshold 8 (max 8)
- age   1:     503520 bytes,     503520 total
- age   2:     288432 bytes,     791952 total
- age   3:     151704 bytes,     943656 total
- age   4:    2018472 bytes,    2962128 total
- age   5:    1969392 bytes,    4931520 total
- age   6:    3400176 bytes,    8331696 total
- age   7:    1521592 bytes,    9853288 total
- age   8:    2539704 bytes,   12392992 total
: 108793K->17005K(109248K), 0.0405264 secs] 115213K->24070K(502464K), 0.0406328 secs] [Times: user=0.06 sys=0.00, real=0.04 secs] 
Heap after GC invocations=10 (full 1):
 par new generation   total 109248K, used 17005K [0x00000007a0000000, 0x00000007a8000000, 0x00000007a8000000)
  eden space 87424K,   0% used [0x00000007a0000000, 0x00000007a0000000, 0x00000007a5560000)
  from space 21824K,  77% used [0x00000007a5560000, 0x00000007a65fb690, 0x00000007a6ab0000)
  to   space 21824K,   0% used [0x00000007a6ab0000, 0x00000007a6ab0000, 0x00000007a8000000)
 concurrent mark-sweep generation total 393216K, used 7064K [0x00000007a8000000, 0x00000007c0000000, 0x00000007c0000000)
 Metaspace       used 38690K, capacity 39958K, committed 40112K, reserved 1085440K
  class space    used 4689K, capacity 4997K, committed 5040K, reserved 1048576K
}
2019-03-20T16:15:37.388+0600: 133.899: Total time for which application threads were stopped: 0.0562723 seconds, Stopping threads took: 0.0153586 seconds
2019-03-20T16:15:37.478+0600: 133.989: Total time for which application threads were stopped: 0.0002233 seconds, Stopping threads took: 0.0000279 seconds
2019-03-20T16:15:37.478+0600: 133.989: Total time for which application threads were stopped: 0.0001566 seconds, Stopping threads took: 0.0000281 seconds
2019-03-20T16:15:37.617+0600: 134.127: Total time for which application threads were stopped: 0.0007513 seconds, Stopping threads took: 0.0000246 seconds
2019-03-20T16:15:37.908+0600: 134.419: Total time for which application threads were stopped: 0.0002536 seconds, Stopping threads took: 0.0000540 seconds
2019-03-20T16:15:37.938+0600: 134.448: Total time for which application threads were stopped: 0.0001605 seconds, Stopping threads took: 0.0000395 seconds
2019-03-20T16:15:37.938+0600: 134.448: Total time for which application threads were stopped: 0.0001142 seconds, Stopping threads took: 0.0000214 seconds
2019-03-20T16:15:37.949+0600: 134.460: Total time for which application threads were stopped: 0.0001435 seconds, Stopping threads took: 0.0000380 seconds
2019-03-20T16:15:37.951+0600: 134.462: Total time for which application threads were stopped: 0.0002091 seconds, Stopping threads took: 0.0001061 seconds
2019-03-20T16:15:37.952+0600: 134.462: Total time for which application threads were stopped: 0.0001540 seconds, Stopping threads took: 0.0000339 seconds
2019-03-20T16:15:37.957+0600: 134.467: Total time for which application threads were stopped: 0.0001989 seconds, Stopping threads took: 0.0000407 seconds
2019-03-20T16:15:37.957+0600: 134.468: Total time for which application threads were stopped: 0.0001331 seconds, Stopping threads took: 0.0000315 seconds
2019-03-20T16:15:37.959+0600: 134.470: Total time for which application threads were stopped: 0.0004710 seconds, Stopping threads took: 0.0001044 seconds
2019-03-20T16:15:37.967+0600: 134.478: Total time for which application threads were stopped: 0.0007461 seconds, Stopping threads took: 0.0000372 seconds
{Heap before GC invocations=10 (full 1):
 par new generation   total 109248K, used 104429K [0x00000007a0000000, 0x00000007a8000000, 0x00000007a8000000)
  eden space 87424K, 100% used [0x00000007a0000000, 0x00000007a5560000, 0x00000007a5560000)
  from space 21824K,  77% used [0x00000007a5560000, 0x00000007a65fb690, 0x00000007a6ab0000)
  to   space 21824K,   0% used [0x00000007a6ab0000, 0x00000007a6ab0000, 0x00000007a8000000)
 concurrent mark-sweep generation total 393216K, used 7064K [0x00000007a8000000, 0x00000007c0000000, 0x00000007c0000000)
 Metaspace       used 40948K, capacity 42320K, committed 42416K, reserved 1087488K
  class space    used 4943K, capacity 5254K, committed 5296K, reserved 1048576K
2019-03-20T16:15:37.981+0600: 134.492: [GC (Allocation Failure) 2019-03-20T16:15:37.981+0600: 134.492: [ParNew
Desired survivor size 20112992 bytes, new threshold 8 (max 8)
- age   1:    3310776 bytes,    3310776 total
- age   2:     119440 bytes,    3430216 total
- age   3:     280536 bytes,    3710752 total
- age   4:     150920 bytes,    3861672 total
- age   5:     387760 bytes,    4249432 total
- age   6:    1966280 bytes,    6215712 total
- age   7:    3387256 bytes,    9602968 total
- age   8:    1493736 bytes,   11096704 total
: 104429K->12855K(109248K), 0.0134672 secs] 111494K->22507K(502464K), 0.0135650 secs] [Times: user=0.04 sys=0.00, real=0.01 secs] 
Heap after GC invocations=11 (full 1):
 par new generation   total 109248K, used 12855K [0x00000007a0000000, 0x00000007a8000000, 0x00000007a8000000)
  eden space 87424K,   0% used [0x00000007a0000000, 0x00000007a0000000, 0x00000007a5560000)
  from space 21824K,  58% used [0x00000007a6ab0000, 0x00000007a773df80, 0x00000007a8000000)
  to   space 21824K,   0% used [0x00000007a5560000, 0x00000007a5560000, 0x00000007a6ab0000)
 concurrent mark-sweep generation total 393216K, used 9651K [0x00000007a8000000, 0x00000007c0000000, 0x00000007c0000000)
 Metaspace       used 40948K, capacity 42320K, committed 42416K, reserved 1087488K
  class space    used 4943K, capacity 5254K, committed 5296K, reserved 1048576K
}
2019-03-20T16:15:37.995+0600: 134.506: Total time for which application threads were stopped: 0.0138233 seconds, Stopping threads took: 0.0000219 seconds
2019-03-20T16:15:38.009+0600: 134.520: Total time for which application threads were stopped: 0.0006842 seconds, Stopping threads took: 0.0000227 seconds
2019-03-20T16:15:38.043+0600: 134.553: Total time for which application threads were stopped: 0.0001599 seconds, Stopping threads took: 0.0000250 seconds
2019-03-20T16:15:38.052+0600: 134.563: Total time for which application threads were stopped: 0.0001997 seconds, Stopping threads took: 0.0000778 seconds
2019-03-20T16:15:38.094+0600: 134.605: Total time for which application threads were stopped: 0.0002006 seconds, Stopping threads took: 0.0000448 seconds
2019-03-20T16:15:38.095+0600: 134.605: Total time for which application threads were stopped: 0.0001528 seconds, Stopping threads took: 0.0000370 seconds
2019-03-20T16:15:38.095+0600: 134.606: Total time for which application threads were stopped: 0.0001855 seconds, Stopping threads took: 0.0000590 seconds
2019-03-20T16:15:38.097+0600: 134.607: Total time for which application threads were stopped: 0.0001546 seconds, Stopping threads took: 0.0000331 seconds
2019-03-20T16:15:38.329+0600: 134.840: Total time for which application threads were stopped: 0.0001546 seconds, Stopping threads took: 0.0000267 seconds
2019-03-20T16:15:38.346+0600: 134.857: Total time for which application threads were stopped: 0.0001745 seconds, Stopping threads took: 0.0000215 seconds
2019-03-20T16:15:38.393+0600: 134.904: Total time for which application threads were stopped: 0.0315227 seconds, Stopping threads took: 0.0313583 seconds
2019-03-20T16:15:38.399+0600: 134.909: Total time for which application threads were stopped: 0.0001865 seconds, Stopping threads took: 0.0000367 seconds
2019-03-20T16:15:38.399+0600: 134.910: Total time for which application threads were stopped: 0.0001455 seconds, Stopping threads took: 0.0000299 seconds
2019-03-20T16:15:38.402+0600: 134.913: Total time for which application threads were stopped: 0.0001437 seconds, Stopping threads took: 0.0000215 seconds
2019-03-20T16:15:38.417+0600: 134.927: Total time for which application threads were stopped: 0.0002303 seconds, Stopping threads took: 0.0000414 seconds
2019-03-20T16:15:38.426+0600: 134.937: Total time for which application threads were stopped: 0.0005036 seconds, Stopping threads took: 0.0000526 seconds
{Heap before GC invocations=11 (full 1):
 par new generation   total 109248K, used 100279K [0x00000007a0000000, 0x00000007a8000000, 0x00000007a8000000)
  eden space 87424K, 100% used [0x00000007a0000000, 0x00000007a5560000, 0x00000007a5560000)
  from space 21824K,  58% used [0x00000007a6ab0000, 0x00000007a773df80, 0x00000007a8000000)
  to   space 21824K,   0% used [0x00000007a5560000, 0x00000007a5560000, 0x00000007a6ab0000)
 concurrent mark-sweep generation total 393216K, used 9651K [0x00000007a8000000, 0x00000007c0000000, 0x00000007c0000000)
 Metaspace       used 43224K, capacity 44664K, committed 44720K, reserved 1089536K
  class space    used 5242K, capacity 5544K, committed 5552K, reserved 1048576K
2019-03-20T16:15:38.459+0600: 134.969: [GC (Allocation Failure) 2019-03-20T16:15:38.459+0600: 134.969: [ParNew
Desired survivor size 20112992 bytes, new threshold 8 (max 8)
- age   1:    3493488 bytes,    3493488 total
- age   2:    1727912 bytes,    5221400 total
- age   3:     119392 bytes,    5340792 total
- age   4:     279672 bytes,    5620464 total
- age   5:     148056 bytes,    5768520 total
- age   6:     385248 bytes,    6153768 total
- age   7:    1965192 bytes,    8118960 total
- age   8:    3385808 bytes,   11504768 total
: 100279K->17034K(109248K), 0.0111296 secs] 109931K->28166K(502464K), 0.0112444 secs] [Times: user=0.04 sys=0.00, real=0.02 secs] 
Heap after GC invocations=12 (full 1):
 par new generation   total 109248K, used 17034K [0x00000007a0000000, 0x00000007a8000000, 0x00000007a8000000)
  eden space 87424K,   0% used [0x00000007a0000000, 0x00000007a0000000, 0x00000007a5560000)
  from space 21824K,  78% used [0x00000007a5560000, 0x00000007a6602a38, 0x00000007a6ab0000)
  to   space 21824K,   0% used [0x00000007a6ab0000, 0x00000007a6ab0000, 0x00000007a8000000)
 concurrent mark-sweep generation total 393216K, used 11131K [0x00000007a8000000, 0x00000007c0000000, 0x00000007c0000000)
 Metaspace       used 43224K, capacity 44664K, committed 44720K, reserved 1089536K
  class space    used 5242K, capacity 5544K, committed 5552K, reserved 1048576K
}
2019-03-20T16:15:38.470+0600: 134.981: Total time for which application threads were stopped: 0.0114989 seconds, Stopping threads took: 0.0000232 seconds
2019-03-20T16:15:39.470+0600: 135.981: Total time for which application threads were stopped: 0.0002234 seconds, Stopping threads took: 0.0000525 seconds
2019-03-20T16:15:40.473+0600: 136.983: Total time for which application threads were stopped: 0.0002869 seconds, Stopping threads took: 0.0000583 seconds
2019-03-20T16:15:41.475+0600: 137.985: Total time for which application threads were stopped: 0.0002874 seconds, Stopping threads took: 0.0000775 seconds
2019-03-20T16:15:42.475+0600: 138.986: Total time for which application threads were stopped: 0.0001684 seconds, Stopping threads took: 0.0000337 seconds
2019-03-20T16:15:43.476+0600: 139.986: Total time for which application threads were stopped: 0.0001755 seconds, Stopping threads took: 0.0000348 seconds
2019-03-20T16:15:43.503+0600: 140.014: Total time for which application threads were stopped: 0.0002083 seconds, Stopping threads took: 0.0000280 seconds
2019-03-20T16:15:43.571+0600: 140.082: Total time for which application threads were stopped: 0.0001743 seconds, Stopping threads took: 0.0000282 seconds
2019-03-20T16:15:43.603+0600: 140.114: Total time for which application threads were stopped: 0.0001765 seconds, Stopping threads took: 0.0000293 seconds
2019-03-20T16:15:43.634+0600: 140.144: Total time for which application threads were stopped: 0.0002073 seconds, Stopping threads took: 0.0000502 seconds
2019-03-20T16:15:43.685+0600: 140.196: Total time for which application threads were stopped: 0.0002002 seconds, Stopping threads took: 0.0000509 seconds
2019-03-20T16:15:43.690+0600: 140.201: Total time for which application threads were stopped: 0.0002650 seconds, Stopping threads took: 0.0001230 seconds
2019-03-20T16:15:43.736+0600: 140.247: Total time for which application threads were stopped: 0.0001983 seconds, Stopping threads took: 0.0000432 seconds
2019-03-20T16:15:43.737+0600: 140.248: Total time for which application threads were stopped: 0.0006830 seconds, Stopping threads took: 0.0000268 seconds
2019-03-20T16:15:43.787+0600: 140.298: Total time for which application threads were stopped: 0.0007285 seconds, Stopping threads took: 0.0000253 seconds
2019-03-20T16:15:43.815+0600: 140.325: Total time for which application threads were stopped: 0.0001665 seconds, Stopping threads took: 0.0000252 seconds
2019-03-20T16:15:43.828+0600: 140.339: Total time for which application threads were stopped: 0.0001595 seconds, Stopping threads took: 0.0000223 seconds
2019-03-20T16:15:43.880+0600: 140.390: Total time for which application threads were stopped: 0.0001837 seconds, Stopping threads took: 0.0000255 seconds
{Heap before GC invocations=12 (full 1):
 par new generation   total 109248K, used 104458K [0x00000007a0000000, 0x00000007a8000000, 0x00000007a8000000)
  eden space 87424K, 100% used [0x00000007a0000000, 0x00000007a5560000, 0x00000007a5560000)
  from space 21824K,  78% used [0x00000007a5560000, 0x00000007a6602a38, 0x00000007a6ab0000)
  to   space 21824K,   0% used [0x00000007a6ab0000, 0x00000007a6ab0000, 0x00000007a8000000)
 concurrent mark-sweep generation total 393216K, used 11131K [0x00000007a8000000, 0x00000007c0000000, 0x00000007c0000000)
 Metaspace       used 45330K, capacity 46856K, committed 46920K, reserved 1089536K
  class space    used 5575K, capacity 5916K, committed 5960K, reserved 1048576K
2019-03-20T16:15:43.916+0600: 140.426: [GC (Allocation Failure) 2019-03-20T16:15:43.916+0600: 140.426: [ParNew
Desired survivor size 20112992 bytes, new threshold 8 (max 8)
- age   1:   10213416 bytes,   10213416 total
- age   2:     809072 bytes,   11022488 total
- age   3:    1725680 bytes,   12748168 total
- age   4:     119376 bytes,   12867544 total
- age   5:     274704 bytes,   13142248 total
- age   6:     147720 bytes,   13289968 total
- age   7:     384528 bytes,   13674496 total
- age   8:    1963208 bytes,   15637704 total
: 104458K->18342K(109248K), 0.0292096 secs] 115590K->32805K(502464K), 0.0293096 secs] [Times: user=0.07 sys=0.01, real=0.03 secs] 
Heap after GC invocations=13 (full 1):
 par new generation   total 109248K, used 18342K [0x00000007a0000000, 0x00000007a8000000, 0x00000007a8000000)
  eden space 87424K,   0% used [0x00000007a0000000, 0x00000007a0000000, 0x00000007a5560000)
  from space 21824K,  84% used [0x00000007a6ab0000, 0x00000007a7c998c0, 0x00000007a8000000)
  to   space 21824K,   0% used [0x00000007a5560000, 0x00000007a5560000, 0x00000007a6ab0000)
 concurrent mark-sweep generation total 393216K, used 14463K [0x00000007a8000000, 0x00000007c0000000, 0x00000007c0000000)
 Metaspace       used 45330K, capacity 46856K, committed 46920K, reserved 1089536K
  class space    used 5575K, capacity 5916K, committed 5960K, reserved 1048576K
}
2019-03-20T16:15:43.945+0600: 140.456: Total time for which application threads were stopped: 0.0298690 seconds, Stopping threads took: 0.0000260 seconds
2019-03-20T16:15:43.945+0600: 140.456: [GC (CMS Initial Mark) [1 CMS-initial-mark: 14463K(393216K)] 32806K(502464K), 0.0047297 secs] [Times: user=0.02 sys=0.00, real=0.01 secs] 
2019-03-20T16:15:43.950+0600: 140.461: Total time for which application threads were stopped: 0.0049619 seconds, Stopping threads took: 0.0000336 seconds
2019-03-20T16:15:43.950+0600: 140.461: [CMS-concurrent-mark-start]
2019-03-20T16:15:43.962+0600: 140.473: [CMS-concurrent-mark: 0.012/0.012 secs] [Times: user=0.04 sys=0.00, real=0.01 secs] 
2019-03-20T16:15:43.962+0600: 140.473: [CMS-concurrent-preclean-start]
2019-03-20T16:15:43.964+0600: 140.475: [CMS-concurrent-preclean: 0.001/0.001 secs] [Times: user=0.00 sys=0.00, real=0.00 secs] 
2019-03-20T16:15:43.964+0600: 140.475: [GC (CMS Final Remark) [YG occupancy: 19633 K (109248 K)]{Heap before GC invocations=13 (full 2):
 par new generation   total 109248K, used 19633K [0x00000007a0000000, 0x00000007a8000000, 0x00000007a8000000)
  eden space 87424K,   1% used [0x00000007a0000000, 0x00000007a0142b70, 0x00000007a5560000)
  from space 21824K,  84% used [0x00000007a6ab0000, 0x00000007a7c998c0, 0x00000007a8000000)
  to   space 21824K,   0% used [0x00000007a5560000, 0x00000007a5560000, 0x00000007a6ab0000)
 concurrent mark-sweep generation total 393216K, used 14463K [0x00000007a8000000, 0x00000007c0000000, 0x00000007c0000000)
 Metaspace       used 45351K, capacity 46920K, committed 47100K, reserved 1091584K
  class space    used 5576K, capacity 5916K, committed 5960K, reserved 1048576K
2019-03-20T16:15:43.964+0600: 140.475: [GC (CMS Final Remark) 2019-03-20T16:15:43.964+0600: 140.475: [ParNew
Desired survivor size 20112992 bytes, new threshold 8 (max 8)
- age   1:      29408 bytes,      29408 total
- age   2:    7924096 bytes,    7953504 total
- age   3:     809072 bytes,    8762576 total
- age   4:    1725680 bytes,   10488256 total
- age   5:     119376 bytes,   10607632 total
- age   6:     274704 bytes,   10882336 total
- age   7:     147720 bytes,   11030056 total
- age   8:     384528 bytes,   11414584 total
: 19633K->15954K(109248K), 0.0740609 secs] 34096K->32347K(502464K), 0.0741479 secs] [Times: user=0.14 sys=0.00, real=0.07 secs] 
Heap after GC invocations=14 (full 2):
 par new generation   total 109248K, used 15954K [0x00000007a0000000, 0x00000007a8000000, 0x00000007a8000000)
  eden space 87424K,   0% used [0x00000007a0000000, 0x00000007a0000000, 0x00000007a5560000)
  from space 21824K,  73% used [0x00000007a5560000, 0x00000007a64f4980, 0x00000007a6ab0000)
  to   space 21824K,   0% used [0x00000007a6ab0000, 0x00000007a6ab0000, 0x00000007a8000000)
 concurrent mark-sweep generation total 393216K, used 16393K [0x00000007a8000000, 0x00000007c0000000, 0x00000007c0000000)
 Metaspace       used 45351K, capacity 46920K, committed 47100K, reserved 1091584K
  class space    used 5576K, capacity 5916K, committed 5960K, reserved 1048576K
}
2019-03-20T16:15:44.038+0600: 140.549: [Rescan (parallel) , 0.0138925 secs]2019-03-20T16:15:44.052+0600: 140.563: [weak refs processing, 0.0152153 secs]2019-03-20T16:15:44.068+0600: 140.578: [class unloading, 0.0111046 secs]2019-03-20T16:15:44.079+0600: 140.589: [scrub symbol table, 0.0099927 secs]2019-03-20T16:15:44.089+0600: 140.599: [scrub string table, 0.0006257 secs][1 CMS-remark: 16393K(393216K)] 32347K(502464K), 0.1270381 secs] [Times: user=0.25 sys=0.01, real=0.13 secs] 
2019-03-20T16:15:44.091+0600: 140.602: Total time for which application threads were stopped: 0.1272427 seconds, Stopping threads took: 0.0000426 seconds
2019-03-20T16:15:44.091+0600: 140.602: [CMS-concurrent-sweep-start]
2019-03-20T16:15:44.099+0600: 140.609: [CMS-concurrent-sweep: 0.007/0.007 secs] [Times: user=0.02 sys=0.00, real=0.00 secs] 
2019-03-20T16:15:44.099+0600: 140.609: [CMS-concurrent-reset-start]
2019-03-20T16:15:44.105+0600: 140.616: [CMS-concurrent-reset: 0.007/0.007 secs] [Times: user=0.00 sys=0.00, real=0.01 secs] 
2019-03-20T16:15:44.143+0600: 140.654: Total time for which application threads were stopped: 0.0003580 seconds, Stopping threads took: 0.0001947 seconds
2019-03-20T16:15:44.146+0600: 140.657: Total time for which application threads were stopped: 0.0003695 seconds, Stopping threads took: 0.0002511 seconds
2019-03-20T16:15:44.163+0600: 140.673: Total time for which application threads were stopped: 0.0001797 seconds, Stopping threads took: 0.0000227 seconds
2019-03-20T16:15:44.171+0600: 140.681: Total time for which application threads were stopped: 0.0016897 seconds, Stopping threads took: 0.0009951 seconds
2019-03-20T16:15:44.179+0600: 140.690: Total time for which application threads were stopped: 0.0001473 seconds, Stopping threads took: 0.0000214 seconds
2019-03-20T16:15:44.183+0600: 140.694: Total time for which application threads were stopped: 0.0003891 seconds, Stopping threads took: 0.0000204 seconds
2019-03-20T16:15:44.193+0600: 140.704: Total time for which application threads were stopped: 0.0001550 seconds, Stopping threads took: 0.0000221 seconds
2019-03-20T16:15:44.697+0600: 141.208: Total time for which application threads were stopped: 0.0001783 seconds, Stopping threads took: 0.0000276 seconds
2019-03-20T16:15:44.817+0600: 141.328: Total time for which application threads were stopped: 0.0002458 seconds, Stopping threads took: 0.0000779 seconds
2019-03-20T16:15:44.823+0600: 141.334: Total time for which application threads were stopped: 0.0001991 seconds, Stopping threads took: 0.0000307 seconds
2019-03-20T16:15:44.924+0600: 141.435: Total time for which application threads were stopped: 0.0002333 seconds, Stopping threads took: 0.0000571 seconds
2019-03-20T16:15:45.330+0600: 141.840: Total time for which application threads were stopped: 0.0002247 seconds, Stopping threads took: 0.0000337 seconds
2019-03-20T16:15:48.336+0600: 144.846: Total time for which application threads were stopped: 0.0001691 seconds, Stopping threads took: 0.0000387 seconds
2019-03-20T16:15:48.526+0600: 145.036: Total time for which application threads were stopped: 0.0002114 seconds, Stopping threads took: 0.0000321 seconds
2019-03-20T16:15:48.560+0600: 145.071: Total time for which application threads were stopped: 0.0001622 seconds, Stopping threads took: 0.0000299 seconds
2019-03-20T16:15:48.565+0600: 145.076: Total time for which application threads were stopped: 0.0002023 seconds, Stopping threads took: 0.0000442 seconds
2019-03-20T16:15:48.566+0600: 145.077: Total time for which application threads were stopped: 0.0001745 seconds, Stopping threads took: 0.0000490 seconds
2019-03-20T16:15:48.567+0600: 145.077: Total time for which application threads were stopped: 0.0001422 seconds, Stopping threads took: 0.0000312 seconds
2019-03-20T16:15:48.568+0600: 145.078: Total time for which application threads were stopped: 0.0001755 seconds, Stopping threads took: 0.0000232 seconds
2019-03-20T16:15:48.568+0600: 145.079: Total time for which application threads were stopped: 0.0001486 seconds, Stopping threads took: 0.0000299 seconds
2019-03-20T16:15:48.568+0600: 145.079: Total time for which application threads were stopped: 0.0001238 seconds, Stopping threads took: 0.0000148 seconds
2019-03-20T16:15:48.576+0600: 145.086: Total time for which application threads were stopped: 0.0001417 seconds, Stopping threads took: 0.0000268 seconds
2019-03-20T16:15:49.138+0600: 145.648: Total time for which application threads were stopped: 0.0001930 seconds, Stopping threads took: 0.0000284 seconds
2019-03-20T16:15:49.140+0600: 145.650: Total time for which application threads were stopped: 0.0001676 seconds, Stopping threads took: 0.0000276 seconds
2019-03-20T16:15:49.581+0600: 146.092: Total time for which application threads were stopped: 0.0001754 seconds, Stopping threads took: 0.0000419 seconds
2019-03-20T16:15:49.601+0600: 146.112: Total time for which application threads were stopped: 0.0002278 seconds, Stopping threads took: 0.0000452 seconds
2019-03-20T16:15:49.601+0600: 146.112: Total time for which application threads were stopped: 0.0000912 seconds, Stopping threads took: 0.0000155 seconds
2019-03-20T16:15:49.603+0600: 146.114: Total time for which application threads were stopped: 0.0001874 seconds, Stopping threads took: 0.0000705 seconds
2019-03-20T16:15:49.605+0600: 146.115: Total time for which application threads were stopped: 0.0001806 seconds, Stopping threads took: 0.0000665 seconds
2019-03-20T16:15:49.701+0600: 146.211: Total time for which application threads were stopped: 0.0001465 seconds, Stopping threads took: 0.0000247 seconds
2019-03-20T16:15:49.710+0600: 146.221: Total time for which application threads were stopped: 0.0001161 seconds, Stopping threads took: 0.0000197 seconds
2019-03-20T16:15:49.716+0600: 146.227: Total time for which application threads were stopped: 0.0002811 seconds, Stopping threads took: 0.0001062 seconds
2019-03-20T16:15:49.717+0600: 146.227: Total time for which application threads were stopped: 0.0002498 seconds, Stopping threads took: 0.0001279 seconds
2019-03-20T16:15:49.717+0600: 146.228: Total time for which application threads were stopped: 0.0001661 seconds, Stopping threads took: 0.0000670 seconds
2019-03-20T16:15:49.717+0600: 146.228: Total time for which application threads were stopped: 0.0001586 seconds, Stopping threads took: 0.0000608 seconds
2019-03-20T16:15:49.719+0600: 146.230: Total time for which application threads were stopped: 0.0003175 seconds, Stopping threads took: 0.0000467 seconds
2019-03-20T16:15:49.823+0600: 146.334: Total time for which application threads were stopped: 0.0003766 seconds, Stopping threads took: 0.0002070 seconds
2019-03-20T16:15:49.824+0600: 146.335: Total time for which application threads were stopped: 0.0001683 seconds, Stopping threads took: 0.0000266 seconds
2019-03-20T16:15:49.825+0600: 146.336: Total time for which application threads were stopped: 0.0004977 seconds, Stopping threads took: 0.0003511 seconds
2019-03-20T16:15:49.839+0600: 146.350: Total time for which application threads were stopped: 0.0104757 seconds, Stopping threads took: 0.0102810 seconds
2019-03-20T16:15:49.848+0600: 146.359: Total time for which application threads were stopped: 0.0035336 seconds, Stopping threads took: 0.0031345 seconds
{Heap before GC invocations=14 (full 2):
 par new generation   total 109248K, used 103378K [0x00000007a0000000, 0x00000007a8000000, 0x00000007a8000000)
  eden space 87424K, 100% used [0x00000007a0000000, 0x00000007a5560000, 0x00000007a5560000)
  from space 21824K,  73% used [0x00000007a5560000, 0x00000007a64f4980, 0x00000007a6ab0000)
  to   space 21824K,   0% used [0x00000007a6ab0000, 0x00000007a6ab0000, 0x00000007a8000000)
 concurrent mark-sweep generation total 393216K, used 15805K [0x00000007a8000000, 0x00000007c0000000, 0x00000007c0000000)
 Metaspace       used 46721K, capacity 48406K, committed 48636K, reserved 1091584K
  class space    used 5737K, capacity 6097K, committed 6216K, reserved 1048576K
2019-03-20T16:15:49.927+0600: 146.438: [GC (Allocation Failure) 2019-03-20T16:15:49.927+0600: 146.438: [ParNew
Desired survivor size 20112992 bytes, new threshold 5 (max 8)
- age   1:   11951152 bytes,   11951152 total
- age   2:        712 bytes,   11951864 total
- age   3:    7342168 bytes,   19294032 total
- age   4:     788368 bytes,   20082400 total
- age   5:    1723600 bytes,   21806000 total
- age   6:     119376 bytes,   21925376 total
- age   7:     274704 bytes,   22200080 total
- age   8:     147192 bytes,   22347272 total
: 103378K->21824K(109248K), 0.0390100 secs] 119184K->40472K(502464K), 0.0391512 secs] [Times: user=0.08 sys=0.00, real=0.04 secs] 
Heap after GC invocations=15 (full 2):
 par new generation   total 109248K, used 21824K [0x00000007a0000000, 0x00000007a8000000, 0x00000007a8000000)
  eden space 87424K,   0% used [0x00000007a0000000, 0x00000007a0000000, 0x00000007a5560000)
  from space 21824K, 100% used [0x00000007a6ab0000, 0x00000007a8000000, 0x00000007a8000000)
  to   space 21824K,   0% used [0x00000007a5560000, 0x00000007a5560000, 0x00000007a6ab0000)
 concurrent mark-sweep generation total 393216K, used 18648K [0x00000007a8000000, 0x00000007c0000000, 0x00000007c0000000)
 Metaspace       used 46721K, capacity 48406K, committed 48636K, reserved 1091584K
  class space    used 5737K, capacity 6097K, committed 6216K, reserved 1048576K
}
2019-03-20T16:15:49.967+0600: 146.477: Total time for which application threads were stopped: 0.0394878 seconds, Stopping threads took: 0.0000591 seconds
2019-03-20T16:15:49.968+0600: 146.478: Total time for which application threads were stopped: 0.0001404 seconds, Stopping threads took: 0.0000225 seconds
2019-03-20T16:15:49.973+0600: 146.484: Total time for which application threads were stopped: 0.0002003 seconds, Stopping threads took: 0.0000633 seconds
2019-03-20T16:15:49.974+0600: 146.485: Total time for which application threads were stopped: 0.0001814 seconds, Stopping threads took: 0.0000526 seconds
2019-03-20T16:15:49.975+0600: 146.485: Total time for which application threads were stopped: 0.0001411 seconds, Stopping threads took: 0.0000322 seconds
2019-03-20T16:15:49.975+0600: 146.486: Total time for which application threads were stopped: 0.0001908 seconds, Stopping threads took: 0.0000759 seconds
{Heap before GC invocations=15 (full 2):
 par new generation   total 109248K, used 109238K [0x00000007a0000000, 0x00000007a8000000, 0x00000007a8000000)
  eden space 87424K,  99% used [0x00000007a0000000, 0x00000007a555d960, 0x00000007a5560000)
  from space 21824K, 100% used [0x00000007a6ab0000, 0x00000007a8000000, 0x00000007a8000000)
  to   space 21824K,   0% used [0x00000007a5560000, 0x00000007a5560000, 0x00000007a6ab0000)
 concurrent mark-sweep generation total 393216K, used 18648K [0x00000007a8000000, 0x00000007c0000000, 0x00000007c0000000)
 Metaspace       used 46739K, capacity 48476K, committed 48636K, reserved 1091584K
  class space    used 5738K, capacity 6098K, committed 6216K, reserved 1048576K
2019-03-20T16:15:50.084+0600: 146.595: [GC (Allocation Failure) 2019-03-20T16:15:50.084+0600: 146.595: [ParNew
Desired survivor size 20112992 bytes, new threshold 4 (max 8)
- age   1:    2050280 bytes,    2050280 total
- age   2:   11022896 bytes,   13073176 total
- age   3:        712 bytes,   13073888 total
- age   4:    7110184 bytes,   20184072 total
- age   5:     788368 bytes,   20972440 total
: 109238K->21824K(109248K), 0.1063025 secs] 127886K->43799K(502464K), 0.1064372 secs] [Times: user=0.10 sys=0.00, real=0.11 secs] 
Heap after GC invocations=16 (full 2):
 par new generation   total 109248K, used 21824K [0x00000007a0000000, 0x00000007a8000000, 0x00000007a8000000)
  eden space 87424K,   0% used [0x00000007a0000000, 0x00000007a0000000, 0x00000007a5560000)
  from space 21824K, 100% used [0x00000007a5560000, 0x00000007a6ab0000, 0x00000007a6ab0000)
  to   space 21824K,   0% used [0x00000007a6ab0000, 0x00000007a6ab0000, 0x00000007a8000000)
 concurrent mark-sweep generation total 393216K, used 21975K [0x00000007a8000000, 0x00000007c0000000, 0x00000007c0000000)
 Metaspace       used 46739K, capacity 48476K, committed 48636K, reserved 1091584K
  class space    used 5738K, capacity 6098K, committed 6216K, reserved 1048576K
}
2019-03-20T16:15:50.191+0600: 146.701: Total time for which application threads were stopped: 0.1281769 seconds, Stopping threads took: 0.0214380 seconds
{Heap before GC invocations=16 (full 2):
 par new generation   total 109248K, used 109248K [0x00000007a0000000, 0x00000007a8000000, 0x00000007a8000000)
  eden space 87424K, 100% used [0x00000007a0000000, 0x00000007a5560000, 0x00000007a5560000)
  from space 21824K, 100% used [0x00000007a5560000, 0x00000007a6ab0000, 0x00000007a6ab0000)
  to   space 21824K,   0% used [0x00000007a6ab0000, 0x00000007a6ab0000, 0x00000007a8000000)
 concurrent mark-sweep generation total 393216K, used 21975K [0x00000007a8000000, 0x00000007c0000000, 0x00000007c0000000)
 Metaspace       used 46766K, capacity 48506K, committed 48636K, reserved 1091584K
  class space    used 5741K, capacity 6103K, committed 6216K, reserved 1048576K
2019-03-20T16:15:50.250+0600: 146.761: [GC (Allocation Failure) 2019-03-20T16:15:50.250+0600: 146.761: [ParNew
Desired survivor size 20112992 bytes, new threshold 8 (max 8)
- age   1:     424904 bytes,     424904 total
- age   2:    1767752 bytes,    2192656 total
- age   3:   11021128 bytes,   13213784 total
- age   4:        712 bytes,   13214496 total
: 109248K->21824K(109248K), 0.0603652 secs] 131223K->53387K(502464K), 0.0605082 secs] [Times: user=0.09 sys=0.01, real=0.06 secs] 
Heap after GC invocations=17 (full 2):
 par new generation   total 109248K, used 21824K [0x00000007a0000000, 0x00000007a8000000, 0x00000007a8000000)
  eden space 87424K,   0% used [0x00000007a0000000, 0x00000007a0000000, 0x00000007a5560000)
  from space 21824K, 100% used [0x00000007a6ab0000, 0x00000007a8000000, 0x00000007a8000000)
  to   space 21824K,   0% used [0x00000007a5560000, 0x00000007a5560000, 0x00000007a6ab0000)
 concurrent mark-sweep generation total 393216K, used 31563K [0x00000007a8000000, 0x00000007c0000000, 0x00000007c0000000)
 Metaspace       used 46766K, capacity 48506K, committed 48636K, reserved 1091584K
  class space    used 5741K, capacity 6103K, committed 6216K, reserved 1048576K
}
2019-03-20T16:15:50.311+0600: 146.821: Total time for which application threads were stopped: 0.0608777 seconds, Stopping threads took: 0.0000576 seconds
{Heap before GC invocations=17 (full 2):
 par new generation   total 109248K, used 109235K [0x00000007a0000000, 0x00000007a8000000, 0x00000007a8000000)
  eden space 87424K,  99% used [0x00000007a0000000, 0x00000007a555cf30, 0x00000007a5560000)
  from space 21824K, 100% used [0x00000007a6ab0000, 0x00000007a8000000, 0x00000007a8000000)
  to   space 21824K,   0% used [0x00000007a5560000, 0x00000007a5560000, 0x00000007a6ab0000)
 concurrent mark-sweep generation total 393216K, used 31563K [0x00000007a8000000, 0x00000007c0000000, 0x00000007c0000000)
 Metaspace       used 46769K, capacity 48506K, committed 48636K, reserved 1091584K
  class space    used 5741K, capacity 6103K, committed 6216K, reserved 1048576K
2019-03-20T16:15:50.359+0600: 146.870: [GC (Allocation Failure) 2019-03-20T16:15:50.359+0600: 146.870: [ParNew
Desired survivor size 20112992 bytes, new threshold 8 (max 8)
- age   1:     586920 bytes,     586920 total
- age   2:     100424 bytes,     687344 total
- age   3:    1766368 bytes,    2453712 total
- age   4:   11021016 bytes,   13474728 total
- age   5:        712 bytes,   13475440 total
: 109235K->16355K(109248K), 0.0165678 secs] 140799K->47918K(502464K), 0.0166814 secs] [Times: user=0.05 sys=0.00, real=0.02 secs] 
Heap after GC invocations=18 (full 2):
 par new generation   total 109248K, used 16355K [0x00000007a0000000, 0x00000007a8000000, 0x00000007a8000000)
  eden space 87424K,   0% used [0x00000007a0000000, 0x00000007a0000000, 0x00000007a5560000)
  from space 21824K,  74% used [0x00000007a5560000, 0x00000007a6558d90, 0x00000007a6ab0000)
  to   space 21824K,   0% used [0x00000007a6ab0000, 0x00000007a6ab0000, 0x00000007a8000000)
 concurrent mark-sweep generation total 393216K, used 31563K [0x00000007a8000000, 0x00000007c0000000, 0x00000007c0000000)
 Metaspace       used 46769K, capacity 48506K, committed 48636K, reserved 1091584K
  class space    used 5741K, capacity 6103K, committed 6216K, reserved 1048576K
}
2019-03-20T16:15:50.376+0600: 146.887: Total time for which application threads were stopped: 0.0170248 seconds, Stopping threads took: 0.0000851 seconds
{Heap before GC invocations=18 (full 2):
 par new generation   total 109248K, used 103779K [0x00000007a0000000, 0x00000007a8000000, 0x00000007a8000000)
  eden space 87424K, 100% used [0x00000007a0000000, 0x00000007a5560000, 0x00000007a5560000)
  from space 21824K,  74% used [0x00000007a5560000, 0x00000007a6558d90, 0x00000007a6ab0000)
  to   space 21824K,   0% used [0x00000007a6ab0000, 0x00000007a6ab0000, 0x00000007a8000000)
 concurrent mark-sweep generation total 393216K, used 31563K [0x00000007a8000000, 0x00000007c0000000, 0x00000007c0000000)
 Metaspace       used 46841K, capacity 48576K, committed 48892K, reserved 1091584K
  class space    used 5741K, capacity 6104K, committed 6216K, reserved 1048576K
2019-03-20T16:15:50.590+0600: 147.100: [GC (Allocation Failure) 2019-03-20T16:15:50.590+0600: 147.100: [ParNew
Desired survivor size 20112992 bytes, new threshold 8 (max 8)
- age   1:     594328 bytes,     594328 total
- age   2:      79448 bytes,     673776 total
- age   3:      97104 bytes,     770880 total
- age   4:    1764920 bytes,    2535800 total
- age   5:   11020296 bytes,   13556096 total
- age   6:        712 bytes,   13556808 total
: 103779K->17537K(109248K), 0.0229592 secs] 135342K->49100K(502464K), 0.0231147 secs] [Times: user=0.05 sys=0.00, real=0.02 secs] 
Heap after GC invocations=19 (full 2):
 par new generation   total 109248K, used 17537K [0x00000007a0000000, 0x00000007a8000000, 0x00000007a8000000)
  eden space 87424K,   0% used [0x00000007a0000000, 0x00000007a0000000, 0x00000007a5560000)
  from space 21824K,  80% used [0x00000007a6ab0000, 0x00000007a7bd04c0, 0x00000007a8000000)
  to   space 21824K,   0% used [0x00000007a5560000, 0x00000007a5560000, 0x00000007a6ab0000)
 concurrent mark-sweep generation total 393216K, used 31563K [0x00000007a8000000, 0x00000007c0000000, 0x00000007c0000000)
 Metaspace       used 46841K, capacity 48576K, committed 48892K, reserved 1091584K
  class space    used 5741K, capacity 6104K, committed 6216K, reserved 1048576K
}
2019-03-20T16:15:50.613+0600: 147.123: Total time for which application threads were stopped: 0.0234133 seconds, Stopping threads took: 0.0000323 seconds
2019-03-20T16:15:50.768+0600: 147.279: Total time for which application threads were stopped: 0.0002257 seconds, Stopping threads took: 0.0000300 seconds
2019-03-20T16:15:50.769+0600: 147.279: Total time for which application threads were stopped: 0.0001377 seconds, Stopping threads took: 0.0000324 seconds
2019-03-20T16:15:50.773+0600: 147.283: Total time for which application threads were stopped: 0.0001903 seconds, Stopping threads took: 0.0000606 seconds
2019-03-20T16:15:50.774+0600: 147.285: Total time for which application threads were stopped: 0.0007191 seconds, Stopping threads took: 0.0005044 seconds
2019-03-20T16:15:50.780+0600: 147.290: Total time for which application threads were stopped: 0.0001855 seconds, Stopping threads took: 0.0000576 seconds
2019-03-20T16:15:50.784+0600: 147.294: Total time for which application threads were stopped: 0.0001444 seconds, Stopping threads took: 0.0000234 seconds
2019-03-20T16:15:50.788+0600: 147.299: Total time for which application threads were stopped: 0.0001681 seconds, Stopping threads took: 0.0000559 seconds
2019-03-20T16:15:50.788+0600: 147.299: Total time for which application threads were stopped: 0.0001208 seconds, Stopping threads took: 0.0000252 seconds
2019-03-20T16:15:50.799+0600: 147.310: Total time for which application threads were stopped: 0.0002015 seconds, Stopping threads took: 0.0000537 seconds
2019-03-20T16:15:50.800+0600: 147.310: Total time for which application threads were stopped: 0.0001324 seconds, Stopping threads took: 0.0000199 seconds
2019-03-20T16:15:50.808+0600: 147.319: Total time for which application threads were stopped: 0.0002021 seconds, Stopping threads took: 0.0000801 seconds
2019-03-20T16:15:50.817+0600: 147.328: Total time for which application threads were stopped: 0.0003757 seconds, Stopping threads took: 0.0002471 seconds
2019-03-20T16:15:50.836+0600: 147.347: Total time for which application threads were stopped: 0.0004579 seconds, Stopping threads took: 0.0002813 seconds
2019-03-20T16:15:50.837+0600: 147.348: Total time for which application threads were stopped: 0.0001991 seconds, Stopping threads took: 0.0000440 seconds
2019-03-20T16:15:51.839+0600: 148.349: Total time for which application threads were stopped: 0.0005919 seconds, Stopping threads took: 0.0001199 seconds
2019-03-20T16:15:52.841+0600: 149.351: Total time for which application threads were stopped: 0.0004186 seconds, Stopping threads took: 0.0000522 seconds
2019-03-20T16:15:53.080+0600: 149.590: Total time for which application threads were stopped: 0.0001701 seconds, Stopping threads took: 0.0000275 seconds
2019-03-20T16:15:53.083+0600: 149.594: Total time for which application threads were stopped: 0.0001622 seconds, Stopping threads took: 0.0000532 seconds
2019-03-20T16:15:53.101+0600: 149.612: Total time for which application threads were stopped: 0.0001469 seconds, Stopping threads took: 0.0000307 seconds
{Heap before GC invocations=19 (full 2):
 par new generation   total 109248K, used 104961K [0x00000007a0000000, 0x00000007a8000000, 0x00000007a8000000)
  eden space 87424K, 100% used [0x00000007a0000000, 0x00000007a5560000, 0x00000007a5560000)
  from space 21824K,  80% used [0x00000007a6ab0000, 0x00000007a7bd04c0, 0x00000007a8000000)
  to   space 21824K,   0% used [0x00000007a5560000, 0x00000007a5560000, 0x00000007a6ab0000)
 concurrent mark-sweep generation total 393216K, used 31563K [0x00000007a8000000, 0x00000007c0000000, 0x00000007c0000000)
 Metaspace       used 47399K, capacity 49204K, committed 49480K, reserved 1093632K
  class space    used 5758K, capacity 6129K, committed 6216K, reserved 1048576K
2019-03-20T16:15:53.702+0600: 150.212: [GC (Allocation Failure) 2019-03-20T16:15:53.702+0600: 150.212: [ParNew
Desired survivor size 20112992 bytes, new threshold 8 (max 8)
- age   1:    2707816 bytes,    2707816 total
- age   2:     148904 bytes,    2856720 total
- age   3:      77904 bytes,    2934624 total
- age   4:      96736 bytes,    3031360 total
- age   5:     198872 bytes,    3230232 total
- age   6:   10869544 bytes,   14099776 total
- age   7:        712 bytes,   14100488 total
: 104961K->16387K(109248K), 0.0138211 secs] 136524K->47951K(502464K), 0.0139244 secs] [Times: user=0.04 sys=0.00, real=0.01 secs] 
Heap after GC invocations=20 (full 2):
 par new generation   total 109248K, used 16387K [0x00000007a0000000, 0x00000007a8000000, 0x00000007a8000000)
  eden space 87424K,   0% used [0x00000007a0000000, 0x00000007a0000000, 0x00000007a5560000)
  from space 21824K,  75% used [0x00000007a5560000, 0x00000007a6560f90, 0x00000007a6ab0000)
  to   space 21824K,   0% used [0x00000007a6ab0000, 0x00000007a6ab0000, 0x00000007a8000000)
 concurrent mark-sweep generation total 393216K, used 31563K [0x00000007a8000000, 0x00000007c0000000, 0x00000007c0000000)
 Metaspace       used 47399K, capacity 49204K, committed 49480K, reserved 1093632K
  class space    used 5758K, capacity 6129K, committed 6216K, reserved 1048576K
}
2019-03-20T16:15:53.716+0600: 150.226: Total time for which application threads were stopped: 0.0143396 seconds, Stopping threads took: 0.0000768 seconds
2019-03-20T16:15:54.716+0600: 151.227: Total time for which application threads were stopped: 0.0003674 seconds, Stopping threads took: 0.0000508 seconds
2019-03-20T16:15:55.717+0600: 152.228: Total time for which application threads were stopped: 0.0001939 seconds, Stopping threads took: 0.0000393 seconds
2019-03-20T16:15:55.933+0600: 152.443: Total time for which application threads were stopped: 0.0001966 seconds, Stopping threads took: 0.0000456 seconds
2019-03-20T16:15:55.933+0600: 152.444: Total time for which application threads were stopped: 0.0000940 seconds, Stopping threads took: 0.0000141 seconds
2019-03-20T16:15:55.933+0600: 152.444: Total time for which application threads were stopped: 0.0001364 seconds, Stopping threads took: 0.0000289 seconds
2019-03-20T16:15:55.934+0600: 152.444: Total time for which application threads were stopped: 0.0001489 seconds, Stopping threads took: 0.0000793 seconds
2019-03-20T16:15:55.934+0600: 152.444: Total time for which application threads were stopped: 0.0001045 seconds, Stopping threads took: 0.0000317 seconds
2019-03-20T16:15:55.934+0600: 152.444: Total time for which application threads were stopped: 0.0001312 seconds, Stopping threads took: 0.0000331 seconds
2019-03-20T16:15:55.934+0600: 152.445: Total time for which application threads were stopped: 0.0001102 seconds, Stopping threads took: 0.0000264 seconds
2019-03-20T16:15:55.945+0600: 152.456: Total time for which application threads were stopped: 0.0001885 seconds, Stopping threads took: 0.0000507 seconds
2019-03-20T16:15:55.945+0600: 152.456: Total time for which application threads were stopped: 0.0001121 seconds, Stopping threads took: 0.0000275 seconds
2019-03-20T16:15:55.946+0600: 152.456: Total time for which application threads were stopped: 0.0000743 seconds, Stopping threads took: 0.0000205 seconds
2019-03-20T16:15:55.946+0600: 152.456: Total time for which application threads were stopped: 0.0000809 seconds, Stopping threads took: 0.0000293 seconds
2019-03-20T16:15:55.946+0600: 152.456: Total time for which application threads were stopped: 0.0000686 seconds, Stopping threads took: 0.0000170 seconds
2019-03-20T16:15:55.946+0600: 152.456: Total time for which application threads were stopped: 0.0000779 seconds, Stopping threads took: 0.0000247 seconds
2019-03-20T16:15:55.946+0600: 152.456: Total time for which application threads were stopped: 0.0000709 seconds, Stopping threads took: 0.0000200 seconds
2019-03-20T16:15:55.946+0600: 152.457: Total time for which application threads were stopped: 0.0000694 seconds, Stopping threads took: 0.0000182 seconds
2019-03-20T16:15:55.946+0600: 152.457: Total time for which application threads were stopped: 0.0000723 seconds, Stopping threads took: 0.0000201 seconds
2019-03-20T16:15:55.946+0600: 152.457: Total time for which application threads were stopped: 0.0000727 seconds, Stopping threads took: 0.0000209 seconds
2019-03-20T16:15:55.946+0600: 152.457: Total time for which application threads were stopped: 0.0000740 seconds, Stopping threads took: 0.0000227 seconds
2019-03-20T16:15:55.947+0600: 152.457: Total time for which application threads were stopped: 0.0000631 seconds, Stopping threads took: 0.0000106 seconds
2019-03-20T16:15:55.947+0600: 152.457: Total time for which application threads were stopped: 0.0000846 seconds, Stopping threads took: 0.0000105 seconds
2019-03-20T16:15:55.947+0600: 152.457: Total time for which application threads were stopped: 0.0000748 seconds, Stopping threads took: 0.0000196 seconds
2019-03-20T16:15:55.947+0600: 152.457: Total time for which application threads were stopped: 0.0000790 seconds, Stopping threads took: 0.0000251 seconds
2019-03-20T16:15:55.947+0600: 152.457: Total time for which application threads were stopped: 0.0000685 seconds, Stopping threads took: 0.0000184 seconds
2019-03-20T16:15:55.947+0600: 152.458: Total time for which application threads were stopped: 0.0000694 seconds, Stopping threads took: 0.0000192 seconds
2019-03-20T16:15:55.947+0600: 152.458: Total time for which application threads were stopped: 0.0000758 seconds, Stopping threads took: 0.0000234 seconds
2019-03-20T16:15:55.947+0600: 152.458: Total time for which application threads were stopped: 0.0000836 seconds, Stopping threads took: 0.0000331 seconds
2019-03-20T16:15:55.948+0600: 152.458: Total time for which application threads were stopped: 0.0002344 seconds, Stopping threads took: 0.0000315 seconds
2019-03-20T16:15:55.950+0600: 152.460: Total time for which application threads were stopped: 0.0001666 seconds, Stopping threads took: 0.0000428 seconds
2019-03-20T16:15:55.950+0600: 152.460: Total time for which application threads were stopped: 0.0001021 seconds, Stopping threads took: 0.0000244 seconds
2019-03-20T16:15:55.954+0600: 152.464: Total time for which application threads were stopped: 0.0001605 seconds, Stopping threads took: 0.0000500 seconds
2019-03-20T16:15:55.963+0600: 152.474: Total time for which application threads were stopped: 0.0003617 seconds, Stopping threads took: 0.0001937 seconds
2019-03-20T16:15:55.964+0600: 152.475: Total time for which application threads were stopped: 0.0006364 seconds, Stopping threads took: 0.0000261 seconds
2019-03-20T16:15:56.970+0600: 153.480: Total time for which application threads were stopped: 0.0003265 seconds, Stopping threads took: 0.0000470 seconds
2019-03-20T16:15:57.972+0600: 154.482: Total time for which application threads were stopped: 0.0002829 seconds, Stopping threads took: 0.0001156 seconds
2019-03-20T16:15:58.972+0600: 155.483: Total time for which application threads were stopped: 0.0001428 seconds, Stopping threads took: 0.0000297 seconds
2019-03-20T16:15:59.977+0600: 156.487: Total time for which application threads were stopped: 0.0002158 seconds, Stopping threads took: 0.0000378 seconds
2019-03-20T16:16:00.925+0600: 157.436: Total time for which application threads were stopped: 0.0001753 seconds, Stopping threads took: 0.0000400 seconds
2019-03-20T16:16:00.925+0600: 157.436: Total time for which application threads were stopped: 0.0001554 seconds, Stopping threads took: 0.0000739 seconds
2019-03-20T16:16:00.926+0600: 157.436: Total time for which application threads were stopped: 0.0001098 seconds, Stopping threads took: 0.0000220 seconds
2019-03-20T16:16:00.926+0600: 157.436: Total time for which application threads were stopped: 0.0001113 seconds, Stopping threads took: 0.0000366 seconds
2019-03-20T16:16:00.926+0600: 157.436: Total time for which application threads were stopped: 0.0000880 seconds, Stopping threads took: 0.0000231 seconds
2019-03-20T16:16:00.926+0600: 157.437: Total time for which application threads were stopped: 0.0001750 seconds, Stopping threads took: 0.0000759 seconds
2019-03-20T16:16:00.926+0600: 157.437: Total time for which application threads were stopped: 0.0001055 seconds, Stopping threads took: 0.0000332 seconds
2019-03-20T16:16:00.933+0600: 157.443: Total time for which application threads were stopped: 0.0001327 seconds, Stopping threads took: 0.0000249 seconds
2019-03-20T16:16:00.935+0600: 157.446: Total time for which application threads were stopped: 0.0001916 seconds, Stopping threads took: 0.0000833 seconds
2019-03-20T16:16:00.936+0600: 157.446: Total time for which application threads were stopped: 0.0001172 seconds, Stopping threads took: 0.0000322 seconds
2019-03-20T16:16:00.946+0600: 157.457: Total time for which application threads were stopped: 0.0002186 seconds, Stopping threads took: 0.0000437 seconds
2019-03-20T16:16:01.167+0600: 157.678: Total time for which application threads were stopped: 0.0001412 seconds, Stopping threads took: 0.0000261 seconds
2019-03-20T16:16:02.171+0600: 158.681: Total time for which application threads were stopped: 0.0003213 seconds, Stopping threads took: 0.0000968 seconds
2019-03-20T16:16:04.172+0600: 160.682: Total time for which application threads were stopped: 0.0001726 seconds, Stopping threads took: 0.0000353 seconds
2019-03-20T16:16:08.797+0600: 165.307: Total time for which application threads were stopped: 0.0002747 seconds, Stopping threads took: 0.0000286 seconds
2019-03-20T16:16:09.668+0600: 166.178: Total time for which application threads were stopped: 0.0002298 seconds, Stopping threads took: 0.0000284 seconds
2019-03-20T16:16:09.668+0600: 166.179: Total time for which application threads were stopped: 0.0001021 seconds, Stopping threads took: 0.0000260 seconds
2019-03-20T16:16:09.668+0600: 166.179: Total time for which application threads were stopped: 0.0001218 seconds, Stopping threads took: 0.0000258 seconds
2019-03-20T16:16:09.669+0600: 166.179: Total time for which application threads were stopped: 0.0000915 seconds, Stopping threads took: 0.0000113 seconds
2019-03-20T16:16:09.669+0600: 166.180: Total time for which application threads were stopped: 0.0004699 seconds, Stopping threads took: 0.0000293 seconds
2019-03-20T16:16:09.685+0600: 166.195: Total time for which application threads were stopped: 0.0002557 seconds, Stopping threads took: 0.0000520 seconds
2019-03-20T16:16:09.685+0600: 166.196: Total time for which application threads were stopped: 0.0002804 seconds, Stopping threads took: 0.0000329 seconds
2019-03-20T16:16:09.698+0600: 166.209: Total time for which application threads were stopped: 0.0002846 seconds, Stopping threads took: 0.0001257 seconds
2019-03-20T16:16:09.699+0600: 166.209: Total time for which application threads were stopped: 0.0001346 seconds, Stopping threads took: 0.0000260 seconds
2019-03-20T16:16:09.702+0600: 166.212: Total time for which application threads were stopped: 0.0001139 seconds, Stopping threads took: 0.0000182 seconds
2019-03-20T16:16:09.703+0600: 166.213: Total time for which application threads were stopped: 0.0001291 seconds, Stopping threads took: 0.0000167 seconds
2019-03-20T16:16:09.703+0600: 166.213: Total time for which application threads were stopped: 0.0001094 seconds, Stopping threads took: 0.0000128 seconds
2019-03-20T16:16:09.703+0600: 166.213: Total time for which application threads were stopped: 0.0000747 seconds, Stopping threads took: 0.0000096 seconds
2019-03-20T16:16:09.703+0600: 166.213: Total time for which application threads were stopped: 0.0000918 seconds, Stopping threads took: 0.0000102 seconds
2019-03-20T16:16:09.703+0600: 166.213: Total time for which application threads were stopped: 0.0000755 seconds, Stopping threads took: 0.0000098 seconds
2019-03-20T16:16:09.703+0600: 166.214: Total time for which application threads were stopped: 0.0001627 seconds, Stopping threads took: 0.0000399 seconds
2019-03-20T16:16:09.703+0600: 166.214: Total time for which application threads were stopped: 0.0000815 seconds, Stopping threads took: 0.0000228 seconds
2019-03-20T16:16:09.704+0600: 166.214: Total time for which application threads were stopped: 0.0000745 seconds, Stopping threads took: 0.0000194 seconds
2019-03-20T16:16:09.704+0600: 166.215: Total time for which application threads were stopped: 0.0000758 seconds, Stopping threads took: 0.0000104 seconds
2019-03-20T16:16:09.704+0600: 166.215: Total time for which application threads were stopped: 0.0000915 seconds, Stopping threads took: 0.0000099 seconds
2019-03-20T16:16:09.711+0600: 166.221: Total time for which application threads were stopped: 0.0001542 seconds, Stopping threads took: 0.0000228 seconds
2019-03-20T16:16:09.711+0600: 166.221: Total time for which application threads were stopped: 0.0001702 seconds, Stopping threads took: 0.0000272 seconds
2019-03-20T16:16:09.726+0600: 166.236: Total time for which application threads were stopped: 0.0001734 seconds, Stopping threads took: 0.0000386 seconds
2019-03-20T16:16:09.726+0600: 166.236: Total time for which application threads were stopped: 0.0001619 seconds, Stopping threads took: 0.0000440 seconds
2019-03-20T16:16:10.731+0600: 167.241: Total time for which application threads were stopped: 0.0003812 seconds, Stopping threads took: 0.0001305 seconds
2019-03-20T16:16:12.738+0600: 169.248: Total time for which application threads were stopped: 0.0001375 seconds, Stopping threads took: 0.0000294 seconds
2019-03-20T16:16:22.751+0600: 179.261: Total time for which application threads were stopped: 0.0001727 seconds, Stopping threads took: 0.0000347 seconds
2019-03-20T16:16:23.414+0600: 179.924: Total time for which application threads were stopped: 0.0002716 seconds, Stopping threads took: 0.0000304 seconds
2019-03-20T16:16:23.415+0600: 179.925: Total time for which application threads were stopped: 0.0003710 seconds, Stopping threads took: 0.0002312 seconds
2019-03-20T16:16:23.415+0600: 179.925: Total time for which application threads were stopped: 0.0002443 seconds, Stopping threads took: 0.0000412 seconds
2019-03-20T16:16:23.416+0600: 179.926: Total time for which application threads were stopped: 0.0003207 seconds, Stopping threads took: 0.0001243 seconds
2019-03-20T16:16:23.441+0600: 179.951: Total time for which application threads were stopped: 0.0002287 seconds, Stopping threads took: 0.0000382 seconds
2019-03-20T16:16:23.441+0600: 179.952: Total time for which application threads were stopped: 0.0003513 seconds, Stopping threads took: 0.0000170 seconds
2019-03-20T16:16:23.454+0600: 179.965: Total time for which application threads were stopped: 0.0002003 seconds, Stopping threads took: 0.0000486 seconds
2019-03-20T16:16:23.455+0600: 179.965: Total time for which application threads were stopped: 0.0001468 seconds, Stopping threads took: 0.0000273 seconds
2019-03-20T16:16:25.043+0600: 181.553: Total time for which application threads were stopped: 0.0002257 seconds, Stopping threads took: 0.0000298 seconds
2019-03-20T16:16:25.043+0600: 181.554: Total time for which application threads were stopped: 0.0001392 seconds, Stopping threads took: 0.0000136 seconds
2019-03-20T16:16:25.054+0600: 181.564: Total time for which application threads were stopped: 0.0001880 seconds, Stopping threads took: 0.0000452 seconds
2019-03-20T16:16:25.054+0600: 181.564: Total time for which application threads were stopped: 0.0001702 seconds, Stopping threads took: 0.0000384 seconds
2019-03-20T16:16:26.057+0600: 182.567: Total time for which application threads were stopped: 0.0001665 seconds, Stopping threads took: 0.0000328 seconds
2019-03-20T16:16:27.485+0600: 183.995: Total time for which application threads were stopped: 0.0002026 seconds, Stopping threads took: 0.0000433 seconds
2019-03-20T16:16:27.485+0600: 183.996: Total time for which application threads were stopped: 0.0001217 seconds, Stopping threads took: 0.0000249 seconds
2019-03-20T16:16:27.492+0600: 184.002: Total time for which application threads were stopped: 0.0001736 seconds, Stopping threads took: 0.0000396 seconds
2019-03-20T16:16:27.492+0600: 184.002: Total time for which application threads were stopped: 0.0001837 seconds, Stopping threads took: 0.0000457 seconds
2019-03-20T16:16:27.537+0600: 184.047: Total time for which application threads were stopped: 0.0002662 seconds, Stopping threads took: 0.0000285 seconds
2019-03-20T16:16:27.539+0600: 184.050: Total time for which application threads were stopped: 0.0001496 seconds, Stopping threads took: 0.0000209 seconds
2019-03-20T16:16:27.556+0600: 184.066: Total time for which application threads were stopped: 0.0002050 seconds, Stopping threads took: 0.0000396 seconds
2019-03-20T16:16:27.556+0600: 184.066: Total time for which application threads were stopped: 0.0001362 seconds, Stopping threads took: 0.0000152 seconds
2019-03-20T16:16:27.566+0600: 184.076: Total time for which application threads were stopped: 0.0002086 seconds, Stopping threads took: 0.0000416 seconds
2019-03-20T16:16:27.566+0600: 184.076: Total time for which application threads were stopped: 0.0001412 seconds, Stopping threads took: 0.0000257 seconds
2019-03-20T16:16:27.567+0600: 184.077: Total time for which application threads were stopped: 0.0001224 seconds, Stopping threads took: 0.0000210 seconds
2019-03-20T16:16:27.567+0600: 184.077: Total time for which application threads were stopped: 0.0001079 seconds, Stopping threads took: 0.0000140 seconds
2019-03-20T16:16:28.568+0600: 185.078: Total time for which application threads were stopped: 0.0002152 seconds, Stopping threads took: 0.0000395 seconds
2019-03-20T16:16:33.729+0600: 190.239: Total time for which application threads were stopped: 0.0009224 seconds, Stopping threads took: 0.0000266 seconds
2019-03-20T16:16:33.749+0600: 190.259: Total time for which application threads were stopped: 0.0009037 seconds, Stopping threads took: 0.0000436 seconds
2019-03-20T16:16:33.754+0600: 190.264: Total time for which application threads were stopped: 0.0002401 seconds, Stopping threads took: 0.0000283 seconds
2019-03-20T16:16:33.754+0600: 190.264: Total time for which application threads were stopped: 0.0001733 seconds, Stopping threads took: 0.0000274 seconds
2019-03-20T16:16:33.807+0600: 190.317: Total time for which application threads were stopped: 0.0001983 seconds, Stopping threads took: 0.0000390 seconds
2019-03-20T16:16:33.807+0600: 190.317: Total time for which application threads were stopped: 0.0001298 seconds, Stopping threads took: 0.0000226 seconds
2019-03-20T16:16:34.807+0600: 191.318: Total time for which application threads were stopped: 0.0001995 seconds, Stopping threads took: 0.0000404 seconds
2019-03-20T16:16:35.738+0600: 192.248: Total time for which application threads were stopped: 0.0003012 seconds, Stopping threads took: 0.0000456 seconds
2019-03-20T16:16:35.742+0600: 192.253: Total time for which application threads were stopped: 0.0002738 seconds, Stopping threads took: 0.0000319 seconds
2019-03-20T16:16:35.743+0600: 192.253: Total time for which application threads were stopped: 0.0001760 seconds, Stopping threads took: 0.0000395 seconds
2019-03-20T16:16:35.745+0600: 192.255: Total time for which application threads were stopped: 0.0002102 seconds, Stopping threads took: 0.0000574 seconds
2019-03-20T16:16:35.747+0600: 192.257: Total time for which application threads were stopped: 0.0002234 seconds, Stopping threads took: 0.0000519 seconds
2019-03-20T16:16:35.750+0600: 192.260: Total time for which application threads were stopped: 0.0005042 seconds, Stopping threads took: 0.0000309 seconds
2019-03-20T16:16:35.751+0600: 192.261: Total time for which application threads were stopped: 0.0002638 seconds, Stopping threads took: 0.0001078 seconds
2019-03-20T16:16:35.772+0600: 192.283: Total time for which application threads were stopped: 0.0003954 seconds, Stopping threads took: 0.0000451 seconds
2019-03-20T16:16:35.773+0600: 192.283: Total time for which application threads were stopped: 0.0002905 seconds, Stopping threads took: 0.0000294 seconds
2019-03-20T16:16:35.773+0600: 192.283: Total time for which application threads were stopped: 0.0002048 seconds, Stopping threads took: 0.0000264 seconds
2019-03-20T16:16:37.340+0600: 193.850: Total time for which application threads were stopped: 0.0006194 seconds, Stopping threads took: 0.0001058 seconds
2019-03-20T16:16:37.348+0600: 193.858: Total time for which application threads were stopped: 0.0001974 seconds, Stopping threads took: 0.0000328 seconds
2019-03-20T16:16:37.348+0600: 193.858: Total time for which application threads were stopped: 0.0001481 seconds, Stopping threads took: 0.0000149 seconds
2019-03-20T16:16:37.365+0600: 193.875: Total time for which application threads were stopped: 0.0002437 seconds, Stopping threads took: 0.0000645 seconds
2019-03-20T16:16:37.366+0600: 193.876: Total time for which application threads were stopped: 0.0004515 seconds, Stopping threads took: 0.0001854 seconds
2019-03-20T16:16:38.367+0600: 194.877: Total time for which application threads were stopped: 0.0002901 seconds, Stopping threads took: 0.0000584 seconds
2019-03-20T16:16:38.588+0600: 195.098: Total time for which application threads were stopped: 0.0002345 seconds, Stopping threads took: 0.0000373 seconds
2019-03-20T16:16:38.588+0600: 195.098: Total time for which application threads were stopped: 0.0002493 seconds, Stopping threads took: 0.0001191 seconds
2019-03-20T16:16:38.613+0600: 195.123: Total time for which application threads were stopped: 0.0002419 seconds, Stopping threads took: 0.0000588 seconds
2019-03-20T16:16:38.614+0600: 195.124: Total time for which application threads were stopped: 0.0001845 seconds, Stopping threads took: 0.0000253 seconds
2019-03-20T16:16:40.617+0600: 197.127: Total time for which application threads were stopped: 0.0001910 seconds, Stopping threads took: 0.0000337 seconds
2019-03-20T16:16:40.629+0600: 197.139: Total time for which application threads were stopped: 0.0001959 seconds, Stopping threads took: 0.0000273 seconds
2019-03-20T16:16:40.629+0600: 197.140: Total time for which application threads were stopped: 0.0002141 seconds, Stopping threads took: 0.0000384 seconds
2019-03-20T16:16:40.642+0600: 197.152: Total time for which application threads were stopped: 0.0005812 seconds, Stopping threads took: 0.0000728 seconds
2019-03-20T16:16:40.642+0600: 197.152: Total time for which application threads were stopped: 0.0005080 seconds, Stopping threads took: 0.0000633 seconds
2019-03-20T16:16:41.644+0600: 198.154: Total time for which application threads were stopped: 0.0003555 seconds, Stopping threads took: 0.0001440 seconds
2019-03-20T16:16:45.591+0600: 202.101: Total time for which application threads were stopped: 0.0001886 seconds, Stopping threads took: 0.0000321 seconds
2019-03-20T16:16:45.596+0600: 202.106: Total time for which application threads were stopped: 0.0010095 seconds, Stopping threads took: 0.0000426 seconds
2019-03-20T16:16:45.605+0600: 202.115: Total time for which application threads were stopped: 0.0001805 seconds, Stopping threads took: 0.0000233 seconds
2019-03-20T16:16:45.605+0600: 202.115: Total time for which application threads were stopped: 0.0001562 seconds, Stopping threads took: 0.0000303 seconds
2019-03-20T16:16:45.637+0600: 202.147: Total time for which application threads were stopped: 0.0002605 seconds, Stopping threads took: 0.0000773 seconds
2019-03-20T16:16:45.637+0600: 202.147: Total time for which application threads were stopped: 0.0001432 seconds, Stopping threads took: 0.0000269 seconds
2019-03-20T16:16:46.636+0600: 203.146: Total time for which application threads were stopped: 0.0004367 seconds, Stopping threads took: 0.0001951 seconds
2019-03-20T16:16:46.636+0600: 203.146: Total time for which application threads were stopped: 0.0001701 seconds, Stopping threads took: 0.0000328 seconds
2019-03-20T16:16:46.686+0600: 203.196: Total time for which application threads were stopped: 0.0002815 seconds, Stopping threads took: 0.0001136 seconds
2019-03-20T16:16:46.687+0600: 203.197: Total time for which application threads were stopped: 0.0002185 seconds, Stopping threads took: 0.0000992 seconds
2019-03-20T16:16:47.689+0600: 204.199: Total time for which application threads were stopped: 0.0003251 seconds, Stopping threads took: 0.0000813 seconds
2019-03-20T16:16:49.358+0600: 205.868: Total time for which application threads were stopped: 0.0006130 seconds, Stopping threads took: 0.0000623 seconds
2019-03-20T16:16:49.360+0600: 205.870: Total time for which application threads were stopped: 0.0002230 seconds, Stopping threads took: 0.0000376 seconds
2019-03-20T16:16:49.377+0600: 205.887: Total time for which application threads were stopped: 0.0002003 seconds, Stopping threads took: 0.0000446 seconds
2019-03-20T16:16:49.377+0600: 205.887: Total time for which application threads were stopped: 0.0001266 seconds, Stopping threads took: 0.0000243 seconds
2019-03-20T16:16:49.398+0600: 205.908: Total time for which application threads were stopped: 0.0001715 seconds, Stopping threads took: 0.0000500 seconds
2019-03-20T16:16:49.398+0600: 205.908: Total time for which application threads were stopped: 0.0001334 seconds, Stopping threads took: 0.0000268 seconds
2019-03-20T16:16:49.399+0600: 205.909: Total time for which application threads were stopped: 0.0000937 seconds, Stopping threads took: 0.0000241 seconds
2019-03-20T16:16:49.405+0600: 205.915: Total time for which application threads were stopped: 0.0006722 seconds, Stopping threads took: 0.0000634 seconds
2019-03-20T16:16:49.406+0600: 205.916: Total time for which application threads were stopped: 0.0002546 seconds, Stopping threads took: 0.0000390 seconds
2019-03-20T16:16:50.410+0600: 206.920: Total time for which application threads were stopped: 0.0002182 seconds, Stopping threads took: 0.0000380 seconds
2019-03-20T16:16:52.245+0600: 208.755: Total time for which application threads were stopped: 0.0002742 seconds, Stopping threads took: 0.0000482 seconds
2019-03-20T16:16:53.249+0600: 209.759: Total time for which application threads were stopped: 0.0002392 seconds, Stopping threads took: 0.0000338 seconds
2019-03-20T16:17:29.311+0600: 245.820: Total time for which application threads were stopped: 0.0002924 seconds, Stopping threads took: 0.0000441 seconds
2019-03-20T16:17:33.321+0600: 249.831: Total time for which application threads were stopped: 0.0002545 seconds, Stopping threads took: 0.0000498 seconds
{Heap before GC invocations=20 (full 2):
 par new generation   total 109248K, used 103811K [0x00000007a0000000, 0x00000007a8000000, 0x00000007a8000000)
  eden space 87424K, 100% used [0x00000007a0000000, 0x00000007a5560000, 0x00000007a5560000)
  from space 21824K,  75% used [0x00000007a5560000, 0x00000007a6560f90, 0x00000007a6ab0000)
  to   space 21824K,   0% used [0x00000007a6ab0000, 0x00000007a6ab0000, 0x00000007a8000000)
 concurrent mark-sweep generation total 393216K, used 31563K [0x00000007a8000000, 0x00000007c0000000, 0x00000007c0000000)
 Metaspace       used 48806K, capacity 50910K, committed 51144K, reserved 1093632K
  class space    used 5862K, capacity 6316K, committed 6344K, reserved 1048576K
2019-03-20T16:17:34.724+0600: 251.234: [GC (Allocation Failure) 2019-03-20T16:17:34.725+0600: 251.234: [ParNew
Desired survivor size 20112992 bytes, new threshold 8 (max 8)
- age   1:    3718192 bytes,    3718192 total
- age   2:    1990768 bytes,    5708960 total
- age   3:     147752 bytes,    5856712 total
- age   4:      77904 bytes,    5934616 total
- age   5:      96736 bytes,    6031352 total
- age   6:     198840 bytes,    6230192 total
- age   7:    8684464 bytes,   14914656 total
- age   8:        712 bytes,   14915368 total
: 103811K->19880K(109248K), 0.0127512 secs] 135375K->51443K(502464K), 0.0132064 secs] [Times: user=0.04 sys=0.00, real=0.01 secs] 
Heap after GC invocations=21 (full 2):
 par new generation   total 109248K, used 19880K [0x00000007a0000000, 0x00000007a8000000, 0x00000007a8000000)
  eden space 87424K,   0% used [0x00000007a0000000, 0x00000007a0000000, 0x00000007a5560000)
  from space 21824K,  91% used [0x00000007a6ab0000, 0x00000007a7e1a0e0, 0x00000007a8000000)
  to   space 21824K,   0% used [0x00000007a5560000, 0x00000007a5560000, 0x00000007a6ab0000)
 concurrent mark-sweep generation total 393216K, used 31563K [0x00000007a8000000, 0x00000007c0000000, 0x00000007c0000000)
 Metaspace       used 48806K, capacity 50910K, committed 51144K, reserved 1093632K
  class space    used 5862K, capacity 6316K, committed 6344K, reserved 1048576K
}
2019-03-20T16:17:34.738+0600: 251.247: Total time for which application threads were stopped: 0.0134748 seconds, Stopping threads took: 0.0000229 seconds
2019-03-20T16:17:34.768+0600: 251.278: Total time for which application threads were stopped: 0.0001248 seconds, Stopping threads took: 0.0000214 seconds
2019-03-20T16:17:34.780+0600: 251.290: Total time for which application threads were stopped: 0.0001202 seconds, Stopping threads took: 0.0000238 seconds
2019-03-20T16:17:34.793+0600: 251.303: Total time for which application threads were stopped: 0.0001240 seconds, Stopping threads took: 0.0000234 seconds
2019-03-20T16:17:34.795+0600: 251.305: Total time for which application threads were stopped: 0.0008870 seconds, Stopping threads took: 0.0000201 seconds
2019-03-20T16:17:34.797+0600: 251.306: Total time for which application threads were stopped: 0.0007470 seconds, Stopping threads took: 0.0000260 seconds
2019-03-20T16:17:34.800+0600: 251.309: Total time for which application threads were stopped: 0.0006407 seconds, Stopping threads took: 0.0000172 seconds
2019-03-20T16:17:34.803+0600: 251.312: Total time for which application threads were stopped: 0.0006711 seconds, Stopping threads took: 0.0000228 seconds
2019-03-20T16:17:34.839+0600: 251.349: Total time for which application threads were stopped: 0.0001843 seconds, Stopping threads took: 0.0000592 seconds
2019-03-20T16:17:34.853+0600: 251.363: Total time for which application threads were stopped: 0.0002002 seconds, Stopping threads took: 0.0000564 seconds
2019-03-20T16:17:34.877+0600: 251.386: Total time for which application threads were stopped: 0.0001528 seconds, Stopping threads took: 0.0000487 seconds
2019-03-20T16:17:34.888+0600: 251.397: Total time for which application threads were stopped: 0.0001550 seconds, Stopping threads took: 0.0000547 seconds
2019-03-20T16:17:34.958+0600: 251.467: Total time for which application threads were stopped: 0.0002133 seconds, Stopping threads took: 0.0000697 seconds
2019-03-20T16:17:34.993+0600: 251.502: Total time for which application threads were stopped: 0.0002001 seconds, Stopping threads took: 0.0000763 seconds
2019-03-20T16:17:34.993+0600: 251.502: Total time for which application threads were stopped: 0.0001346 seconds, Stopping threads took: 0.0000346 seconds
2019-03-20T16:17:34.995+0600: 251.504: Total time for which application threads were stopped: 0.0001773 seconds, Stopping threads took: 0.0000474 seconds
2019-03-20T16:17:35.017+0600: 251.527: Total time for which application threads were stopped: 0.0001619 seconds, Stopping threads took: 0.0000554 seconds
2019-03-20T16:17:35.024+0600: 251.534: Total time for which application threads were stopped: 0.0002570 seconds, Stopping threads took: 0.0000835 seconds
2019-03-20T16:17:35.025+0600: 251.534: Total time for which application threads were stopped: 0.0002221 seconds, Stopping threads took: 0.0000919 seconds
2019-03-20T16:17:35.026+0600: 251.535: Total time for which application threads were stopped: 0.0002448 seconds, Stopping threads took: 0.0001093 seconds
2019-03-20T16:17:35.219+0600: 251.729: Total time for which application threads were stopped: 0.0129088 seconds, Stopping threads took: 0.0127490 seconds
2019-03-20T16:17:35.308+0600: 251.817: Total time for which application threads were stopped: 0.0009725 seconds, Stopping threads took: 0.0000867 seconds
2019-03-20T16:17:35.310+0600: 251.820: Total time for which application threads were stopped: 0.0007090 seconds, Stopping threads took: 0.0000143 seconds
2019-03-20T16:17:35.345+0600: 251.854: Total time for which application threads were stopped: 0.0007568 seconds, Stopping threads took: 0.0006276 seconds
2019-03-20T16:17:35.345+0600: 251.855: Total time for which application threads were stopped: 0.0001602 seconds, Stopping threads took: 0.0000355 seconds
2019-03-20T16:17:35.351+0600: 251.860: Total time for which application threads were stopped: 0.0013762 seconds, Stopping threads took: 0.0004725 seconds
2019-03-20T16:17:35.371+0600: 251.881: Total time for which application threads were stopped: 0.0012659 seconds, Stopping threads took: 0.0004891 seconds
2019-03-20T16:17:35.373+0600: 251.883: Total time for which application threads were stopped: 0.0001672 seconds, Stopping threads took: 0.0000514 seconds
2019-03-20T16:17:35.373+0600: 251.883: Total time for which application threads were stopped: 0.0001118 seconds, Stopping threads took: 0.0000130 seconds
2019-03-20T16:17:35.386+0600: 251.895: Total time for which application threads were stopped: 0.0110956 seconds, Stopping threads took: 0.0109633 seconds
2019-03-20T16:17:35.393+0600: 251.902: Total time for which application threads were stopped: 0.0003953 seconds, Stopping threads took: 0.0002456 seconds
2019-03-20T16:17:35.499+0600: 252.008: Total time for which application threads were stopped: 0.0240144 seconds, Stopping threads took: 0.0238445 seconds
2019-03-20T16:17:35.501+0600: 252.010: Total time for which application threads were stopped: 0.0002283 seconds, Stopping threads took: 0.0000868 seconds
2019-03-20T16:17:35.525+0600: 252.034: Total time for which application threads were stopped: 0.0112519 seconds, Stopping threads took: 0.0110911 seconds
2019-03-20T16:17:35.527+0600: 252.036: Total time for which application threads were stopped: 0.0003495 seconds, Stopping threads took: 0.0002176 seconds
2019-03-20T16:17:35.527+0600: 252.037: Total time for which application threads were stopped: 0.0002505 seconds, Stopping threads took: 0.0001114 seconds
2019-03-20T16:17:35.539+0600: 252.048: Total time for which application threads were stopped: 0.0009710 seconds, Stopping threads took: 0.0008399 seconds
2019-03-20T16:17:35.576+0600: 252.086: Total time for which application threads were stopped: 0.0144575 seconds, Stopping threads took: 0.0135380 seconds
2019-03-20T16:17:35.582+0600: 252.091: Total time for which application threads were stopped: 0.0005193 seconds, Stopping threads took: 0.0003744 seconds
2019-03-20T16:17:35.585+0600: 252.095: Total time for which application threads were stopped: 0.0002122 seconds, Stopping threads took: 0.0000686 seconds
2019-03-20T16:17:35.586+0600: 252.096: Total time for which application threads were stopped: 0.0001719 seconds, Stopping threads took: 0.0000527 seconds
2019-03-20T16:17:35.587+0600: 252.096: Total time for which application threads were stopped: 0.0003424 seconds, Stopping threads took: 0.0002144 seconds
2019-03-20T16:17:35.587+0600: 252.096: Total time for which application threads were stopped: 0.0001399 seconds, Stopping threads took: 0.0000392 seconds
2019-03-20T16:17:35.587+0600: 252.097: Total time for which application threads were stopped: 0.0001348 seconds, Stopping threads took: 0.0000339 seconds
2019-03-20T16:17:35.588+0600: 252.097: Total time for which application threads were stopped: 0.0002183 seconds, Stopping threads took: 0.0000862 seconds
2019-03-20T16:17:35.589+0600: 252.098: Total time for which application threads were stopped: 0.0002060 seconds, Stopping threads took: 0.0000701 seconds
2019-03-20T16:17:35.668+0600: 252.177: Total time for which application threads were stopped: 0.0161291 seconds, Stopping threads took: 0.0159680 seconds
2019-03-20T16:17:35.677+0600: 252.187: Total time for which application threads were stopped: 0.0001920 seconds, Stopping threads took: 0.0000820 seconds
2019-03-20T16:17:35.678+0600: 252.187: Total time for which application threads were stopped: 0.0001198 seconds, Stopping threads took: 0.0000289 seconds
2019-03-20T16:17:35.678+0600: 252.187: Total time for which application threads were stopped: 0.0001081 seconds, Stopping threads took: 0.0000274 seconds
2019-03-20T16:17:35.678+0600: 252.188: Total time for which application threads were stopped: 0.0001039 seconds, Stopping threads took: 0.0000270 seconds
2019-03-20T16:17:35.678+0600: 252.188: Total time for which application threads were stopped: 0.0001046 seconds, Stopping threads took: 0.0000269 seconds
2019-03-20T16:17:35.678+0600: 252.188: Total time for which application threads were stopped: 0.0001109 seconds, Stopping threads took: 0.0000167 seconds
2019-03-20T16:17:35.704+0600: 252.213: Total time for which application threads were stopped: 0.0118675 seconds, Stopping threads took: 0.0117279 seconds
2019-03-20T16:17:35.737+0600: 252.246: Total time for which application threads were stopped: 0.0111357 seconds, Stopping threads took: 0.0110084 seconds
2019-03-20T16:17:35.816+0600: 252.325: Total time for which application threads were stopped: 0.0010571 seconds, Stopping threads took: 0.0001364 seconds
2019-03-20T16:17:35.930+0600: 252.440: Total time for which application threads were stopped: 0.0265089 seconds, Stopping threads took: 0.0263273 seconds
2019-03-20T16:17:35.956+0600: 252.465: Total time for which application threads were stopped: 0.0119231 seconds, Stopping threads took: 0.0110401 seconds
2019-03-20T16:17:35.970+0600: 252.479: Total time for which application threads were stopped: 0.0002365 seconds, Stopping threads took: 0.0001009 seconds
2019-03-20T16:17:35.973+0600: 252.482: Total time for which application threads were stopped: 0.0001628 seconds, Stopping threads took: 0.0000422 seconds
2019-03-20T16:17:35.974+0600: 252.483: Total time for which application threads were stopped: 0.0001459 seconds, Stopping threads took: 0.0000402 seconds
2019-03-20T16:17:35.974+0600: 252.483: Total time for which application threads were stopped: 0.0001035 seconds, Stopping threads took: 0.0000124 seconds
2019-03-20T16:17:36.014+0600: 252.523: Total time for which application threads were stopped: 0.0268728 seconds, Stopping threads took: 0.0266809 seconds
2019-03-20T16:17:36.031+0600: 252.540: Total time for which application threads were stopped: 0.0003523 seconds, Stopping threads took: 0.0001674 seconds
2019-03-20T16:17:36.081+0600: 252.591: Total time for which application threads were stopped: 0.0218923 seconds, Stopping threads took: 0.0217125 seconds
2019-03-20T16:17:36.108+0600: 252.618: Total time for which application threads were stopped: 0.0143980 seconds, Stopping threads took: 0.0141923 seconds
2019-03-20T16:17:36.151+0600: 252.661: Total time for which application threads were stopped: 0.0115156 seconds, Stopping threads took: 0.0113486 seconds
2019-03-20T16:17:36.153+0600: 252.662: Total time for which application threads were stopped: 0.0001773 seconds, Stopping threads took: 0.0000534 seconds
2019-03-20T16:17:36.201+0600: 252.710: Total time for which application threads were stopped: 0.0220581 seconds, Stopping threads took: 0.0218885 seconds
2019-03-20T16:17:36.223+0600: 252.732: Total time for which application threads were stopped: 0.0002285 seconds, Stopping threads took: 0.0000857 seconds
2019-03-20T16:17:36.286+0600: 252.795: Total time for which application threads were stopped: 0.0214553 seconds, Stopping threads took: 0.0212772 seconds
2019-03-20T16:17:36.312+0600: 252.821: Total time for which application threads were stopped: 0.0005392 seconds, Stopping threads took: 0.0003553 seconds
2019-03-20T16:17:36.325+0600: 252.835: Total time for which application threads were stopped: 0.0016204 seconds, Stopping threads took: 0.0014202 seconds
2019-03-20T16:17:36.404+0600: 252.914: Total time for which application threads were stopped: 0.0213298 seconds, Stopping threads took: 0.0211515 seconds
2019-03-20T16:17:36.406+0600: 252.915: Total time for which application threads were stopped: 0.0001788 seconds, Stopping threads took: 0.0000549 seconds
2019-03-20T16:17:36.434+0600: 252.943: Total time for which application threads were stopped: 0.0045267 seconds, Stopping threads took: 0.0043080 seconds
2019-03-20T16:17:36.460+0600: 252.970: Total time for which application threads were stopped: 0.0123673 seconds, Stopping threads took: 0.0113132 seconds
2019-03-20T16:17:36.518+0600: 253.028: Total time for which application threads were stopped: 0.0215876 seconds, Stopping threads took: 0.0214377 seconds
2019-03-20T16:17:36.545+0600: 253.054: Total time for which application threads were stopped: 0.0005874 seconds, Stopping threads took: 0.0004370 seconds
2019-03-20T16:17:36.549+0600: 253.058: Total time for which application threads were stopped: 0.0003302 seconds, Stopping threads took: 0.0001435 seconds
2019-03-20T16:17:36.607+0600: 253.117: Total time for which application threads were stopped: 0.0117097 seconds, Stopping threads took: 0.0111211 seconds
2019-03-20T16:17:36.612+0600: 253.121: Total time for which application threads were stopped: 0.0005723 seconds, Stopping threads took: 0.0002258 seconds
2019-03-20T16:17:36.630+0600: 253.140: Total time for which application threads were stopped: 0.0028389 seconds, Stopping threads took: 0.0024809 seconds
2019-03-20T16:17:36.701+0600: 253.210: Total time for which application threads were stopped: 0.0331743 seconds, Stopping threads took: 0.0330017 seconds
2019-03-20T16:17:36.734+0600: 253.244: Total time for which application threads were stopped: 0.0102254 seconds, Stopping threads took: 0.0100832 seconds
2019-03-20T16:17:36.767+0600: 253.276: Total time for which application threads were stopped: 0.0121192 seconds, Stopping threads took: 0.0119372 seconds
2019-03-20T16:17:36.808+0600: 253.317: Total time for which application threads were stopped: 0.0147386 seconds, Stopping threads took: 0.0145624 seconds
2019-03-20T16:17:36.809+0600: 253.319: Total time for which application threads were stopped: 0.0001972 seconds, Stopping threads took: 0.0000662 seconds
2019-03-20T16:17:36.844+0600: 253.354: Total time for which application threads were stopped: 0.0065329 seconds, Stopping threads took: 0.0061676 seconds
2019-03-20T16:17:36.871+0600: 253.381: Total time for which application threads were stopped: 0.0114365 seconds, Stopping threads took: 0.0112737 seconds
2019-03-20T16:17:36.872+0600: 253.381: Total time for which application threads were stopped: 0.0001553 seconds, Stopping threads took: 0.0000441 seconds
2019-03-20T16:17:36.874+0600: 253.383: Total time for which application threads were stopped: 0.0002054 seconds, Stopping threads took: 0.0000958 seconds
2019-03-20T16:17:36.876+0600: 253.385: Total time for which application threads were stopped: 0.0001697 seconds, Stopping threads took: 0.0000561 seconds
2019-03-20T16:17:36.892+0600: 253.402: Total time for which application threads were stopped: 0.0029277 seconds, Stopping threads took: 0.0002495 seconds
2019-03-20T16:17:36.900+0600: 253.410: Total time for which application threads were stopped: 0.0002274 seconds, Stopping threads took: 0.0000924 seconds
2019-03-20T16:17:36.966+0600: 253.476: Total time for which application threads were stopped: 0.0144773 seconds, Stopping threads took: 0.0135580 seconds
2019-03-20T16:17:37.133+0600: 253.643: Total time for which application threads were stopped: 0.0159806 seconds, Stopping threads took: 0.0157989 seconds
2019-03-20T16:17:37.140+0600: 253.649: Total time for which application threads were stopped: 0.0001996 seconds, Stopping threads took: 0.0000672 seconds
2019-03-20T16:17:37.141+0600: 253.651: Total time for which application threads were stopped: 0.0001823 seconds, Stopping threads took: 0.0000586 seconds
2019-03-20T16:17:37.148+0600: 253.657: Total time for which application threads were stopped: 0.0001825 seconds, Stopping threads took: 0.0000673 seconds
2019-03-20T16:17:37.161+0600: 253.670: Total time for which application threads were stopped: 0.0112880 seconds, Stopping threads took: 0.0111428 seconds
2019-03-20T16:17:37.172+0600: 253.682: Total time for which application threads were stopped: 0.0002003 seconds, Stopping threads took: 0.0000720 seconds
2019-03-20T16:17:37.286+0600: 253.795: Total time for which application threads were stopped: 0.0114004 seconds, Stopping threads took: 0.0112499 seconds
2019-03-20T16:17:37.286+0600: 253.796: Total time for which application threads were stopped: 0.0001420 seconds, Stopping threads took: 0.0000334 seconds
2019-03-20T16:17:37.286+0600: 253.796: Total time for which application threads were stopped: 0.0001285 seconds, Stopping threads took: 0.0000314 seconds
2019-03-20T16:17:37.323+0600: 253.832: Total time for which application threads were stopped: 0.0111450 seconds, Stopping threads took: 0.0110133 seconds
2019-03-20T16:17:37.373+0600: 253.882: Total time for which application threads were stopped: 0.0111812 seconds, Stopping threads took: 0.0110433 seconds
2019-03-20T16:17:37.380+0600: 253.890: Total time for which application threads were stopped: 0.0010288 seconds, Stopping threads took: 0.0000822 seconds
2019-03-20T16:17:37.382+0600: 253.891: Total time for which application threads were stopped: 0.0001476 seconds, Stopping threads took: 0.0000385 seconds
2019-03-20T16:17:37.386+0600: 253.895: Total time for which application threads were stopped: 0.0001699 seconds, Stopping threads took: 0.0000614 seconds
2019-03-20T16:17:37.444+0600: 253.954: Total time for which application threads were stopped: 0.0232856 seconds, Stopping threads took: 0.0229493 seconds
{Heap before GC invocations=21 (full 2):
 par new generation   total 109248K, used 107304K [0x00000007a0000000, 0x00000007a8000000, 0x00000007a8000000)
  eden space 87424K, 100% used [0x00000007a0000000, 0x00000007a5560000, 0x00000007a5560000)
  from space 21824K,  91% used [0x00000007a6ab0000, 0x00000007a7e1a0e0, 0x00000007a8000000)
  to   space 21824K,   0% used [0x00000007a5560000, 0x00000007a5560000, 0x00000007a6ab0000)
 concurrent mark-sweep generation total 393216K, used 31563K [0x00000007a8000000, 0x00000007c0000000, 0x00000007c0000000)
 Metaspace       used 53798K, capacity 55944K, committed 56136K, reserved 1097728K
  class space    used 6439K, capacity 6895K, committed 6984K, reserved 1048576K
2019-03-20T16:17:37.452+0600: 253.962: [GC (Allocation Failure) 2019-03-20T16:17:37.452+0600: 253.962: [ParNew
Desired survivor size 20112992 bytes, new threshold 8 (max 8)
- age   1:    8321344 bytes,    8321344 total
- age   2:    3001736 bytes,   11323080 total
- age   3:    1986864 bytes,   13309944 total
- age   4:     147560 bytes,   13457504 total
- age   5:      77904 bytes,   13535408 total
- age   6:      96704 bytes,   13632112 total
- age   7:     198776 bytes,   13830888 total
- age   8:    8511560 bytes,   22342448 total
: 107304K->21824K(109248K), 0.0588489 secs] 138867K->55228K(502464K), 0.0589688 secs] [Times: user=0.09 sys=0.00, real=0.06 secs] 
Heap after GC invocations=22 (full 2):
 par new generation   total 109248K, used 21824K [0x00000007a0000000, 0x00000007a8000000, 0x00000007a8000000)
  eden space 87424K,   0% used [0x00000007a0000000, 0x00000007a0000000, 0x00000007a5560000)
  from space 21824K, 100% used [0x00000007a5560000, 0x00000007a6ab0000, 0x00000007a6ab0000)
  to   space 21824K,   0% used [0x00000007a6ab0000, 0x00000007a6ab0000, 0x00000007a8000000)
 concurrent mark-sweep generation total 393216K, used 33404K [0x00000007a8000000, 0x00000007c0000000, 0x00000007c0000000)
 Metaspace       used 53798K, capacity 55944K, committed 56136K, reserved 1097728K
  class space    used 6439K, capacity 6895K, committed 6984K, reserved 1048576K
}
2019-03-20T16:17:37.511+0600: 254.021: Total time for which application threads were stopped: 0.0593067 seconds, Stopping threads took: 0.0001102 seconds
2019-03-20T16:17:37.512+0600: 254.021: Total time for which application threads were stopped: 0.0002541 seconds, Stopping threads took: 0.0001042 seconds
2019-03-20T16:17:37.575+0600: 254.085: Total time for which application threads were stopped: 0.0120582 seconds, Stopping threads took: 0.0111054 seconds
2019-03-20T16:17:37.837+0600: 254.346: Total time for which application threads were stopped: 0.0131988 seconds, Stopping threads took: 0.0130165 seconds
2019-03-20T16:17:37.837+0600: 254.346: Total time for which application threads were stopped: 0.0001272 seconds, Stopping threads took: 0.0000237 seconds
2019-03-20T16:17:37.837+0600: 254.347: Total time for which application threads were stopped: 0.0000991 seconds, Stopping threads took: 0.0000096 seconds
2019-03-20T16:17:37.849+0600: 254.359: Total time for which application threads were stopped: 0.0001993 seconds, Stopping threads took: 0.0000600 seconds
2019-03-20T16:17:37.878+0600: 254.388: Total time for which application threads were stopped: 0.0118992 seconds, Stopping threads took: 0.0110704 seconds
2019-03-20T16:17:37.940+0600: 254.449: Total time for which application threads were stopped: 0.0111431 seconds, Stopping threads took: 0.0109775 seconds
2019-03-20T16:17:37.941+0600: 254.451: Total time for which application threads were stopped: 0.0002127 seconds, Stopping threads took: 0.0000882 seconds
2019-03-20T16:17:38.026+0600: 254.535: Total time for which application threads were stopped: 0.0212143 seconds, Stopping threads took: 0.0210303 seconds
2019-03-20T16:17:38.048+0600: 254.558: Total time for which application threads were stopped: 0.0112103 seconds, Stopping threads took: 0.0110809 seconds
2019-03-20T16:17:38.054+0600: 254.564: Total time for which application threads were stopped: 0.0009754 seconds, Stopping threads took: 0.0000603 seconds
2019-03-20T16:17:38.162+0600: 254.672: Total time for which application threads were stopped: 0.0010986 seconds, Stopping threads took: 0.0001099 seconds
2019-03-20T16:17:38.448+0600: 254.958: Total time for which application threads were stopped: 0.0112322 seconds, Stopping threads took: 0.0110570 seconds
2019-03-20T16:17:38.449+0600: 254.958: Total time for which application threads were stopped: 0.0001162 seconds, Stopping threads took: 0.0000249 seconds
2019-03-20T16:17:38.449+0600: 254.958: Total time for which application threads were stopped: 0.0000981 seconds, Stopping threads took: 0.0000107 seconds
2019-03-20T16:17:38.462+0600: 254.971: Total time for which application threads were stopped: 0.0002281 seconds, Stopping threads took: 0.0000924 seconds
2019-03-20T16:17:38.473+0600: 254.983: Total time for which application threads were stopped: 0.0111438 seconds, Stopping threads took: 0.0109945 seconds
2019-03-20T16:17:38.474+0600: 254.983: Total time for which application threads were stopped: 0.0001717 seconds, Stopping threads took: 0.0000416 seconds
2019-03-20T16:17:38.474+0600: 254.984: Total time for which application threads were stopped: 0.0001698 seconds, Stopping threads took: 0.0000556 seconds
2019-03-20T16:17:38.504+0600: 255.014: Total time for which application threads were stopped: 0.0112157 seconds, Stopping threads took: 0.0110496 seconds
2019-03-20T16:17:38.505+0600: 255.014: Total time for which application threads were stopped: 0.0001572 seconds, Stopping threads took: 0.0000441 seconds
2019-03-20T16:17:38.538+0600: 255.047: Total time for which application threads were stopped: 0.0114310 seconds, Stopping threads took: 0.0110476 seconds
2019-03-20T16:17:38.540+0600: 255.050: Total time for which application threads were stopped: 0.0009805 seconds, Stopping threads took: 0.0006089 seconds
2019-03-20T16:17:38.541+0600: 255.050: Total time for which application threads were stopped: 0.0001582 seconds, Stopping threads took: 0.0000175 seconds
{Heap before GC invocations=22 (full 2):
 par new generation   total 109248K, used 109248K [0x00000007a0000000, 0x00000007a8000000, 0x00000007a8000000)
  eden space 87424K, 100% used [0x00000007a0000000, 0x00000007a5560000, 0x00000007a5560000)
  from space 21824K, 100% used [0x00000007a5560000, 0x00000007a6ab0000, 0x00000007a6ab0000)
  to   space 21824K,   0% used [0x00000007a6ab0000, 0x00000007a6ab0000, 0x00000007a8000000)
 concurrent mark-sweep generation total 393216K, used 33404K [0x00000007a8000000, 0x00000007c0000000, 0x00000007c0000000)
 Metaspace       used 57276K, capacity 59574K, committed 59848K, reserved 1101824K
  class space    used 6867K, capacity 7356K, committed 7368K, reserved 1048576K
2019-03-20T16:17:38.592+0600: 255.102: [GC (Allocation Failure) 2019-03-20T16:17:38.592+0600: 255.102: [ParNew
Desired survivor size 20112992 bytes, new threshold 8 (max 8)
- age   1:    4425376 bytes,    4425376 total
- age   2:    4921424 bytes,    9346800 total
- age   3:    2952728 bytes,   12299528 total
- age   4:    1986424 bytes,   14285952 total
- age   5:     147464 bytes,   14433416 total
- age   6:      77904 bytes,   14511320 total
- age   7:      96672 bytes,   14607992 total
- age   8:     198648 bytes,   14806640 total
: 109248K->20657K(109248K), 0.0928447 secs] 142652K->62838K(502464K), 0.0929661 secs] [Times: user=0.09 sys=0.01, real=0.09 secs] 
Heap after GC invocations=23 (full 2):
 par new generation   total 109248K, used 20657K [0x00000007a0000000, 0x00000007a8000000, 0x00000007a8000000)
  eden space 87424K,   0% used [0x00000007a0000000, 0x00000007a0000000, 0x00000007a5560000)
  from space 21824K,  94% used [0x00000007a6ab0000, 0x00000007a7edc538, 0x00000007a8000000)
  to   space 21824K,   0% used [0x00000007a5560000, 0x00000007a5560000, 0x00000007a6ab0000)
 concurrent mark-sweep generation total 393216K, used 42181K [0x00000007a8000000, 0x00000007c0000000, 0x00000007c0000000)
 Metaspace       used 57276K, capacity 59574K, committed 59848K, reserved 1101824K
  class space    used 6867K, capacity 7356K, committed 7368K, reserved 1048576K
}
2019-03-20T16:17:38.685+0600: 255.195: Total time for which application threads were stopped: 0.1183868 seconds, Stopping threads took: 0.0251561 seconds
2019-03-20T16:17:38.688+0600: 255.197: Total time for which application threads were stopped: 0.0002283 seconds, Stopping threads took: 0.0000671 seconds
2019-03-20T16:17:38.781+0600: 255.291: Total time for which application threads were stopped: 0.0121382 seconds, Stopping threads took: 0.0119949 seconds
2019-03-20T16:17:38.818+0600: 255.328: Total time for which application threads were stopped: 0.0121865 seconds, Stopping threads took: 0.0120474 seconds
2019-03-20T16:17:38.819+0600: 255.328: Total time for which application threads were stopped: 0.0001378 seconds, Stopping threads took: 0.0000222 seconds
2019-03-20T16:17:38.819+0600: 255.328: Total time for which application threads were stopped: 0.0001339 seconds, Stopping threads took: 0.0000325 seconds
2019-03-20T16:17:38.819+0600: 255.329: Total time for which application threads were stopped: 0.0001172 seconds, Stopping threads took: 0.0000320 seconds
2019-03-20T16:17:38.819+0600: 255.329: Total time for which application threads were stopped: 0.0000921 seconds, Stopping threads took: 0.0000093 seconds
2019-03-20T16:17:38.819+0600: 255.329: Total time for which application threads were stopped: 0.0001129 seconds, Stopping threads took: 0.0000313 seconds
2019-03-20T16:17:38.819+0600: 255.329: Total time for which application threads were stopped: 0.0001161 seconds, Stopping threads took: 0.0000334 seconds
2019-03-20T16:17:38.820+0600: 255.329: Total time for which application threads were stopped: 0.0001172 seconds, Stopping threads took: 0.0000323 seconds
2019-03-20T16:17:38.820+0600: 255.329: Total time for which application threads were stopped: 0.0001121 seconds, Stopping threads took: 0.0000293 seconds
2019-03-20T16:17:38.820+0600: 255.329: Total time for which application threads were stopped: 0.0001132 seconds, Stopping threads took: 0.0000278 seconds
2019-03-20T16:17:38.820+0600: 255.330: Total time for which application threads were stopped: 0.0001120 seconds, Stopping threads took: 0.0000305 seconds
2019-03-20T16:17:38.820+0600: 255.330: Total time for which application threads were stopped: 0.0001130 seconds, Stopping threads took: 0.0000292 seconds
2019-03-20T16:17:38.820+0600: 255.330: Total time for which application threads were stopped: 0.0000862 seconds, Stopping threads took: 0.0000084 seconds
2019-03-20T16:17:38.820+0600: 255.330: Total time for which application threads were stopped: 0.0000865 seconds, Stopping threads took: 0.0000080 seconds
2019-03-20T16:17:38.821+0600: 255.330: Total time for which application threads were stopped: 0.0000918 seconds, Stopping threads took: 0.0000092 seconds
2019-03-20T16:17:38.821+0600: 255.330: Total time for which application threads were stopped: 0.0000886 seconds, Stopping threads took: 0.0000082 seconds
2019-03-20T16:17:38.821+0600: 255.330: Total time for which application threads were stopped: 0.0000894 seconds, Stopping threads took: 0.0000085 seconds
2019-03-20T16:17:38.821+0600: 255.330: Total time for which application threads were stopped: 0.0001055 seconds, Stopping threads took: 0.0000227 seconds
2019-03-20T16:17:38.821+0600: 255.331: Total time for which application threads were stopped: 0.0000933 seconds, Stopping threads took: 0.0000090 seconds
2019-03-20T16:17:38.821+0600: 255.331: Total time for which application threads were stopped: 0.0002869 seconds, Stopping threads took: 0.0000086 seconds
2019-03-20T16:17:38.822+0600: 255.332: Total time for which application threads were stopped: 0.0001069 seconds, Stopping threads took: 0.0000099 seconds
2019-03-20T16:17:38.823+0600: 255.332: Total time for which application threads were stopped: 0.0001693 seconds, Stopping threads took: 0.0000753 seconds
2019-03-20T16:17:38.823+0600: 255.333: Total time for which application threads were stopped: 0.0001277 seconds, Stopping threads took: 0.0000324 seconds
2019-03-20T16:17:38.825+0600: 255.334: Total time for which application threads were stopped: 0.0001459 seconds, Stopping threads took: 0.0000366 seconds
2019-03-20T16:17:38.826+0600: 255.336: Total time for which application threads were stopped: 0.0001425 seconds, Stopping threads took: 0.0000373 seconds
2019-03-20T16:17:38.828+0600: 255.338: Total time for which application threads were stopped: 0.0001582 seconds, Stopping threads took: 0.0000588 seconds
2019-03-20T16:17:38.830+0600: 255.339: Total time for which application threads were stopped: 0.0001531 seconds, Stopping threads took: 0.0000600 seconds
2019-03-20T16:17:38.839+0600: 255.349: Total time for which application threads were stopped: 0.0002979 seconds, Stopping threads took: 0.0001400 seconds
2019-03-20T16:17:38.845+0600: 255.355: Total time for which application threads were stopped: 0.0002132 seconds, Stopping threads took: 0.0000749 seconds
2019-03-20T16:17:39.483+0600: 255.992: Total time for which application threads were stopped: 0.0032356 seconds, Stopping threads took: 0.0030926 seconds
2019-03-20T16:17:39.505+0600: 256.014: Total time for which application threads were stopped: 0.0112286 seconds, Stopping threads took: 0.0110659 seconds
2019-03-20T16:17:39.522+0600: 256.031: Total time for which application threads were stopped: 0.0003638 seconds, Stopping threads took: 0.0002158 seconds
2019-03-20T16:17:39.551+0600: 256.061: Total time for which application threads were stopped: 0.0149223 seconds, Stopping threads took: 0.0147860 seconds
2019-03-20T16:17:39.614+0600: 256.124: Total time for which application threads were stopped: 0.0224802 seconds, Stopping threads took: 0.0223069 seconds
2019-03-20T16:17:39.668+0600: 256.178: Total time for which application threads were stopped: 0.0113044 seconds, Stopping threads took: 0.0111547 seconds
2019-03-20T16:17:40.719+0600: 257.229: Total time for which application threads were stopped: 0.0012913 seconds, Stopping threads took: 0.0000822 seconds
2019-03-20T16:17:40.781+0600: 257.290: Total time for which application threads were stopped: 0.0313648 seconds, Stopping threads took: 0.0312020 seconds
2019-03-20T16:17:40.810+0600: 257.320: Total time for which application threads were stopped: 0.0002649 seconds, Stopping threads took: 0.0001208 seconds
2019-03-20T16:17:40.995+0600: 257.504: Total time for which application threads were stopped: 0.0121261 seconds, Stopping threads took: 0.0110939 seconds
2019-03-20T16:17:41.741+0600: 258.251: Total time for which application threads were stopped: 0.0213823 seconds, Stopping threads took: 0.0211990 seconds
2019-03-20T16:17:41.745+0600: 258.255: Total time for which application threads were stopped: 0.0002259 seconds, Stopping threads took: 0.0000851 seconds
2019-03-20T16:17:41.751+0600: 258.261: Total time for which application threads were stopped: 0.0001969 seconds, Stopping threads took: 0.0000792 seconds
2019-03-20T16:17:41.756+0600: 258.265: Total time for which application threads were stopped: 0.0001955 seconds, Stopping threads took: 0.0000587 seconds
2019-03-20T16:17:41.758+0600: 258.267: Total time for which application threads were stopped: 0.0002190 seconds, Stopping threads took: 0.0000945 seconds
2019-03-20T16:17:41.762+0600: 258.272: Total time for which application threads were stopped: 0.0001948 seconds, Stopping threads took: 0.0000623 seconds
2019-03-20T16:17:41.765+0600: 258.274: Total time for which application threads were stopped: 0.0001837 seconds, Stopping threads took: 0.0000525 seconds
2019-03-20T16:17:41.766+0600: 258.275: Total time for which application threads were stopped: 0.0002191 seconds, Stopping threads took: 0.0000500 seconds
2019-03-20T16:17:41.768+0600: 258.277: Total time for which application threads were stopped: 0.0001925 seconds, Stopping threads took: 0.0000673 seconds
2019-03-20T16:17:41.907+0600: 258.417: Total time for which application threads were stopped: 0.0119906 seconds, Stopping threads took: 0.0118236 seconds
2019-03-20T16:17:41.908+0600: 258.417: Total time for which application threads were stopped: 0.0001399 seconds, Stopping threads took: 0.0000388 seconds
2019-03-20T16:17:41.908+0600: 258.417: Total time for which application threads were stopped: 0.0000900 seconds, Stopping threads took: 0.0000111 seconds
2019-03-20T16:17:41.908+0600: 258.417: Total time for which application threads were stopped: 0.0001250 seconds, Stopping threads took: 0.0000318 seconds
2019-03-20T16:17:42.003+0600: 258.512: Total time for which application threads were stopped: 0.0274767 seconds, Stopping threads took: 0.0272541 seconds
2019-03-20T16:17:42.103+0600: 258.612: Total time for which application threads were stopped: 0.0286427 seconds, Stopping threads took: 0.0284338 seconds
2019-03-20T16:17:42.215+0600: 258.725: Total time for which application threads were stopped: 0.0313762 seconds, Stopping threads took: 0.0311672 seconds
2019-03-20T16:17:42.256+0600: 258.765: Total time for which application threads were stopped: 0.0192953 seconds, Stopping threads took: 0.0190879 seconds
2019-03-20T16:17:42.377+0600: 258.886: Total time for which application threads were stopped: 0.0234850 seconds, Stopping threads took: 0.0232922 seconds
2019-03-20T16:17:42.411+0600: 258.921: Total time for which application threads were stopped: 0.0212393 seconds, Stopping threads took: 0.0210675 seconds
2019-03-20T16:17:42.456+0600: 258.966: Total time for which application threads were stopped: 0.0222342 seconds, Stopping threads took: 0.0220482 seconds
2019-03-20T16:17:42.487+0600: 258.996: Total time for which application threads were stopped: 0.0112471 seconds, Stopping threads took: 0.0110943 seconds
2019-03-20T16:17:42.488+0600: 258.997: Total time for which application threads were stopped: 0.0002043 seconds, Stopping threads took: 0.0000702 seconds
2019-03-20T16:17:42.522+0600: 259.031: Total time for which application threads were stopped: 0.0171169 seconds, Stopping threads took: 0.0169173 seconds
2019-03-20T16:17:42.523+0600: 259.033: Total time for which application threads were stopped: 0.0001813 seconds, Stopping threads took: 0.0000454 seconds
2019-03-20T16:17:42.525+0600: 259.035: Total time for which application threads were stopped: 0.0008023 seconds, Stopping threads took: 0.0006426 seconds
2019-03-20T16:17:42.559+0600: 259.069: Total time for which application threads were stopped: 0.0002416 seconds, Stopping threads took: 0.0000714 seconds
2019-03-20T16:17:42.562+0600: 259.071: Total time for which application threads were stopped: 0.0002041 seconds, Stopping threads took: 0.0000607 seconds
2019-03-20T16:17:42.572+0600: 259.082: Total time for which application threads were stopped: 0.0001787 seconds, Stopping threads took: 0.0000438 seconds
2019-03-20T16:17:42.573+0600: 259.082: Total time for which application threads were stopped: 0.0001882 seconds, Stopping threads took: 0.0000519 seconds
2019-03-20T16:17:42.573+0600: 259.082: Total time for which application threads were stopped: 0.0001130 seconds, Stopping threads took: 0.0000098 seconds
2019-03-20T16:17:42.576+0600: 259.086: Total time for which application threads were stopped: 0.0001443 seconds, Stopping threads took: 0.0000202 seconds
2019-03-20T16:17:42.576+0600: 259.086: Total time for which application threads were stopped: 0.0001679 seconds, Stopping threads took: 0.0000611 seconds
2019-03-20T16:17:42.577+0600: 259.086: Total time for which application threads were stopped: 0.0001004 seconds, Stopping threads took: 0.0000103 seconds
2019-03-20T16:17:42.578+0600: 259.087: Total time for which application threads were stopped: 0.0001369 seconds, Stopping threads took: 0.0000113 seconds
2019-03-20T16:17:42.578+0600: 259.087: Total time for which application threads were stopped: 0.0001113 seconds, Stopping threads took: 0.0000099 seconds
2019-03-20T16:17:42.579+0600: 259.088: Total time for which application threads were stopped: 0.0001196 seconds, Stopping threads took: 0.0000238 seconds
2019-03-20T16:17:42.580+0600: 259.089: Total time for which application threads were stopped: 0.0002007 seconds, Stopping threads took: 0.0000870 seconds
2019-03-20T16:17:42.584+0600: 259.094: Total time for which application threads were stopped: 0.0002490 seconds, Stopping threads took: 0.0000720 seconds
2019-03-20T16:17:42.623+0600: 259.133: Total time for which application threads were stopped: 0.0257067 seconds, Stopping threads took: 0.0255262 seconds
2019-03-20T16:17:42.757+0600: 259.266: Total time for which application threads were stopped: 0.0779686 seconds, Stopping threads took: 0.0777731 seconds
2019-03-20T16:17:42.811+0600: 259.320: Total time for which application threads were stopped: 0.0230509 seconds, Stopping threads took: 0.0225558 seconds
2019-03-20T16:17:42.818+0600: 259.327: Total time for which application threads were stopped: 0.0002730 seconds, Stopping threads took: 0.0000793 seconds
2019-03-20T16:17:42.821+0600: 259.331: Total time for which application threads were stopped: 0.0003729 seconds, Stopping threads took: 0.0001443 seconds
2019-03-20T16:17:42.822+0600: 259.331: Total time for which application threads were stopped: 0.0001725 seconds, Stopping threads took: 0.0000615 seconds
2019-03-20T16:17:42.823+0600: 259.332: Total time for which application threads were stopped: 0.0001426 seconds, Stopping threads took: 0.0000170 seconds
2019-03-20T16:17:42.824+0600: 259.333: Total time for which application threads were stopped: 0.0006017 seconds, Stopping threads took: 0.0003780 seconds
2019-03-20T16:17:42.825+0600: 259.334: Total time for which application threads were stopped: 0.0004930 seconds, Stopping threads took: 0.0000466 seconds
{Heap before GC invocations=23 (full 2):
 par new generation   total 109248K, used 108081K [0x00000007a0000000, 0x00000007a8000000, 0x00000007a8000000)
  eden space 87424K, 100% used [0x00000007a0000000, 0x00000007a5560000, 0x00000007a5560000)
  from space 21824K,  94% used [0x00000007a6ab0000, 0x00000007a7edc538, 0x00000007a8000000)
  to   space 21824K,   0% used [0x00000007a5560000, 0x00000007a5560000, 0x00000007a6ab0000)
 concurrent mark-sweep generation total 393216K, used 42181K [0x00000007a8000000, 0x00000007c0000000, 0x00000007c0000000)
 Metaspace       used 60651K, capacity 62944K, committed 63304K, reserved 1105920K
  class space    used 7192K, capacity 7659K, committed 7752K, reserved 1048576K
2019-03-20T16:17:42.841+0600: 259.351: [GC (Allocation Failure) 2019-03-20T16:17:42.842+0600: 259.351: [ParNew
Desired survivor size 20112992 bytes, new threshold 8 (max 8)
- age   1:    8158712 bytes,    8158712 total
- age   2:    1469480 bytes,    9628192 total
- age   3:    4876352 bytes,   14504544 total
- age   4:    2949368 bytes,   17453912 total
- age   5:    1986424 bytes,   19440336 total
- age   6:     147336 bytes,   19587672 total
- age   7:      77904 bytes,   19665576 total
- age   8:      96672 bytes,   19762248 total
: 108081K->21824K(109248K), 0.0908578 secs] 150262K->64370K(502464K), 0.0910497 secs] [Times: user=0.10 sys=0.00, real=0.09 secs] 
Heap after GC invocations=24 (full 2):
 par new generation   total 109248K, used 21824K [0x00000007a0000000, 0x00000007a8000000, 0x00000007a8000000)
  eden space 87424K,   0% used [0x00000007a0000000, 0x00000007a0000000, 0x00000007a5560000)
  from space 21824K, 100% used [0x00000007a5560000, 0x00000007a6ab0000, 0x00000007a6ab0000)
  to   space 21824K,   0% used [0x00000007a6ab0000, 0x00000007a6ab0000, 0x00000007a8000000)
 concurrent mark-sweep generation total 393216K, used 42546K [0x00000007a8000000, 0x00000007c0000000, 0x00000007c0000000)
 Metaspace       used 60651K, capacity 62944K, committed 63304K, reserved 1105920K
  class space    used 7192K, capacity 7659K, committed 7752K, reserved 1048576K
}
2019-03-20T16:17:42.933+0600: 259.442: Total time for which application threads were stopped: 0.1031229 seconds, Stopping threads took: 0.0115444 seconds
2019-03-20T16:17:42.933+0600: 259.443: Total time for which application threads were stopped: 0.0001991 seconds, Stopping threads took: 0.0000342 seconds
2019-03-20T16:17:42.933+0600: 259.443: Total time for which application threads were stopped: 0.0001266 seconds, Stopping threads took: 0.0000115 seconds
2019-03-20T16:17:42.934+0600: 259.443: Total time for which application threads were stopped: 0.0001168 seconds, Stopping threads took: 0.0000104 seconds
2019-03-20T16:17:42.956+0600: 259.466: Total time for which application threads were stopped: 0.0002356 seconds, Stopping threads took: 0.0000718 seconds
2019-03-20T16:17:42.957+0600: 259.466: Total time for which application threads were stopped: 0.0002068 seconds, Stopping threads took: 0.0000768 seconds
2019-03-20T16:17:43.111+0600: 259.621: Total time for which application threads were stopped: 0.0153330 seconds, Stopping threads took: 0.0148641 seconds
2019-03-20T16:17:43.163+0600: 259.673: Total time for which application threads were stopped: 0.0179370 seconds, Stopping threads took: 0.0177370 seconds
2019-03-20T16:17:43.164+0600: 259.674: Total time for which application threads were stopped: 0.0001657 seconds, Stopping threads took: 0.0000441 seconds
2019-03-20T16:17:43.164+0600: 259.674: Total time for which application threads were stopped: 0.0000925 seconds, Stopping threads took: 0.0000101 seconds
2019-03-20T16:17:43.165+0600: 259.674: Total time for which application threads were stopped: 0.0001047 seconds, Stopping threads took: 0.0000219 seconds
2019-03-20T16:17:43.188+0600: 259.698: Total time for which application threads were stopped: 0.0004859 seconds, Stopping threads took: 0.0003227 seconds
2019-03-20T16:17:43.189+0600: 259.698: Total time for which application threads were stopped: 0.0001637 seconds, Stopping threads took: 0.0000437 seconds
2019-03-20T16:17:43.189+0600: 259.699: Total time for which application threads were stopped: 0.0001773 seconds, Stopping threads took: 0.0000590 seconds
2019-03-20T16:17:43.191+0600: 259.700: Total time for which application threads were stopped: 0.0002972 seconds, Stopping threads took: 0.0001463 seconds
2019-03-20T16:17:43.191+0600: 259.700: Total time for which application threads were stopped: 0.0002055 seconds, Stopping threads took: 0.0000125 seconds
2019-03-20T16:17:43.195+0600: 259.705: Total time for which application threads were stopped: 0.0006690 seconds, Stopping threads took: 0.0005147 seconds
2019-03-20T16:17:43.195+0600: 259.705: Total time for which application threads were stopped: 0.0001435 seconds, Stopping threads took: 0.0000134 seconds
2019-03-20T16:17:43.472+0600: 259.981: Total time for which application threads were stopped: 0.0654144 seconds, Stopping threads took: 0.0651728 seconds
2019-03-20T16:17:44.620+0600: 261.130: Total time for which application threads were stopped: 0.0114137 seconds, Stopping threads took: 0.0112715 seconds
2019-03-20T16:17:49.627+0600: 266.137: Total time for which application threads were stopped: 0.0002063 seconds, Stopping threads took: 0.0000783 seconds
2019-03-20T16:17:53.634+0600: 270.144: Total time for which application threads were stopped: 0.0003164 seconds, Stopping threads took: 0.0000467 seconds
2019-03-20T16:18:07.668+0600: 284.177: Total time for which application threads were stopped: 0.0007030 seconds, Stopping threads took: 0.0000466 seconds
2019-03-20T16:18:17.687+0600: 294.196: Total time for which application threads were stopped: 0.0002223 seconds, Stopping threads took: 0.0000379 seconds
2019-03-20T16:18:18.916+0600: 295.425: Total time for which application threads were stopped: 0.0002230 seconds, Stopping threads took: 0.0000294 seconds
2019-03-20T16:18:18.917+0600: 295.426: Total time for which application threads were stopped: 0.0001159 seconds, Stopping threads took: 0.0000207 seconds
2019-03-20T16:18:18.917+0600: 295.426: Total time for which application threads were stopped: 0.0000861 seconds, Stopping threads took: 0.0000130 seconds
2019-03-20T16:18:18.917+0600: 295.426: Total time for which application threads were stopped: 0.0001123 seconds, Stopping threads took: 0.0000488 seconds
2019-03-20T16:18:18.917+0600: 295.427: Total time for which application threads were stopped: 0.0001066 seconds, Stopping threads took: 0.0000383 seconds
2019-03-20T16:18:18.918+0600: 295.427: Total time for which application threads were stopped: 0.0000885 seconds, Stopping threads took: 0.0000267 seconds
2019-03-20T16:18:18.918+0600: 295.427: Total time for which application threads were stopped: 0.0001055 seconds, Stopping threads took: 0.0000231 seconds
2019-03-20T16:18:18.918+0600: 295.427: Total time for which application threads were stopped: 0.0001413 seconds, Stopping threads took: 0.0000393 seconds
2019-03-20T16:18:18.919+0600: 295.428: Total time for which application threads were stopped: 0.0001524 seconds, Stopping threads took: 0.0000496 seconds
2019-03-20T16:18:18.920+0600: 295.429: Total time for which application threads were stopped: 0.0001497 seconds, Stopping threads took: 0.0000213 seconds
2019-03-20T16:18:18.920+0600: 295.429: Total time for which application threads were stopped: 0.0001135 seconds, Stopping threads took: 0.0000118 seconds
2019-03-20T16:18:18.941+0600: 295.450: Total time for which application threads were stopped: 0.0002602 seconds, Stopping threads took: 0.0000414 seconds
2019-03-20T16:18:18.941+0600: 295.450: Total time for which application threads were stopped: 0.0001676 seconds, Stopping threads took: 0.0000238 seconds
2019-03-20T16:18:18.967+0600: 295.476: Total time for which application threads were stopped: 0.0002801 seconds, Stopping threads took: 0.0000603 seconds
2019-03-20T16:18:18.967+0600: 295.476: Total time for which application threads were stopped: 0.0002740 seconds, Stopping threads took: 0.0000379 seconds
2019-03-20T16:18:19.971+0600: 296.480: Total time for which application threads were stopped: 0.0002166 seconds, Stopping threads took: 0.0000491 seconds
2019-03-20T16:18:22.802+0600: 299.311: Total time for which application threads were stopped: 0.0001954 seconds, Stopping threads took: 0.0000297 seconds
2019-03-20T16:18:22.802+0600: 299.311: Total time for which application threads were stopped: 0.0001464 seconds, Stopping threads took: 0.0000288 seconds
2019-03-20T16:18:22.802+0600: 299.312: Total time for which application threads were stopped: 0.0001265 seconds, Stopping threads took: 0.0000213 seconds
2019-03-20T16:18:22.803+0600: 299.312: Total time for which application threads were stopped: 0.0001012 seconds, Stopping threads took: 0.0000096 seconds
2019-03-20T16:18:22.803+0600: 299.312: Total time for which application threads were stopped: 0.0001042 seconds, Stopping threads took: 0.0000117 seconds
2019-03-20T16:18:22.803+0600: 299.313: Total time for which application threads were stopped: 0.0001255 seconds, Stopping threads took: 0.0000171 seconds
2019-03-20T16:18:22.804+0600: 299.313: Total time for which application threads were stopped: 0.0001095 seconds, Stopping threads took: 0.0000114 seconds
2019-03-20T16:18:22.804+0600: 299.313: Total time for which application threads were stopped: 0.0000996 seconds, Stopping threads took: 0.0000104 seconds
2019-03-20T16:18:22.804+0600: 299.313: Total time for which application threads were stopped: 0.0002959 seconds, Stopping threads took: 0.0000096 seconds
2019-03-20T16:18:22.818+0600: 299.327: Total time for which application threads were stopped: 0.0001944 seconds, Stopping threads took: 0.0000261 seconds
2019-03-20T16:18:22.818+0600: 299.327: Total time for which application threads were stopped: 0.0001307 seconds, Stopping threads took: 0.0000099 seconds
2019-03-20T16:18:22.856+0600: 299.365: Total time for which application threads were stopped: 0.0002318 seconds, Stopping threads took: 0.0000403 seconds
2019-03-20T16:18:22.856+0600: 299.365: Total time for which application threads were stopped: 0.0001442 seconds, Stopping threads took: 0.0000131 seconds
2019-03-20T16:18:28.651+0600: 305.160: Total time for which application threads were stopped: 0.0008619 seconds, Stopping threads took: 0.0006195 seconds
2019-03-20T16:18:28.652+0600: 305.161: Total time for which application threads were stopped: 0.0002141 seconds, Stopping threads took: 0.0000615 seconds
2019-03-20T16:18:28.652+0600: 305.161: Total time for which application threads were stopped: 0.0001909 seconds, Stopping threads took: 0.0000709 seconds
2019-03-20T16:18:28.653+0600: 305.162: Total time for which application threads were stopped: 0.0001891 seconds, Stopping threads took: 0.0000406 seconds
2019-03-20T16:18:28.654+0600: 305.163: Total time for which application threads were stopped: 0.0002485 seconds, Stopping threads took: 0.0000505 seconds
2019-03-20T16:18:28.655+0600: 305.164: Total time for which application threads were stopped: 0.0003059 seconds, Stopping threads took: 0.0000861 seconds
2019-03-20T16:18:28.656+0600: 305.165: Total time for which application threads were stopped: 0.0002570 seconds, Stopping threads took: 0.0000902 seconds
2019-03-20T16:18:28.656+0600: 305.165: Total time for which application threads were stopped: 0.0001451 seconds, Stopping threads took: 0.0000354 seconds
2019-03-20T16:18:28.656+0600: 305.165: Total time for which application threads were stopped: 0.0001156 seconds, Stopping threads took: 0.0000305 seconds
2019-03-20T16:18:28.657+0600: 305.165: Total time for which application threads were stopped: 0.0001385 seconds, Stopping threads took: 0.0000312 seconds
2019-03-20T16:18:28.659+0600: 305.168: Total time for which application threads were stopped: 0.0003813 seconds, Stopping threads took: 0.0001621 seconds
2019-03-20T16:18:28.665+0600: 305.174: Total time for which application threads were stopped: 0.0002927 seconds, Stopping threads took: 0.0000512 seconds
2019-03-20T16:18:28.665+0600: 305.174: Total time for which application threads were stopped: 0.0002063 seconds, Stopping threads took: 0.0000401 seconds
2019-03-20T16:18:28.679+0600: 305.188: Total time for which application threads were stopped: 0.0009697 seconds, Stopping threads took: 0.0000283 seconds
2019-03-20T16:18:28.683+0600: 305.192: Total time for which application threads were stopped: 0.0002194 seconds, Stopping threads took: 0.0000311 seconds
2019-03-20T16:18:28.697+0600: 305.206: Total time for which application threads were stopped: 0.0002645 seconds, Stopping threads took: 0.0000526 seconds
2019-03-20T16:18:28.697+0600: 305.206: Total time for which application threads were stopped: 0.0001464 seconds, Stopping threads took: 0.0000322 seconds
2019-03-20T16:18:28.697+0600: 305.206: Total time for which application threads were stopped: 0.0000947 seconds, Stopping threads took: 0.0000229 seconds
2019-03-20T16:18:28.698+0600: 305.207: Total time for which application threads were stopped: 0.0001294 seconds, Stopping threads took: 0.0000308 seconds
2019-03-20T16:18:28.701+0600: 305.210: Total time for which application threads were stopped: 0.0001734 seconds, Stopping threads took: 0.0000324 seconds
2019-03-20T16:18:28.719+0600: 305.228: Total time for which application threads were stopped: 0.0002068 seconds, Stopping threads took: 0.0000315 seconds
2019-03-20T16:18:29.720+0600: 306.229: Total time for which application threads were stopped: 0.0001864 seconds, Stopping threads took: 0.0000326 seconds
2019-03-20T16:18:33.728+0600: 310.239: Total time for which application threads were stopped: 0.0019702 seconds, Stopping threads took: 0.0000403 seconds
2019-03-20T16:18:53.772+0600: 330.280: Total time for which application threads were stopped: 0.0003257 seconds, Stopping threads took: 0.0000585 seconds
2019-03-20T16:19:41.839+0600: 378.348: Total time for which application threads were stopped: 0.0003570 seconds, Stopping threads took: 0.0000922 seconds
2019-03-20T16:19:41.843+0600: 378.352: Total time for which application threads were stopped: 0.0002697 seconds, Stopping threads took: 0.0000723 seconds
2019-03-20T16:19:41.844+0600: 378.353: Total time for which application threads were stopped: 0.0002036 seconds, Stopping threads took: 0.0000502 seconds
2019-03-20T16:19:41.851+0600: 378.359: Total time for which application threads were stopped: 0.0005677 seconds, Stopping threads took: 0.0003358 seconds
2019-03-20T16:19:41.859+0600: 378.368: Total time for which application threads were stopped: 0.0002059 seconds, Stopping threads took: 0.0000277 seconds
2019-03-20T16:19:41.867+0600: 378.376: Total time for which application threads were stopped: 0.0002475 seconds, Stopping threads took: 0.0000350 seconds
2019-03-20T16:19:41.868+0600: 378.377: Total time for which application threads were stopped: 0.0002858 seconds, Stopping threads took: 0.0000209 seconds
2019-03-20T16:19:41.869+0600: 378.377: Total time for which application threads were stopped: 0.0001570 seconds, Stopping threads took: 0.0000193 seconds
2019-03-20T16:19:41.870+0600: 378.378: Total time for which application threads were stopped: 0.0002475 seconds, Stopping threads took: 0.0000435 seconds
2019-03-20T16:19:41.870+0600: 378.379: Total time for which application threads were stopped: 0.0002312 seconds, Stopping threads took: 0.0001050 seconds
2019-03-20T16:19:41.871+0600: 378.379: Total time for which application threads were stopped: 0.0001184 seconds, Stopping threads took: 0.0000124 seconds
2019-03-20T16:19:41.871+0600: 378.379: Total time for which application threads were stopped: 0.0001163 seconds, Stopping threads took: 0.0000212 seconds
2019-03-20T16:19:41.872+0600: 378.380: Total time for which application threads were stopped: 0.0001170 seconds, Stopping threads took: 0.0000375 seconds
2019-03-20T16:19:41.872+0600: 378.380: Total time for which application threads were stopped: 0.0000979 seconds, Stopping threads took: 0.0000214 seconds
2019-03-20T16:19:41.872+0600: 378.380: Total time for which application threads were stopped: 0.0001157 seconds, Stopping threads took: 0.0000280 seconds
2019-03-20T16:19:41.873+0600: 378.381: Total time for which application threads were stopped: 0.0002132 seconds, Stopping threads took: 0.0000758 seconds
2019-03-20T16:19:42.878+0600: 379.387: Total time for which application threads were stopped: 0.0003341 seconds, Stopping threads took: 0.0000474 seconds
2019-03-20T16:19:43.883+0600: 380.391: Total time for which application threads were stopped: 0.0003331 seconds, Stopping threads took: 0.0000489 seconds
2019-03-20T16:19:44.589+0600: 381.097: Total time for which application threads were stopped: 0.0002605 seconds, Stopping threads took: 0.0000460 seconds
2019-03-20T16:19:44.589+0600: 381.098: Total time for which application threads were stopped: 0.0001949 seconds, Stopping threads took: 0.0000154 seconds
2019-03-20T16:19:44.600+0600: 381.108: Total time for which application threads were stopped: 0.0002174 seconds, Stopping threads took: 0.0000434 seconds
2019-03-20T16:19:44.600+0600: 381.108: Total time for which application threads were stopped: 0.0002028 seconds, Stopping threads took: 0.0000505 seconds
2019-03-20T16:19:45.605+0600: 382.114: Total time for which application threads were stopped: 0.0002841 seconds, Stopping threads took: 0.0000496 seconds
2019-03-20T16:19:46.606+0600: 383.114: Total time for which application threads were stopped: 0.0002637 seconds, Stopping threads took: 0.0000520 seconds
2019-03-20T16:19:48.304+0600: 384.812: Total time for which application threads were stopped: 0.0002892 seconds, Stopping threads took: 0.0000322 seconds
2019-03-20T16:19:48.312+0600: 384.820: Total time for which application threads were stopped: 0.0002058 seconds, Stopping threads took: 0.0000354 seconds
2019-03-20T16:19:48.312+0600: 384.820: Total time for which application threads were stopped: 0.0001496 seconds, Stopping threads took: 0.0000339 seconds
2019-03-20T16:19:53.316+0600: 389.824: Total time for which application threads were stopped: 0.0001713 seconds, Stopping threads took: 0.0000557 seconds
2019-03-20T16:20:12.359+0600: 408.867: Total time for which application threads were stopped: 0.0001525 seconds, Stopping threads took: 0.0000303 seconds
2019-03-20T16:20:17.702+0600: 414.210: Total time for which application threads were stopped: 0.0002050 seconds, Stopping threads took: 0.0000313 seconds
2019-03-20T16:20:17.702+0600: 414.210: Total time for which application threads were stopped: 0.0003125 seconds, Stopping threads took: 0.0001602 seconds
2019-03-20T16:20:17.707+0600: 414.215: Total time for which application threads were stopped: 0.0002249 seconds, Stopping threads took: 0.0000508 seconds
2019-03-20T16:20:18.709+0600: 415.217: Total time for which application threads were stopped: 0.0002910 seconds, Stopping threads took: 0.0000462 seconds
2019-03-20T16:20:38.760+0600: 435.267: Total time for which application threads were stopped: 0.0002763 seconds, Stopping threads took: 0.0000458 seconds
2019-03-20T16:20:43.860+0600: 440.368: Total time for which application threads were stopped: 0.0013601 seconds, Stopping threads took: 0.0009614 seconds
2019-03-20T16:20:43.865+0600: 440.373: Total time for which application threads were stopped: 0.0002208 seconds, Stopping threads took: 0.0000482 seconds
2019-03-20T16:20:43.871+0600: 440.378: Total time for which application threads were stopped: 0.0002498 seconds, Stopping threads took: 0.0000498 seconds
2019-03-20T16:20:44.871+0600: 441.379: Total time for which application threads were stopped: 0.0001979 seconds, Stopping threads took: 0.0000330 seconds
2019-03-20T16:20:53.880+0600: 450.388: Total time for which application threads were stopped: 0.0002666 seconds, Stopping threads took: 0.0000410 seconds
2019-03-20T16:20:58.891+0600: 455.399: Total time for which application threads were stopped: 0.0004908 seconds, Stopping threads took: 0.0000765 seconds
2019-03-20T16:21:06.913+0600: 463.421: Total time for which application threads were stopped: 0.0003312 seconds, Stopping threads took: 0.0000603 seconds
2019-03-20T16:21:13.660+0600: 470.168: Total time for which application threads were stopped: 0.0004858 seconds, Stopping threads took: 0.0000539 seconds
2019-03-20T16:21:13.660+0600: 470.168: Total time for which application threads were stopped: 0.0001388 seconds, Stopping threads took: 0.0000283 seconds
2019-03-20T16:21:13.665+0600: 470.173: Total time for which application threads were stopped: 0.0002677 seconds, Stopping threads took: 0.0000324 seconds
2019-03-20T16:21:13.668+0600: 470.175: Total time for which application threads were stopped: 0.0002699 seconds, Stopping threads took: 0.0000784 seconds
2019-03-20T16:21:13.671+0600: 470.179: Total time for which application threads were stopped: 0.0009250 seconds, Stopping threads took: 0.0000429 seconds
2019-03-20T16:21:53.760+0600: 510.267: Total time for which application threads were stopped: 0.0002795 seconds, Stopping threads took: 0.0000412 seconds
2019-03-20T16:21:58.773+0600: 515.280: Total time for which application threads were stopped: 0.0003148 seconds, Stopping threads took: 0.0000517 seconds
2019-03-20T16:22:29.550+0600: 546.057: Total time for which application threads were stopped: 0.0002797 seconds, Stopping threads took: 0.0000758 seconds
2019-03-20T16:22:29.551+0600: 546.058: Total time for which application threads were stopped: 0.0001940 seconds, Stopping threads took: 0.0000213 seconds
2019-03-20T16:22:29.551+0600: 546.058: Total time for which application threads were stopped: 0.0001384 seconds, Stopping threads took: 0.0000133 seconds
2019-03-20T16:22:29.560+0600: 546.067: Total time for which application threads were stopped: 0.0002470 seconds, Stopping threads took: 0.0000525 seconds
2019-03-20T16:22:29.562+0600: 546.069: Total time for which application threads were stopped: 0.0002484 seconds, Stopping threads took: 0.0000365 seconds
2019-03-20T16:22:29.563+0600: 546.070: Total time for which application threads were stopped: 0.0002461 seconds, Stopping threads took: 0.0000422 seconds
2019-03-20T16:22:29.564+0600: 546.071: Total time for which application threads were stopped: 0.0002313 seconds, Stopping threads took: 0.0000401 seconds
2019-03-20T16:22:30.567+0600: 547.074: Total time for which application threads were stopped: 0.0003758 seconds, Stopping threads took: 0.0000517 seconds
2019-03-20T16:22:53.619+0600: 570.126: Total time for which application threads were stopped: 0.0003353 seconds, Stopping threads took: 0.0000507 seconds
2019-03-20T16:23:04.700+0600: 581.207: Total time for which application threads were stopped: 0.0004928 seconds, Stopping threads took: 0.0002921 seconds
2019-03-20T16:23:04.701+0600: 581.207: Total time for which application threads were stopped: 0.0002288 seconds, Stopping threads took: 0.0000629 seconds
2019-03-20T16:23:04.705+0600: 581.211: Total time for which application threads were stopped: 0.0002032 seconds, Stopping threads took: 0.0000311 seconds
2019-03-20T16:23:04.705+0600: 581.211: Total time for which application threads were stopped: 0.0001270 seconds, Stopping threads took: 0.0000110 seconds
2019-03-20T16:23:04.706+0600: 581.212: Total time for which application threads were stopped: 0.0001492 seconds, Stopping threads took: 0.0000333 seconds
2019-03-20T16:23:04.708+0600: 581.215: Total time for which application threads were stopped: 0.0001885 seconds, Stopping threads took: 0.0000559 seconds
2019-03-20T16:23:53.852+0600: 630.358: Total time for which application threads were stopped: 0.0003256 seconds, Stopping threads took: 0.0000596 seconds
2019-03-20T16:24:54.049+0600: 690.543: Total time for which application threads were stopped: 0.0004801 seconds, Stopping threads took: 0.0000541 seconds
2019-03-20T16:25:05.080+0600: 701.573: Total time for which application threads were stopped: 0.0003534 seconds, Stopping threads took: 0.0000735 seconds
2019-03-20T16:25:54.244+0600: 750.734: Total time for which application threads were stopped: 0.0002352 seconds, Stopping threads took: 0.0000446 seconds
2019-03-20T16:25:58.256+0600: 754.746: Total time for which application threads were stopped: 0.0002866 seconds, Stopping threads took: 0.0000535 seconds
2019-03-20T16:26:15.119+0600: 771.609: Total time for which application threads were stopped: 0.0002024 seconds, Stopping threads took: 0.0000476 seconds
2019-03-20T16:26:15.119+0600: 771.609: Total time for which application threads were stopped: 0.0001861 seconds, Stopping threads took: 0.0000520 seconds
2019-03-20T16:26:15.119+0600: 771.610: Total time for which application threads were stopped: 0.0001313 seconds, Stopping threads took: 0.0000282 seconds
2019-03-20T16:26:15.120+0600: 771.610: Total time for which application threads were stopped: 0.0001216 seconds, Stopping threads took: 0.0000323 seconds
2019-03-20T16:26:15.120+0600: 771.611: Total time for which application threads were stopped: 0.0002498 seconds, Stopping threads took: 0.0000321 seconds
2019-03-20T16:26:15.121+0600: 771.611: Total time for which application threads were stopped: 0.0001551 seconds, Stopping threads took: 0.0000145 seconds
2019-03-20T16:26:15.121+0600: 771.611: Total time for which application threads were stopped: 0.0001792 seconds, Stopping threads took: 0.0000680 seconds
2019-03-20T16:26:15.129+0600: 771.619: Total time for which application threads were stopped: 0.0002228 seconds, Stopping threads took: 0.0000517 seconds
2019-03-20T16:26:15.129+0600: 771.619: Total time for which application threads were stopped: 0.0001596 seconds, Stopping threads took: 0.0000640 seconds
2019-03-20T16:26:15.130+0600: 771.620: Total time for which application threads were stopped: 0.0002418 seconds, Stopping threads took: 0.0001390 seconds
2019-03-20T16:26:15.131+0600: 771.621: Total time for which application threads were stopped: 0.0009562 seconds, Stopping threads took: 0.0007327 seconds
2019-03-20T16:26:15.132+0600: 771.622: Total time for which application threads were stopped: 0.0005613 seconds, Stopping threads took: 0.0002699 seconds
2019-03-20T16:26:15.152+0600: 771.642: Total time for which application threads were stopped: 0.0002210 seconds, Stopping threads took: 0.0000302 seconds
2019-03-20T16:26:15.154+0600: 771.644: Total time for which application threads were stopped: 0.0002151 seconds, Stopping threads took: 0.0000473 seconds
2019-03-20T16:26:15.155+0600: 771.645: Total time for which application threads were stopped: 0.0001927 seconds, Stopping threads took: 0.0000577 seconds
2019-03-20T16:26:15.155+0600: 771.645: Total time for which application threads were stopped: 0.0001641 seconds, Stopping threads took: 0.0000433 seconds
2019-03-20T16:26:15.155+0600: 771.645: Total time for which application threads were stopped: 0.0001221 seconds, Stopping threads took: 0.0000162 seconds
2019-03-20T16:26:15.156+0600: 771.647: Total time for which application threads were stopped: 0.0001886 seconds, Stopping threads took: 0.0000485 seconds
2019-03-20T16:26:15.159+0600: 771.649: Total time for which application threads were stopped: 0.0002819 seconds, Stopping threads took: 0.0000561 seconds
2019-03-20T16:26:15.161+0600: 771.651: Total time for which application threads were stopped: 0.0002287 seconds, Stopping threads took: 0.0000769 seconds
2019-03-20T16:26:16.166+0600: 772.657: Total time for which application threads were stopped: 0.0005598 seconds, Stopping threads took: 0.0000624 seconds
2019-03-20T16:26:47.790+0600: 804.280: Total time for which application threads were stopped: 0.0004165 seconds, Stopping threads took: 0.0001743 seconds
2019-03-20T16:26:47.791+0600: 804.280: Total time for which application threads were stopped: 0.0003003 seconds, Stopping threads took: 0.0000408 seconds
2019-03-20T16:26:47.792+0600: 804.282: Total time for which application threads were stopped: 0.0002456 seconds, Stopping threads took: 0.0000474 seconds
2019-03-20T16:26:47.806+0600: 804.296: Total time for which application threads were stopped: 0.0001961 seconds, Stopping threads took: 0.0000540 seconds
2019-03-20T16:26:47.807+0600: 804.296: Total time for which application threads were stopped: 0.0001974 seconds, Stopping threads took: 0.0000293 seconds
2019-03-20T16:26:47.810+0600: 804.300: Total time for which application threads were stopped: 0.0002142 seconds, Stopping threads took: 0.0000505 seconds
2019-03-20T16:26:52.310+0600: 808.799: Total time for which application threads were stopped: 0.0007730 seconds, Stopping threads took: 0.0001144 seconds
2019-03-20T16:26:52.310+0600: 808.800: Total time for which application threads were stopped: 0.0001985 seconds, Stopping threads took: 0.0000293 seconds
2019-03-20T16:26:54.311+0600: 810.800: Total time for which application threads were stopped: 0.0002556 seconds, Stopping threads took: 0.0000437 seconds
2019-03-20T16:27:54.473+0600: 870.961: Total time for which application threads were stopped: 0.0003131 seconds, Stopping threads took: 0.0000481 seconds
2019-03-20T16:27:55.475+0600: 871.963: Total time for which application threads were stopped: 0.0010300 seconds, Stopping threads took: 0.0007367 seconds
2019-03-20T16:28:15.506+0600: 891.994: Total time for which application threads were stopped: 0.0017695 seconds, Stopping threads took: 0.0007759 seconds
2019-03-20T16:28:48.587+0600: 925.074: Total time for which application threads were stopped: 0.0003524 seconds, Stopping threads took: 0.0000880 seconds
2019-03-20T16:28:54.600+0600: 931.087: Total time for which application threads were stopped: 0.0004762 seconds, Stopping threads took: 0.0000576 seconds
2019-03-20T16:29:53.747+0600: 990.232: Total time for which application threads were stopped: 0.0001668 seconds, Stopping threads took: 0.0000299 seconds
2019-03-20T16:29:59.758+0600: 996.243: Total time for which application threads were stopped: 0.0002930 seconds, Stopping threads took: 0.0000495 seconds
2019-03-20T16:30:25.841+0600: 1022.326: Total time for which application threads were stopped: 0.0004436 seconds, Stopping threads took: 0.0000656 seconds
2019-03-20T16:30:26.846+0600: 1023.331: Total time for which application threads were stopped: 0.0004162 seconds, Stopping threads took: 0.0000516 seconds
2019-03-20T16:30:53.906+0600: 1050.391: Total time for which application threads were stopped: 0.0001633 seconds, Stopping threads took: 0.0000306 seconds
2019-03-20T16:30:55.914+0600: 1052.398: Total time for which application threads were stopped: 0.0003050 seconds, Stopping threads took: 0.0000553 seconds
2019-03-20T16:31:03.538+0600: 1060.022: Total time for which application threads were stopped: 0.0004142 seconds, Stopping threads took: 0.0000573 seconds
2019-03-20T16:31:03.543+0600: 1060.027: Total time for which application threads were stopped: 0.0005754 seconds, Stopping threads took: 0.0000936 seconds
2019-03-20T16:31:03.549+0600: 1060.033: Total time for which application threads were stopped: 0.0003644 seconds, Stopping threads took: 0.0000365 seconds
2019-03-20T16:31:03.553+0600: 1060.037: Total time for which application threads were stopped: 0.0003268 seconds, Stopping threads took: 0.0000636 seconds
{Heap before GC invocations=24 (full 2):
 par new generation   total 109248K, used 109248K [0x00000007a0000000, 0x00000007a8000000, 0x00000007a8000000)
  eden space 87424K, 100% used [0x00000007a0000000, 0x00000007a5560000, 0x00000007a5560000)
  from space 21824K, 100% used [0x00000007a5560000, 0x00000007a6ab0000, 0x00000007a6ab0000)
  to   space 21824K,   0% used [0x00000007a6ab0000, 0x00000007a6ab0000, 0x00000007a8000000)
 concurrent mark-sweep generation total 393216K, used 42546K [0x00000007a8000000, 0x00000007c0000000, 0x00000007c0000000)
 Metaspace       used 61817K, capacity 64168K, committed 64456K, reserved 1105920K
  class space    used 7298K, capacity 7779K, committed 7880K, reserved 1048576K
2019-03-20T16:31:04.710+0600: 1061.194: [GC (Allocation Failure) 2019-03-20T16:31:04.711+0600: 1061.195: [ParNew
Desired survivor size 20112992 bytes, new threshold 8 (max 8)
- age   1:    3906744 bytes,    3906744 total
- age   2:    4736936 bytes,    8643680 total
- age   3:    1477448 bytes,   10121128 total
- age   4:    4844448 bytes,   14965576 total
- age   5:    1863864 bytes,   16829440 total
- age   6:    1986336 bytes,   18815776 total
- age   7:     146848 bytes,   18962624 total
- age   8:      77904 bytes,   19040528 total
: 109248K->21824K(109248K), 0.1726825 secs] 151794K->65988K(502464K), 0.1732884 secs] [Times: user=0.16 sys=0.12, real=0.17 secs] 
Heap after GC invocations=25 (full 2):
 par new generation   total 109248K, used 21824K [0x00000007a0000000, 0x00000007a8000000, 0x00000007a8000000)
  eden space 87424K,   0% used [0x00000007a0000000, 0x00000007a0000000, 0x00000007a5560000)
  from space 21824K, 100% used [0x00000007a6ab0000, 0x00000007a8000000, 0x00000007a8000000)
  to   space 21824K,   0% used [0x00000007a5560000, 0x00000007a5560000, 0x00000007a6ab0000)
 concurrent mark-sweep generation total 393216K, used 44164K [0x00000007a8000000, 0x00000007c0000000, 0x00000007c0000000)
 Metaspace       used 61817K, capacity 64168K, committed 64456K, reserved 1105920K
  class space    used 7298K, capacity 7779K, committed 7880K, reserved 1048576K
}
2019-03-20T16:31:04.884+0600: 1061.368: Total time for which application threads were stopped: 0.1738484 seconds, Stopping threads took: 0.0000549 seconds
2019-03-20T16:31:04.885+0600: 1061.369: Total time for which application threads were stopped: 0.0005497 seconds, Stopping threads took: 0.0002132 seconds
2019-03-20T16:31:04.886+0600: 1061.369: Total time for which application threads were stopped: 0.0001647 seconds, Stopping threads took: 0.0000143 seconds
2019-03-20T16:31:04.886+0600: 1061.370: Total time for which application threads were stopped: 0.0003091 seconds, Stopping threads took: 0.0001058 seconds
{Heap before GC invocations=25 (full 2):
 par new generation   total 109248K, used 109248K [0x00000007a0000000, 0x00000007a8000000, 0x00000007a8000000)
  eden space 87424K, 100% used [0x00000007a0000000, 0x00000007a5560000, 0x00000007a5560000)
  from space 21824K, 100% used [0x00000007a6ab0000, 0x00000007a8000000, 0x00000007a8000000)
  to   space 21824K,   0% used [0x00000007a5560000, 0x00000007a5560000, 0x00000007a6ab0000)
 concurrent mark-sweep generation total 393216K, used 44164K [0x00000007a8000000, 0x00000007c0000000, 0x00000007c0000000)
 Metaspace       used 61830K, capacity 64168K, committed 64456K, reserved 1105920K
  class space    used 7299K, capacity 7779K, committed 7880K, reserved 1048576K
2019-03-20T16:31:05.129+0600: 1061.613: [GC (Allocation Failure) 2019-03-20T16:31:05.129+0600: 1061.613: [ParNew
Desired survivor size 20112992 bytes, new threshold 8 (max 8)
- age   1:    1890112 bytes,    1890112 total
- age   2:    2972224 bytes,    4862336 total
- age   3:    4521848 bytes,    9384184 total
- age   4:    1137616 bytes,   10521800 total
- age   5:    3829984 bytes,   14351784 total
- age   6:    1823280 bytes,   16175064 total
- age   7:    1833448 bytes,   18008512 total
- age   8:     144504 bytes,   18153016 total
: 109248K->21824K(109248K), 0.0526407 secs] 153412K->67369K(502464K), 0.0527849 secs] [Times: user=0.06 sys=0.02, real=0.06 secs] 
Heap after GC invocations=26 (full 2):
 par new generation   total 109248K, used 21824K [0x00000007a0000000, 0x00000007a8000000, 0x00000007a8000000)
  eden space 87424K,   0% used [0x00000007a0000000, 0x00000007a0000000, 0x00000007a5560000)
  from space 21824K, 100% used [0x00000007a5560000, 0x00000007a6ab0000, 0x00000007a6ab0000)
  to   space 21824K,   0% used [0x00000007a6ab0000, 0x00000007a6ab0000, 0x00000007a8000000)
 concurrent mark-sweep generation total 393216K, used 45545K [0x00000007a8000000, 0x00000007c0000000, 0x00000007c0000000)
 Metaspace       used 61830K, capacity 64168K, committed 64456K, reserved 1105920K
  class space    used 7299K, capacity 7779K, committed 7880K, reserved 1048576K
}
2019-03-20T16:31:05.182+0600: 1061.666: Total time for which application threads were stopped: 0.0648331 seconds, Stopping threads took: 0.0116012 seconds
{Heap before GC invocations=26 (full 2):
 par new generation   total 109248K, used 109248K [0x00000007a0000000, 0x00000007a8000000, 0x00000007a8000000)
  eden space 87424K, 100% used [0x00000007a0000000, 0x00000007a5560000, 0x00000007a5560000)
  from space 21824K, 100% used [0x00000007a5560000, 0x00000007a6ab0000, 0x00000007a6ab0000)
  to   space 21824K,   0% used [0x00000007a6ab0000, 0x00000007a6ab0000, 0x00000007a8000000)
 concurrent mark-sweep generation total 393216K, used 45545K [0x00000007a8000000, 0x00000007c0000000, 0x00000007c0000000)
 Metaspace       used 61841K, capacity 64174K, committed 64456K, reserved 1105920K
  class space    used 7300K, capacity 7780K, committed 7880K, reserved 1048576K
2019-03-20T16:31:05.316+0600: 1061.800: [GC (Allocation Failure) 2019-03-20T16:31:05.316+0600: 1061.800: [ParNew
Desired survivor size 20112992 bytes, new threshold 8 (max 8)
- age   1:     408544 bytes,     408544 total
- age   2:    1697112 bytes,    2105656 total
- age   3:    2961480 bytes,    5067136 total
- age   4:    4521848 bytes,    9588984 total
- age   5:    1093992 bytes,   10682976 total
- age   6:    3800768 bytes,   14483744 total
- age   7:    1823224 bytes,   16306968 total
- age   8:    1833448 bytes,   18140416 total
: 109248K->21824K(109248K), 0.0609770 secs] 154793K->67588K(502464K), 0.0611034 secs] [Times: user=0.06 sys=0.01, real=0.06 secs] 
Heap after GC invocations=27 (full 2):
 par new generation   total 109248K, used 21824K [0x00000007a0000000, 0x00000007a8000000, 0x00000007a8000000)
  eden space 87424K,   0% used [0x00000007a0000000, 0x00000007a0000000, 0x00000007a5560000)
  from space 21824K, 100% used [0x00000007a6ab0000, 0x00000007a8000000, 0x00000007a8000000)
  to   space 21824K,   0% used [0x00000007a5560000, 0x00000007a5560000, 0x00000007a6ab0000)
 concurrent mark-sweep generation total 393216K, used 45764K [0x00000007a8000000, 0x00000007c0000000, 0x00000007c0000000)
 Metaspace       used 61841K, capacity 64174K, committed 64456K, reserved 1105920K
  class space    used 7300K, capacity 7780K, committed 7880K, reserved 1048576K
}
2019-03-20T16:31:05.377+0600: 1061.861: Total time for which application threads were stopped: 0.0916637 seconds, Stopping threads took: 0.0301338 seconds
{Heap before GC invocations=27 (full 2):
 par new generation   total 109248K, used 109248K [0x00000007a0000000, 0x00000007a8000000, 0x00000007a8000000)
  eden space 87424K, 100% used [0x00000007a0000000, 0x00000007a5560000, 0x00000007a5560000)
  from space 21824K, 100% used [0x00000007a6ab0000, 0x00000007a8000000, 0x00000007a8000000)
  to   space 21824K,   0% used [0x00000007a5560000, 0x00000007a5560000, 0x00000007a6ab0000)
 concurrent mark-sweep generation total 393216K, used 45764K [0x00000007a8000000, 0x00000007c0000000, 0x00000007c0000000)
 Metaspace       used 61841K, capacity 64174K, committed 64456K, reserved 1105920K
  class space    used 7300K, capacity 7780K, committed 7880K, reserved 1048576K
2019-03-20T16:31:05.447+0600: 1061.931: [GC (Allocation Failure) 2019-03-20T16:31:05.447+0600: 1061.931: [ParNew
Desired survivor size 20112992 bytes, new threshold 8 (max 8)
- age   1:     287000 bytes,     287000 total
- age   2:      93344 bytes,     380344 total
- age   3:    1697080 bytes,    2077424 total
- age   4:    2935880 bytes,    5013304 total
- age   5:    4521056 bytes,    9534360 total
- age   6:    1093256 bytes,   10627616 total
- age   7:    3793104 bytes,   14420720 total
- age   8:    1749264 bytes,   16169984 total
: 109248K->21824K(109248K), 0.0571488 secs] 155012K->69491K(502464K), 0.0572625 secs] [Times: user=0.08 sys=0.00, real=0.06 secs] 
Heap after GC invocations=28 (full 2):
 par new generation   total 109248K, used 21824K [0x00000007a0000000, 0x00000007a8000000, 0x00000007a8000000)
  eden space 87424K,   0% used [0x00000007a0000000, 0x00000007a0000000, 0x00000007a5560000)
  from space 21824K, 100% used [0x00000007a5560000, 0x00000007a6ab0000, 0x00000007a6ab0000)
  to   space 21824K,   0% used [0x00000007a6ab0000, 0x00000007a6ab0000, 0x00000007a8000000)
 concurrent mark-sweep generation total 393216K, used 47667K [0x00000007a8000000, 0x00000007c0000000, 0x00000007c0000000)
 Metaspace       used 61841K, capacity 64174K, committed 64456K, reserved 1105920K
  class space    used 7300K, capacity 7780K, committed 7880K, reserved 1048576K
}
2019-03-20T16:31:05.504+0600: 1061.988: Total time for which application threads were stopped: 0.0576526 seconds, Stopping threads took: 0.0000365 seconds
{Heap before GC invocations=28 (full 2):
 par new generation   total 109248K, used 109248K [0x00000007a0000000, 0x00000007a8000000, 0x00000007a8000000)
  eden space 87424K, 100% used [0x00000007a0000000, 0x00000007a5560000, 0x00000007a5560000)
  from space 21824K, 100% used [0x00000007a5560000, 0x00000007a6ab0000, 0x00000007a6ab0000)
  to   space 21824K,   0% used [0x00000007a6ab0000, 0x00000007a6ab0000, 0x00000007a8000000)
 concurrent mark-sweep generation total 393216K, used 47667K [0x00000007a8000000, 0x00000007c0000000, 0x00000007c0000000)
 Metaspace       used 61930K, capacity 64298K, committed 64712K, reserved 1105920K
  class space    used 7308K, capacity 7790K, committed 7880K, reserved 1048576K
2019-03-20T16:31:05.726+0600: 1062.210: [GC (Allocation Failure) 2019-03-20T16:31:05.726+0600: 1062.210: [ParNew
Desired survivor size 20112992 bytes, new threshold 8 (max 8)
- age   1:     720016 bytes,     720016 total
- age   2:      81736 bytes,     801752 total
- age   3:      92272 bytes,     894024 total
- age   4:     998232 bytes,    1892256 total
- age   5:    2935528 bytes,    4827784 total
- age   6:    4521056 bytes,    9348840 total
- age   7:    1093256 bytes,   10442096 total
- age   8:    3793104 bytes,   14235200 total
: 109248K->18123K(109248K), 0.0559424 secs] 156915K->67508K(502464K), 0.0560617 secs] [Times: user=0.09 sys=0.00, real=0.06 secs] 
Heap after GC invocations=29 (full 2):
 par new generation   total 109248K, used 18123K [0x00000007a0000000, 0x00000007a8000000, 0x00000007a8000000)
  eden space 87424K,   0% used [0x00000007a0000000, 0x00000007a0000000, 0x00000007a5560000)
  from space 21824K,  83% used [0x00000007a6ab0000, 0x00000007a7c62ce0, 0x00000007a8000000)
  to   space 21824K,   0% used [0x00000007a5560000, 0x00000007a5560000, 0x00000007a6ab0000)
 concurrent mark-sweep generation total 393216K, used 49385K [0x00000007a8000000, 0x00000007c0000000, 0x00000007c0000000)
 Metaspace       used 61930K, capacity 64298K, committed 64712K, reserved 1105920K
  class space    used 7308K, capacity 7790K, committed 7880K, reserved 1048576K
}
2019-03-20T16:31:05.782+0600: 1062.266: Total time for which application threads were stopped: 0.0565091 seconds, Stopping threads took: 0.0000317 seconds
2019-03-20T16:31:06.786+0600: 1063.270: Total time for which application threads were stopped: 0.0006730 seconds, Stopping threads took: 0.0000532 seconds
{Heap before GC invocations=29 (full 2):
 par new generation   total 109248K, used 105547K [0x00000007a0000000, 0x00000007a8000000, 0x00000007a8000000)
  eden space 87424K, 100% used [0x00000007a0000000, 0x00000007a5560000, 0x00000007a5560000)
  from space 21824K,  83% used [0x00000007a6ab0000, 0x00000007a7c62ce0, 0x00000007a8000000)
  to   space 21824K,   0% used [0x00000007a5560000, 0x00000007a5560000, 0x00000007a6ab0000)
 concurrent mark-sweep generation total 393216K, used 49385K [0x00000007a8000000, 0x00000007c0000000, 0x00000007c0000000)
 Metaspace       used 62210K, capacity 64512K, committed 64712K, reserved 1105920K
  class space    used 7339K, capacity 7797K, committed 7880K, reserved 1048576K
2019-03-20T16:31:11.227+0600: 1067.710: [GC (Allocation Failure) 2019-03-20T16:31:11.227+0600: 1067.710: [ParNew
Desired survivor size 20112992 bytes, new threshold 8 (max 8)
- age   1:    7895416 bytes,    7895416 total
- age   2:     339968 bytes,    8235384 total
- age   3:      81736 bytes,    8317120 total
- age   4:      91696 bytes,    8408816 total
- age   5:     188552 bytes,    8597368 total
- age   6:    2932504 bytes,   11529872 total
- age   7:    4520440 bytes,   16050312 total
- age   8:    1093256 bytes,   17143568 total
: 105547K->21455K(109248K), 0.0321782 secs] 154932K->74573K(502464K), 0.0323030 secs] [Times: user=0.07 sys=0.01, real=0.03 secs] 
Heap after GC invocations=30 (full 2):
 par new generation   total 109248K, used 21455K [0x00000007a0000000, 0x00000007a8000000, 0x00000007a8000000)
  eden space 87424K,   0% used [0x00000007a0000000, 0x00000007a0000000, 0x00000007a5560000)
  from space 21824K,  98% used [0x00000007a5560000, 0x00000007a6a53f60, 0x00000007a6ab0000)
  to   space 21824K,   0% used [0x00000007a6ab0000, 0x00000007a6ab0000, 0x00000007a8000000)
 concurrent mark-sweep generation total 393216K, used 53117K [0x00000007a8000000, 0x00000007c0000000, 0x00000007c0000000)
 Metaspace       used 62210K, capacity 64512K, committed 64712K, reserved 1105920K
  class space    used 7339K, capacity 7797K, committed 7880K, reserved 1048576K
}
2019-03-20T16:31:11.259+0600: 1067.743: Total time for which application threads were stopped: 0.0327481 seconds, Stopping threads took: 0.0000407 seconds
2019-03-20T16:31:11.281+0600: 1067.765: Total time for which application threads were stopped: 0.0003180 seconds, Stopping threads took: 0.0000349 seconds
2019-03-20T16:31:11.420+0600: 1067.904: Total time for which application threads were stopped: 0.0003393 seconds, Stopping threads took: 0.0000640 seconds
2019-03-20T16:31:12.425+0600: 1068.909: Total time for which application threads were stopped: 0.0005368 seconds, Stopping threads took: 0.0000685 seconds
2019-03-20T16:31:16.250+0600: 1072.734: Total time for which application threads were stopped: 0.0002830 seconds, Stopping threads took: 0.0000620 seconds
2019-03-20T16:31:16.251+0600: 1072.735: Total time for which application threads were stopped: 0.0002741 seconds, Stopping threads took: 0.0000362 seconds
2019-03-20T16:31:16.277+0600: 1072.761: Total time for which application threads were stopped: 0.0003761 seconds, Stopping threads took: 0.0000391 seconds
2019-03-20T16:31:16.279+0600: 1072.762: Total time for which application threads were stopped: 0.0002890 seconds, Stopping threads took: 0.0000362 seconds
2019-03-20T16:31:17.278+0600: 1073.761: Total time for which application threads were stopped: 0.0003306 seconds, Stopping threads took: 0.0000670 seconds
2019-03-20T16:31:18.280+0600: 1074.764: Total time for which application threads were stopped: 0.0004301 seconds, Stopping threads took: 0.0000789 seconds
2019-03-20T16:31:53.782+0600: 1110.264: Total time for which application threads were stopped: 0.0002473 seconds, Stopping threads took: 0.0000347 seconds
2019-03-20T16:31:53.783+0600: 1110.266: Total time for which application threads were stopped: 0.0001864 seconds, Stopping threads took: 0.0000284 seconds
2019-03-20T16:31:53.788+0600: 1110.271: Total time for which application threads were stopped: 0.0002942 seconds, Stopping threads took: 0.0000320 seconds
2019-03-20T16:31:53.789+0600: 1110.272: Total time for which application threads were stopped: 0.0002226 seconds, Stopping threads took: 0.0000326 seconds
2019-03-20T16:31:53.803+0600: 1110.286: Total time for which application threads were stopped: 0.0001675 seconds, Stopping threads took: 0.0000316 seconds
2019-03-20T16:31:54.804+0600: 1111.287: Total time for which application threads were stopped: 0.0003258 seconds, Stopping threads took: 0.0000548 seconds
2019-03-20T16:32:13.844+0600: 1130.326: Total time for which application threads were stopped: 0.0002397 seconds, Stopping threads took: 0.0000446 seconds
2019-03-20T16:32:13.968+0600: 1130.450: Total time for which application threads were stopped: 0.0003899 seconds, Stopping threads took: 0.0000667 seconds
2019-03-20T16:32:13.968+0600: 1130.450: Total time for which application threads were stopped: 0.0001905 seconds, Stopping threads took: 0.0000187 seconds
2019-03-20T16:32:13.977+0600: 1130.459: Total time for which application threads were stopped: 0.0002840 seconds, Stopping threads took: 0.0000671 seconds
2019-03-20T16:32:13.977+0600: 1130.460: Total time for which application threads were stopped: 0.0004638 seconds, Stopping threads took: 0.0000317 seconds
2019-03-20T16:32:14.982+0600: 1131.465: Total time for which application threads were stopped: 0.0003799 seconds, Stopping threads took: 0.0000389 seconds
2019-03-20T16:32:17.597+0600: 1134.079: Total time for which application threads were stopped: 0.0002806 seconds, Stopping threads took: 0.0000343 seconds
2019-03-20T16:32:17.598+0600: 1134.080: Total time for which application threads were stopped: 0.0001829 seconds, Stopping threads took: 0.0000221 seconds
2019-03-20T16:32:17.598+0600: 1134.080: Total time for which application threads were stopped: 0.0002722 seconds, Stopping threads took: 0.0000494 seconds
2019-03-20T16:32:17.598+0600: 1134.081: Total time for which application threads were stopped: 0.0002453 seconds, Stopping threads took: 0.0000424 seconds
2019-03-20T16:32:17.599+0600: 1134.081: Total time for which application threads were stopped: 0.0002624 seconds, Stopping threads took: 0.0000754 seconds
2019-03-20T16:32:17.600+0600: 1134.083: Total time for which application threads were stopped: 0.0002157 seconds, Stopping threads took: 0.0000240 seconds
2019-03-20T16:32:17.601+0600: 1134.084: Total time for which application threads were stopped: 0.0001967 seconds, Stopping threads took: 0.0000244 seconds
2019-03-20T16:32:17.602+0600: 1134.084: Total time for which application threads were stopped: 0.0001929 seconds, Stopping threads took: 0.0000239 seconds
2019-03-20T16:32:17.603+0600: 1134.085: Total time for which application threads were stopped: 0.0002297 seconds, Stopping threads took: 0.0000612 seconds
2019-03-20T16:32:17.603+0600: 1134.085: Total time for which application threads were stopped: 0.0002557 seconds, Stopping threads took: 0.0000814 seconds
2019-03-20T16:32:17.603+0600: 1134.086: Total time for which application threads were stopped: 0.0001509 seconds, Stopping threads took: 0.0000146 seconds
2019-03-20T16:32:17.604+0600: 1134.086: Total time for which application threads were stopped: 0.0002122 seconds, Stopping threads took: 0.0000312 seconds
2019-03-20T16:32:17.604+0600: 1134.086: Total time for which application threads were stopped: 0.0001924 seconds, Stopping threads took: 0.0000417 seconds
2019-03-20T16:32:17.605+0600: 1134.088: Total time for which application threads were stopped: 0.0003545 seconds, Stopping threads took: 0.0000568 seconds
2019-03-20T16:32:17.606+0600: 1134.089: Total time for which application threads were stopped: 0.0003135 seconds, Stopping threads took: 0.0000554 seconds
2019-03-20T16:32:17.633+0600: 1134.116: Total time for which application threads were stopped: 0.0002650 seconds, Stopping threads took: 0.0000486 seconds
2019-03-20T16:32:17.634+0600: 1134.116: Total time for which application threads were stopped: 0.0001880 seconds, Stopping threads took: 0.0000196 seconds
2019-03-20T16:32:17.700+0600: 1134.182: Total time for which application threads were stopped: 0.0002960 seconds, Stopping threads took: 0.0000678 seconds
2019-03-20T16:32:17.700+0600: 1134.183: Total time for which application threads were stopped: 0.0002076 seconds, Stopping threads took: 0.0000319 seconds
2019-03-20T16:32:18.706+0600: 1135.188: Total time for which application threads were stopped: 0.0003190 seconds, Stopping threads took: 0.0000610 seconds
2019-03-20T16:32:23.127+0600: 1139.609: Total time for which application threads were stopped: 0.0002685 seconds, Stopping threads took: 0.0000339 seconds
2019-03-20T16:32:23.127+0600: 1139.609: Total time for which application threads were stopped: 0.0002001 seconds, Stopping threads took: 0.0000219 seconds
2019-03-20T16:32:23.171+0600: 1139.653: Total time for which application threads were stopped: 0.0002843 seconds, Stopping threads took: 0.0000366 seconds
2019-03-20T16:32:23.171+0600: 1139.653: Total time for which application threads were stopped: 0.0001840 seconds, Stopping threads took: 0.0000164 seconds
2019-03-20T16:32:23.179+0600: 1139.661: Total time for which application threads were stopped: 0.0002622 seconds, Stopping threads took: 0.0000509 seconds
2019-03-20T16:32:23.179+0600: 1139.661: Total time for which application threads were stopped: 0.0002303 seconds, Stopping threads took: 0.0000481 seconds
2019-03-20T16:32:23.826+0600: 1140.309: Total time for which application threads were stopped: 0.0001928 seconds, Stopping threads took: 0.0000350 seconds
2019-03-20T16:32:23.839+0600: 1140.321: Total time for which application threads were stopped: 0.0002645 seconds, Stopping threads took: 0.0000356 seconds
2019-03-20T16:32:23.839+0600: 1140.321: Total time for which application threads were stopped: 0.0001789 seconds, Stopping threads took: 0.0000156 seconds
2019-03-20T16:32:23.907+0600: 1140.389: Total time for which application threads were stopped: 0.0003105 seconds, Stopping threads took: 0.0000515 seconds
2019-03-20T16:32:23.907+0600: 1140.389: Total time for which application threads were stopped: 0.0001659 seconds, Stopping threads took: 0.0000132 seconds
2019-03-20T16:32:23.929+0600: 1140.411: Total time for which application threads were stopped: 0.0002556 seconds, Stopping threads took: 0.0000537 seconds
2019-03-20T16:32:23.929+0600: 1140.411: Total time for which application threads were stopped: 0.0002055 seconds, Stopping threads took: 0.0000254 seconds
2019-03-20T16:32:23.942+0600: 1140.424: Total time for which application threads were stopped: 0.0002557 seconds, Stopping threads took: 0.0000375 seconds
2019-03-20T16:32:23.942+0600: 1140.424: Total time for which application threads were stopped: 0.0001878 seconds, Stopping threads took: 0.0000149 seconds
2019-03-20T16:32:25.465+0600: 1141.948: Total time for which application threads were stopped: 0.0002690 seconds, Stopping threads took: 0.0000358 seconds
2019-03-20T16:32:25.466+0600: 1141.948: Total time for which application threads were stopped: 0.0001950 seconds, Stopping threads took: 0.0000180 seconds
2019-03-20T16:32:25.479+0600: 1141.961: Total time for which application threads were stopped: 0.0004551 seconds, Stopping threads took: 0.0000630 seconds
2019-03-20T16:32:25.479+0600: 1141.961: Total time for which application threads were stopped: 0.0002886 seconds, Stopping threads took: 0.0000739 seconds
2019-03-20T16:32:26.484+0600: 1142.967: Total time for which application threads were stopped: 0.0003163 seconds, Stopping threads took: 0.0000594 seconds
2019-03-20T16:32:30.172+0600: 1146.654: Total time for which application threads were stopped: 0.0002688 seconds, Stopping threads took: 0.0000363 seconds
2019-03-20T16:32:30.172+0600: 1146.654: Total time for which application threads were stopped: 0.0001717 seconds, Stopping threads took: 0.0000142 seconds
2019-03-20T16:32:30.186+0600: 1146.668: Total time for which application threads were stopped: 0.0008951 seconds, Stopping threads took: 0.0001421 seconds
2019-03-20T16:32:30.186+0600: 1146.668: Total time for which application threads were stopped: 0.0005188 seconds, Stopping threads took: 0.0000426 seconds
2019-03-20T16:32:30.187+0600: 1146.669: Total time for which application threads were stopped: 0.0009669 seconds, Stopping threads took: 0.0000249 seconds
2019-03-20T16:32:42.341+0600: 1158.823: Total time for which application threads were stopped: 0.0007702 seconds, Stopping threads took: 0.0001632 seconds
2019-03-20T16:32:54.376+0600: 1170.857: Total time for which application threads were stopped: 0.0004056 seconds, Stopping threads took: 0.0001073 seconds
2019-03-20T16:32:55.379+0600: 1171.861: Total time for which application threads were stopped: 0.0002748 seconds, Stopping threads took: 0.0001038 seconds
2019-03-20T16:33:54.519+0600: 1230.999: Total time for which application threads were stopped: 0.0003981 seconds, Stopping threads took: 0.0000621 seconds
2019-03-20T16:34:39.631+0600: 1276.110: Total time for which application threads were stopped: 0.0004709 seconds, Stopping threads took: 0.0001512 seconds
2019-03-20T16:34:54.654+0600: 1291.133: Total time for which application threads were stopped: 0.0003164 seconds, Stopping threads took: 0.0000622 seconds
2019-03-20T16:35:35.340+0600: 1331.818: Total time for which application threads were stopped: 0.0004672 seconds, Stopping threads took: 0.0000341 seconds
2019-03-20T16:35:35.347+0600: 1331.825: Total time for which application threads were stopped: 0.0003403 seconds, Stopping threads took: 0.0000351 seconds
2019-03-20T16:35:35.348+0600: 1331.826: Total time for which application threads were stopped: 0.0003209 seconds, Stopping threads took: 0.0000737 seconds
2019-03-20T16:35:35.349+0600: 1331.827: Total time for which application threads were stopped: 0.0002849 seconds, Stopping threads took: 0.0000392 seconds
2019-03-20T16:35:35.349+0600: 1331.828: Total time for which application threads were stopped: 0.0002705 seconds, Stopping threads took: 0.0000559 seconds
2019-03-20T16:35:35.350+0600: 1331.828: Total time for which application threads were stopped: 0.0002189 seconds, Stopping threads took: 0.0000239 seconds
{Heap before GC invocations=30 (full 2):
 par new generation   total 109248K, used 108862K [0x00000007a0000000, 0x00000007a8000000, 0x00000007a8000000)
  eden space 87424K,  99% used [0x00000007a0000000, 0x00000007a555bb98, 0x00000007a5560000)
  from space 21824K,  98% used [0x00000007a5560000, 0x00000007a6a53f60, 0x00000007a6ab0000)
  to   space 21824K,   0% used [0x00000007a6ab0000, 0x00000007a6ab0000, 0x00000007a8000000)
 concurrent mark-sweep generation total 393216K, used 53117K [0x00000007a8000000, 0x00000007c0000000, 0x00000007c0000000)
 Metaspace       used 62361K, capacity 64740K, committed 64968K, reserved 1105920K
  class space    used 7353K, capacity 7839K, committed 7880K, reserved 1048576K
2019-03-20T16:35:35.407+0600: 1331.885: [GC (Allocation Failure) 2019-03-20T16:35:35.408+0600: 1331.886: [ParNew
Desired survivor size 20112992 bytes, new threshold 8 (max 8)
- age   1:    8067328 bytes,    8067328 total
- age   2:    6284880 bytes,   14352208 total
- age   3:     339968 bytes,   14692176 total
- age   4:      81736 bytes,   14773912 total
- age   5:      91696 bytes,   14865608 total
- age   6:     187152 bytes,   15052760 total
- age   7:    2789768 bytes,   17842528 total
- age   8:    4505080 bytes,   22347608 total
: 108862K->21824K(109248K), 0.0476481 secs] 161980K->82195K(502464K), 0.0479524 secs] [Times: user=0.15 sys=0.02, real=0.05 secs] 
Heap after GC invocations=31 (full 2):
 par new generation   total 109248K, used 21824K [0x00000007a0000000, 0x00000007a8000000, 0x00000007a8000000)
  eden space 87424K,   0% used [0x00000007a0000000, 0x00000007a0000000, 0x00000007a5560000)
  from space 21824K, 100% used [0x00000007a6ab0000, 0x00000007a8000000, 0x00000007a8000000)
  to   space 21824K,   0% used [0x00000007a5560000, 0x00000007a5560000, 0x00000007a6ab0000)
 concurrent mark-sweep generation total 393216K, used 60371K [0x00000007a8000000, 0x00000007c0000000, 0x00000007c0000000)
 Metaspace       used 62361K, capacity 64740K, committed 64968K, reserved 1105920K
  class space    used 7353K, capacity 7839K, committed 7880K, reserved 1048576K
}
2019-03-20T16:35:35.455+0600: 1331.933: Total time for which application threads were stopped: 0.0489679 seconds, Stopping threads took: 0.0000596 seconds
2019-03-20T16:35:35.531+0600: 1332.009: Total time for which application threads were stopped: 0.0002283 seconds, Stopping threads took: 0.0000341 seconds
{Heap before GC invocations=31 (full 2):
 par new generation   total 109248K, used 109248K [0x00000007a0000000, 0x00000007a8000000, 0x00000007a8000000)
  eden space 87424K, 100% used [0x00000007a0000000, 0x00000007a5560000, 0x00000007a5560000)
  from space 21824K, 100% used [0x00000007a6ab0000, 0x00000007a8000000, 0x00000007a8000000)
  to   space 21824K,   0% used [0x00000007a5560000, 0x00000007a5560000, 0x00000007a6ab0000)
 concurrent mark-sweep generation total 393216K, used 60371K [0x00000007a8000000, 0x00000007c0000000, 0x00000007c0000000)
 Metaspace       used 62362K, capacity 64740K, committed 64968K, reserved 1105920K
  class space    used 7353K, capacity 7839K, committed 7880K, reserved 1048576K
2019-03-20T16:35:35.537+0600: 1332.015: [GC (Allocation Failure) 2019-03-20T16:35:35.537+0600: 1332.015: [ParNew
Desired survivor size 20112992 bytes, new threshold 8 (max 8)
- age   1:     247680 bytes,     247680 total
- age   2:    7297984 bytes,    7545664 total
- age   3:    6240336 bytes,   13786000 total
- age   4:     339264 bytes,   14125264 total
- age   5:      81344 bytes,   14206608 total
- age   6:      90024 bytes,   14296632 total
- age   7:     186328 bytes,   14482960 total
- age   8:    2595184 bytes,   17078144 total
: 109248K->21824K(109248K), 0.0273865 secs] 169619K->87492K(502464K), 0.0274956 secs] [Times: user=0.08 sys=0.00, real=0.03 secs] 
Heap after GC invocations=32 (full 2):
 par new generation   total 109248K, used 21824K [0x00000007a0000000, 0x00000007a8000000, 0x00000007a8000000)
  eden space 87424K,   0% used [0x00000007a0000000, 0x00000007a0000000, 0x00000007a5560000)
  from space 21824K, 100% used [0x00000007a5560000, 0x00000007a6ab0000, 0x00000007a6ab0000)
  to   space 21824K,   0% used [0x00000007a6ab0000, 0x00000007a6ab0000, 0x00000007a8000000)
 concurrent mark-sweep generation total 393216K, used 65668K [0x00000007a8000000, 0x00000007c0000000, 0x00000007c0000000)
 Metaspace       used 62362K, capacity 64740K, committed 64968K, reserved 1105920K
  class space    used 7353K, capacity 7839K, committed 7880K, reserved 1048576K
}
2019-03-20T16:35:35.565+0600: 1332.043: Total time for which application threads were stopped: 0.0277583 seconds, Stopping threads took: 0.0000219 seconds
2019-03-20T16:35:35.606+0600: 1332.084: Total time for which application threads were stopped: 0.0002346 seconds, Stopping threads took: 0.0000279 seconds
2019-03-20T16:35:35.669+0600: 1332.147: Total time for which application threads were stopped: 0.0006317 seconds, Stopping threads took: 0.0000292 seconds
2019-03-20T16:35:35.703+0600: 1332.181: Total time for which application threads were stopped: 0.0003024 seconds, Stopping threads took: 0.0000342 seconds
{Heap before GC invocations=32 (full 2):
 par new generation   total 109248K, used 109248K [0x00000007a0000000, 0x00000007a8000000, 0x00000007a8000000)
  eden space 87424K, 100% used [0x00000007a0000000, 0x00000007a5560000, 0x00000007a5560000)
  from space 21824K, 100% used [0x00000007a5560000, 0x00000007a6ab0000, 0x00000007a6ab0000)
  to   space 21824K,   0% used [0x00000007a6ab0000, 0x00000007a6ab0000, 0x00000007a8000000)
 concurrent mark-sweep generation total 393216K, used 66968K [0x00000007a8000000, 0x00000007c0000000, 0x00000007c0000000)
 Metaspace       used 62506K, capacity 64978K, committed 65224K, reserved 1105920K
  class space    used 7376K, capacity 7862K, committed 7880K, reserved 1048576K
2019-03-20T16:35:35.706+0600: 1332.184: [GC (Allocation Failure) 2019-03-20T16:35:35.706+0600: 1332.184: [ParNew
Desired survivor size 20112992 bytes, new threshold 8 (max 8)
- age   1:    2402608 bytes,    2402608 total
- age   2:      76456 bytes,    2479064 total
- age   3:    7293792 bytes,    9772856 total
- age   4:    6240312 bytes,   16013168 total
- age   5:     339264 bytes,   16352432 total
- age   6:      81344 bytes,   16433776 total
- age   7:      90024 bytes,   16523800 total
- age   8:     186328 bytes,   16710128 total
: 109248K->19692K(109248K), 0.0513065 secs] 176216K->89203K(502464K), 0.0514028 secs] [Times: user=0.07 sys=0.01, real=0.05 secs] 
Heap after GC invocations=33 (full 2):
 par new generation   total 109248K, used 19692K [0x00000007a0000000, 0x00000007a8000000, 0x00000007a8000000)
  eden space 87424K,   0% used [0x00000007a0000000, 0x00000007a0000000, 0x00000007a5560000)
  from space 21824K,  90% used [0x00000007a6ab0000, 0x00000007a7deb1e8, 0x00000007a8000000)
  to   space 21824K,   0% used [0x00000007a5560000, 0x00000007a5560000, 0x00000007a6ab0000)
 concurrent mark-sweep generation total 393216K, used 69511K [0x00000007a8000000, 0x00000007c0000000, 0x00000007c0000000)
 Metaspace       used 62506K, capacity 64978K, committed 65224K, reserved 1105920K
  class space    used 7376K, capacity 7862K, committed 7880K, reserved 1048576K
}
2019-03-20T16:35:35.757+0600: 1332.235: Total time for which application threads were stopped: 0.0517071 seconds, Stopping threads took: 0.0000626 seconds
2019-03-20T16:35:35.757+0600: 1332.236: Total time for which application threads were stopped: 0.0002623 seconds, Stopping threads took: 0.0000510 seconds
{Heap before GC invocations=33 (full 2):
 par new generation   total 109248K, used 20316K [0x00000007a0000000, 0x00000007a8000000, 0x00000007a8000000)
  eden space 87424K,   0% used [0x00000007a0000000, 0x00000007a009c048, 0x00000007a5560000)
  from space 21824K,  90% used [0x00000007a6ab0000, 0x00000007a7deb1e8, 0x00000007a8000000)
  to   space 21824K,   0% used [0x00000007a5560000, 0x00000007a5560000, 0x00000007a6ab0000)
 concurrent mark-sweep generation total 393216K, used 69511K [0x00000007a8000000, 0x00000007c0000000, 0x00000007c0000000)
 Metaspace       used 62506K, capacity 64978K, committed 65224K, reserved 1105920K
  class space    used 7376K, capacity 7862K, committed 7880K, reserved 1048576K
2019-03-20T16:35:35.758+0600: 1332.236: [GC (GCLocker Initiated GC) 2019-03-20T16:35:35.758+0600: 1332.236: [ParNew
Desired survivor size 20112992 bytes, new threshold 8 (max 8)
- age   1:     104704 bytes,     104704 total
- age   2:    2308512 bytes,    2413216 total
- age   3:      76456 bytes,    2489672 total
- age   4:    6078736 bytes,    8568408 total
- age   5:    6240312 bytes,   14808720 total
- age   6:     339264 bytes,   15147984 total
- age   7:      81344 bytes,   15229328 total
- age   8:      90024 bytes,   15319352 total
: 20316K->21824K(109248K), 0.0840218 secs] 89827K->92796K(502464K), 0.0841205 secs] [Times: user=0.07 sys=0.00, real=0.09 secs] 
Heap after GC invocations=34 (full 2):
 par new generation   total 109248K, used 21824K [0x00000007a0000000, 0x00000007a8000000, 0x00000007a8000000)
  eden space 87424K,   0% used [0x00000007a0000000, 0x00000007a0000000, 0x00000007a5560000)
  from space 21824K, 100% used [0x00000007a5560000, 0x00000007a6ab0000, 0x00000007a6ab0000)
  to   space 21824K,   0% used [0x00000007a6ab0000, 0x00000007a6ab0000, 0x00000007a8000000)
 concurrent mark-sweep generation total 393216K, used 70972K [0x00000007a8000000, 0x00000007c0000000, 0x00000007c0000000)
 Metaspace       used 62506K, capacity 64978K, committed 65224K, reserved 1105920K
  class space    used 7376K, capacity 7862K, committed 7880K, reserved 1048576K
}
2019-03-20T16:35:35.842+0600: 1332.320: Total time for which application threads were stopped: 0.0843745 seconds, Stopping threads took: 0.0000435 seconds
{Heap before GC invocations=34 (full 2):
 par new generation   total 109248K, used 109248K [0x00000007a0000000, 0x00000007a8000000, 0x00000007a8000000)
  eden space 87424K, 100% used [0x00000007a0000000, 0x00000007a5560000, 0x00000007a5560000)
  from space 21824K, 100% used [0x00000007a5560000, 0x00000007a6ab0000, 0x00000007a6ab0000)
  to   space 21824K,   0% used [0x00000007a6ab0000, 0x00000007a6ab0000, 0x00000007a8000000)
 concurrent mark-sweep generation total 393216K, used 70972K [0x00000007a8000000, 0x00000007c0000000, 0x00000007c0000000)
 Metaspace       used 62522K, capacity 64996K, committed 65224K, reserved 1105920K
  class space    used 7378K, capacity 7865K, committed 7880K, reserved 1048576K
2019-03-20T16:35:35.912+0600: 1332.390: [GC (Allocation Failure) 2019-03-20T16:35:35.912+0600: 1332.390: [ParNew
Desired survivor size 20112992 bytes, new threshold 8 (max 8)
- age   1:     713040 bytes,     713040 total
- age   2:       4392 bytes,     717432 total
- age   3:    2101640 bytes,    2819072 total
- age   4:      76456 bytes,    2895528 total
- age   5:    6078736 bytes,    8974264 total
- age   6:    6240312 bytes,   15214576 total
- age   7:     339264 bytes,   15553840 total
- age   8:      81344 bytes,   15635184 total
: 109248K->18746K(109248K), 0.0647148 secs] 180220K->89809K(502464K), 0.0648422 secs] [Times: user=0.05 sys=0.01, real=0.06 secs] 
Heap after GC invocations=35 (full 2):
 par new generation   total 109248K, used 18746K [0x00000007a0000000, 0x00000007a8000000, 0x00000007a8000000)
  eden space 87424K,   0% used [0x00000007a0000000, 0x00000007a0000000, 0x00000007a5560000)
  from space 21824K,  85% used [0x00000007a6ab0000, 0x00000007a7cfe900, 0x00000007a8000000)
  to   space 21824K,   0% used [0x00000007a5560000, 0x00000007a5560000, 0x00000007a6ab0000)
 concurrent mark-sweep generation total 393216K, used 71063K [0x00000007a8000000, 0x00000007c0000000, 0x00000007c0000000)
 Metaspace       used 62522K, capacity 64996K, committed 65224K, reserved 1105920K
  class space    used 7378K, capacity 7865K, committed 7880K, reserved 1048576K
}
2019-03-20T16:35:35.977+0600: 1332.455: Total time for which application threads were stopped: 0.0902619 seconds, Stopping threads took: 0.0250442 seconds
{Heap before GC invocations=35 (full 2):
 par new generation   total 109248K, used 106170K [0x00000007a0000000, 0x00000007a8000000, 0x00000007a8000000)
  eden space 87424K, 100% used [0x00000007a0000000, 0x00000007a5560000, 0x00000007a5560000)
  from space 21824K,  85% used [0x00000007a6ab0000, 0x00000007a7cfe900, 0x00000007a8000000)
  to   space 21824K,   0% used [0x00000007a5560000, 0x00000007a5560000, 0x00000007a6ab0000)
 concurrent mark-sweep generation total 393216K, used 71063K [0x00000007a8000000, 0x00000007c0000000, 0x00000007c0000000)
 Metaspace       used 62526K, capacity 64996K, committed 65224K, reserved 1105920K
  class space    used 7378K, capacity 7865K, committed 7880K, reserved 1048576K
2019-03-20T16:35:36.019+0600: 1332.497: [GC (Allocation Failure) 2019-03-20T16:35:36.019+0600: 1332.498: [ParNew
Desired survivor size 20112992 bytes, new threshold 8 (max 8)
- age   1:    1175392 bytes,    1175392 total
- age   2:     225144 bytes,    1400536 total
- age   3:       4392 bytes,    1404928 total
- age   4:    2096656 bytes,    3501584 total
- age   5:      76456 bytes,    3578040 total
- age   6:    6078704 bytes,    9656744 total
- age   7:    6240312 bytes,   15897056 total
- age   8:     339264 bytes,   16236320 total
: 106170K->21824K(109248K), 0.0742587 secs] 177233K->92969K(502464K), 0.0743932 secs] [Times: user=0.09 sys=0.01, real=0.08 secs] 
Heap after GC invocations=36 (full 2):
 par new generation   total 109248K, used 21824K [0x00000007a0000000, 0x00000007a8000000, 0x00000007a8000000)
  eden space 87424K,   0% used [0x00000007a0000000, 0x00000007a0000000, 0x00000007a5560000)
  from space 21824K, 100% used [0x00000007a5560000, 0x00000007a6ab0000, 0x00000007a6ab0000)
  to   space 21824K,   0% used [0x00000007a6ab0000, 0x00000007a6ab0000, 0x00000007a8000000)
 concurrent mark-sweep generation total 393216K, used 71145K [0x00000007a8000000, 0x00000007c0000000, 0x00000007c0000000)
 Metaspace       used 62526K, capacity 64996K, committed 65224K, reserved 1105920K
  class space    used 7378K, capacity 7865K, committed 7880K, reserved 1048576K
}
2019-03-20T16:35:36.094+0600: 1332.572: Total time for which application threads were stopped: 0.0748673 seconds, Stopping threads took: 0.0000763 seconds
2019-03-20T16:35:36.107+0600: 1332.585: Total time for which application threads were stopped: 0.0007934 seconds, Stopping threads took: 0.0005810 seconds
{Heap before GC invocations=36 (full 2):
 par new generation   total 109248K, used 109247K [0x00000007a0000000, 0x00000007a8000000, 0x00000007a8000000)
  eden space 87424K,  99% used [0x00000007a0000000, 0x00000007a555ff30, 0x00000007a5560000)
  from space 21824K, 100% used [0x00000007a5560000, 0x00000007a6ab0000, 0x00000007a6ab0000)
  to   space 21824K,   0% used [0x00000007a6ab0000, 0x00000007a6ab0000, 0x00000007a8000000)
 concurrent mark-sweep generation total 393216K, used 71145K [0x00000007a8000000, 0x00000007c0000000, 0x00000007c0000000)
 Metaspace       used 62554K, capacity 65032K, committed 65224K, reserved 1105920K
  class space    used 7381K, capacity 7871K, committed 7880K, reserved 1048576K
2019-03-20T16:35:36.249+0600: 1332.727: [GC (Allocation Failure) 2019-03-20T16:35:36.249+0600: 1332.727: [ParNew
Desired survivor size 20112992 bytes, new threshold 8 (max 8)
- age   1:     636784 bytes,     636784 total
- age   2:    1023384 bytes,    1660168 total
- age   3:     225144 bytes,    1885312 total
- age   4:       4392 bytes,    1889704 total
- age   5:    1717464 bytes,    3607168 total
- age   6:      76456 bytes,    3683624 total
- age   7:    6078384 bytes,    9762008 total
- age   8:    6240312 bytes,   16002320 total
: 109247K->21824K(109248K), 0.0342310 secs] 180392K->93304K(502464K), 0.0343592 secs] [Times: user=0.07 sys=0.00, real=0.04 secs] 
Heap after GC invocations=37 (full 2):
 par new generation   total 109248K, used 21824K [0x00000007a0000000, 0x00000007a8000000, 0x00000007a8000000)
  eden space 87424K,   0% used [0x00000007a0000000, 0x00000007a0000000, 0x00000007a5560000)
  from space 21824K, 100% used [0x00000007a6ab0000, 0x00000007a8000000, 0x00000007a8000000)
  to   space 21824K,   0% used [0x00000007a5560000, 0x00000007a5560000, 0x00000007a6ab0000)
 concurrent mark-sweep generation total 393216K, used 71480K [0x00000007a8000000, 0x00000007c0000000, 0x00000007c0000000)
 Metaspace       used 62554K, capacity 65032K, committed 65224K, reserved 1105920K
  class space    used 7381K, capacity 7871K, committed 7880K, reserved 1048576K
}
2019-03-20T16:35:36.284+0600: 1332.762: Total time for which application threads were stopped: 0.0350339 seconds, Stopping threads took: 0.0003518 seconds
2019-03-20T16:35:36.325+0600: 1332.803: Total time for which application threads were stopped: 0.0002295 seconds, Stopping threads took: 0.0000312 seconds
2019-03-20T16:35:36.328+0600: 1332.806: Total time for which application threads were stopped: 0.0002392 seconds, Stopping threads took: 0.0000250 seconds
2019-03-20T16:35:36.329+0600: 1332.807: Total time for which application threads were stopped: 0.0001601 seconds, Stopping threads took: 0.0000163 seconds
2019-03-20T16:35:36.331+0600: 1332.809: Total time for which application threads were stopped: 0.0001856 seconds, Stopping threads took: 0.0000232 seconds
2019-03-20T16:35:37.336+0600: 1333.814: Total time for which application threads were stopped: 0.0004877 seconds, Stopping threads took: 0.0000517 seconds
2019-03-20T16:35:41.422+0600: 1337.900: Total time for which application threads were stopped: 0.0002192 seconds, Stopping threads took: 0.0000308 seconds
2019-03-20T16:35:41.422+0600: 1337.900: Total time for which application threads were stopped: 0.0001729 seconds, Stopping threads took: 0.0000433 seconds
2019-03-20T16:35:41.423+0600: 1337.901: Total time for which application threads were stopped: 0.0002127 seconds, Stopping threads took: 0.0001024 seconds
2019-03-20T16:35:41.423+0600: 1337.901: Total time for which application threads were stopped: 0.0002115 seconds, Stopping threads took: 0.0001044 seconds
2019-03-20T16:35:41.423+0600: 1337.901: Total time for which application threads were stopped: 0.0001811 seconds, Stopping threads took: 0.0000739 seconds
2019-03-20T16:35:41.423+0600: 1337.901: Total time for which application threads were stopped: 0.0001750 seconds, Stopping threads took: 0.0000698 seconds
2019-03-20T16:35:41.424+0600: 1337.902: Total time for which application threads were stopped: 0.0001715 seconds, Stopping threads took: 0.0000659 seconds
2019-03-20T16:35:41.426+0600: 1337.904: Total time for which application threads were stopped: 0.0001839 seconds, Stopping threads took: 0.0000293 seconds
2019-03-20T16:35:41.427+0600: 1337.905: Total time for which application threads were stopped: 0.0001543 seconds, Stopping threads took: 0.0000348 seconds
2019-03-20T16:35:41.427+0600: 1337.905: Total time for which application threads were stopped: 0.0001013 seconds, Stopping threads took: 0.0000147 seconds
2019-03-20T16:35:41.427+0600: 1337.905: Total time for which application threads were stopped: 0.0001129 seconds, Stopping threads took: 0.0000241 seconds
2019-03-20T16:35:41.427+0600: 1337.905: Total time for which application threads were stopped: 0.0001013 seconds, Stopping threads took: 0.0000138 seconds
2019-03-20T16:35:41.427+0600: 1337.905: Total time for which application threads were stopped: 0.0000952 seconds, Stopping threads took: 0.0000139 seconds
2019-03-20T16:35:41.428+0600: 1337.906: Total time for which application threads were stopped: 0.0000957 seconds, Stopping threads took: 0.0000131 seconds
2019-03-20T16:35:41.428+0600: 1337.906: Total time for which application threads were stopped: 0.0001541 seconds, Stopping threads took: 0.0000688 seconds
2019-03-20T16:35:41.428+0600: 1337.906: Total time for which application threads were stopped: 0.0001062 seconds, Stopping threads took: 0.0000136 seconds
2019-03-20T16:35:41.428+0600: 1337.906: Total time for which application threads were stopped: 0.0000870 seconds, Stopping threads took: 0.0000096 seconds
2019-03-20T16:35:41.428+0600: 1337.906: Total time for which application threads were stopped: 0.0000834 seconds, Stopping threads took: 0.0000092 seconds
2019-03-20T16:35:41.428+0600: 1337.906: Total time for which application threads were stopped: 0.0000819 seconds, Stopping threads took: 0.0000091 seconds
2019-03-20T16:35:41.428+0600: 1337.906: Total time for which application threads were stopped: 0.0000817 seconds, Stopping threads took: 0.0000092 seconds
2019-03-20T16:35:41.428+0600: 1337.906: Total time for which application threads were stopped: 0.0000820 seconds, Stopping threads took: 0.0000091 seconds
2019-03-20T16:35:41.429+0600: 1337.907: Total time for which application threads were stopped: 0.0000815 seconds, Stopping threads took: 0.0000095 seconds
2019-03-20T16:35:41.429+0600: 1337.907: Total time for which application threads were stopped: 0.0000810 seconds, Stopping threads took: 0.0000090 seconds
2019-03-20T16:35:41.429+0600: 1337.907: Total time for which application threads were stopped: 0.0000815 seconds, Stopping threads took: 0.0000093 seconds
2019-03-20T16:35:41.429+0600: 1337.907: Total time for which application threads were stopped: 0.0000811 seconds, Stopping threads took: 0.0000089 seconds
2019-03-20T16:35:41.429+0600: 1337.907: Total time for which application threads were stopped: 0.0000814 seconds, Stopping threads took: 0.0000089 seconds
2019-03-20T16:35:41.429+0600: 1337.907: Total time for which application threads were stopped: 0.0000803 seconds, Stopping threads took: 0.0000092 seconds
2019-03-20T16:35:41.429+0600: 1337.907: Total time for which application threads were stopped: 0.0002997 seconds, Stopping threads took: 0.0000091 seconds
2019-03-20T16:35:41.431+0600: 1337.909: Total time for which application threads were stopped: 0.0002348 seconds, Stopping threads took: 0.0000292 seconds
2019-03-20T16:35:41.431+0600: 1337.909: Total time for which application threads were stopped: 0.0001484 seconds, Stopping threads took: 0.0000147 seconds
2019-03-20T16:35:41.434+0600: 1337.912: Total time for which application threads were stopped: 0.0001705 seconds, Stopping threads took: 0.0000267 seconds
{Heap before GC invocations=37 (full 2):
 par new generation   total 109248K, used 109248K [0x00000007a0000000, 0x00000007a8000000, 0x00000007a8000000)
  eden space 87424K, 100% used [0x00000007a0000000, 0x00000007a5560000, 0x00000007a5560000)
  from space 21824K, 100% used [0x00000007a6ab0000, 0x00000007a8000000, 0x00000007a8000000)
  to   space 21824K,   0% used [0x00000007a5560000, 0x00000007a5560000, 0x00000007a6ab0000)
 concurrent mark-sweep generation total 393216K, used 71480K [0x00000007a8000000, 0x00000007c0000000, 0x00000007c0000000)
 Metaspace       used 62617K, capacity 65096K, committed 65352K, reserved 1105920K
  class space    used 7387K, capacity 7881K, committed 8008K, reserved 1048576K
2019-03-20T16:35:41.507+0600: 1337.985: [GC (Allocation Failure) 2019-03-20T16:35:41.507+0600: 1337.985: [ParNew
Desired survivor size 20112992 bytes, new threshold 8 (max 8)
- age   1:    5112880 bytes,    5112880 total
- age   2:     317736 bytes,    5430616 total
- age   3:     444888 bytes,    5875504 total
- age   4:     215104 bytes,    6090608 total
- age   5:       4392 bytes,    6095000 total
- age   6:    1668752 bytes,    7763752 total
- age   7:      76456 bytes,    7840208 total
- age   8:    5628816 bytes,   13469024 total
: 109248K->16417K(109248K), 0.0433227 secs] 180728K->93112K(502464K), 0.0434286 secs] [Times: user=0.13 sys=0.01, real=0.05 secs] 
Heap after GC invocations=38 (full 2):
 par new generation   total 109248K, used 16417K [0x00000007a0000000, 0x00000007a8000000, 0x00000007a8000000)
  eden space 87424K,   0% used [0x00000007a0000000, 0x00000007a0000000, 0x00000007a5560000)
  from space 21824K,  75% used [0x00000007a5560000, 0x00000007a6568700, 0x00000007a6ab0000)
  to   space 21824K,   0% used [0x00000007a6ab0000, 0x00000007a6ab0000, 0x00000007a8000000)
 concurrent mark-sweep generation total 393216K, used 76694K [0x00000007a8000000, 0x00000007c0000000, 0x00000007c0000000)
 Metaspace       used 62617K, capacity 65096K, committed 65352K, reserved 1105920K
  class space    used 7387K, capacity 7881K, committed 8008K, reserved 1048576K
}
2019-03-20T16:35:41.551+0600: 1338.029: Total time for which application threads were stopped: 0.0437847 seconds, Stopping threads took: 0.0000325 seconds
{Heap before GC invocations=38 (full 2):
 par new generation   total 109248K, used 103841K [0x00000007a0000000, 0x00000007a8000000, 0x00000007a8000000)
  eden space 87424K, 100% used [0x00000007a0000000, 0x00000007a5560000, 0x00000007a5560000)
  from space 21824K,  75% used [0x00000007a5560000, 0x00000007a6568700, 0x00000007a6ab0000)
  to   space 21824K,   0% used [0x00000007a6ab0000, 0x00000007a6ab0000, 0x00000007a8000000)
 concurrent mark-sweep generation total 393216K, used 76694K [0x00000007a8000000, 0x00000007c0000000, 0x00000007c0000000)
 Metaspace       used 62617K, capacity 65096K, committed 65352K, reserved 1105920K
  class space    used 7387K, capacity 7881K, committed 8008K, reserved 1048576K
2019-03-20T16:35:41.596+0600: 1338.074: [GC (Allocation Failure) 2019-03-20T16:35:41.596+0600: 1338.074: [ParNew
Desired survivor size 20112992 bytes, new threshold 8 (max 8)
- age   1:     452728 bytes,     452728 total
- age   2:    4578464 bytes,    5031192 total
- age   3:     317736 bytes,    5348928 total
- age   4:     444888 bytes,    5793816 total
- age   5:     215104 bytes,    6008920 total
- age   6:       4392 bytes,    6013312 total
- age   7:    1668616 bytes,    7681928 total
- age   8:      76456 bytes,    7758384 total
: 103841K->14896K(109248K), 0.0212311 secs] 180536K->97622K(502464K), 0.0213314 secs] [Times: user=0.07 sys=0.01, real=0.02 secs] 
Heap after GC invocations=39 (full 2):
 par new generation   total 109248K, used 14896K [0x00000007a0000000, 0x00000007a8000000, 0x00000007a8000000)
  eden space 87424K,   0% used [0x00000007a0000000, 0x00000007a0000000, 0x00000007a5560000)
  from space 21824K,  68% used [0x00000007a6ab0000, 0x00000007a793c268, 0x00000007a8000000)
  to   space 21824K,   0% used [0x00000007a5560000, 0x00000007a5560000, 0x00000007a6ab0000)
 concurrent mark-sweep generation total 393216K, used 82726K [0x00000007a8000000, 0x00000007c0000000, 0x00000007c0000000)
 Metaspace       used 62617K, capacity 65096K, committed 65352K, reserved 1105920K
  class space    used 7387K, capacity 7881K, committed 8008K, reserved 1048576K
}
2019-03-20T16:35:41.617+0600: 1338.095: Total time for which application threads were stopped: 0.0216784 seconds, Stopping threads took: 0.0000483 seconds
2019-03-20T16:35:41.689+0600: 1338.167: Total time for which application threads were stopped: 0.0002547 seconds, Stopping threads took: 0.0000471 seconds
2019-03-20T16:35:41.689+0600: 1338.167: Total time for which application threads were stopped: 0.0001860 seconds, Stopping threads took: 0.0000435 seconds
2019-03-20T16:35:41.692+0600: 1338.170: Total time for which application threads were stopped: 0.0002186 seconds, Stopping threads took: 0.0000565 seconds
2019-03-20T16:35:42.696+0600: 1339.174: Total time for which application threads were stopped: 0.0004117 seconds, Stopping threads took: 0.0000536 seconds
2019-03-20T16:35:46.745+0600: 1343.223: Total time for which application threads were stopped: 0.0002007 seconds, Stopping threads took: 0.0000507 seconds
2019-03-20T16:35:46.745+0600: 1343.223: Total time for which application threads were stopped: 0.0001364 seconds, Stopping threads took: 0.0000293 seconds
2019-03-20T16:35:46.745+0600: 1343.223: Total time for which application threads were stopped: 0.0001317 seconds, Stopping threads took: 0.0000470 seconds
2019-03-20T16:35:46.745+0600: 1343.223: Total time for which application threads were stopped: 0.0001533 seconds, Stopping threads took: 0.0000721 seconds
2019-03-20T16:35:46.745+0600: 1343.223: Total time for which application threads were stopped: 0.0001110 seconds, Stopping threads took: 0.0000314 seconds
2019-03-20T16:35:46.746+0600: 1343.223: Total time for which application threads were stopped: 0.0000846 seconds, Stopping threads took: 0.0000106 seconds
2019-03-20T16:35:46.746+0600: 1343.224: Total time for which application threads were stopped: 0.0000893 seconds, Stopping threads took: 0.0000130 seconds
2019-03-20T16:35:46.749+0600: 1343.227: Total time for which application threads were stopped: 0.0001822 seconds, Stopping threads took: 0.0000401 seconds
2019-03-20T16:35:46.749+0600: 1343.227: Total time for which application threads were stopped: 0.0001385 seconds, Stopping threads took: 0.0000267 seconds
2019-03-20T16:35:46.749+0600: 1343.227: Total time for which application threads were stopped: 0.0000775 seconds, Stopping threads took: 0.0000108 seconds
2019-03-20T16:35:46.749+0600: 1343.227: Total time for which application threads were stopped: 0.0000950 seconds, Stopping threads took: 0.0000248 seconds
2019-03-20T16:35:46.750+0600: 1343.228: Total time for which application threads were stopped: 0.0001192 seconds, Stopping threads took: 0.0000207 seconds
2019-03-20T16:35:46.750+0600: 1343.228: Total time for which application threads were stopped: 0.0001000 seconds, Stopping threads took: 0.0000217 seconds
2019-03-20T16:35:46.750+0600: 1343.228: Total time for which application threads were stopped: 0.0000863 seconds, Stopping threads took: 0.0000131 seconds
2019-03-20T16:35:46.751+0600: 1343.228: Total time for which application threads were stopped: 0.0000759 seconds, Stopping threads took: 0.0000111 seconds
2019-03-20T16:35:46.751+0600: 1343.229: Total time for which application threads were stopped: 0.0000727 seconds, Stopping threads took: 0.0000095 seconds
2019-03-20T16:35:46.751+0600: 1343.229: Total time for which application threads were stopped: 0.0000734 seconds, Stopping threads took: 0.0000105 seconds
2019-03-20T16:35:46.751+0600: 1343.229: Total time for which application threads were stopped: 0.0000958 seconds, Stopping threads took: 0.0000292 seconds
2019-03-20T16:35:46.751+0600: 1343.229: Total time for which application threads were stopped: 0.0000918 seconds, Stopping threads took: 0.0000279 seconds
2019-03-20T16:35:46.751+0600: 1343.229: Total time for which application threads were stopped: 0.0000774 seconds, Stopping threads took: 0.0000093 seconds
2019-03-20T16:35:46.751+0600: 1343.229: Total time for which application threads were stopped: 0.0000721 seconds, Stopping threads took: 0.0000101 seconds
2019-03-20T16:35:46.751+0600: 1343.229: Total time for which application threads were stopped: 0.0000713 seconds, Stopping threads took: 0.0000103 seconds
2019-03-20T16:35:46.751+0600: 1343.229: Total time for which application threads were stopped: 0.0000716 seconds, Stopping threads took: 0.0000101 seconds
2019-03-20T16:35:46.752+0600: 1343.229: Total time for which application threads were stopped: 0.0000763 seconds, Stopping threads took: 0.0000102 seconds
2019-03-20T16:35:46.752+0600: 1343.230: Total time for which application threads were stopped: 0.0000932 seconds, Stopping threads took: 0.0000289 seconds
2019-03-20T16:35:46.752+0600: 1343.230: Total time for which application threads were stopped: 0.0000899 seconds, Stopping threads took: 0.0000255 seconds
2019-03-20T16:35:46.752+0600: 1343.230: Total time for which application threads were stopped: 0.0003046 seconds, Stopping threads took: 0.0000242 seconds
2019-03-20T16:35:46.755+0600: 1343.233: Total time for which application threads were stopped: 0.0002405 seconds, Stopping threads took: 0.0000726 seconds
2019-03-20T16:35:46.755+0600: 1343.233: Total time for which application threads were stopped: 0.0001528 seconds, Stopping threads took: 0.0000353 seconds
{Heap before GC invocations=39 (full 2):
 par new generation   total 109248K, used 102320K [0x00000007a0000000, 0x00000007a8000000, 0x00000007a8000000)
  eden space 87424K,  99% used [0x00000007a0000000, 0x00000007a555fe50, 0x00000007a5560000)
  from space 21824K,  68% used [0x00000007a6ab0000, 0x00000007a793c268, 0x00000007a8000000)
  to   space 21824K,   0% used [0x00000007a5560000, 0x00000007a5560000, 0x00000007a6ab0000)
 concurrent mark-sweep generation total 393216K, used 82726K [0x00000007a8000000, 0x00000007c0000000, 0x00000007c0000000)
 Metaspace       used 62661K, capacity 65124K, committed 65352K, reserved 1105920K
  class space    used 7390K, capacity 7885K, committed 8008K, reserved 1048576K
2019-03-20T16:35:46.774+0600: 1343.252: [GC (Allocation Failure) 2019-03-20T16:35:46.774+0600: 1343.252: [ParNew
Desired survivor size 20112992 bytes, new threshold 8 (max 8)
- age   1:    4547456 bytes,    4547456 total
- age   2:      87320 bytes,    4634776 total
- age   3:    2131488 bytes,    6766264 total
- age   4:     317736 bytes,    7084000 total
- age   5:     444888 bytes,    7528888 total
- age   6:     215104 bytes,    7743992 total
- age   7:       4392 bytes,    7748384 total
- age   8:    1542432 bytes,    9290816 total
: 102320K->10999K(109248K), 0.0104666 secs] 185046K->93802K(502464K), 0.0105705 secs] [Times: user=0.03 sys=0.00, real=0.01 secs] 
Heap after GC invocations=40 (full 2):
 par new generation   total 109248K, used 10999K [0x00000007a0000000, 0x00000007a8000000, 0x00000007a8000000)
  eden space 87424K,   0% used [0x00000007a0000000, 0x00000007a0000000, 0x00000007a5560000)
  from space 21824K,  50% used [0x00000007a5560000, 0x00000007a601df10, 0x00000007a6ab0000)
  to   space 21824K,   0% used [0x00000007a6ab0000, 0x00000007a6ab0000, 0x00000007a8000000)
 concurrent mark-sweep generation total 393216K, used 82802K [0x00000007a8000000, 0x00000007c0000000, 0x00000007c0000000)
 Metaspace       used 62661K, capacity 65124K, committed 65352K, reserved 1105920K
  class space    used 7390K, capacity 7885K, committed 8008K, reserved 1048576K
}
2019-03-20T16:35:46.785+0600: 1343.262: Total time for which application threads were stopped: 0.0111743 seconds, Stopping threads took: 0.0002065 seconds
2019-03-20T16:35:46.787+0600: 1343.265: Total time for which application threads were stopped: 0.0003001 seconds, Stopping threads took: 0.0000385 seconds
2019-03-20T16:35:46.790+0600: 1343.268: Total time for which application threads were stopped: 0.0003301 seconds, Stopping threads took: 0.0000556 seconds
{Heap before GC invocations=40 (full 2):
 par new generation   total 109248K, used 98418K [0x00000007a0000000, 0x00000007a8000000, 0x00000007a8000000)
  eden space 87424K,  99% used [0x00000007a0000000, 0x00000007a555e968, 0x00000007a5560000)
  from space 21824K,  50% used [0x00000007a5560000, 0x00000007a601df10, 0x00000007a6ab0000)
  to   space 21824K,   0% used [0x00000007a6ab0000, 0x00000007a6ab0000, 0x00000007a8000000)
 concurrent mark-sweep generation total 393216K, used 82802K [0x00000007a8000000, 0x00000007c0000000, 0x00000007c0000000)
 Metaspace       used 62662K, capacity 65124K, committed 65352K, reserved 1105920K
  class space    used 7390K, capacity 7885K, committed 8008K, reserved 1048576K
2019-03-20T16:35:46.827+0600: 1343.305: [GC (Allocation Failure) 2019-03-20T16:35:46.827+0600: 1343.305: [ParNew
Desired survivor size 20112992 bytes, new threshold 8 (max 8)
- age   1:     376216 bytes,     376216 total
- age   2:    3999904 bytes,    4376120 total
- age   3:      87320 bytes,    4463440 total
- age   4:    2131448 bytes,    6594888 total
- age   5:     317736 bytes,    6912624 total
- age   6:     444888 bytes,    7357512 total
- age   7:     215104 bytes,    7572616 total
- age   8:       4392 bytes,    7577008 total
: 98418K->9880K(109248K), 0.0190359 secs] 181221K->94199K(502464K), 0.0191477 secs] [Times: user=0.05 sys=0.00, real=0.02 secs] 
Heap after GC invocations=41 (full 2):
 par new generation   total 109248K, used 9880K [0x00000007a0000000, 0x00000007a8000000, 0x00000007a8000000)
  eden space 87424K,   0% used [0x00000007a0000000, 0x00000007a0000000, 0x00000007a5560000)
  from space 21824K,  45% used [0x00000007a6ab0000, 0x00000007a74563c0, 0x00000007a8000000)
  to   space 21824K,   0% used [0x00000007a5560000, 0x00000007a5560000, 0x00000007a6ab0000)
 concurrent mark-sweep generation total 393216K, used 84318K [0x00000007a8000000, 0x00000007c0000000, 0x00000007c0000000)
 Metaspace       used 62662K, capacity 65124K, committed 65352K, reserved 1105920K
  class space    used 7390K, capacity 7885K, committed 8008K, reserved 1048576K
}
2019-03-20T16:35:46.846+0600: 1343.324: Total time for which application threads were stopped: 0.0194650 seconds, Stopping threads took: 0.0000343 seconds
2019-03-20T16:35:54.870+0600: 1351.347: Total time for which application threads were stopped: 0.0003801 seconds, Stopping threads took: 0.0000518 seconds
2019-03-20T16:35:56.009+0600: 1352.487: Total time for which application threads were stopped: 0.0005665 seconds, Stopping threads took: 0.0001931 seconds
2019-03-20T16:35:56.010+0600: 1352.488: Total time for which application threads were stopped: 0.0002442 seconds, Stopping threads took: 0.0000335 seconds
2019-03-20T16:35:56.010+0600: 1352.488: Total time for which application threads were stopped: 0.0002250 seconds, Stopping threads took: 0.0000369 seconds
2019-03-20T16:35:56.048+0600: 1352.526: Total time for which application threads were stopped: 0.0003605 seconds, Stopping threads took: 0.0001136 seconds
2019-03-20T16:35:56.049+0600: 1352.527: Total time for which application threads were stopped: 0.0002463 seconds, Stopping threads took: 0.0000241 seconds
2019-03-20T16:35:56.056+0600: 1352.534: Total time for which application threads were stopped: 0.0002743 seconds, Stopping threads took: 0.0000511 seconds
2019-03-20T16:35:56.057+0600: 1352.534: Total time for which application threads were stopped: 0.0002167 seconds, Stopping threads took: 0.0000284 seconds
2019-03-20T16:35:57.057+0600: 1353.535: Total time for which application threads were stopped: 0.0002700 seconds, Stopping threads took: 0.0000447 seconds
2019-03-20T16:36:06.084+0600: 1362.561: Total time for which application threads were stopped: 0.0003502 seconds, Stopping threads took: 0.0000578 seconds
2019-03-20T16:36:16.116+0600: 1372.593: Total time for which application threads were stopped: 0.0003338 seconds, Stopping threads took: 0.0000620 seconds
2019-03-20T16:36:39.168+0600: 1395.645: Total time for which application threads were stopped: 0.0004080 seconds, Stopping threads took: 0.0000852 seconds
2019-03-20T16:36:45.178+0600: 1401.655: Total time for which application threads were stopped: 0.0004884 seconds, Stopping threads took: 0.0000381 seconds
2019-03-20T16:36:53.999+0600: 1410.475: Total time for which application threads were stopped: 0.0002915 seconds, Stopping threads took: 0.0000484 seconds
2019-03-20T16:36:55.002+0600: 1411.478: Total time for which application threads were stopped: 0.0004983 seconds, Stopping threads took: 0.0000459 seconds
2019-03-20T16:37:10.030+0600: 1426.506: Total time for which application threads were stopped: 0.0001762 seconds, Stopping threads took: 0.0000336 seconds
2019-03-20T16:37:11.031+0600: 1427.507: Total time for which application threads were stopped: 0.0002411 seconds, Stopping threads took: 0.0000415 seconds
2019-03-20T16:37:54.117+0600: 1470.592: Total time for which application threads were stopped: 0.0002245 seconds, Stopping threads took: 0.0000394 seconds
2019-03-20T16:38:54.263+0600: 1530.737: Total time for which application threads were stopped: 0.0004533 seconds, Stopping threads took: 0.0001041 seconds
2019-03-20T16:39:54.441+0600: 1590.914: Total time for which application threads were stopped: 0.0006691 seconds, Stopping threads took: 0.0000631 seconds
2019-03-20T16:40:54.570+0600: 1651.042: Total time for which application threads were stopped: 0.0003750 seconds, Stopping threads took: 0.0000670 seconds
2019-03-20T16:41:52.388+0600: 1708.858: Total time for which application threads were stopped: 0.0003372 seconds, Stopping threads took: 0.0000535 seconds
2019-03-20T16:41:52.388+0600: 1708.858: Total time for which application threads were stopped: 0.0002698 seconds, Stopping threads took: 0.0000430 seconds
2019-03-20T16:41:54.396+0600: 1710.866: Total time for which application threads were stopped: 0.0003155 seconds, Stopping threads took: 0.0000504 seconds
2019-03-20T16:42:54.538+0600: 1771.006: Total time for which application threads were stopped: 0.0020768 seconds, Stopping threads took: 0.0008470 seconds
2019-03-20T16:42:57.553+0600: 1774.022: Total time for which application threads were stopped: 0.0003132 seconds, Stopping threads took: 0.0000495 seconds
2019-03-20T16:42:59.557+0600: 1776.025: Total time for which application threads were stopped: 0.0003649 seconds, Stopping threads took: 0.0000586 seconds
2019-03-20T16:43:12.591+0600: 1789.059: Total time for which application threads were stopped: 0.0002158 seconds, Stopping threads took: 0.0000380 seconds
2019-03-20T16:43:20.609+0600: 1797.078: Total time for which application threads were stopped: 0.0003748 seconds, Stopping threads took: 0.0000744 seconds
2019-03-20T16:43:54.693+0600: 1831.161: Total time for which application threads were stopped: 0.0003641 seconds, Stopping threads took: 0.0000543 seconds
2019-03-20T16:44:00.711+0600: 1837.178: Total time for which application threads were stopped: 0.0003630 seconds, Stopping threads took: 0.0000662 seconds
2019-03-20T16:44:27.786+0600: 1864.253: Total time for which application threads were stopped: 0.0004123 seconds, Stopping threads took: 0.0000539 seconds
2019-03-20T16:44:54.849+0600: 1891.315: Total time for which application threads were stopped: 0.0003929 seconds, Stopping threads took: 0.0000504 seconds
{Heap before GC invocations=41 (full 2):
 par new generation   total 109248K, used 97304K [0x00000007a0000000, 0x00000007a8000000, 0x00000007a8000000)
  eden space 87424K, 100% used [0x00000007a0000000, 0x00000007a5560000, 0x00000007a5560000)
  from space 21824K,  45% used [0x00000007a6ab0000, 0x00000007a74563c0, 0x00000007a8000000)
  to   space 21824K,   0% used [0x00000007a5560000, 0x00000007a5560000, 0x00000007a6ab0000)
 concurrent mark-sweep generation total 393216K, used 84318K [0x00000007a8000000, 0x00000007c0000000, 0x00000007c0000000)
 Metaspace       used 62740K, capacity 65252K, committed 65608K, reserved 1107968K
  class space    used 7391K, capacity 7885K, committed 8008K, reserved 1048576K
2019-03-20T16:45:54.414+0600: 1950.879: [GC (Allocation Failure) 2019-03-20T16:45:54.415+0600: 1950.880: [ParNew
Desired survivor size 20112992 bytes, new threshold 8 (max 8)
- age   1:     821576 bytes,     821576 total
- age   2:      83224 bytes,     904800 total
- age   3:    3412208 bytes,    4317008 total
- age   4:      87320 bytes,    4404328 total
- age   5:    2128648 bytes,    6532976 total
- age   6:     317704 bytes,    6850680 total
- age   7:     444888 bytes,    7295568 total
- age   8:     213640 bytes,    7509208 total
: 97304K->9501K(109248K), 0.0461444 secs] 181623K->93824K(502464K), 0.0467521 secs] [Times: user=0.04 sys=0.11, real=0.05 secs] 
Heap after GC invocations=42 (full 2):
 par new generation   total 109248K, used 9501K [0x00000007a0000000, 0x00000007a8000000, 0x00000007a8000000)
  eden space 87424K,   0% used [0x00000007a0000000, 0x00000007a0000000, 0x00000007a5560000)
  from space 21824K,  43% used [0x00000007a5560000, 0x00000007a5ea77c0, 0x00000007a6ab0000)
  to   space 21824K,   0% used [0x00000007a6ab0000, 0x00000007a6ab0000, 0x00000007a8000000)
 concurrent mark-sweep generation total 393216K, used 84322K [0x00000007a8000000, 0x00000007c0000000, 0x00000007c0000000)
 Metaspace       used 62740K, capacity 65252K, committed 65608K, reserved 1107968K
  class space    used 7391K, capacity 7885K, committed 8008K, reserved 1048576K
}
2019-03-20T16:45:54.461+0600: 1950.926: Total time for which application threads were stopped: 0.0474487 seconds, Stopping threads took: 0.0000361 seconds
2019-03-20T16:45:55.465+0600: 1951.930: Total time for which application threads were stopped: 0.0004312 seconds, Stopping threads took: 0.0000493 seconds
2019-03-20T16:46:52.418+0600: 2008.882: Total time for which application threads were stopped: 0.0003752 seconds, Stopping threads took: 0.0000564 seconds
2019-03-20T16:46:52.419+0600: 2008.883: Total time for which application threads were stopped: 0.0004374 seconds, Stopping threads took: 0.0001025 seconds
2019-03-20T16:46:53.422+0600: 2009.886: Total time for which application threads were stopped: 0.0003113 seconds, Stopping threads took: 0.0000462 seconds
2019-03-20T16:46:55.433+0600: 2011.896: Total time for which application threads were stopped: 0.0003462 seconds, Stopping threads took: 0.0000496 seconds
2019-03-20T16:47:24.503+0600: 2040.966: Total time for which application threads were stopped: 0.0005131 seconds, Stopping threads took: 0.0000687 seconds
2019-03-20T16:47:25.503+0600: 2041.966: Total time for which application threads were stopped: 0.0002384 seconds, Stopping threads took: 0.0000383 seconds
2019-03-20T16:47:54.579+0600: 2071.042: Total time for which application threads were stopped: 0.0008711 seconds, Stopping threads took: 0.0002157 seconds
2019-03-20T16:48:03.600+0600: 2080.062: Total time for which application threads were stopped: 0.0002330 seconds, Stopping threads took: 0.0000308 seconds
2019-03-20T16:48:05.605+0600: 2082.067: Total time for which application threads were stopped: 0.0002502 seconds, Stopping threads took: 0.0000403 seconds
2019-03-20T16:48:06.606+0600: 2083.068: Total time for which application threads were stopped: 0.0002863 seconds, Stopping threads took: 0.0000889 seconds
2019-03-20T16:48:07.611+0600: 2084.073: Total time for which application threads were stopped: 0.0005164 seconds, Stopping threads took: 0.0000598 seconds
2019-03-20T16:48:54.697+0600: 2131.158: Total time for which application threads were stopped: 0.0004370 seconds, Stopping threads took: 0.0001475 seconds
2019-03-20T16:49:21.750+0600: 2158.211: Total time for which application threads were stopped: 0.0002288 seconds, Stopping threads took: 0.0000344 seconds
2019-03-20T16:49:23.758+0600: 2160.218: Total time for which application threads were stopped: 0.0002608 seconds, Stopping threads took: 0.0000452 seconds
2019-03-20T16:49:54.835+0600: 2191.295: Total time for which application threads were stopped: 0.0003051 seconds, Stopping threads took: 0.0000435 seconds
2019-03-20T16:49:55.835+0600: 2192.295: Total time for which application threads were stopped: 0.0003045 seconds, Stopping threads took: 0.0000699 seconds
2019-03-20T16:50:54.973+0600: 2251.432: Total time for which application threads were stopped: 0.0002707 seconds, Stopping threads took: 0.0000404 seconds
2019-03-20T16:51:28.035+0600: 2284.493: Total time for which application threads were stopped: 0.0002392 seconds, Stopping threads took: 0.0000422 seconds
2019-03-20T16:51:52.446+0600: 2308.903: Total time for which application threads were stopped: 0.0005818 seconds, Stopping threads took: 0.0000596 seconds
2019-03-20T16:51:52.447+0600: 2308.904: Total time for which application threads were stopped: 0.0003722 seconds, Stopping threads took: 0.0001177 seconds
2019-03-20T16:51:55.461+0600: 2311.918: Total time for which application threads were stopped: 0.0004777 seconds, Stopping threads took: 0.0000966 seconds
2019-03-20T16:52:55.611+0600: 2372.067: Total time for which application threads were stopped: 0.0003404 seconds, Stopping threads took: 0.0000496 seconds
2019-03-20T16:54:13.512+0600: 2449.966: Total time for which application threads were stopped: 0.0003082 seconds, Stopping threads took: 0.0000487 seconds
2019-03-20T16:54:13.512+0600: 2449.966: Total time for which application threads were stopped: 0.0001514 seconds, Stopping threads took: 0.0000348 seconds
2019-03-20T16:54:13.514+0600: 2449.968: Total time for which application threads were stopped: 0.0002365 seconds, Stopping threads took: 0.0000350 seconds
2019-03-20T16:54:13.514+0600: 2449.968: Total time for which application threads were stopped: 0.0001371 seconds, Stopping threads took: 0.0000344 seconds
2019-03-20T16:54:13.515+0600: 2449.969: Total time for which application threads were stopped: 0.0001338 seconds, Stopping threads took: 0.0000142 seconds
2019-03-20T16:54:13.516+0600: 2449.970: Total time for which application threads were stopped: 0.0002075 seconds, Stopping threads took: 0.0000317 seconds
2019-03-20T16:54:13.516+0600: 2449.970: Total time for which application threads were stopped: 0.0001418 seconds, Stopping threads took: 0.0000383 seconds
2019-03-20T16:54:13.516+0600: 2449.971: Total time for which application threads were stopped: 0.0001307 seconds, Stopping threads took: 0.0000286 seconds
2019-03-20T16:54:13.517+0600: 2449.971: Total time for which application threads were stopped: 0.0001054 seconds, Stopping threads took: 0.0000232 seconds
2019-03-20T16:54:13.517+0600: 2449.971: Total time for which application threads were stopped: 0.0001708 seconds, Stopping threads took: 0.0000508 seconds
2019-03-20T16:54:13.524+0600: 2449.978: Total time for which application threads were stopped: 0.0002732 seconds, Stopping threads took: 0.0000357 seconds
2019-03-20T16:54:13.527+0600: 2449.981: Total time for which application threads were stopped: 0.0003989 seconds, Stopping threads took: 0.0001538 seconds
2019-03-20T16:54:13.527+0600: 2449.982: Total time for which application threads were stopped: 0.0001974 seconds, Stopping threads took: 0.0000327 seconds
2019-03-20T16:54:13.535+0600: 2449.989: Total time for which application threads were stopped: 0.0002127 seconds, Stopping threads took: 0.0000442 seconds
2019-03-20T16:54:13.535+0600: 2449.989: Total time for which application threads were stopped: 0.0001595 seconds, Stopping threads took: 0.0000344 seconds
2019-03-20T16:54:13.535+0600: 2449.990: Total time for which application threads were stopped: 0.0000894 seconds, Stopping threads took: 0.0000080 seconds
2019-03-20T16:54:13.537+0600: 2449.991: Total time for which application threads were stopped: 0.0001658 seconds, Stopping threads took: 0.0000299 seconds
2019-03-20T16:54:13.540+0600: 2449.994: Total time for which application threads were stopped: 0.0002209 seconds, Stopping threads took: 0.0000421 seconds
2019-03-20T16:54:14.540+0600: 2450.995: Total time for which application threads were stopped: 0.0002375 seconds, Stopping threads took: 0.0000453 seconds
2019-03-20T16:54:15.234+0600: 2451.688: Total time for which application threads were stopped: 0.0002844 seconds, Stopping threads took: 0.0000373 seconds
2019-03-20T16:54:15.238+0600: 2451.692: Total time for which application threads were stopped: 0.0009938 seconds, Stopping threads took: 0.0000324 seconds
2019-03-20T16:54:15.886+0600: 2452.340: Total time for which application threads were stopped: 0.0002703 seconds, Stopping threads took: 0.0000755 seconds
2019-03-20T16:54:15.891+0600: 2452.345: Total time for which application threads were stopped: 0.0002881 seconds, Stopping threads took: 0.0000570 seconds
2019-03-20T16:54:20.905+0600: 2457.359: Total time for which application threads were stopped: 0.0003254 seconds, Stopping threads took: 0.0000556 seconds
2019-03-20T16:54:54.990+0600: 2491.443: Total time for which application threads were stopped: 0.0003901 seconds, Stopping threads took: 0.0000535 seconds
2019-03-20T16:55:20.617+0600: 2517.069: Total time for which application threads were stopped: 0.0002350 seconds, Stopping threads took: 0.0000442 seconds
{Heap before GC invocations=42 (full 2):
 par new generation   total 109248K, used 96902K [0x00000007a0000000, 0x00000007a8000000, 0x00000007a8000000)
  eden space 87424K,  99% used [0x00000007a0000000, 0x00000007a555a3e8, 0x00000007a5560000)
  from space 21824K,  43% used [0x00000007a5560000, 0x00000007a5ea77c0, 0x00000007a6ab0000)
  to   space 21824K,   0% used [0x00000007a6ab0000, 0x00000007a6ab0000, 0x00000007a8000000)
 concurrent mark-sweep generation total 393216K, used 84322K [0x00000007a8000000, 0x00000007c0000000, 0x00000007c0000000)
 Metaspace       used 62798K, capacity 65252K, committed 65608K, reserved 1107968K
  class space    used 7391K, capacity 7885K, committed 8008K, reserved 1048576K
2019-03-20T16:55:20.708+0600: 2517.161: [GC (Allocation Failure) 2019-03-20T16:55:20.709+0600: 2517.162: [ParNew
Desired survivor size 20112992 bytes, new threshold 8 (max 8)
- age   1:    1319352 bytes,    1319352 total
- age   2:     709824 bytes,    2029176 total
- age   3:      83224 bytes,    2112400 total
- age   4:    2667072 bytes,    4779472 total
- age   5:      87320 bytes,    4866792 total
- age   6:    1406256 bytes,    6273048 total
- age   7:     317224 bytes,    6590272 total
- age   8:     444888 bytes,    7035160 total
: 96902K->9844K(109248K), 0.0126539 secs] 181225K->94379K(502464K), 0.0132601 secs] [Times: user=0.04 sys=0.01, real=0.02 secs] 
Heap after GC invocations=43 (full 2):
 par new generation   total 109248K, used 9844K [0x00000007a0000000, 0x00000007a8000000, 0x00000007a8000000)
  eden space 87424K,   0% used [0x00000007a0000000, 0x00000007a0000000, 0x00000007a5560000)
  from space 21824K,  45% used [0x00000007a6ab0000, 0x00000007a744d0e0, 0x00000007a8000000)
  to   space 21824K,   0% used [0x00000007a5560000, 0x00000007a5560000, 0x00000007a6ab0000)
 concurrent mark-sweep generation total 393216K, used 84535K [0x00000007a8000000, 0x00000007c0000000, 0x00000007c0000000)
 Metaspace       used 62798K, capacity 65252K, committed 65608K, reserved 1107968K
  class space    used 7391K, capacity 7885K, committed 8008K, reserved 1048576K
}
2019-03-20T16:55:20.722+0600: 2517.174: Total time for which application threads were stopped: 0.0136147 seconds, Stopping threads took: 0.0000399 seconds
2019-03-20T16:55:20.722+0600: 2517.175: Total time for which application threads were stopped: 0.0002114 seconds, Stopping threads took: 0.0000631 seconds
{Heap before GC invocations=43 (full 2):
 par new generation   total 109248K, used 97268K [0x00000007a0000000, 0x00000007a8000000, 0x00000007a8000000)
  eden space 87424K, 100% used [0x00000007a0000000, 0x00000007a5560000, 0x00000007a5560000)
  from space 21824K,  45% used [0x00000007a6ab0000, 0x00000007a744d0e0, 0x00000007a8000000)
  to   space 21824K,   0% used [0x00000007a5560000, 0x00000007a5560000, 0x00000007a6ab0000)
 concurrent mark-sweep generation total 393216K, used 84535K [0x00000007a8000000, 0x00000007c0000000, 0x00000007c0000000)
 Metaspace       used 62801K, capacity 65252K, committed 65608K, reserved 1107968K
  class space    used 7391K, capacity 7885K, committed 8008K, reserved 1048576K
2019-03-20T16:55:20.836+0600: 2517.288: [GC (Allocation Failure) 2019-03-20T16:55:20.836+0600: 2517.288: [ParNew
Desired survivor size 20112992 bytes, new threshold 8 (max 8)
- age   1:     460776 bytes,     460776 total
- age   2:     934912 bytes,    1395688 total
- age   3:     708416 bytes,    2104104 total
- age   4:      83224 bytes,    2187328 total
- age   5:    2667072 bytes,    4854400 total
- age   6:      87320 bytes,    4941720 total
- age   7:    1406256 bytes,    6347976 total
- age   8:     317224 bytes,    6665200 total
: 97268K->8901K(109248K), 0.0117299 secs] 181803K->93874K(502464K), 0.0118472 secs] [Times: user=0.04 sys=0.00, real=0.01 secs] 
Heap after GC invocations=44 (full 2):
 par new generation   total 109248K, used 8901K [0x00000007a0000000, 0x00000007a8000000, 0x00000007a8000000)
  eden space 87424K,   0% used [0x00000007a0000000, 0x00000007a0000000, 0x00000007a5560000)
  from space 21824K,  40% used [0x00000007a5560000, 0x00000007a5e117d0, 0x00000007a6ab0000)
  to   space 21824K,   0% used [0x00000007a6ab0000, 0x00000007a6ab0000, 0x00000007a8000000)
 concurrent mark-sweep generation total 393216K, used 84972K [0x00000007a8000000, 0x00000007c0000000, 0x00000007c0000000)
 Metaspace       used 62801K, capacity 65252K, committed 65608K, reserved 1107968K
  class space    used 7391K, capacity 7885K, committed 8008K, reserved 1048576K
}
2019-03-20T16:55:20.847+0600: 2517.300: Total time for which application threads were stopped: 0.0122185 seconds, Stopping threads took: 0.0000359 seconds
2019-03-20T16:55:20.860+0600: 2517.312: Total time for which application threads were stopped: 0.0001828 seconds, Stopping threads took: 0.0000337 seconds
2019-03-20T16:55:20.895+0600: 2517.348: Total time for which application threads were stopped: 0.0004582 seconds, Stopping threads took: 0.0001112 seconds
{Heap before GC invocations=44 (full 2):
 par new generation   total 109248K, used 96325K [0x00000007a0000000, 0x00000007a8000000, 0x00000007a8000000)
  eden space 87424K, 100% used [0x00000007a0000000, 0x00000007a5560000, 0x00000007a5560000)
  from space 21824K,  40% used [0x00000007a5560000, 0x00000007a5e117d0, 0x00000007a6ab0000)
  to   space 21824K,   0% used [0x00000007a6ab0000, 0x00000007a6ab0000, 0x00000007a8000000)
 concurrent mark-sweep generation total 393216K, used 84972K [0x00000007a8000000, 0x00000007c0000000, 0x00000007c0000000)
 Metaspace       used 62811K, capacity 65252K, committed 65608K, reserved 1107968K
  class space    used 7391K, capacity 7885K, committed 8008K, reserved 1048576K
2019-03-20T16:55:20.967+0600: 2517.420: [GC (Allocation Failure) 2019-03-20T16:55:20.967+0600: 2517.420: [ParNew
Desired survivor size 20112992 bytes, new threshold 8 (max 8)
- age   1:    2211136 bytes,    2211136 total
- age   2:     130808 bytes,    2341944 total
- age   3:     369816 bytes,    2711760 total
- age   4:     708416 bytes,    3420176 total
- age   5:      83224 bytes,    3503400 total
- age   6:    2667072 bytes,    6170472 total
- age   7:      87320 bytes,    6257792 total
- age   8:    1406256 bytes,    7664048 total
: 96325K->9160K(109248K), 0.0503453 secs] 181298K->94446K(502464K), 0.0505051 secs] [Times: user=0.04 sys=0.00, real=0.05 secs] 
Heap after GC invocations=45 (full 2):
 par new generation   total 109248K, used 9160K [0x00000007a0000000, 0x00000007a8000000, 0x00000007a8000000)
  eden space 87424K,   0% used [0x00000007a0000000, 0x00000007a0000000, 0x00000007a5560000)
  from space 21824K,  41% used [0x00000007a6ab0000, 0x00000007a73a21b0, 0x00000007a8000000)
  to   space 21824K,   0% used [0x00000007a5560000, 0x00000007a5560000, 0x00000007a6ab0000)
 concurrent mark-sweep generation total 393216K, used 85285K [0x00000007a8000000, 0x00000007c0000000, 0x00000007c0000000)
 Metaspace       used 62811K, capacity 65252K, committed 65608K, reserved 1107968K
  class space    used 7391K, capacity 7885K, committed 8008K, reserved 1048576K
}
2019-03-20T16:55:21.018+0600: 2517.470: Total time for which application threads were stopped: 0.0854904 seconds, Stopping threads took: 0.0339998 seconds
{Heap before GC invocations=45 (full 2):
 par new generation   total 109248K, used 96584K [0x00000007a0000000, 0x00000007a8000000, 0x00000007a8000000)
  eden space 87424K, 100% used [0x00000007a0000000, 0x00000007a5560000, 0x00000007a5560000)
  from space 21824K,  41% used [0x00000007a6ab0000, 0x00000007a73a21b0, 0x00000007a8000000)
  to   space 21824K,   0% used [0x00000007a5560000, 0x00000007a5560000, 0x00000007a6ab0000)
 concurrent mark-sweep generation total 393216K, used 85285K [0x00000007a8000000, 0x00000007c0000000, 0x00000007c0000000)
 Metaspace       used 62815K, capacity 65252K, committed 65608K, reserved 1107968K
  class space    used 7391K, capacity 7885K, committed 8008K, reserved 1048576K
2019-03-20T16:55:21.122+0600: 2517.574: [GC (Allocation Failure) 2019-03-20T16:55:21.122+0600: 2517.574: [ParNew
Desired survivor size 20112992 bytes, new threshold 8 (max 8)
- age   1:    1176232 bytes,    1176232 total
- age   2:    1598736 bytes,    2774968 total
- age   3:     130808 bytes,    2905776 total
- age   4:     369496 bytes,    3275272 total
- age   5:     708416 bytes,    3983688 total
- age   6:      83224 bytes,    4066912 total
- age   7:    2665376 bytes,    6732288 total
- age   8:      87320 bytes,    6819608 total
: 96584K->8057K(109248K), 0.0126823 secs] 181870K->94716K(502464K), 0.0128177 secs] [Times: user=0.04 sys=0.00, real=0.01 secs] 
Heap after GC invocations=46 (full 2):
 par new generation   total 109248K, used 8057K [0x00000007a0000000, 0x00000007a8000000, 0x00000007a8000000)
  eden space 87424K,   0% used [0x00000007a0000000, 0x00000007a0000000, 0x00000007a5560000)
  from space 21824K,  36% used [0x00000007a5560000, 0x00000007a5d3e678, 0x00000007a6ab0000)
  to   space 21824K,   0% used [0x00000007a6ab0000, 0x00000007a6ab0000, 0x00000007a8000000)
 concurrent mark-sweep generation total 393216K, used 86659K [0x00000007a8000000, 0x00000007c0000000, 0x00000007c0000000)
 Metaspace       used 62815K, capacity 65252K, committed 65608K, reserved 1107968K
  class space    used 7391K, capacity 7885K, committed 8008K, reserved 1048576K
}
2019-03-20T16:55:21.134+0600: 2517.587: Total time for which application threads were stopped: 0.0132882 seconds, Stopping threads took: 0.0000375 seconds
{Heap before GC invocations=46 (full 2):
 par new generation   total 109248K, used 95481K [0x00000007a0000000, 0x00000007a8000000, 0x00000007a8000000)
  eden space 87424K, 100% used [0x00000007a0000000, 0x00000007a5560000, 0x00000007a5560000)
  from space 21824K,  36% used [0x00000007a5560000, 0x00000007a5d3e678, 0x00000007a6ab0000)
  to   space 21824K,   0% used [0x00000007a6ab0000, 0x00000007a6ab0000, 0x00000007a8000000)
 concurrent mark-sweep generation total 393216K, used 86659K [0x00000007a8000000, 0x00000007c0000000, 0x00000007c0000000)
 Metaspace       used 62818K, capacity 65252K, committed 65608K, reserved 1107968K
  class space    used 7391K, capacity 7885K, committed 8008K, reserved 1048576K
2019-03-20T16:55:21.251+0600: 2517.704: [GC (Allocation Failure) 2019-03-20T16:55:21.252+0600: 2517.704: [ParNew
Desired survivor size 20112992 bytes, new threshold 8 (max 8)
- age   1:    1231400 bytes,    1231400 total
- age   2:     742856 bytes,    1974256 total
- age   3:    1032376 bytes,    3006632 total
- age   4:     130808 bytes,    3137440 total
- age   5:     369496 bytes,    3506936 total
- age   6:     708416 bytes,    4215352 total
- age   7:      83224 bytes,    4298576 total
- age   8:    2665376 bytes,    6963952 total
: 95481K->8257K(109248K), 0.0157348 secs] 182140K->95004K(502464K), 0.0158675 secs] [Times: user=0.04 sys=0.00, real=0.01 secs] 
Heap after GC invocations=47 (full 2):
 par new generation   total 109248K, used 8257K [0x00000007a0000000, 0x00000007a8000000, 0x00000007a8000000)
  eden space 87424K,   0% used [0x00000007a0000000, 0x00000007a0000000, 0x00000007a5560000)
  from space 21824K,  37% used [0x00000007a6ab0000, 0x00000007a72c07e0, 0x00000007a8000000)
  to   space 21824K,   0% used [0x00000007a5560000, 0x00000007a5560000, 0x00000007a6ab0000)
 concurrent mark-sweep generation total 393216K, used 86747K [0x00000007a8000000, 0x00000007c0000000, 0x00000007c0000000)
 Metaspace       used 62818K, capacity 65252K, committed 65608K, reserved 1107968K
  class space    used 7391K, capacity 7885K, committed 8008K, reserved 1048576K
}
2019-03-20T16:55:21.267+0600: 2517.720: Total time for which application threads were stopped: 0.0163493 seconds, Stopping threads took: 0.0000368 seconds
2019-03-20T16:55:21.475+0600: 2517.928: Total time for which application threads were stopped: 0.0003211 seconds, Stopping threads took: 0.0000345 seconds
2019-03-20T16:55:21.476+0600: 2517.929: Total time for which application threads were stopped: 0.0004960 seconds, Stopping threads took: 0.0000154 seconds
{Heap before GC invocations=47 (full 2):
 par new generation   total 109248K, used 95681K [0x00000007a0000000, 0x00000007a8000000, 0x00000007a8000000)
  eden space 87424K, 100% used [0x00000007a0000000, 0x00000007a5560000, 0x00000007a5560000)
  from space 21824K,  37% used [0x00000007a6ab0000, 0x00000007a72c07e0, 0x00000007a8000000)
  to   space 21824K,   0% used [0x00000007a5560000, 0x00000007a5560000, 0x00000007a6ab0000)
 concurrent mark-sweep generation total 393216K, used 86747K [0x00000007a8000000, 0x00000007c0000000, 0x00000007c0000000)
 Metaspace       used 62834K, capacity 65324K, committed 65608K, reserved 1107968K
  class space    used 7391K, capacity 7885K, committed 8008K, reserved 1048576K
2019-03-20T16:55:21.528+0600: 2517.981: [GC (Allocation Failure) 2019-03-20T16:55:21.528+0600: 2517.981: [ParNew
Desired survivor size 20112992 bytes, new threshold 8 (max 8)
- age   1:    1394816 bytes,    1394816 total
- age   2:     513784 bytes,    1908600 total
- age   3:     740656 bytes,    2649256 total
- age   4:    1032376 bytes,    3681632 total
- age   5:     130808 bytes,    3812440 total
- age   6:     369464 bytes,    4181904 total
- age   7:     708416 bytes,    4890320 total
- age   8:      83200 bytes,    4973520 total
: 95681K->10128K(109248K), 0.0354402 secs] 182428K->99364K(502464K), 0.0356148 secs] [Times: user=0.06 sys=0.00, real=0.04 secs] 
Heap after GC invocations=48 (full 2):
 par new generation   total 109248K, used 10128K [0x00000007a0000000, 0x00000007a8000000, 0x00000007a8000000)
  eden space 87424K,   0% used [0x00000007a0000000, 0x00000007a0000000, 0x00000007a5560000)
  from space 21824K,  46% used [0x00000007a5560000, 0x00000007a5f440f0, 0x00000007a6ab0000)
  to   space 21824K,   0% used [0x00000007a6ab0000, 0x00000007a6ab0000, 0x00000007a8000000)
 concurrent mark-sweep generation total 393216K, used 89236K [0x00000007a8000000, 0x00000007c0000000, 0x00000007c0000000)
 Metaspace       used 62834K, capacity 65324K, committed 65608K, reserved 1107968K
  class space    used 7391K, capacity 7885K, committed 8008K, reserved 1048576K
}
2019-03-20T16:55:21.564+0600: 2518.017: Total time for which application threads were stopped: 0.0360136 seconds, Stopping threads took: 0.0000608 seconds
2019-03-20T16:55:22.570+0600: 2519.023: Total time for which application threads were stopped: 0.0004518 seconds, Stopping threads took: 0.0000540 seconds
2019-03-20T16:55:26.614+0600: 2523.067: Total time for which application threads were stopped: 0.0002209 seconds, Stopping threads took: 0.0000485 seconds
2019-03-20T16:55:26.615+0600: 2523.067: Total time for which application threads were stopped: 0.0002120 seconds, Stopping threads took: 0.0000717 seconds
2019-03-20T16:55:26.615+0600: 2523.068: Total time for which application threads were stopped: 0.0001355 seconds, Stopping threads took: 0.0000322 seconds
2019-03-20T16:55:26.615+0600: 2523.068: Total time for which application threads were stopped: 0.0001659 seconds, Stopping threads took: 0.0000685 seconds
2019-03-20T16:55:26.616+0600: 2523.068: Total time for which application threads were stopped: 0.0001259 seconds, Stopping threads took: 0.0000316 seconds
2019-03-20T16:55:26.627+0600: 2523.079: Total time for which application threads were stopped: 0.0003410 seconds, Stopping threads took: 0.0000423 seconds
2019-03-20T16:55:26.627+0600: 2523.079: Total time for which application threads were stopped: 0.0002484 seconds, Stopping threads took: 0.0000510 seconds
2019-03-20T16:55:26.627+0600: 2523.080: Total time for which application threads were stopped: 0.0002096 seconds, Stopping threads took: 0.0000437 seconds
2019-03-20T16:55:26.628+0600: 2523.080: Total time for which application threads were stopped: 0.0001891 seconds, Stopping threads took: 0.0000152 seconds
{Heap before GC invocations=48 (full 2):
 par new generation   total 109248K, used 97552K [0x00000007a0000000, 0x00000007a8000000, 0x00000007a8000000)
  eden space 87424K, 100% used [0x00000007a0000000, 0x00000007a5560000, 0x00000007a5560000)
  from space 21824K,  46% used [0x00000007a5560000, 0x00000007a5f440f0, 0x00000007a6ab0000)
  to   space 21824K,   0% used [0x00000007a6ab0000, 0x00000007a6ab0000, 0x00000007a8000000)
 concurrent mark-sweep generation total 393216K, used 89236K [0x00000007a8000000, 0x00000007c0000000, 0x00000007c0000000)
 Metaspace       used 62846K, capacity 65324K, committed 65608K, reserved 1107968K
  class space    used 7391K, capacity 7885K, committed 8008K, reserved 1048576K
2019-03-20T16:55:26.718+0600: 2523.170: [GC (Allocation Failure) 2019-03-20T16:55:26.718+0600: 2523.171: [ParNew
Desired survivor size 20112992 bytes, new threshold 8 (max 8)
- age   1:    2491176 bytes,    2491176 total
- age   2:    1287656 bytes,    3778832 total
- age   3:     513608 bytes,    4292440 total
- age   4:     731352 bytes,    5023792 total
- age   5:     985448 bytes,    6009240 total
- age   6:     130808 bytes,    6140048 total
- age   7:     367544 bytes,    6507592 total
- age   8:     708416 bytes,    7216008 total
: 97552K->8445K(109248K), 0.0215767 secs] 186788K->97765K(502464K), 0.0217059 secs] [Times: user=0.04 sys=0.00, real=0.03 secs] 
Heap after GC invocations=49 (full 2):
 par new generation   total 109248K, used 8445K [0x00000007a0000000, 0x00000007a8000000, 0x00000007a8000000)
  eden space 87424K,   0% used [0x00000007a0000000, 0x00000007a0000000, 0x00000007a5560000)
  from space 21824K,  38% used [0x00000007a6ab0000, 0x00000007a72ef758, 0x00000007a8000000)
  to   space 21824K,   0% used [0x00000007a5560000, 0x00000007a5560000, 0x00000007a6ab0000)
 concurrent mark-sweep generation total 393216K, used 89319K [0x00000007a8000000, 0x00000007c0000000, 0x00000007c0000000)
 Metaspace       used 62846K, capacity 65324K, committed 65608K, reserved 1107968K
  class space    used 7391K, capacity 7885K, committed 8008K, reserved 1048576K
}
2019-03-20T16:55:26.740+0600: 2523.192: Total time for which application threads were stopped: 0.0221140 seconds, Stopping threads took: 0.0000479 seconds
{Heap before GC invocations=49 (full 2):
 par new generation   total 109248K, used 95869K [0x00000007a0000000, 0x00000007a8000000, 0x00000007a8000000)
  eden space 87424K, 100% used [0x00000007a0000000, 0x00000007a5560000, 0x00000007a5560000)
  from space 21824K,  38% used [0x00000007a6ab0000, 0x00000007a72ef758, 0x00000007a8000000)
  to   space 21824K,   0% used [0x00000007a5560000, 0x00000007a5560000, 0x00000007a6ab0000)
 concurrent mark-sweep generation total 393216K, used 89319K [0x00000007a8000000, 0x00000007c0000000, 0x00000007c0000000)
 Metaspace       used 62846K, capacity 65324K, committed 65608K, reserved 1107968K
  class space    used 7391K, capacity 7885K, committed 8008K, reserved 1048576K
2019-03-20T16:55:26.813+0600: 2523.266: [GC (Allocation Failure) 2019-03-20T16:55:26.813+0600: 2523.266: [ParNew
Desired survivor size 20112992 bytes, new threshold 8 (max 8)
- age   1:      99104 bytes,      99104 total
- age   2:    1941128 bytes,    2040232 total
- age   3:    1287656 bytes,    3327888 total
- age   4:     513608 bytes,    3841496 total
- age   5:     731352 bytes,    4572848 total
- age   6:     985312 bytes,    5558160 total
- age   7:     130808 bytes,    5688968 total
- age   8:     367544 bytes,    6056512 total
: 95869K->8902K(109248K), 0.0082492 secs] 185189K->98920K(502464K), 0.0083688 secs] [Times: user=0.03 sys=0.00, real=0.01 secs] 
Heap after GC invocations=50 (full 2):
 par new generation   total 109248K, used 8902K [0x00000007a0000000, 0x00000007a8000000, 0x00000007a8000000)
  eden space 87424K,   0% used [0x00000007a0000000, 0x00000007a0000000, 0x00000007a5560000)
  from space 21824K,  40% used [0x00000007a5560000, 0x00000007a5e11910, 0x00000007a6ab0000)
  to   space 21824K,   0% used [0x00000007a6ab0000, 0x00000007a6ab0000, 0x00000007a8000000)
 concurrent mark-sweep generation total 393216K, used 90018K [0x00000007a8000000, 0x00000007c0000000, 0x00000007c0000000)
 Metaspace       used 62846K, capacity 65324K, committed 65608K, reserved 1107968K
  class space    used 7391K, capacity 7885K, committed 8008K, reserved 1048576K
}
2019-03-20T16:55:26.822+0600: 2523.274: Total time for which application threads were stopped: 0.0087076 seconds, Stopping threads took: 0.0000354 seconds
2019-03-20T16:55:26.890+0600: 2523.342: Total time for which application threads were stopped: 0.0002571 seconds, Stopping threads took: 0.0000314 seconds
2019-03-20T16:55:26.890+0600: 2523.343: Total time for which application threads were stopped: 0.0001598 seconds, Stopping threads took: 0.0000146 seconds
2019-03-20T16:55:26.892+0600: 2523.344: Total time for which application threads were stopped: 0.0001969 seconds, Stopping threads took: 0.0000233 seconds
2019-03-20T16:55:27.897+0600: 2524.350: Total time for which application threads were stopped: 0.0003954 seconds, Stopping threads took: 0.0000523 seconds
2019-03-20T16:55:31.939+0600: 2528.392: Total time for which application threads were stopped: 0.0002053 seconds, Stopping threads took: 0.0000326 seconds
2019-03-20T16:55:31.939+0600: 2528.392: Total time for which application threads were stopped: 0.0001848 seconds, Stopping threads took: 0.0000204 seconds
2019-03-20T16:55:31.940+0600: 2528.392: Total time for which application threads were stopped: 0.0001347 seconds, Stopping threads took: 0.0000284 seconds
2019-03-20T16:55:31.940+0600: 2528.392: Total time for which application threads were stopped: 0.0000995 seconds, Stopping threads took: 0.0000132 seconds
2019-03-20T16:55:31.940+0600: 2528.392: Total time for which application threads were stopped: 0.0001266 seconds, Stopping threads took: 0.0000273 seconds
2019-03-20T16:55:31.940+0600: 2528.393: Total time for which application threads were stopped: 0.0001102 seconds, Stopping threads took: 0.0000244 seconds
2019-03-20T16:55:31.940+0600: 2528.393: Total time for which application threads were stopped: 0.0000927 seconds, Stopping threads took: 0.0000111 seconds
2019-03-20T16:55:31.946+0600: 2528.399: Total time for which application threads were stopped: 0.0003700 seconds, Stopping threads took: 0.0000541 seconds
2019-03-20T16:55:31.947+0600: 2528.400: Total time for which application threads were stopped: 0.0002762 seconds, Stopping threads took: 0.0000320 seconds
2019-03-20T16:55:31.970+0600: 2528.422: Total time for which application threads were stopped: 0.0004233 seconds, Stopping threads took: 0.0001622 seconds
2019-03-20T16:55:31.972+0600: 2528.424: Total time for which application threads were stopped: 0.0002942 seconds, Stopping threads took: 0.0001022 seconds
2019-03-20T16:55:31.973+0600: 2528.426: Total time for which application threads were stopped: 0.0002189 seconds, Stopping threads took: 0.0000548 seconds
{Heap before GC invocations=50 (full 2):
 par new generation   total 109248K, used 96326K [0x00000007a0000000, 0x00000007a8000000, 0x00000007a8000000)
  eden space 87424K, 100% used [0x00000007a0000000, 0x00000007a5560000, 0x00000007a5560000)
  from space 21824K,  40% used [0x00000007a5560000, 0x00000007a5e11910, 0x00000007a6ab0000)
  to   space 21824K,   0% used [0x00000007a6ab0000, 0x00000007a6ab0000, 0x00000007a8000000)
 concurrent mark-sweep generation total 393216K, used 90018K [0x00000007a8000000, 0x00000007c0000000, 0x00000007c0000000)
 Metaspace       used 62876K, capacity 65342K, committed 65608K, reserved 1107968K
  class space    used 7393K, capacity 7888K, committed 8008K, reserved 1048576K
2019-03-20T16:55:31.976+0600: 2528.429: [GC (Allocation Failure) 2019-03-20T16:55:31.976+0600: 2528.429: [ParNew
Desired survivor size 20112992 bytes, new threshold 8 (max 8)
- age   1:    2919696 bytes,    2919696 total
- age   2:      95232 bytes,    3014928 total
- age   3:    1228904 bytes,    4243832 total
- age   4:    1036840 bytes,    5280672 total
- age   5:     513608 bytes,    5794280 total
- age   6:     731312 bytes,    6525592 total
- age   7:     372480 bytes,    6898072 total
: 96326K->8146K(109248K), 0.0092940 secs] 186344K->98440K(502464K), 0.0096396 secs] [Times: user=0.03 sys=0.00, real=0.01 secs] 
Heap after GC invocations=51 (full 2):
 par new generation   total 109248K, used 8146K [0x00000007a0000000, 0x00000007a8000000, 0x00000007a8000000)
  eden space 87424K,   0% used [0x00000007a0000000, 0x00000007a0000000, 0x00000007a5560000)
  from space 21824K,  37% used [0x00000007a6ab0000, 0x00000007a72a4970, 0x00000007a8000000)
  to   space 21824K,   0% used [0x00000007a5560000, 0x00000007a5560000, 0x00000007a6ab0000)
 concurrent mark-sweep generation total 393216K, used 90294K [0x00000007a8000000, 0x00000007c0000000, 0x00000007c0000000)
 Metaspace       used 62876K, capacity 65342K, committed 65608K, reserved 1107968K
  class space    used 7393K, capacity 7888K, committed 8008K, reserved 1048576K
}
2019-03-20T16:55:31.986+0600: 2528.438: Total time for which application threads were stopped: 0.0100055 seconds, Stopping threads took: 0.0000350 seconds
{Heap before GC invocations=51 (full 2):
 par new generation   total 109248K, used 95555K [0x00000007a0000000, 0x00000007a8000000, 0x00000007a8000000)
  eden space 87424K,  99% used [0x00000007a0000000, 0x00000007a555c578, 0x00000007a5560000)
  from space 21824K,  37% used [0x00000007a6ab0000, 0x00000007a72a4970, 0x00000007a8000000)
  to   space 21824K,   0% used [0x00000007a5560000, 0x00000007a5560000, 0x00000007a6ab0000)
 concurrent mark-sweep generation total 393216K, used 90294K [0x00000007a8000000, 0x00000007c0000000, 0x00000007c0000000)
 Metaspace       used 62995K, capacity 65592K, committed 65864K, reserved 1107968K
  class space    used 7410K, capacity 7919K, committed 8008K, reserved 1048576K
2019-03-20T16:55:32.060+0600: 2528.512: [GC (Allocation Failure) 2019-03-20T16:55:32.060+0600: 2528.512: [ParNew
Desired survivor size 20112992 bytes, new threshold 8 (max 8)
- age   1:     602896 bytes,     602896 total
- age   2:    2508600 bytes,    3111496 total
- age   3:      95232 bytes,    3206728 total
- age   4:    1228904 bytes,    4435632 total
- age   5:    1036840 bytes,    5472472 total
- age   6:     513608 bytes,    5986080 total
- age   7:     731312 bytes,    6717392 total
- age   8:     372480 bytes,    7089872 total
: 95555K->10137K(109248K), 0.0078572 secs] 185850K->100432K(502464K), 0.0079791 secs] [Times: user=0.02 sys=0.00, real=0.00 secs] 
Heap after GC invocations=52 (full 2):
 par new generation   total 109248K, used 10137K [0x00000007a0000000, 0x00000007a8000000, 0x00000007a8000000)
  eden space 87424K,   0% used [0x00000007a0000000, 0x00000007a0000000, 0x00000007a5560000)
  from space 21824K,  46% used [0x00000007a5560000, 0x00000007a5f46658, 0x00000007a6ab0000)
  to   space 21824K,   0% used [0x00000007a6ab0000, 0x00000007a6ab0000, 0x00000007a8000000)
 concurrent mark-sweep generation total 393216K, used 90294K [0x00000007a8000000, 0x00000007c0000000, 0x00000007c0000000)
 Metaspace       used 62995K, capacity 65592K, committed 65864K, reserved 1107968K
  class space    used 7410K, capacity 7919K, committed 8008K, reserved 1048576K
}
2019-03-20T16:55:32.068+0600: 2528.520: Total time for which application threads were stopped: 0.0082860 seconds, Stopping threads took: 0.0000389 seconds
2019-03-20T16:55:33.068+0600: 2529.521: Total time for which application threads were stopped: 0.0002770 seconds, Stopping threads took: 0.0000394 seconds
2019-03-20T16:55:55.126+0600: 2551.578: Total time for which application threads were stopped: 0.0004924 seconds, Stopping threads took: 0.0000594 seconds
2019-03-20T16:56:02.140+0600: 2558.592: Total time for which application threads were stopped: 0.0004215 seconds, Stopping threads took: 0.0001226 seconds
2019-03-20T16:56:16.163+0600: 2572.614: Total time for which application threads were stopped: 0.0002725 seconds, Stopping threads took: 0.0000554 seconds
2019-03-20T16:56:19.173+0600: 2575.624: Total time for which application threads were stopped: 0.0004111 seconds, Stopping threads took: 0.0000653 seconds
2019-03-20T16:56:23.851+0600: 2580.302: Total time for which application threads were stopped: 0.0002096 seconds, Stopping threads took: 0.0000320 seconds
2019-03-20T16:56:23.970+0600: 2580.421: Total time for which application threads were stopped: 0.0003944 seconds, Stopping threads took: 0.0000691 seconds
{Heap before GC invocations=52 (full 2):
 par new generation   total 109248K, used 97561K [0x00000007a0000000, 0x00000007a8000000, 0x00000007a8000000)
  eden space 87424K, 100% used [0x00000007a0000000, 0x00000007a5560000, 0x00000007a5560000)
  from space 21824K,  46% used [0x00000007a5560000, 0x00000007a5f46658, 0x00000007a6ab0000)
  to   space 21824K,   0% used [0x00000007a6ab0000, 0x00000007a6ab0000, 0x00000007a8000000)
 concurrent mark-sweep generation total 393216K, used 90294K [0x00000007a8000000, 0x00000007c0000000, 0x00000007c0000000)
 Metaspace       used 63097K, capacity 65722K, committed 65864K, reserved 1107968K
  class space    used 7423K, capacity 7932K, committed 8008K, reserved 1048576K
2019-03-20T16:56:23.981+0600: 2580.433: [GC (Allocation Failure) 2019-03-20T16:56:23.982+0600: 2580.433: [ParNew
Desired survivor size 20112992 bytes, new threshold 8 (max 8)
- age   1:    2461712 bytes,    2461712 total
- age   2:     123632 bytes,    2585344 total
- age   3:    1452664 bytes,    4038008 total
- age   4:      95232 bytes,    4133240 total
- age   5:    1228632 bytes,    5361872 total
- age   6:    1036592 bytes,    6398464 total
- age   7:     513576 bytes,    6912040 total
- age   8:     730968 bytes,    7643008 total
: 97561K->9100K(109248K), 0.0434791 secs] 187856K->99717K(502464K), 0.0439160 secs] [Times: user=0.04 sys=0.00, real=0.04 secs] 
Heap after GC invocations=53 (full 2):
 par new generation   total 109248K, used 9100K [0x00000007a0000000, 0x00000007a8000000, 0x00000007a8000000)
  eden space 87424K,   0% used [0x00000007a0000000, 0x00000007a0000000, 0x00000007a5560000)
  from space 21824K,  41% used [0x00000007a6ab0000, 0x00000007a73931a0, 0x00000007a8000000)
  to   space 21824K,   0% used [0x00000007a5560000, 0x00000007a5560000, 0x00000007a6ab0000)
 concurrent mark-sweep generation total 393216K, used 90616K [0x00000007a8000000, 0x00000007c0000000, 0x00000007c0000000)
 Metaspace       used 63097K, capacity 65722K, committed 65864K, reserved 1107968K
  class space    used 7423K, capacity 7932K, committed 8008K, reserved 1048576K
}
2019-03-20T16:56:24.025+0600: 2580.477: Total time for which application threads were stopped: 0.0454320 seconds, Stopping threads took: 0.0010654 seconds
{Heap before GC invocations=53 (full 2):
 par new generation   total 109248K, used 96524K [0x00000007a0000000, 0x00000007a8000000, 0x00000007a8000000)
  eden space 87424K, 100% used [0x00000007a0000000, 0x00000007a5560000, 0x00000007a5560000)
  from space 21824K,  41% used [0x00000007a6ab0000, 0x00000007a73931a0, 0x00000007a8000000)
  to   space 21824K,   0% used [0x00000007a5560000, 0x00000007a5560000, 0x00000007a6ab0000)
 concurrent mark-sweep generation total 393216K, used 90616K [0x00000007a8000000, 0x00000007c0000000, 0x00000007c0000000)
 Metaspace       used 63099K, capacity 65722K, committed 65864K, reserved 1107968K
  class space    used 7423K, capacity 7932K, committed 8008K, reserved 1048576K
2019-03-20T16:56:24.054+0600: 2580.506: [GC (Allocation Failure) 2019-03-20T16:56:24.054+0600: 2580.506: [ParNew
Desired survivor size 20112992 bytes, new threshold 8 (max 8)
- age   1:     768776 bytes,     768776 total
- age   2:    2379736 bytes,    3148512 total
- age   3:     123632 bytes,    3272144 total
- age   4:    1452664 bytes,    4724808 total
- age   5:      95232 bytes,    4820040 total
- age   6:    1228632 bytes,    6048672 total
- age   7:    1036592 bytes,    7085264 total
- age   8:     513576 bytes,    7598840 total
: 96524K->11565K(109248K), 0.0145605 secs] 187141K->102900K(502464K), 0.0146811 secs] [Times: user=0.03 sys=0.00, real=0.01 secs] 
Heap after GC invocations=54 (full 2):
 par new generation   total 109248K, used 11565K [0x00000007a0000000, 0x00000007a8000000, 0x00000007a8000000)
  eden space 87424K,   0% used [0x00000007a0000000, 0x00000007a0000000, 0x00000007a5560000)
  from space 21824K,  52% used [0x00000007a5560000, 0x00000007a60ab770, 0x00000007a6ab0000)
  to   space 21824K,   0% used [0x00000007a6ab0000, 0x00000007a6ab0000, 0x00000007a8000000)
 concurrent mark-sweep generation total 393216K, used 91335K [0x00000007a8000000, 0x00000007c0000000, 0x00000007c0000000)
 Metaspace       used 63099K, capacity 65722K, committed 65864K, reserved 1107968K
  class space    used 7423K, capacity 7932K, committed 8008K, reserved 1048576K
}
2019-03-20T16:56:24.069+0600: 2580.520: Total time for which application threads were stopped: 0.0284871 seconds, Stopping threads took: 0.0133553 seconds
2019-03-20T16:56:24.077+0600: 2580.529: Total time for which application threads were stopped: 0.0003039 seconds, Stopping threads took: 0.0000712 seconds
2019-03-20T16:56:24.088+0600: 2580.539: Total time for which application threads were stopped: 0.0003433 seconds, Stopping threads took: 0.0000894 seconds
{Heap before GC invocations=54 (full 2):
 par new generation   total 109248K, used 98989K [0x00000007a0000000, 0x00000007a8000000, 0x00000007a8000000)
  eden space 87424K, 100% used [0x00000007a0000000, 0x00000007a5560000, 0x00000007a5560000)
  from space 21824K,  52% used [0x00000007a5560000, 0x00000007a60ab770, 0x00000007a6ab0000)
  to   space 21824K,   0% used [0x00000007a6ab0000, 0x00000007a6ab0000, 0x00000007a8000000)
 concurrent mark-sweep generation total 393216K, used 91335K [0x00000007a8000000, 0x00000007c0000000, 0x00000007c0000000)
 Metaspace       used 63108K, capacity 65728K, committed 65864K, reserved 1107968K
  class space    used 7423K, capacity 7933K, committed 8008K, reserved 1048576K
2019-03-20T16:56:24.097+0600: 2580.548: [GC (Allocation Failure) 2019-03-20T16:56:24.097+0600: 2580.548: [ParNew
Desired survivor size 20112992 bytes, new threshold 8 (max 8)
- age   1:     626216 bytes,     626216 total
- age   2:     597688 bytes,    1223904 total
- age   3:    2357096 bytes,    3581000 total
- age   4:     123632 bytes,    3704632 total
- age   5:    1452640 bytes,    5157272 total
- age   6:      95232 bytes,    5252504 total
- age   7:    1228696 bytes,    6481200 total
- age   8:    1036592 bytes,    7517792 total
: 98989K->8768K(109248K), 0.0498374 secs] 190324K->100607K(502464K), 0.0499559 secs] [Times: user=0.03 sys=0.00, real=0.05 secs] 
Heap after GC invocations=55 (full 2):
 par new generation   total 109248K, used 8768K [0x00000007a0000000, 0x00000007a8000000, 0x00000007a8000000)
  eden space 87424K,   0% used [0x00000007a0000000, 0x00000007a0000000, 0x00000007a5560000)
  from space 21824K,  40% used [0x00000007a6ab0000, 0x00000007a7340260, 0x00000007a8000000)
  to   space 21824K,   0% used [0x00000007a5560000, 0x00000007a5560000, 0x00000007a6ab0000)
 concurrent mark-sweep generation total 393216K, used 91839K [0x00000007a8000000, 0x00000007c0000000, 0x00000007c0000000)
 Metaspace       used 63108K, capacity 65728K, committed 65864K, reserved 1107968K
  class space    used 7423K, capacity 7933K, committed 8008K, reserved 1048576K
}
2019-03-20T16:56:24.147+0600: 2580.598: Total time for which application threads were stopped: 0.0503865 seconds, Stopping threads took: 0.0000794 seconds
2019-03-20T16:56:24.154+0600: 2580.605: Total time for which application threads were stopped: 0.0005290 seconds, Stopping threads took: 0.0002810 seconds
2019-03-20T16:56:24.154+0600: 2580.605: Total time for which application threads were stopped: 0.0002076 seconds, Stopping threads took: 0.0000452 seconds
2019-03-20T16:56:24.154+0600: 2580.606: Total time for which application threads were stopped: 0.0002128 seconds, Stopping threads took: 0.0000158 seconds
2019-03-20T16:56:24.156+0600: 2580.607: Total time for which application threads were stopped: 0.0002960 seconds, Stopping threads took: 0.0000472 seconds
2019-03-20T16:56:24.170+0600: 2580.622: Total time for which application threads were stopped: 0.0010728 seconds, Stopping threads took: 0.0008463 seconds
2019-03-20T16:56:24.171+0600: 2580.622: Total time for which application threads were stopped: 0.0002008 seconds, Stopping threads took: 0.0000195 seconds
{Heap before GC invocations=55 (full 2):
 par new generation   total 109248K, used 96192K [0x00000007a0000000, 0x00000007a8000000, 0x00000007a8000000)
  eden space 87424K, 100% used [0x00000007a0000000, 0x00000007a5560000, 0x00000007a5560000)
  from space 21824K,  40% used [0x00000007a6ab0000, 0x00000007a7340260, 0x00000007a8000000)
  to   space 21824K,   0% used [0x00000007a5560000, 0x00000007a5560000, 0x00000007a6ab0000)
 concurrent mark-sweep generation total 393216K, used 91839K [0x00000007a8000000, 0x00000007c0000000, 0x00000007c0000000)
 Metaspace       used 63180K, capacity 65810K, committed 66120K, reserved 1107968K
  class space    used 7424K, capacity 7934K, committed 8008K, reserved 1048576K
2019-03-20T16:56:24.317+0600: 2580.768: [GC (Allocation Failure) 2019-03-20T16:56:24.317+0600: 2580.768: [ParNew
Desired survivor size 20112992 bytes, new threshold 8 (max 8)
- age   1:    1426336 bytes,    1426336 total
- age   2:     296248 bytes,    1722584 total
- age   3:     595080 bytes,    2317664 total
- age   4:    2337488 bytes,    4655152 total
- age   5:     123632 bytes,    4778784 total
- age   6:    1452640 bytes,    6231424 total
- age   7:      95232 bytes,    6326656 total
- age   8:    1228632 bytes,    7555288 total
: 96192K->11170K(109248K), 0.0206764 secs] 188031K->104025K(502464K), 0.0208109 secs] [Times: user=0.05 sys=0.00, real=0.02 secs] 
Heap after GC invocations=56 (full 2):
 par new generation   total 109248K, used 11170K [0x00000007a0000000, 0x00000007a8000000, 0x00000007a8000000)
  eden space 87424K,   0% used [0x00000007a0000000, 0x00000007a0000000, 0x00000007a5560000)
  from space 21824K,  51% used [0x00000007a5560000, 0x00000007a6048938, 0x00000007a6ab0000)
  to   space 21824K,   0% used [0x00000007a6ab0000, 0x00000007a6ab0000, 0x00000007a8000000)
 concurrent mark-sweep generation total 393216K, used 92855K [0x00000007a8000000, 0x00000007c0000000, 0x00000007c0000000)
 Metaspace       used 63180K, capacity 65810K, committed 66120K, reserved 1107968K
  class space    used 7424K, capacity 7934K, committed 8008K, reserved 1048576K
}
2019-03-20T16:56:24.338+0600: 2580.789: Total time for which application threads were stopped: 0.0261214 seconds, Stopping threads took: 0.0048339 seconds
2019-03-20T16:56:24.338+0600: 2580.789: Total time for which application threads were stopped: 0.0003614 seconds, Stopping threads took: 0.0001532 seconds
2019-03-20T16:56:24.381+0600: 2580.833: Total time for which application threads were stopped: 0.0003809 seconds, Stopping threads took: 0.0001261 seconds
2019-03-20T16:56:24.472+0600: 2580.923: Total time for which application threads were stopped: 0.0011109 seconds, Stopping threads took: 0.0008793 seconds
2019-03-20T16:56:24.472+0600: 2580.923: Total time for which application threads were stopped: 0.0001761 seconds, Stopping threads took: 0.0000141 seconds
2019-03-20T16:56:25.097+0600: 2581.548: Total time for which application threads were stopped: 0.0328108 seconds, Stopping threads took: 0.0324413 seconds
2019-03-20T16:56:25.218+0600: 2581.669: Total time for which application threads were stopped: 0.0003683 seconds, Stopping threads took: 0.0001064 seconds
2019-03-20T16:56:25.389+0600: 2581.840: Total time for which application threads were stopped: 0.0119983 seconds, Stopping threads took: 0.0117436 seconds
2019-03-20T16:56:25.410+0600: 2581.861: Total time for which application threads were stopped: 0.0120504 seconds, Stopping threads took: 0.0118300 seconds
2019-03-20T16:56:25.413+0600: 2581.865: Total time for which application threads were stopped: 0.0003132 seconds, Stopping threads took: 0.0000788 seconds
2019-03-20T16:56:25.467+0600: 2581.918: Total time for which application threads were stopped: 0.0207002 seconds, Stopping threads took: 0.0204748 seconds
2019-03-20T16:56:25.470+0600: 2581.921: Total time for which application threads were stopped: 0.0002567 seconds, Stopping threads took: 0.0000748 seconds
2019-03-20T16:56:25.485+0600: 2581.936: Total time for which application threads were stopped: 0.0002943 seconds, Stopping threads took: 0.0000730 seconds
2019-03-20T16:56:25.530+0600: 2581.981: Total time for which application threads were stopped: 0.0217087 seconds, Stopping threads took: 0.0214403 seconds
2019-03-20T16:56:25.530+0600: 2581.982: Total time for which application threads were stopped: 0.0002188 seconds, Stopping threads took: 0.0000493 seconds
2019-03-20T16:56:25.531+0600: 2581.982: Total time for which application threads were stopped: 0.0001567 seconds, Stopping threads took: 0.0000134 seconds
2019-03-20T16:56:25.531+0600: 2581.982: Total time for which application threads were stopped: 0.0001408 seconds, Stopping threads took: 0.0000107 seconds
2019-03-20T16:56:25.531+0600: 2581.982: Total time for which application threads were stopped: 0.0001398 seconds, Stopping threads took: 0.0000103 seconds
2019-03-20T16:56:25.531+0600: 2581.983: Total time for which application threads were stopped: 0.0001587 seconds, Stopping threads took: 0.0000113 seconds
2019-03-20T16:56:25.532+0600: 2581.984: Total time for which application threads were stopped: 0.0002088 seconds, Stopping threads took: 0.0000194 seconds
2019-03-20T16:56:25.533+0600: 2581.984: Total time for which application threads were stopped: 0.0001771 seconds, Stopping threads took: 0.0000145 seconds
2019-03-20T16:56:25.542+0600: 2581.993: Total time for which application threads were stopped: 0.0012429 seconds, Stopping threads took: 0.0010167 seconds
2019-03-20T16:56:25.542+0600: 2581.993: Total time for which application threads were stopped: 0.0002185 seconds, Stopping threads took: 0.0000287 seconds
2019-03-20T16:56:25.604+0600: 2582.055: Total time for which application threads were stopped: 0.0390830 seconds, Stopping threads took: 0.0386614 seconds
2019-03-20T16:56:25.747+0600: 2582.199: Total time for which application threads were stopped: 0.0436479 seconds, Stopping threads took: 0.0433393 seconds
2019-03-20T16:56:25.782+0600: 2582.233: Total time for which application threads were stopped: 0.0124574 seconds, Stopping threads took: 0.0121009 seconds
2019-03-20T16:56:25.782+0600: 2582.234: Total time for which application threads were stopped: 0.0002209 seconds, Stopping threads took: 0.0000195 seconds
2019-03-20T16:56:25.783+0600: 2582.235: Total time for which application threads were stopped: 0.0002569 seconds, Stopping threads took: 0.0000601 seconds
2019-03-20T16:56:25.858+0600: 2582.309: Total time for which application threads were stopped: 0.0132172 seconds, Stopping threads took: 0.0130111 seconds
2019-03-20T16:56:25.858+0600: 2582.309: Total time for which application threads were stopped: 0.0001628 seconds, Stopping threads took: 0.0000366 seconds
2019-03-20T16:56:25.858+0600: 2582.309: Total time for which application threads were stopped: 0.0000982 seconds, Stopping threads took: 0.0000088 seconds
2019-03-20T16:56:25.912+0600: 2582.363: Total time for which application threads were stopped: 0.0129874 seconds, Stopping threads took: 0.0127770 seconds
2019-03-20T16:56:25.913+0600: 2582.364: Total time for which application threads were stopped: 0.0002239 seconds, Stopping threads took: 0.0000599 seconds
2019-03-20T16:56:25.913+0600: 2582.364: Total time for which application threads were stopped: 0.0001435 seconds, Stopping threads took: 0.0000112 seconds
2019-03-20T16:56:25.913+0600: 2582.364: Total time for which application threads were stopped: 0.0001776 seconds, Stopping threads took: 0.0000116 seconds
2019-03-20T16:56:25.913+0600: 2582.365: Total time for which application threads were stopped: 0.0001360 seconds, Stopping threads took: 0.0000111 seconds
2019-03-20T16:56:25.913+0600: 2582.365: Total time for which application threads were stopped: 0.0001232 seconds, Stopping threads took: 0.0000106 seconds
2019-03-20T16:56:25.914+0600: 2582.365: Total time for which application threads were stopped: 0.0001207 seconds, Stopping threads took: 0.0000104 seconds
2019-03-20T16:56:25.914+0600: 2582.366: Total time for which application threads were stopped: 0.0001844 seconds, Stopping threads took: 0.0000261 seconds
2019-03-20T16:56:25.919+0600: 2582.370: Total time for which application threads were stopped: 0.0002480 seconds, Stopping threads took: 0.0000497 seconds
2019-03-20T16:56:25.919+0600: 2582.370: Total time for which application threads were stopped: 0.0002106 seconds, Stopping threads took: 0.0000417 seconds
2019-03-20T16:56:26.000+0600: 2582.451: Total time for which application threads were stopped: 0.0050876 seconds, Stopping threads took: 0.0048520 seconds
2019-03-20T16:56:26.017+0600: 2582.469: Total time for which application threads were stopped: 0.0162974 seconds, Stopping threads took: 0.0160599 seconds
2019-03-20T16:56:26.049+0600: 2582.500: Total time for which application threads were stopped: 0.0127498 seconds, Stopping threads took: 0.0124582 seconds
2019-03-20T16:56:26.050+0600: 2582.502: Total time for which application threads were stopped: 0.0002535 seconds, Stopping threads took: 0.0000637 seconds
2019-03-20T16:56:26.148+0600: 2582.599: Total time for which application threads were stopped: 0.0335721 seconds, Stopping threads took: 0.0333074 seconds
2019-03-20T16:56:26.148+0600: 2582.600: Total time for which application threads were stopped: 0.0002608 seconds, Stopping threads took: 0.0000384 seconds
2019-03-20T16:56:26.149+0600: 2582.600: Total time for which application threads were stopped: 0.0002105 seconds, Stopping threads took: 0.0000440 seconds
2019-03-20T16:56:26.152+0600: 2582.603: Total time for which application threads were stopped: 0.0004169 seconds, Stopping threads took: 0.0002300 seconds
2019-03-20T16:56:26.152+0600: 2582.603: Total time for which application threads were stopped: 0.0001837 seconds, Stopping threads took: 0.0000157 seconds
2019-03-20T16:56:26.212+0600: 2582.664: Total time for which application threads were stopped: 0.0230198 seconds, Stopping threads took: 0.0227463 seconds
2019-03-20T16:56:33.884+0600: 2590.335: Total time for which application threads were stopped: 0.0322631 seconds, Stopping threads took: 0.0316837 seconds
{Heap before GC invocations=56 (full 2):
 par new generation   total 109248K, used 98594K [0x00000007a0000000, 0x00000007a8000000, 0x00000007a8000000)
  eden space 87424K, 100% used [0x00000007a0000000, 0x00000007a5560000, 0x00000007a5560000)
  from space 21824K,  51% used [0x00000007a5560000, 0x00000007a6048938, 0x00000007a6ab0000)
  to   space 21824K,   0% used [0x00000007a6ab0000, 0x00000007a6ab0000, 0x00000007a8000000)
 concurrent mark-sweep generation total 393216K, used 92855K [0x00000007a8000000, 0x00000007c0000000, 0x00000007c0000000)
 Metaspace       used 63513K, capacity 66142K, committed 66376K, reserved 1107968K
  class space    used 7426K, capacity 7938K, committed 8008K, reserved 1048576K
2019-03-20T16:56:33.886+0600: 2590.337: [GC (Allocation Failure) 2019-03-20T16:56:33.886+0600: 2590.337: [ParNew
Desired survivor size 20112992 bytes, new threshold 8 (max 8)
- age   1:     896992 bytes,     896992 total
- age   2:     778488 bytes,    1675480 total
- age   3:     195056 bytes,    1870536 total
- age   4:      55616 bytes,    1926152 total
- age   5:     872984 bytes,    2799136 total
- age   6:     123600 bytes,    2922736 total
- age   7:    1379544 bytes,    4302280 total
- age   8:       4456 bytes,    4306736 total
: 98594K->6020K(109248K), 0.0138838 secs] 191449K->100007K(502464K), 0.0140890 secs] [Times: user=0.03 sys=0.01, real=0.02 secs] 
Heap after GC invocations=57 (full 2):
 par new generation   total 109248K, used 6020K [0x00000007a0000000, 0x00000007a8000000, 0x00000007a8000000)
  eden space 87424K,   0% used [0x00000007a0000000, 0x00000007a0000000, 0x00000007a5560000)
  from space 21824K,  27% used [0x00000007a6ab0000, 0x00000007a7091230, 0x00000007a8000000)
  to   space 21824K,   0% used [0x00000007a5560000, 0x00000007a5560000, 0x00000007a6ab0000)
 concurrent mark-sweep generation total 393216K, used 93986K [0x00000007a8000000, 0x00000007c0000000, 0x00000007c0000000)
 Metaspace       used 63513K, capacity 66142K, committed 66376K, reserved 1107968K
  class space    used 7426K, capacity 7938K, committed 8008K, reserved 1048576K
}
2019-03-20T16:56:33.900+0600: 2590.351: Total time for which application threads were stopped: 0.0145916 seconds, Stopping threads took: 0.0000399 seconds
2019-03-20T16:56:33.900+0600: 2590.352: Total time for which application threads were stopped: 0.0004645 seconds, Stopping threads took: 0.0000190 seconds
2019-03-20T16:56:33.906+0600: 2590.357: Total time for which application threads were stopped: 0.0028971 seconds, Stopping threads took: 0.0026886 seconds
2019-03-20T16:56:33.914+0600: 2590.365: Total time for which application threads were stopped: 0.0050359 seconds, Stopping threads took: 0.0047885 seconds
2019-03-20T16:56:33.925+0600: 2590.376: Total time for which application threads were stopped: 0.0002968 seconds, Stopping threads took: 0.0000611 seconds
2019-03-20T16:56:33.925+0600: 2590.376: Total time for which application threads were stopped: 0.0002114 seconds, Stopping threads took: 0.0000150 seconds
2019-03-20T16:56:34.526+0600: 2590.978: Total time for which application threads were stopped: 0.0340578 seconds, Stopping threads took: 0.0337401 seconds
2019-03-20T16:56:34.527+0600: 2590.978: Total time for which application threads were stopped: 0.0002793 seconds, Stopping threads took: 0.0000400 seconds
2019-03-20T16:56:34.555+0600: 2591.006: Total time for which application threads were stopped: 0.0022212 seconds, Stopping threads took: 0.0019676 seconds
2019-03-20T16:56:34.555+0600: 2591.006: Total time for which application threads were stopped: 0.0001858 seconds, Stopping threads took: 0.0000122 seconds
2019-03-20T16:56:35.341+0600: 2591.792: Total time for which application threads were stopped: 0.0020507 seconds, Stopping threads took: 0.0017771 seconds
2019-03-20T16:56:35.342+0600: 2591.793: Total time for which application threads were stopped: 0.0002336 seconds, Stopping threads took: 0.0000586 seconds
2019-03-20T16:56:35.363+0600: 2591.814: Total time for which application threads were stopped: 0.0005191 seconds, Stopping threads took: 0.0002911 seconds
2019-03-20T16:56:35.363+0600: 2591.814: Total time for which application threads were stopped: 0.0002065 seconds, Stopping threads took: 0.0000328 seconds
2019-03-20T16:56:35.363+0600: 2591.814: Total time for which application threads were stopped: 0.0001835 seconds, Stopping threads took: 0.0000377 seconds
2019-03-20T16:56:35.364+0600: 2591.815: Total time for which application threads were stopped: 0.0013548 seconds, Stopping threads took: 0.0010510 seconds
2019-03-20T16:56:37.265+0600: 2593.716: Total time for which application threads were stopped: 0.0148266 seconds, Stopping threads took: 0.0145556 seconds
2019-03-20T16:56:37.265+0600: 2593.716: Total time for which application threads were stopped: 0.0001721 seconds, Stopping threads took: 0.0000172 seconds
2019-03-20T16:56:37.265+0600: 2593.717: Total time for which application threads were stopped: 0.0001551 seconds, Stopping threads took: 0.0000134 seconds
2019-03-20T16:56:37.266+0600: 2593.717: Total time for which application threads were stopped: 0.0001411 seconds, Stopping threads took: 0.0000114 seconds
2019-03-20T16:56:37.266+0600: 2593.717: Total time for which application threads were stopped: 0.0004648 seconds, Stopping threads took: 0.0000122 seconds
2019-03-20T16:56:37.304+0600: 2593.755: Total time for which application threads were stopped: 0.0127134 seconds, Stopping threads took: 0.0124224 seconds
2019-03-20T16:56:37.304+0600: 2593.755: Total time for which application threads were stopped: 0.0002350 seconds, Stopping threads took: 0.0000659 seconds
2019-03-20T16:56:37.320+0600: 2593.771: Total time for which application threads were stopped: 0.0011309 seconds, Stopping threads took: 0.0008822 seconds
2019-03-20T16:56:37.320+0600: 2593.771: Total time for which application threads were stopped: 0.0002402 seconds, Stopping threads took: 0.0000559 seconds
2019-03-20T16:56:38.322+0600: 2594.773: Total time for which application threads were stopped: 0.0002789 seconds, Stopping threads took: 0.0000963 seconds
2019-03-20T16:56:39.324+0600: 2595.775: Total time for which application threads were stopped: 0.0002826 seconds, Stopping threads took: 0.0000786 seconds
2019-03-20T16:56:40.119+0600: 2596.570: Total time for which application threads were stopped: 0.0004174 seconds, Stopping threads took: 0.0000428 seconds
2019-03-20T16:56:40.120+0600: 2596.571: Total time for which application threads were stopped: 0.0003659 seconds, Stopping threads took: 0.0000885 seconds
2019-03-20T16:56:40.121+0600: 2596.572: Total time for which application threads were stopped: 0.0003489 seconds, Stopping threads took: 0.0001090 seconds
2019-03-20T16:56:40.121+0600: 2596.572: Total time for which application threads were stopped: 0.0002268 seconds, Stopping threads took: 0.0000635 seconds
2019-03-20T16:56:40.122+0600: 2596.573: Total time for which application threads were stopped: 0.0002320 seconds, Stopping threads took: 0.0000338 seconds
2019-03-20T16:56:40.122+0600: 2596.573: Total time for which application threads were stopped: 0.0002814 seconds, Stopping threads took: 0.0000448 seconds
2019-03-20T16:56:40.123+0600: 2596.574: Total time for which application threads were stopped: 0.0001730 seconds, Stopping threads took: 0.0000267 seconds
2019-03-20T16:56:40.123+0600: 2596.574: Total time for which application threads were stopped: 0.0002710 seconds, Stopping threads took: 0.0000490 seconds
2019-03-20T16:56:40.124+0600: 2596.575: Total time for which application threads were stopped: 0.0003200 seconds, Stopping threads took: 0.0000242 seconds
2019-03-20T16:56:40.125+0600: 2596.576: Total time for which application threads were stopped: 0.0003342 seconds, Stopping threads took: 0.0001050 seconds
2019-03-20T16:56:40.126+0600: 2596.577: Total time for which application threads were stopped: 0.0003270 seconds, Stopping threads took: 0.0001070 seconds
2019-03-20T16:56:40.128+0600: 2596.579: Total time for which application threads were stopped: 0.0003939 seconds, Stopping threads took: 0.0001069 seconds
2019-03-20T16:56:40.128+0600: 2596.579: Total time for which application threads were stopped: 0.0002692 seconds, Stopping threads took: 0.0000513 seconds
2019-03-20T16:56:40.129+0600: 2596.580: Total time for which application threads were stopped: 0.0003664 seconds, Stopping threads took: 0.0002251 seconds
2019-03-20T16:56:40.130+0600: 2596.581: Total time for which application threads were stopped: 0.0003771 seconds, Stopping threads took: 0.0001461 seconds
2019-03-20T16:56:40.131+0600: 2596.582: Total time for which application threads were stopped: 0.0002466 seconds, Stopping threads took: 0.0000540 seconds
2019-03-20T16:56:40.132+0600: 2596.583: Total time for which application threads were stopped: 0.0002226 seconds, Stopping threads took: 0.0000353 seconds
2019-03-20T16:56:40.132+0600: 2596.583: Total time for which application threads were stopped: 0.0001606 seconds, Stopping threads took: 0.0000247 seconds
2019-03-20T16:56:40.133+0600: 2596.584: Total time for which application threads were stopped: 0.0001952 seconds, Stopping threads took: 0.0000321 seconds
2019-03-20T16:56:41.133+0600: 2597.584: Total time for which application threads were stopped: 0.0003053 seconds, Stopping threads took: 0.0000435 seconds
2019-03-20T16:56:52.464+0600: 2608.914: Total time for which application threads were stopped: 0.0003224 seconds, Stopping threads took: 0.0000494 seconds
2019-03-20T16:56:52.464+0600: 2608.915: Total time for which application threads were stopped: 0.0001859 seconds, Stopping threads took: 0.0000227 seconds
2019-03-20T16:56:54.387+0600: 2610.837: Total time for which application threads were stopped: 0.0005270 seconds, Stopping threads took: 0.0002730 seconds
2019-03-20T16:56:54.390+0600: 2610.841: Total time for which application threads were stopped: 0.0002766 seconds, Stopping threads took: 0.0000695 seconds
2019-03-20T16:56:54.391+0600: 2610.841: Total time for which application threads were stopped: 0.0003104 seconds, Stopping threads took: 0.0000847 seconds
2019-03-20T16:56:54.392+0600: 2610.843: Total time for which application threads were stopped: 0.0002233 seconds, Stopping threads took: 0.0000402 seconds
2019-03-20T16:56:54.392+0600: 2610.843: Total time for which application threads were stopped: 0.0003520 seconds, Stopping threads took: 0.0001555 seconds
2019-03-20T16:56:54.394+0600: 2610.845: Total time for which application threads were stopped: 0.0002709 seconds, Stopping threads took: 0.0000861 seconds
2019-03-20T16:56:54.395+0600: 2610.846: Total time for which application threads were stopped: 0.0003563 seconds, Stopping threads took: 0.0001175 seconds
2019-03-20T16:56:54.396+0600: 2610.846: Total time for which application threads were stopped: 0.0002364 seconds, Stopping threads took: 0.0000752 seconds
2019-03-20T16:56:55.397+0600: 2611.847: Total time for which application threads were stopped: 0.0006027 seconds, Stopping threads took: 0.0000776 seconds
2019-03-20T16:57:19.621+0600: 2636.071: Total time for which application threads were stopped: 0.0003051 seconds, Stopping threads took: 0.0000845 seconds
2019-03-20T16:57:19.621+0600: 2636.072: Total time for which application threads were stopped: 0.0002248 seconds, Stopping threads took: 0.0000431 seconds
2019-03-20T16:57:19.622+0600: 2636.072: Total time for which application threads were stopped: 0.0001909 seconds, Stopping threads took: 0.0000372 seconds
2019-03-20T16:57:19.624+0600: 2636.074: Total time for which application threads were stopped: 0.0006481 seconds, Stopping threads took: 0.0001235 seconds
2019-03-20T16:57:19.631+0600: 2636.082: Total time for which application threads were stopped: 0.0007467 seconds, Stopping threads took: 0.0001831 seconds
2019-03-20T16:57:28.091+0600: 2644.541: Total time for which application threads were stopped: 0.0003370 seconds, Stopping threads took: 0.0000406 seconds
2019-03-20T16:57:28.092+0600: 2644.542: Total time for which application threads were stopped: 0.0005425 seconds, Stopping threads took: 0.0000287 seconds
2019-03-20T16:57:28.108+0600: 2644.558: Total time for which application threads were stopped: 0.0004894 seconds, Stopping threads took: 0.0000627 seconds
2019-03-20T16:57:28.108+0600: 2644.558: Total time for which application threads were stopped: 0.0003420 seconds, Stopping threads took: 0.0000475 seconds
2019-03-20T16:57:28.356+0600: 2644.806: Total time for which application threads were stopped: 0.0002892 seconds, Stopping threads took: 0.0000540 seconds
2019-03-20T16:57:28.356+0600: 2644.806: Total time for which application threads were stopped: 0.0001925 seconds, Stopping threads took: 0.0000158 seconds
2019-03-20T16:57:28.375+0600: 2644.825: Total time for which application threads were stopped: 0.0003633 seconds, Stopping threads took: 0.0000619 seconds
2019-03-20T16:57:28.375+0600: 2644.825: Total time for which application threads were stopped: 0.0001634 seconds, Stopping threads took: 0.0000149 seconds
2019-03-20T16:57:50.433+0600: 2666.883: Total time for which application threads were stopped: 0.0003222 seconds, Stopping threads took: 0.0000605 seconds
2019-03-20T16:57:55.443+0600: 2671.892: Total time for which application threads were stopped: 0.0004059 seconds, Stopping threads took: 0.0000547 seconds
2019-03-20T16:57:58.307+0600: 2674.756: Total time for which application threads were stopped: 0.0003096 seconds, Stopping threads took: 0.0000661 seconds
2019-03-20T16:57:58.308+0600: 2674.757: Total time for which application threads were stopped: 0.0003451 seconds, Stopping threads took: 0.0000366 seconds
2019-03-20T16:57:58.309+0600: 2674.758: Total time for which application threads were stopped: 0.0002704 seconds, Stopping threads took: 0.0000462 seconds
2019-03-20T16:57:58.309+0600: 2674.758: Total time for which application threads were stopped: 0.0002098 seconds, Stopping threads took: 0.0000300 seconds
2019-03-20T16:57:58.309+0600: 2674.758: Total time for which application threads were stopped: 0.0001576 seconds, Stopping threads took: 0.0000239 seconds
2019-03-20T16:57:58.309+0600: 2674.758: Total time for which application threads were stopped: 0.0001374 seconds, Stopping threads took: 0.0000110 seconds
2019-03-20T16:57:58.309+0600: 2674.759: Total time for which application threads were stopped: 0.0001427 seconds, Stopping threads took: 0.0000187 seconds
2019-03-20T16:57:58.310+0600: 2674.759: Total time for which application threads were stopped: 0.0001549 seconds, Stopping threads took: 0.0000232 seconds
2019-03-20T16:57:58.310+0600: 2674.759: Total time for which application threads were stopped: 0.0001571 seconds, Stopping threads took: 0.0000233 seconds
2019-03-20T16:57:58.311+0600: 2674.760: Total time for which application threads were stopped: 0.0002143 seconds, Stopping threads took: 0.0000258 seconds
2019-03-20T16:57:58.311+0600: 2674.760: Total time for which application threads were stopped: 0.0001536 seconds, Stopping threads took: 0.0000163 seconds
2019-03-20T16:57:58.321+0600: 2674.770: Total time for which application threads were stopped: 0.0003307 seconds, Stopping threads took: 0.0000382 seconds
2019-03-20T16:57:58.321+0600: 2674.771: Total time for which application threads were stopped: 0.0002637 seconds, Stopping threads took: 0.0000389 seconds
2019-03-20T16:57:58.334+0600: 2674.784: Total time for which application threads were stopped: 0.0003405 seconds, Stopping threads took: 0.0000535 seconds
2019-03-20T16:57:58.335+0600: 2674.784: Total time for which application threads were stopped: 0.0003198 seconds, Stopping threads took: 0.0000371 seconds
2019-03-20T16:57:59.336+0600: 2675.785: Total time for which application threads were stopped: 0.0002454 seconds, Stopping threads took: 0.0000446 seconds
2019-03-20T16:58:04.344+0600: 2680.793: Total time for which application threads were stopped: 0.0005475 seconds, Stopping threads took: 0.0000966 seconds
2019-03-20T16:58:05.350+0600: 2681.799: Total time for which application threads were stopped: 0.0004350 seconds, Stopping threads took: 0.0000544 seconds
2019-03-20T16:58:43.409+0600: 2719.857: Total time for which application threads were stopped: 0.0004905 seconds, Stopping threads took: 0.0000598 seconds
2019-03-20T16:58:53.423+0600: 2729.872: Total time for which application threads were stopped: 0.0003713 seconds, Stopping threads took: 0.0000499 seconds
2019-03-20T16:58:55.430+0600: 2731.878: Total time for which application threads were stopped: 0.0003936 seconds, Stopping threads took: 0.0000615 seconds
2019-03-20T17:01:52.481+0600: 2908.936: Total time for which application threads were stopped: 0.0008141 seconds, Stopping threads took: 0.0002030 seconds
2019-03-20T17:01:52.481+0600: 2908.937: Total time for which application threads were stopped: 0.0001927 seconds, Stopping threads took: 0.0000256 seconds
2019-03-20T17:01:53.482+0600: 2909.937: Total time for which application threads were stopped: 0.0003986 seconds, Stopping threads took: 0.0000799 seconds
2019-03-20T17:01:55.483+0600: 2911.938: Total time for which application threads were stopped: 0.0003180 seconds, Stopping threads took: 0.0000415 seconds
2019-03-20T17:02:55.651+0600: 2972.106: Total time for which application threads were stopped: 0.0004042 seconds, Stopping threads took: 0.0000614 seconds
2019-03-20T17:04:55.915+0600: 3092.367: Total time for which application threads were stopped: 0.0002342 seconds, Stopping threads took: 0.0000577 seconds
2019-03-20T17:05:18.951+0600: 3115.403: Total time for which application threads were stopped: 0.0005856 seconds, Stopping threads took: 0.0000527 seconds
2019-03-20T17:05:50.733+0600: 3147.185: Total time for which application threads were stopped: 0.0009720 seconds, Stopping threads took: 0.0000500 seconds
2019-03-20T17:05:50.736+0600: 3147.187: Total time for which application threads were stopped: 0.0002295 seconds, Stopping threads took: 0.0000335 seconds
2019-03-20T17:05:50.754+0600: 3147.206: Total time for which application threads were stopped: 0.0003659 seconds, Stopping threads took: 0.0000685 seconds
2019-03-20T17:05:50.756+0600: 3147.207: Total time for which application threads were stopped: 0.0003286 seconds, Stopping threads took: 0.0000915 seconds
2019-03-20T17:05:50.756+0600: 3147.207: Total time for which application threads were stopped: 0.0002254 seconds, Stopping threads took: 0.0000478 seconds
2019-03-20T17:05:50.759+0600: 3147.210: Total time for which application threads were stopped: 0.0002809 seconds, Stopping threads took: 0.0000718 seconds
2019-03-20T17:05:50.762+0600: 3147.213: Total time for which application threads were stopped: 0.0005170 seconds, Stopping threads took: 0.0000720 seconds
2019-03-20T17:05:50.965+0600: 3147.416: Total time for which application threads were stopped: 0.0051175 seconds, Stopping threads took: 0.0047401 seconds
2019-03-20T17:05:50.965+0600: 3147.416: Total time for which application threads were stopped: 0.0001887 seconds, Stopping threads took: 0.0000167 seconds
2019-03-20T17:05:50.968+0600: 3147.419: Total time for which application threads were stopped: 0.0002691 seconds, Stopping threads took: 0.0000262 seconds
2019-03-20T17:05:50.968+0600: 3147.419: Total time for which application threads were stopped: 0.0002239 seconds, Stopping threads took: 0.0000226 seconds
2019-03-20T17:05:51.276+0600: 3147.727: Total time for which application threads were stopped: 0.0285463 seconds, Stopping threads took: 0.0281355 seconds
2019-03-20T17:05:51.315+0600: 3147.766: Total time for which application threads were stopped: 0.0144315 seconds, Stopping threads took: 0.0140412 seconds
2019-03-20T17:05:51.374+0600: 3147.825: Total time for which application threads were stopped: 0.0149871 seconds, Stopping threads took: 0.0147132 seconds
2019-03-20T17:05:51.374+0600: 3147.825: Total time for which application threads were stopped: 0.0002810 seconds, Stopping threads took: 0.0000523 seconds
2019-03-20T17:05:51.377+0600: 3147.828: Total time for which application threads were stopped: 0.0014132 seconds, Stopping threads took: 0.0010864 seconds
2019-03-20T17:05:51.530+0600: 3147.982: Total time for which application threads were stopped: 0.0222072 seconds, Stopping threads took: 0.0219445 seconds
2019-03-20T17:05:51.532+0600: 3147.983: Total time for which application threads were stopped: 0.0007449 seconds, Stopping threads took: 0.0001607 seconds
2019-03-20T17:05:51.558+0600: 3148.009: Total time for which application threads were stopped: 0.0112568 seconds, Stopping threads took: 0.0109998 seconds
2019-03-20T17:05:51.559+0600: 3148.010: Total time for which application threads were stopped: 0.0002251 seconds, Stopping threads took: 0.0000564 seconds
2019-03-20T17:05:51.607+0600: 3148.058: Total time for which application threads were stopped: 0.0283083 seconds, Stopping threads took: 0.0274345 seconds
2019-03-20T17:05:51.611+0600: 3148.062: Total time for which application threads were stopped: 0.0003221 seconds, Stopping threads took: 0.0000350 seconds
2019-03-20T17:05:51.623+0600: 3148.074: Total time for which application threads were stopped: 0.0003398 seconds, Stopping threads took: 0.0000730 seconds
2019-03-20T17:05:51.624+0600: 3148.075: Total time for which application threads were stopped: 0.0002359 seconds, Stopping threads took: 0.0000478 seconds
{Heap before GC invocations=57 (full 2):
 par new generation   total 109248K, used 93441K [0x00000007a0000000, 0x00000007a8000000, 0x00000007a8000000)
  eden space 87424K,  99% used [0x00000007a0000000, 0x00000007a555f438, 0x00000007a5560000)
  from space 21824K,  27% used [0x00000007a6ab0000, 0x00000007a7091230, 0x00000007a8000000)
  to   space 21824K,   0% used [0x00000007a5560000, 0x00000007a5560000, 0x00000007a6ab0000)
 concurrent mark-sweep generation total 393216K, used 93986K [0x00000007a8000000, 0x00000007c0000000, 0x00000007c0000000)
 Metaspace       used 63771K, capacity 66398K, committed 66632K, reserved 1107968K
  class space    used 7428K, capacity 7938K, committed 8008K, reserved 1048576K
2019-03-20T17:05:51.674+0600: 3148.125: [GC (Allocation Failure) 2019-03-20T17:05:51.674+0600: 3148.125: [ParNew
Desired survivor size 20112992 bytes, new threshold 8 (max 8)
- age   1:    6582312 bytes,    6582312 total
- age   2:     739520 bytes,    7321832 total
- age   3:     764968 bytes,    8086800 total
- age   4:     186184 bytes,    8272984 total
- age   5:      55616 bytes,    8328600 total
- age   6:     828520 bytes,    9157120 total
- age   7:     123600 bytes,    9280720 total
- age   8:    1377472 bytes,   10658192 total
: 93441K->11223K(109248K), 0.1245758 secs] 187428K->105214K(502464K), 0.1248022 secs] [Times: user=0.07 sys=0.07, real=0.12 secs] 
Heap after GC invocations=58 (full 2):
 par new generation   total 109248K, used 11223K [0x00000007a0000000, 0x00000007a8000000, 0x00000007a8000000)
  eden space 87424K,   0% used [0x00000007a0000000, 0x00000007a0000000, 0x00000007a5560000)
  from space 21824K,  51% used [0x00000007a5560000, 0x00000007a6055ea0, 0x00000007a6ab0000)
  to   space 21824K,   0% used [0x00000007a6ab0000, 0x00000007a6ab0000, 0x00000007a8000000)
 concurrent mark-sweep generation total 393216K, used 93991K [0x00000007a8000000, 0x00000007c0000000, 0x00000007c0000000)
 Metaspace       used 63771K, capacity 66398K, committed 66632K, reserved 1107968K
  class space    used 7428K, capacity 7938K, committed 8008K, reserved 1048576K
}
2019-03-20T17:05:51.799+0600: 3148.250: Total time for which application threads were stopped: 0.1268494 seconds, Stopping threads took: 0.0011286 seconds
2019-03-20T17:05:51.799+0600: 3148.250: Total time for which application threads were stopped: 0.0002680 seconds, Stopping threads took: 0.0000350 seconds
2019-03-20T17:05:51.800+0600: 3148.251: Total time for which application threads were stopped: 0.0002337 seconds, Stopping threads took: 0.0000810 seconds
2019-03-20T17:05:51.864+0600: 3148.316: Total time for which application threads were stopped: 0.0207097 seconds, Stopping threads took: 0.0204170 seconds
2019-03-20T17:05:51.865+0600: 3148.316: Total time for which application threads were stopped: 0.0002517 seconds, Stopping threads took: 0.0000653 seconds
2019-03-20T17:05:51.878+0600: 3148.329: Total time for which application threads were stopped: 0.0004132 seconds, Stopping threads took: 0.0001928 seconds
2019-03-20T17:05:51.945+0600: 3148.396: Total time for which application threads were stopped: 0.0073770 seconds, Stopping threads took: 0.0070913 seconds
2019-03-20T17:05:51.948+0600: 3148.399: Total time for which application threads were stopped: 0.0006848 seconds, Stopping threads took: 0.0001005 seconds
2019-03-20T17:05:51.948+0600: 3148.399: Total time for which application threads were stopped: 0.0001841 seconds, Stopping threads took: 0.0000134 seconds
2019-03-20T17:05:51.948+0600: 3148.399: Total time for which application threads were stopped: 0.0001621 seconds, Stopping threads took: 0.0000114 seconds
2019-03-20T17:05:51.948+0600: 3148.400: Total time for which application threads were stopped: 0.0001814 seconds, Stopping threads took: 0.0000112 seconds
2019-03-20T17:05:52.004+0600: 3148.456: Total time for which application threads were stopped: 0.0139554 seconds, Stopping threads took: 0.0137065 seconds
2019-03-20T17:05:52.005+0600: 3148.456: Total time for which application threads were stopped: 0.0002448 seconds, Stopping threads took: 0.0000234 seconds
2019-03-20T17:05:52.005+0600: 3148.457: Total time for which application threads were stopped: 0.0001614 seconds, Stopping threads took: 0.0000129 seconds
2019-03-20T17:05:52.006+0600: 3148.457: Total time for which application threads were stopped: 0.0001804 seconds, Stopping threads took: 0.0000278 seconds
2019-03-20T17:05:52.007+0600: 3148.458: Total time for which application threads were stopped: 0.0001835 seconds, Stopping threads took: 0.0000156 seconds
2019-03-20T17:05:52.020+0600: 3148.471: Total time for which application threads were stopped: 0.0003027 seconds, Stopping threads took: 0.0000644 seconds
2019-03-20T17:05:52.020+0600: 3148.471: Total time for which application threads were stopped: 0.0002021 seconds, Stopping threads took: 0.0000334 seconds
2019-03-20T17:05:52.115+0600: 3148.566: Total time for which application threads were stopped: 0.0270437 seconds, Stopping threads took: 0.0267723 seconds
2019-03-20T17:05:52.141+0600: 3148.592: Total time for which application threads were stopped: 0.0123374 seconds, Stopping threads took: 0.0120171 seconds
2019-03-20T17:05:52.205+0600: 3148.656: Total time for which application threads were stopped: 0.0003252 seconds, Stopping threads took: 0.0000676 seconds
2019-03-20T17:05:52.206+0600: 3148.657: Total time for which application threads were stopped: 0.0002023 seconds, Stopping threads took: 0.0000220 seconds
2019-03-20T17:05:52.207+0600: 3148.658: Total time for which application threads were stopped: 0.0001713 seconds, Stopping threads took: 0.0000133 seconds
2019-03-20T17:05:52.207+0600: 3148.658: Total time for which application threads were stopped: 0.0001422 seconds, Stopping threads took: 0.0000109 seconds
2019-03-20T17:05:52.207+0600: 3148.658: Total time for which application threads were stopped: 0.0001486 seconds, Stopping threads took: 0.0000119 seconds
2019-03-20T17:05:52.239+0600: 3148.690: Total time for which application threads were stopped: 0.0240663 seconds, Stopping threads took: 0.0237969 seconds
2019-03-20T17:05:52.239+0600: 3148.691: Total time for which application threads were stopped: 0.0002476 seconds, Stopping threads took: 0.0000234 seconds
2019-03-20T17:05:52.327+0600: 3148.778: Total time for which application threads were stopped: 0.0230057 seconds, Stopping threads took: 0.0227538 seconds
2019-03-20T17:05:52.328+0600: 3148.779: Total time for which application threads were stopped: 0.0004920 seconds, Stopping threads took: 0.0000302 seconds
2019-03-20T17:05:55.348+0600: 3151.799: Total time for which application threads were stopped: 0.0149262 seconds, Stopping threads took: 0.0146899 seconds
2019-03-20T17:06:52.507+0600: 3208.957: Total time for which application threads were stopped: 0.0004276 seconds, Stopping threads took: 0.0000855 seconds
2019-03-20T17:06:52.508+0600: 3208.958: Total time for which application threads were stopped: 0.0002718 seconds, Stopping threads took: 0.0000952 seconds
2019-03-20T17:06:55.516+0600: 3211.967: Total time for which application threads were stopped: 0.0008870 seconds, Stopping threads took: 0.0001229 seconds
2019-03-20T17:07:52.605+0600: 3269.054: Total time for which application threads were stopped: 0.0004818 seconds, Stopping threads took: 0.0000567 seconds
2019-03-20T17:07:55.608+0600: 3272.057: Total time for which application threads were stopped: 0.0005279 seconds, Stopping threads took: 0.0000733 seconds
2019-03-20T17:08:55.714+0600: 3332.162: Total time for which application threads were stopped: 0.0003149 seconds, Stopping threads took: 0.0000604 seconds
2019-03-20T17:09:55.838+0600: 3392.285: Total time for which application threads were stopped: 0.0002671 seconds, Stopping threads took: 0.0000500 seconds
2019-03-20T17:10:05.047+0600: 3401.494: Total time for which application threads were stopped: 0.0002486 seconds, Stopping threads took: 0.0000308 seconds
2019-03-20T17:10:05.049+0600: 3401.496: Total time for which application threads were stopped: 0.0002078 seconds, Stopping threads took: 0.0000244 seconds
2019-03-20T17:10:05.049+0600: 3401.496: Total time for which application threads were stopped: 0.0001879 seconds, Stopping threads took: 0.0000177 seconds
2019-03-20T17:10:05.049+0600: 3401.496: Total time for which application threads were stopped: 0.0001277 seconds, Stopping threads took: 0.0000102 seconds
2019-03-20T17:10:05.050+0600: 3401.497: Total time for which application threads were stopped: 0.0001272 seconds, Stopping threads took: 0.0000094 seconds
2019-03-20T17:10:05.059+0600: 3401.506: Total time for which application threads were stopped: 0.0002700 seconds, Stopping threads took: 0.0000483 seconds
2019-03-20T17:10:05.059+0600: 3401.506: Total time for which application threads were stopped: 0.0001592 seconds, Stopping threads took: 0.0000391 seconds
2019-03-20T17:10:05.061+0600: 3401.508: Total time for which application threads were stopped: 0.0002339 seconds, Stopping threads took: 0.0000261 seconds
2019-03-20T17:10:05.065+0600: 3401.512: Total time for which application threads were stopped: 0.0002593 seconds, Stopping threads took: 0.0000503 seconds
2019-03-20T17:10:05.065+0600: 3401.512: Total time for which application threads were stopped: 0.0002201 seconds, Stopping threads took: 0.0000217 seconds
2019-03-20T17:10:05.066+0600: 3401.512: Total time for which application threads were stopped: 0.0001968 seconds, Stopping threads took: 0.0000157 seconds
2019-03-20T17:10:05.066+0600: 3401.513: Total time for which application threads were stopped: 0.0003160 seconds, Stopping threads took: 0.0000137 seconds
2019-03-20T17:10:05.067+0600: 3401.514: Total time for which application threads were stopped: 0.0001602 seconds, Stopping threads took: 0.0000150 seconds
2019-03-20T17:10:05.068+0600: 3401.515: Total time for which application threads were stopped: 0.0003456 seconds, Stopping threads took: 0.0000818 seconds
2019-03-20T17:10:05.068+0600: 3401.515: Total time for which application threads were stopped: 0.0002559 seconds, Stopping threads took: 0.0000267 seconds
2019-03-20T17:10:05.069+0600: 3401.516: Total time for which application threads were stopped: 0.0005415 seconds, Stopping threads took: 0.0000519 seconds
2019-03-20T17:10:05.070+0600: 3401.517: Total time for which application threads were stopped: 0.0009900 seconds, Stopping threads took: 0.0002768 seconds
2019-03-20T17:10:05.074+0600: 3401.521: Total time for which application threads were stopped: 0.0002934 seconds, Stopping threads took: 0.0000892 seconds
2019-03-20T17:10:06.075+0600: 3402.522: Total time for which application threads were stopped: 0.0002911 seconds, Stopping threads took: 0.0000494 seconds
2019-03-20T17:10:09.806+0600: 3406.253: Total time for which application threads were stopped: 0.0002877 seconds, Stopping threads took: 0.0000422 seconds
2019-03-20T17:10:09.810+0600: 3406.257: Total time for which application threads were stopped: 0.0002313 seconds, Stopping threads took: 0.0000283 seconds
2019-03-20T17:10:09.814+0600: 3406.261: Total time for which application threads were stopped: 0.0001828 seconds, Stopping threads took: 0.0000224 seconds
2019-03-20T17:10:09.816+0600: 3406.263: Total time for which application threads were stopped: 0.0002143 seconds, Stopping threads took: 0.0000569 seconds
2019-03-20T17:10:09.816+0600: 3406.263: Total time for which application threads were stopped: 0.0001586 seconds, Stopping threads took: 0.0000249 seconds
2019-03-20T17:10:09.816+0600: 3406.263: Total time for which application threads were stopped: 0.0001186 seconds, Stopping threads took: 0.0000297 seconds
2019-03-20T17:10:09.818+0600: 3406.265: Total time for which application threads were stopped: 0.0002594 seconds, Stopping threads took: 0.0000306 seconds
2019-03-20T17:10:09.819+0600: 3406.266: Total time for which application threads were stopped: 0.0002359 seconds, Stopping threads took: 0.0000463 seconds
2019-03-20T17:10:10.822+0600: 3407.269: Total time for which application threads were stopped: 0.0007242 seconds, Stopping threads took: 0.0001458 seconds
2019-03-20T17:10:12.827+0600: 3409.274: Total time for which application threads were stopped: 0.0002759 seconds, Stopping threads took: 0.0000577 seconds
2019-03-20T17:10:16.835+0600: 3413.282: Total time for which application threads were stopped: 0.0004219 seconds, Stopping threads took: 0.0000655 seconds
2019-03-20T17:10:19.844+0600: 3416.290: Total time for which application threads were stopped: 0.0004145 seconds, Stopping threads took: 0.0000637 seconds
{Heap before GC invocations=58 (full 2):
 par new generation   total 109248K, used 98647K [0x00000007a0000000, 0x00000007a8000000, 0x00000007a8000000)
  eden space 87424K, 100% used [0x00000007a0000000, 0x00000007a5560000, 0x00000007a5560000)
  from space 21824K,  51% used [0x00000007a5560000, 0x00000007a6055ea0, 0x00000007a6ab0000)
  to   space 21824K,   0% used [0x00000007a6ab0000, 0x00000007a6ab0000, 0x00000007a8000000)
 concurrent mark-sweep generation total 393216K, used 93991K [0x00000007a8000000, 0x00000007c0000000, 0x00000007c0000000)
 Metaspace       used 63836K, capacity 66402K, committed 66632K, reserved 1107968K
  class space    used 7429K, capacity 7938K, committed 8008K, reserved 1048576K
2019-03-20T17:10:52.601+0600: 3449.047: [GC (Allocation Failure) 2019-03-20T17:10:52.601+0600: 3449.048: [ParNew
Desired survivor size 20112992 bytes, new threshold 8 (max 8)
- age   1:    1178000 bytes,    1178000 total
- age   2:     785328 bytes,    1963328 total
- age   3:     616488 bytes,    2579816 total
- age   4:     764800 bytes,    3344616 total
- age   5:     119336 bytes,    3463952 total
- age   6:      55616 bytes,    3519568 total
- age   7:     827056 bytes,    4346624 total
- age   8:     121120 bytes,    4467744 total
: 98647K->10279K(109248K), 0.0150626 secs] 192638K->105619K(502464K), 0.0157272 secs] [Times: user=0.05 sys=0.01, real=0.01 secs] 
Heap after GC invocations=59 (full 2):
 par new generation   total 109248K, used 10279K [0x00000007a0000000, 0x00000007a8000000, 0x00000007a8000000)
  eden space 87424K,   0% used [0x00000007a0000000, 0x00000007a0000000, 0x00000007a5560000)
  from space 21824K,  47% used [0x00000007a6ab0000, 0x00000007a74b9df8, 0x00000007a8000000)
  to   space 21824K,   0% used [0x00000007a5560000, 0x00000007a5560000, 0x00000007a6ab0000)
 concurrent mark-sweep generation total 393216K, used 95339K [0x00000007a8000000, 0x00000007c0000000, 0x00000007c0000000)
 Metaspace       used 63836K, capacity 66402K, committed 66632K, reserved 1107968K
  class space    used 7429K, capacity 7938K, committed 8008K, reserved 1048576K
}
2019-03-20T17:10:52.617+0600: 3449.063: Total time for which application threads were stopped: 0.0161116 seconds, Stopping threads took: 0.0000415 seconds
2019-03-20T17:10:52.617+0600: 3449.063: Total time for which application threads were stopped: 0.0005084 seconds, Stopping threads took: 0.0000294 seconds
{Heap before GC invocations=59 (full 2):
 par new generation   total 109248K, used 97703K [0x00000007a0000000, 0x00000007a8000000, 0x00000007a8000000)
  eden space 87424K, 100% used [0x00000007a0000000, 0x00000007a5560000, 0x00000007a5560000)
  from space 21824K,  47% used [0x00000007a6ab0000, 0x00000007a74b9df8, 0x00000007a8000000)
  to   space 21824K,   0% used [0x00000007a5560000, 0x00000007a5560000, 0x00000007a6ab0000)
 concurrent mark-sweep generation total 393216K, used 95339K [0x00000007a8000000, 0x00000007c0000000, 0x00000007c0000000)
 Metaspace       used 63836K, capacity 66402K, committed 66632K, reserved 1107968K
  class space    used 7429K, capacity 7938K, committed 8008K, reserved 1048576K
2019-03-20T17:10:52.662+0600: 3449.108: [GC (Allocation Failure) 2019-03-20T17:10:52.662+0600: 3449.108: [ParNew
Desired survivor size 20112992 bytes, new threshold 8 (max 8)
- age   1:     443736 bytes,     443736 total
- age   2:    1051512 bytes,    1495248 total
- age   3:     783856 bytes,    2279104 total
- age   4:     614632 bytes,    2893736 total
- age   5:     764800 bytes,    3658536 total
- age   6:     119336 bytes,    3777872 total
- age   7:      55616 bytes,    3833488 total
- age   8:     827096 bytes,    4660584 total
: 97703K->6775K(109248K), 0.0115235 secs] 193043K->102237K(502464K), 0.0116263 secs] [Times: user=0.04 sys=0.00, real=0.01 secs] 
Heap after GC invocations=60 (full 2):
 par new generation   total 109248K, used 6775K [0x00000007a0000000, 0x00000007a8000000, 0x00000007a8000000)
  eden space 87424K,   0% used [0x00000007a0000000, 0x00000007a0000000, 0x00000007a5560000)
  from space 21824K,  31% used [0x00000007a5560000, 0x00000007a5bfdf70, 0x00000007a6ab0000)
  to   space 21824K,   0% used [0x00000007a6ab0000, 0x00000007a6ab0000, 0x00000007a8000000)
 concurrent mark-sweep generation total 393216K, used 95461K [0x00000007a8000000, 0x00000007c0000000, 0x00000007c0000000)
 Metaspace       used 63836K, capacity 66402K, committed 66632K, reserved 1107968K
  class space    used 7429K, capacity 7938K, committed 8008K, reserved 1048576K
}
2019-03-20T17:10:52.673+0600: 3449.119: Total time for which application threads were stopped: 0.0120070 seconds, Stopping threads took: 0.0000709 seconds
2019-03-20T17:10:52.733+0600: 3449.179: Total time for which application threads were stopped: 0.0003455 seconds, Stopping threads took: 0.0000391 seconds
2019-03-20T17:10:52.734+0600: 3449.180: Total time for which application threads were stopped: 0.0005967 seconds, Stopping threads took: 0.0000261 seconds
2019-03-20T17:10:53.734+0600: 3450.180: Total time for which application threads were stopped: 0.0003061 seconds, Stopping threads took: 0.0000773 seconds
2019-03-20T17:10:56.374+0600: 3452.820: Total time for which application threads were stopped: 0.0002639 seconds, Stopping threads took: 0.0000377 seconds
2019-03-20T17:10:56.380+0600: 3452.826: Total time for which application threads were stopped: 0.0002689 seconds, Stopping threads took: 0.0000819 seconds
2019-03-20T17:10:56.380+0600: 3452.826: Total time for which application threads were stopped: 0.0001828 seconds, Stopping threads took: 0.0000142 seconds
2019-03-20T17:10:56.380+0600: 3452.826: Total time for which application threads were stopped: 0.0001058 seconds, Stopping threads took: 0.0000097 seconds
2019-03-20T17:10:56.381+0600: 3452.827: Total time for which application threads were stopped: 0.0003189 seconds, Stopping threads took: 0.0000593 seconds
2019-03-20T17:10:56.382+0600: 3452.827: Total time for which application threads were stopped: 0.0001629 seconds, Stopping threads took: 0.0000112 seconds
2019-03-20T17:10:56.383+0600: 3452.829: Total time for which application threads were stopped: 0.0002958 seconds, Stopping threads took: 0.0000554 seconds
2019-03-20T17:11:06.410+0600: 3462.856: Total time for which application threads were stopped: 0.0002658 seconds, Stopping threads took: 0.0000450 seconds
2019-03-20T17:11:06.606+0600: 3463.052: Total time for which application threads were stopped: 0.0003495 seconds, Stopping threads took: 0.0000425 seconds
2019-03-20T17:11:06.606+0600: 3463.052: Total time for which application threads were stopped: 0.0001914 seconds, Stopping threads took: 0.0000144 seconds
2019-03-20T17:11:06.624+0600: 3463.070: Total time for which application threads were stopped: 0.0003192 seconds, Stopping threads took: 0.0000662 seconds
2019-03-20T17:11:06.626+0600: 3463.071: Total time for which application threads were stopped: 0.0002989 seconds, Stopping threads took: 0.0000279 seconds
2019-03-20T17:11:06.628+0600: 3463.074: Total time for which application threads were stopped: 0.0002514 seconds, Stopping threads took: 0.0000263 seconds
2019-03-20T17:11:06.628+0600: 3463.074: Total time for which application threads were stopped: 0.0001515 seconds, Stopping threads took: 0.0000131 seconds
2019-03-20T17:11:06.628+0600: 3463.074: Total time for which application threads were stopped: 0.0001666 seconds, Stopping threads took: 0.0000158 seconds
2019-03-20T17:11:06.630+0600: 3463.075: Total time for which application threads were stopped: 0.0002255 seconds, Stopping threads took: 0.0000208 seconds
2019-03-20T17:11:06.631+0600: 3463.077: Total time for which application threads were stopped: 0.0003696 seconds, Stopping threads took: 0.0000520 seconds
2019-03-20T17:11:06.635+0600: 3463.081: Total time for which application threads were stopped: 0.0002666 seconds, Stopping threads took: 0.0000316 seconds
2019-03-20T17:11:06.637+0600: 3463.083: Total time for which application threads were stopped: 0.0002212 seconds, Stopping threads took: 0.0000403 seconds
2019-03-20T17:11:06.637+0600: 3463.083: Total time for which application threads were stopped: 0.0001952 seconds, Stopping threads took: 0.0000177 seconds
2019-03-20T17:11:06.638+0600: 3463.084: Total time for which application threads were stopped: 0.0005944 seconds, Stopping threads took: 0.0000125 seconds
2019-03-20T17:11:06.657+0600: 3463.103: Total time for which application threads were stopped: 0.0002750 seconds, Stopping threads took: 0.0000375 seconds
2019-03-20T17:11:06.657+0600: 3463.103: Total time for which application threads were stopped: 0.0001727 seconds, Stopping threads took: 0.0000131 seconds
2019-03-20T17:11:06.670+0600: 3463.116: Total time for which application threads were stopped: 0.0005852 seconds, Stopping threads took: 0.0000335 seconds
2019-03-20T17:11:06.671+0600: 3463.116: Total time for which application threads were stopped: 0.0005278 seconds, Stopping threads took: 0.0000659 seconds
2019-03-20T17:11:06.671+0600: 3463.117: Total time for which application threads were stopped: 0.0004136 seconds, Stopping threads took: 0.0000378 seconds
2019-03-20T17:11:11.852+0600: 3468.297: Total time for which application threads were stopped: 0.0003159 seconds, Stopping threads took: 0.0000418 seconds
2019-03-20T17:11:11.852+0600: 3468.298: Total time for which application threads were stopped: 0.0002239 seconds, Stopping threads took: 0.0000168 seconds
2019-03-20T17:11:11.862+0600: 3468.307: Total time for which application threads were stopped: 0.0005038 seconds, Stopping threads took: 0.0000814 seconds
2019-03-20T17:11:11.862+0600: 3468.308: Total time for which application threads were stopped: 0.0005433 seconds, Stopping threads took: 0.0000423 seconds
2019-03-20T17:11:13.016+0600: 3469.462: Total time for which application threads were stopped: 0.0002893 seconds, Stopping threads took: 0.0000536 seconds
2019-03-20T17:11:13.017+0600: 3469.463: Total time for which application threads were stopped: 0.0001857 seconds, Stopping threads took: 0.0000290 seconds
2019-03-20T17:11:13.017+0600: 3469.463: Total time for which application threads were stopped: 0.0001485 seconds, Stopping threads took: 0.0000140 seconds
2019-03-20T17:11:13.017+0600: 3469.463: Total time for which application threads were stopped: 0.0001317 seconds, Stopping threads took: 0.0000158 seconds
2019-03-20T17:11:13.017+0600: 3469.463: Total time for which application threads were stopped: 0.0001332 seconds, Stopping threads took: 0.0000237 seconds
2019-03-20T17:11:13.018+0600: 3469.464: Total time for which application threads were stopped: 0.0002391 seconds, Stopping threads took: 0.0000299 seconds
2019-03-20T17:11:13.019+0600: 3469.464: Total time for which application threads were stopped: 0.0002407 seconds, Stopping threads took: 0.0000456 seconds
2019-03-20T17:11:13.031+0600: 3469.477: Total time for which application threads were stopped: 0.0003288 seconds, Stopping threads took: 0.0000570 seconds
2019-03-20T17:11:13.031+0600: 3469.477: Total time for which application threads were stopped: 0.0002411 seconds, Stopping threads took: 0.0000290 seconds
2019-03-20T17:11:13.042+0600: 3469.487: Total time for which application threads were stopped: 0.0003673 seconds, Stopping threads took: 0.0000580 seconds
2019-03-20T17:11:13.042+0600: 3469.488: Total time for which application threads were stopped: 0.0003119 seconds, Stopping threads took: 0.0000581 seconds
2019-03-20T17:11:18.952+0600: 3475.398: Total time for which application threads were stopped: 0.0003082 seconds, Stopping threads took: 0.0000518 seconds
2019-03-20T17:11:18.953+0600: 3475.398: Total time for which application threads were stopped: 0.0003081 seconds, Stopping threads took: 0.0000518 seconds
2019-03-20T17:11:18.953+0600: 3475.398: Total time for which application threads were stopped: 0.0001722 seconds, Stopping threads took: 0.0000141 seconds
2019-03-20T17:11:18.954+0600: 3475.399: Total time for which application threads were stopped: 0.0002975 seconds, Stopping threads took: 0.0000449 seconds
2019-03-20T17:11:18.955+0600: 3475.401: Total time for which application threads were stopped: 0.0005921 seconds, Stopping threads took: 0.0000756 seconds
2019-03-20T17:11:18.956+0600: 3475.401: Total time for which application threads were stopped: 0.0004498 seconds, Stopping threads took: 0.0000995 seconds
2019-03-20T17:11:18.958+0600: 3475.403: Total time for which application threads were stopped: 0.0003101 seconds, Stopping threads took: 0.0000563 seconds
2019-03-20T17:11:18.960+0600: 3475.406: Total time for which application threads were stopped: 0.0003067 seconds, Stopping threads took: 0.0000762 seconds
2019-03-20T17:11:18.960+0600: 3475.406: Total time for which application threads were stopped: 0.0002425 seconds, Stopping threads took: 0.0000485 seconds
2019-03-20T17:11:18.961+0600: 3475.406: Total time for which application threads were stopped: 0.0002595 seconds, Stopping threads took: 0.0000734 seconds
2019-03-20T17:11:18.961+0600: 3475.407: Total time for which application threads were stopped: 0.0002766 seconds, Stopping threads took: 0.0000519 seconds
2019-03-20T17:11:18.962+0600: 3475.407: Total time for which application threads were stopped: 0.0002603 seconds, Stopping threads took: 0.0000414 seconds
2019-03-20T17:11:18.962+0600: 3475.408: Total time for which application threads were stopped: 0.0004994 seconds, Stopping threads took: 0.0000353 seconds
2019-03-20T17:11:18.964+0600: 3475.409: Total time for which application threads were stopped: 0.0002141 seconds, Stopping threads took: 0.0000485 seconds
2019-03-20T17:11:18.964+0600: 3475.410: Total time for which application threads were stopped: 0.0002227 seconds, Stopping threads took: 0.0000483 seconds
2019-03-20T17:11:18.965+0600: 3475.411: Total time for which application threads were stopped: 0.0002992 seconds, Stopping threads took: 0.0000680 seconds
2019-03-20T17:11:18.966+0600: 3475.411: Total time for which application threads were stopped: 0.0001809 seconds, Stopping threads took: 0.0000275 seconds
2019-03-20T17:11:18.971+0600: 3475.417: Total time for which application threads were stopped: 0.0003011 seconds, Stopping threads took: 0.0000696 seconds
2019-03-20T17:11:52.529+0600: 3508.974: Total time for which application threads were stopped: 0.0007180 seconds, Stopping threads took: 0.0000793 seconds
2019-03-20T17:11:52.529+0600: 3508.974: Total time for which application threads were stopped: 0.0002083 seconds, Stopping threads took: 0.0000247 seconds
2019-03-20T17:11:55.533+0600: 3511.978: Total time for which application threads were stopped: 0.0002669 seconds, Stopping threads took: 0.0000449 seconds
2019-03-20T17:12:55.645+0600: 3572.089: Total time for which application threads were stopped: 0.0002565 seconds, Stopping threads took: 0.0000555 seconds
2019-03-20T17:12:56.648+0600: 3573.092: Total time for which application threads were stopped: 0.0002451 seconds, Stopping threads took: 0.0000404 seconds
2019-03-20T17:13:49.756+0600: 3626.199: Total time for which application threads were stopped: 0.0005064 seconds, Stopping threads took: 0.0000626 seconds
{Heap before GC invocations=60 (full 2):
 par new generation   total 109248K, used 94199K [0x00000007a0000000, 0x00000007a8000000, 0x00000007a8000000)
  eden space 87424K, 100% used [0x00000007a0000000, 0x00000007a5560000, 0x00000007a5560000)
  from space 21824K,  31% used [0x00000007a5560000, 0x00000007a5bfdf70, 0x00000007a6ab0000)
  to   space 21824K,   0% used [0x00000007a6ab0000, 0x00000007a6ab0000, 0x00000007a8000000)
 concurrent mark-sweep generation total 393216K, used 95461K [0x00000007a8000000, 0x00000007c0000000, 0x00000007c0000000)
 Metaspace       used 63900K, capacity 66476K, committed 66632K, reserved 1107968K
  class space    used 7430K, capacity 7939K, committed 8008K, reserved 1048576K
2019-03-20T17:14:42.813+0600: 3679.256: [GC (Allocation Failure) 2019-03-20T17:14:42.815+0600: 3679.258: [ParNew
Desired survivor size 20112992 bytes, new threshold 8 (max 8)
- age   1:    3920680 bytes,    3920680 total
- age   3:     257496 bytes,    4178176 total
- age   4:     738544 bytes,    4916720 total
- age   5:     444936 bytes,    5361656 total
- age   6:     494032 bytes,    5855688 total
- age   7:     119336 bytes,    5975024 total
- age   8:      55616 bytes,    6030640 total
: 94199K->7152K(109248K), 0.0962930 secs] 189661K->103422K(502464K), 0.0984322 secs] [Times: user=0.04 sys=0.05, real=0.10 secs] 
Heap after GC invocations=61 (full 2):
 par new generation   total 109248K, used 7152K [0x00000007a0000000, 0x00000007a8000000, 0x00000007a8000000)
  eden space 87424K,   0% used [0x00000007a0000000, 0x00000007a0000000, 0x00000007a5560000)
  from space 21824K,  32% used [0x00000007a6ab0000, 0x00000007a71ac3c0, 0x00000007a8000000)
  to   space 21824K,   0% used [0x00000007a5560000, 0x00000007a5560000, 0x00000007a6ab0000)
 concurrent mark-sweep generation total 393216K, used 96269K [0x00000007a8000000, 0x00000007c0000000, 0x00000007c0000000)
 Metaspace       used 63900K, capacity 66476K, committed 66632K, reserved 1107968K
  class space    used 7430K, capacity 7939K, committed 8008K, reserved 1048576K
}
2019-03-20T17:14:42.912+0600: 3679.354: Total time for which application threads were stopped: 0.1026619 seconds, Stopping threads took: 0.0036112 seconds
2019-03-20T17:14:42.913+0600: 3679.355: Total time for which application threads were stopped: 0.0003634 seconds, Stopping threads took: 0.0000644 seconds
2019-03-20T17:14:42.914+0600: 3679.356: Total time for which application threads were stopped: 0.0002893 seconds, Stopping threads took: 0.0000908 seconds
2019-03-20T17:14:42.914+0600: 3679.356: Total time for which application threads were stopped: 0.0003313 seconds, Stopping threads took: 0.0000651 seconds
2019-03-20T17:14:42.916+0600: 3679.359: Total time for which application threads were stopped: 0.0006856 seconds, Stopping threads took: 0.0001962 seconds
2019-03-20T17:14:42.948+0600: 3679.390: Total time for which application threads were stopped: 0.0089284 seconds, Stopping threads took: 0.0085130 seconds
2019-03-20T17:14:42.951+0600: 3679.393: Total time for which application threads were stopped: 0.0003886 seconds, Stopping threads took: 0.0001073 seconds
{Heap before GC invocations=61 (full 2):
 par new generation   total 109248K, used 94576K [0x00000007a0000000, 0x00000007a8000000, 0x00000007a8000000)
  eden space 87424K, 100% used [0x00000007a0000000, 0x00000007a5560000, 0x00000007a5560000)
  from space 21824K,  32% used [0x00000007a6ab0000, 0x00000007a71ac3c0, 0x00000007a8000000)
  to   space 21824K,   0% used [0x00000007a5560000, 0x00000007a5560000, 0x00000007a6ab0000)
 concurrent mark-sweep generation total 393216K, used 96269K [0x00000007a8000000, 0x00000007c0000000, 0x00000007c0000000)
 Metaspace       used 63904K, capacity 66476K, committed 66632K, reserved 1107968K
  class space    used 7430K, capacity 7939K, committed 8008K, reserved 1048576K
2019-03-20T17:14:42.986+0600: 3679.428: [GC (Allocation Failure) 2019-03-20T17:14:42.986+0600: 3679.428: [ParNew
Desired survivor size 20112992 bytes, new threshold 8 (max 8)
- age   1:     718152 bytes,     718152 total
- age   2:    3501008 bytes,    4219160 total
- age   4:     256184 bytes,    4475344 total
- age   5:     738240 bytes,    5213584 total
- age   6:     442872 bytes,    5656456 total
- age   7:     494032 bytes,    6150488 total
- age   8:     119336 bytes,    6269824 total
: 94576K->10026K(109248K), 0.0487820 secs] 190846K->106351K(502464K), 0.0489562 secs] [Times: user=0.03 sys=0.01, real=0.05 secs] 
Heap after GC invocations=62 (full 2):
 par new generation   total 109248K, used 10026K [0x00000007a0000000, 0x00000007a8000000, 0x00000007a8000000)
  eden space 87424K,   0% used [0x00000007a0000000, 0x00000007a0000000, 0x00000007a5560000)
  from space 21824K,  45% used [0x00000007a5560000, 0x00000007a5f2a880, 0x00000007a6ab0000)
  to   space 21824K,   0% used [0x00000007a6ab0000, 0x00000007a6ab0000, 0x00000007a8000000)
 concurrent mark-sweep generation total 393216K, used 96325K [0x00000007a8000000, 0x00000007c0000000, 0x00000007c0000000)
 Metaspace       used 63904K, capacity 66476K, committed 66632K, reserved 1107968K
  class space    used 7430K, capacity 7939K, committed 8008K, reserved 1048576K
}
2019-03-20T17:14:43.035+0600: 3679.477: Total time for which application threads were stopped: 0.0503560 seconds, Stopping threads took: 0.0008717 seconds
2019-03-20T17:14:43.084+0600: 3679.526: Total time for which application threads were stopped: 0.0129909 seconds, Stopping threads took: 0.0123399 seconds
{Heap before GC invocations=62 (full 2):
 par new generation   total 109248K, used 97443K [0x00000007a0000000, 0x00000007a8000000, 0x00000007a8000000)
  eden space 87424K,  99% used [0x00000007a0000000, 0x00000007a555e628, 0x00000007a5560000)
  from space 21824K,  45% used [0x00000007a5560000, 0x00000007a5f2a880, 0x00000007a6ab0000)
  to   space 21824K,   0% used [0x00000007a6ab0000, 0x00000007a6ab0000, 0x00000007a8000000)
 concurrent mark-sweep generation total 393216K, used 96325K [0x00000007a8000000, 0x00000007c0000000, 0x00000007c0000000)
 Metaspace       used 63905K, capacity 66476K, committed 66632K, reserved 1107968K
  class space    used 7430K, capacity 7939K, committed 8008K, reserved 1048576K
2019-03-20T17:14:43.109+0600: 3679.551: [GC (Allocation Failure) 2019-03-20T17:14:43.109+0600: 3679.551: [ParNew
Desired survivor size 20112992 bytes, new threshold 8 (max 8)
- age   1:     337560 bytes,     337560 total
- age   2:      89896 bytes,     427456 total
- age   3:    3475232 bytes,    3902688 total
- age   5:     256184 bytes,    4158872 total
- age   6:     738240 bytes,    4897112 total
- age   7:     442872 bytes,    5339984 total
- age   8:     494032 bytes,    5834016 total
: 97443K->6959K(109248K), 0.0241294 secs] 193769K->103404K(502464K), 0.0243359 secs] [Times: user=0.03 sys=0.01, real=0.03 secs] 
Heap after GC invocations=63 (full 2):
 par new generation   total 109248K, used 6959K [0x00000007a0000000, 0x00000007a8000000, 0x00000007a8000000)
  eden space 87424K,   0% used [0x00000007a0000000, 0x00000007a0000000, 0x00000007a5560000)
  from space 21824K,  31% used [0x00000007a6ab0000, 0x00000007a717bfb0, 0x00000007a8000000)
  to   space 21824K,   0% used [0x00000007a5560000, 0x00000007a5560000, 0x00000007a6ab0000)
 concurrent mark-sweep generation total 393216K, used 96444K [0x00000007a8000000, 0x00000007c0000000, 0x00000007c0000000)
 Metaspace       used 63905K, capacity 66476K, committed 66632K, reserved 1107968K
  class space    used 7430K, capacity 7939K, committed 8008K, reserved 1048576K
}
2019-03-20T17:14:43.134+0600: 3679.576: Total time for which application threads were stopped: 0.0250186 seconds, Stopping threads took: 0.0000573 seconds
{Heap before GC invocations=63 (full 2):
 par new generation   total 109248K, used 94380K [0x00000007a0000000, 0x00000007a8000000, 0x00000007a8000000)
  eden space 87424K,  99% used [0x00000007a0000000, 0x00000007a555f378, 0x00000007a5560000)
  from space 21824K,  31% used [0x00000007a6ab0000, 0x00000007a717bfb0, 0x00000007a8000000)
  to   space 21824K,   0% used [0x00000007a5560000, 0x00000007a5560000, 0x00000007a6ab0000)
 concurrent mark-sweep generation total 393216K, used 96444K [0x00000007a8000000, 0x00000007c0000000, 0x00000007c0000000)
 Metaspace       used 63909K, capacity 66480K, committed 66632K, reserved 1107968K
  class space    used 7430K, capacity 7939K, committed 8008K, reserved 1048576K
2019-03-20T17:14:43.480+0600: 3679.922: [GC (Allocation Failure) 2019-03-20T17:14:43.480+0600: 3679.922: [ParNew
Desired survivor size 20112992 bytes, new threshold 8 (max 8)
- age   1:    1100528 bytes,    1100528 total
- age   2:     282640 bytes,    1383168 total
- age   3:      88552 bytes,    1471720 total
- age   4:    2327320 bytes,    3799040 total
- age   6:     256184 bytes,    4055224 total
- age   7:     738240 bytes,    4793464 total
- age   8:     475656 bytes,    5269120 total
: 94380K->7453K(109248K), 0.0129057 secs] 190825K->104383K(502464K), 0.0130231 secs] [Times: user=0.03 sys=0.00, real=0.01 secs] 
Heap after GC invocations=64 (full 2):
 par new generation   total 109248K, used 7453K [0x00000007a0000000, 0x00000007a8000000, 0x00000007a8000000)
  eden space 87424K,   0% used [0x00000007a0000000, 0x00000007a0000000, 0x00000007a5560000)
  from space 21824K,  34% used [0x00000007a5560000, 0x00000007a5ca75a0, 0x00000007a6ab0000)
  to   space 21824K,   0% used [0x00000007a6ab0000, 0x00000007a6ab0000, 0x00000007a8000000)
 concurrent mark-sweep generation total 393216K, used 96930K [0x00000007a8000000, 0x00000007c0000000, 0x00000007c0000000)
 Metaspace       used 63909K, capacity 66480K, committed 66632K, reserved 1107968K
  class space    used 7430K, capacity 7939K, committed 8008K, reserved 1048576K
}
2019-03-20T17:14:43.493+0600: 3679.935: Total time for which application threads were stopped: 0.0154507 seconds, Stopping threads took: 0.0019868 seconds
2019-03-20T17:14:43.645+0600: 3680.087: Total time for which application threads were stopped: 0.0127608 seconds, Stopping threads took: 0.0124589 seconds
2019-03-20T17:14:43.645+0600: 3680.087: Total time for which application threads were stopped: 0.0003137 seconds, Stopping threads took: 0.0000482 seconds
2019-03-20T17:14:43.646+0600: 3680.088: Total time for which application threads were stopped: 0.0002499 seconds, Stopping threads took: 0.0000294 seconds
2019-03-20T17:14:43.732+0600: 3680.174: Total time for which application threads were stopped: 0.0363921 seconds, Stopping threads took: 0.0360836 seconds
2019-03-20T17:14:43.732+0600: 3680.174: Total time for which application threads were stopped: 0.0002548 seconds, Stopping threads took: 0.0000642 seconds
2019-03-20T17:14:43.760+0600: 3680.202: Total time for which application threads were stopped: 0.0122743 seconds, Stopping threads took: 0.0120071 seconds
2019-03-20T17:14:43.761+0600: 3680.203: Total time for which application threads were stopped: 0.0002370 seconds, Stopping threads took: 0.0000500 seconds
2019-03-20T17:14:43.771+0600: 3680.213: Total time for which application threads were stopped: 0.0002948 seconds, Stopping threads took: 0.0000555 seconds
2019-03-20T17:14:43.780+0600: 3680.222: Total time for which application threads were stopped: 0.0007397 seconds, Stopping threads took: 0.0005222 seconds
2019-03-20T17:14:43.781+0600: 3680.223: Total time for which application threads were stopped: 0.0002465 seconds, Stopping threads took: 0.0000350 seconds
2019-03-20T17:14:43.898+0600: 3680.340: Total time for which application threads were stopped: 0.0246464 seconds, Stopping threads took: 0.0237584 seconds
2019-03-20T17:14:43.912+0600: 3680.354: Total time for which application threads were stopped: 0.0123287 seconds, Stopping threads took: 0.0120276 seconds
2019-03-20T17:14:43.912+0600: 3680.354: Total time for which application threads were stopped: 0.0002124 seconds, Stopping threads took: 0.0000167 seconds
2019-03-20T17:14:43.912+0600: 3680.354: Total time for which application threads were stopped: 0.0002444 seconds, Stopping threads took: 0.0000113 seconds
2019-03-20T17:14:43.912+0600: 3680.355: Total time for which application threads were stopped: 0.0001865 seconds, Stopping threads took: 0.0000118 seconds
2019-03-20T17:14:43.932+0600: 3680.374: Total time for which application threads were stopped: 0.0004484 seconds, Stopping threads took: 0.0001746 seconds
2019-03-20T17:14:43.933+0600: 3680.375: Total time for which application threads were stopped: 0.0002302 seconds, Stopping threads took: 0.0000403 seconds
2019-03-20T17:14:43.933+0600: 3680.375: Total time for which application threads were stopped: 0.0001815 seconds, Stopping threads took: 0.0000153 seconds
2019-03-20T17:14:43.936+0600: 3680.378: Total time for which application threads were stopped: 0.0002624 seconds, Stopping threads took: 0.0000303 seconds
2019-03-20T17:14:43.936+0600: 3680.378: Total time for which application threads were stopped: 0.0001909 seconds, Stopping threads took: 0.0000152 seconds
2019-03-20T17:14:44.054+0600: 3680.496: Total time for which application threads were stopped: 0.0327870 seconds, Stopping threads took: 0.0325120 seconds
2019-03-20T17:14:44.054+0600: 3680.497: Total time for which application threads were stopped: 0.0002508 seconds, Stopping threads took: 0.0000712 seconds
2019-03-20T17:14:44.055+0600: 3680.497: Total time for which application threads were stopped: 0.0002086 seconds, Stopping threads took: 0.0000393 seconds
2019-03-20T17:14:44.055+0600: 3680.497: Total time for which application threads were stopped: 0.0001826 seconds, Stopping threads took: 0.0000139 seconds
2019-03-20T17:14:44.058+0600: 3680.500: Total time for which application threads were stopped: 0.0002986 seconds, Stopping threads took: 0.0000869 seconds
2019-03-20T17:14:44.058+0600: 3680.500: Total time for which application threads were stopped: 0.0001828 seconds, Stopping threads took: 0.0000128 seconds
2019-03-20T17:14:44.066+0600: 3680.508: Total time for which application threads were stopped: 0.0004623 seconds, Stopping threads took: 0.0002492 seconds
2019-03-20T17:14:45.081+0600: 3681.523: Total time for which application threads were stopped: 0.0123641 seconds, Stopping threads took: 0.0121147 seconds
2019-03-20T17:14:48.159+0600: 3684.601: Total time for which application threads were stopped: 0.0025155 seconds, Stopping threads took: 0.0022382 seconds
2019-03-20T17:14:48.166+0600: 3684.608: Total time for which application threads were stopped: 0.0010402 seconds, Stopping threads took: 0.0007540 seconds
2019-03-20T17:14:48.189+0600: 3684.631: Total time for which application threads were stopped: 0.0057816 seconds, Stopping threads took: 0.0054607 seconds
2019-03-20T17:14:48.189+0600: 3684.631: Total time for which application threads were stopped: 0.0002300 seconds, Stopping threads took: 0.0000162 seconds
2019-03-20T17:14:49.115+0600: 3685.557: Total time for which application threads were stopped: 0.0024405 seconds, Stopping threads took: 0.0021386 seconds
2019-03-20T17:14:49.115+0600: 3685.557: Total time for which application threads were stopped: 0.0001929 seconds, Stopping threads took: 0.0000142 seconds
2019-03-20T17:14:49.115+0600: 3685.557: Total time for which application threads were stopped: 0.0001876 seconds, Stopping threads took: 0.0000129 seconds
2019-03-20T17:14:49.115+0600: 3685.557: Total time for which application threads were stopped: 0.0001726 seconds, Stopping threads took: 0.0000132 seconds
2019-03-20T17:14:49.116+0600: 3685.558: Total time for which application threads were stopped: 0.0002381 seconds, Stopping threads took: 0.0000562 seconds
2019-03-20T17:14:49.117+0600: 3685.559: Total time for which application threads were stopped: 0.0001981 seconds, Stopping threads took: 0.0000166 seconds
2019-03-20T17:14:49.117+0600: 3685.559: Total time for which application threads were stopped: 0.0002204 seconds, Stopping threads took: 0.0000614 seconds
2019-03-20T17:14:49.117+0600: 3685.559: Total time for which application threads were stopped: 0.0001461 seconds, Stopping threads took: 0.0000115 seconds
2019-03-20T17:14:49.117+0600: 3685.559: Total time for which application threads were stopped: 0.0001546 seconds, Stopping threads took: 0.0000117 seconds
2019-03-20T17:14:49.117+0600: 3685.559: Total time for which application threads were stopped: 0.0001461 seconds, Stopping threads took: 0.0000109 seconds
2019-03-20T17:14:49.118+0600: 3685.560: Total time for which application threads were stopped: 0.0001415 seconds, Stopping threads took: 0.0000108 seconds
2019-03-20T17:14:49.118+0600: 3685.560: Total time for which application threads were stopped: 0.0001692 seconds, Stopping threads took: 0.0000132 seconds
2019-03-20T17:14:49.118+0600: 3685.560: Total time for which application threads were stopped: 0.0001423 seconds, Stopping threads took: 0.0000115 seconds
2019-03-20T17:14:49.119+0600: 3685.561: Total time for which application threads were stopped: 0.0001694 seconds, Stopping threads took: 0.0000132 seconds
2019-03-20T17:14:49.119+0600: 3685.561: Total time for which application threads were stopped: 0.0001581 seconds, Stopping threads took: 0.0000125 seconds
2019-03-20T17:14:49.133+0600: 3685.575: Total time for which application threads were stopped: 0.0004206 seconds, Stopping threads took: 0.0000595 seconds
2019-03-20T17:14:49.149+0600: 3685.591: Total time for which application threads were stopped: 0.0095986 seconds, Stopping threads took: 0.0089636 seconds
2019-03-20T17:14:49.165+0600: 3685.607: Total time for which application threads were stopped: 0.0073319 seconds, Stopping threads took: 0.0070236 seconds
2019-03-20T17:14:49.165+0600: 3685.607: Total time for which application threads were stopped: 0.0002044 seconds, Stopping threads took: 0.0000160 seconds
2019-03-20T17:14:55.910+0600: 3692.352: Total time for which application threads were stopped: 0.0009871 seconds, Stopping threads took: 0.0007336 seconds
2019-03-20T17:14:55.910+0600: 3692.352: Total time for which application threads were stopped: 0.0002671 seconds, Stopping threads took: 0.0000425 seconds
2019-03-20T17:14:55.911+0600: 3692.353: Total time for which application threads were stopped: 0.0002086 seconds, Stopping threads took: 0.0000460 seconds
2019-03-20T17:14:55.911+0600: 3692.353: Total time for which application threads were stopped: 0.0001692 seconds, Stopping threads took: 0.0000128 seconds
2019-03-20T17:14:55.912+0600: 3692.353: Total time for which application threads were stopped: 0.0002530 seconds, Stopping threads took: 0.0000417 seconds
2019-03-20T17:14:55.912+0600: 3692.354: Total time for which application threads were stopped: 0.0001961 seconds, Stopping threads took: 0.0000331 seconds
2019-03-20T17:14:55.913+0600: 3692.355: Total time for which application threads were stopped: 0.0003097 seconds, Stopping threads took: 0.0000567 seconds
2019-03-20T17:14:55.915+0600: 3692.357: Total time for which application threads were stopped: 0.0006816 seconds, Stopping threads took: 0.0004263 seconds
2019-03-20T17:14:55.916+0600: 3692.357: Total time for which application threads were stopped: 0.0002734 seconds, Stopping threads took: 0.0000192 seconds
2019-03-20T17:14:55.916+0600: 3692.358: Total time for which application threads were stopped: 0.0006624 seconds, Stopping threads took: 0.0000455 seconds
2019-03-20T17:14:55.917+0600: 3692.359: Total time for which application threads were stopped: 0.0002331 seconds, Stopping threads took: 0.0000505 seconds
2019-03-20T17:14:55.917+0600: 3692.359: Total time for which application threads were stopped: 0.0002211 seconds, Stopping threads took: 0.0000528 seconds
2019-03-20T17:14:55.917+0600: 3692.359: Total time for which application threads were stopped: 0.0001962 seconds, Stopping threads took: 0.0000381 seconds
2019-03-20T17:14:55.918+0600: 3692.360: Total time for which application threads were stopped: 0.0001926 seconds, Stopping threads took: 0.0000449 seconds
2019-03-20T17:14:55.918+0600: 3692.360: Total time for which application threads were stopped: 0.0001761 seconds, Stopping threads took: 0.0000329 seconds
2019-03-20T17:14:55.919+0600: 3692.361: Total time for which application threads were stopped: 0.0002140 seconds, Stopping threads took: 0.0000212 seconds
2019-03-20T17:14:55.919+0600: 3692.361: Total time for which application threads were stopped: 0.0002637 seconds, Stopping threads took: 0.0000372 seconds
2019-03-20T17:14:55.921+0600: 3692.363: Total time for which application threads were stopped: 0.0003142 seconds, Stopping threads took: 0.0000730 seconds
2019-03-20T17:14:55.921+0600: 3692.363: Total time for which application threads were stopped: 0.0004623 seconds, Stopping threads took: 0.0002358 seconds
2019-03-20T17:14:55.929+0600: 3692.371: Total time for which application threads were stopped: 0.0030150 seconds, Stopping threads took: 0.0027039 seconds
2019-03-20T17:14:55.929+0600: 3692.371: Total time for which application threads were stopped: 0.0003229 seconds, Stopping threads took: 0.0000602 seconds
{Heap before GC invocations=64 (full 2):
 par new generation   total 109248K, used 94877K [0x00000007a0000000, 0x00000007a8000000, 0x00000007a8000000)
  eden space 87424K,  99% used [0x00000007a0000000, 0x00000007a555ffb0, 0x00000007a5560000)
  from space 21824K,  34% used [0x00000007a5560000, 0x00000007a5ca75a0, 0x00000007a6ab0000)
  to   space 21824K,   0% used [0x00000007a6ab0000, 0x00000007a6ab0000, 0x00000007a8000000)
 concurrent mark-sweep generation total 393216K, used 96930K [0x00000007a8000000, 0x00000007c0000000, 0x00000007c0000000)
 Metaspace       used 63964K, capacity 66608K, committed 66888K, reserved 1107968K
  class space    used 7431K, capacity 7939K, committed 8008K, reserved 1048576K
2019-03-20T17:15:06.052+0600: 3702.494: [GC (Allocation Failure) 2019-03-20T17:15:06.052+0600: 3702.494: [ParNew
Desired survivor size 20112992 bytes, new threshold 8 (max 8)
- age   1:    1418992 bytes,    1418992 total
- age   2:    1092400 bytes,    2511392 total
- age   3:     112976 bytes,    2624368 total
- age   4:      68616 bytes,    2692984 total
- age   5:    1807664 bytes,    4500648 total
- age   7:     171240 bytes,    4671888 total
- age   8:     601600 bytes,    5273488 total
: 94877K->7109K(109248K), 0.0083246 secs] 191807K->104473K(502464K), 0.0084445 secs] [Times: user=0.03 sys=0.00, real=0.01 secs] 
Heap after GC invocations=65 (full 2):
 par new generation   total 109248K, used 7109K [0x00000007a0000000, 0x00000007a8000000, 0x00000007a8000000)
  eden space 87424K,   0% used [0x00000007a0000000, 0x00000007a0000000, 0x00000007a5560000)
  from space 21824K,  32% used [0x00000007a6ab0000, 0x00000007a71a1698, 0x00000007a8000000)
  to   space 21824K,   0% used [0x00000007a5560000, 0x00000007a5560000, 0x00000007a6ab0000)
 concurrent mark-sweep generation total 393216K, used 97363K [0x00000007a8000000, 0x00000007c0000000, 0x00000007c0000000)
 Metaspace       used 63964K, capacity 66608K, committed 66888K, reserved 1107968K
  class space    used 7431K, capacity 7939K, committed 8008K, reserved 1048576K
}
2019-03-20T17:15:06.061+0600: 3702.502: Total time for which application threads were stopped: 0.0089466 seconds, Stopping threads took: 0.0000429 seconds
2019-03-20T17:15:06.061+0600: 3702.503: Total time for which application threads were stopped: 0.0003042 seconds, Stopping threads took: 0.0000405 seconds
2019-03-20T17:15:06.160+0600: 3702.602: Total time for which application threads were stopped: 0.0003489 seconds, Stopping threads took: 0.0000569 seconds
2019-03-20T17:15:06.160+0600: 3702.602: Total time for which application threads were stopped: 0.0002467 seconds, Stopping threads took: 0.0000582 seconds
{Heap before GC invocations=65 (full 2):
 par new generation   total 109248K, used 94504K [0x00000007a0000000, 0x00000007a8000000, 0x00000007a8000000)
  eden space 87424K,  99% used [0x00000007a0000000, 0x00000007a5558c78, 0x00000007a5560000)
  from space 21824K,  32% used [0x00000007a6ab0000, 0x00000007a71a1698, 0x00000007a8000000)
  to   space 21824K,   0% used [0x00000007a5560000, 0x00000007a5560000, 0x00000007a6ab0000)
 concurrent mark-sweep generation total 393216K, used 97363K [0x00000007a8000000, 0x00000007c0000000, 0x00000007c0000000)
 Metaspace       used 63965K, capacity 66608K, committed 66888K, reserved 1107968K
  class space    used 7431K, capacity 7939K, committed 8008K, reserved 1048576K
2019-03-20T17:15:09.742+0600: 3706.184: [GC (Allocation Failure) 2019-03-20T17:15:09.742+0600: 3706.184: [ParNew
Desired survivor size 20112992 bytes, new threshold 8 (max 8)
- age   1:     771768 bytes,     771768 total
- age   2:     659600 bytes,    1431368 total
- age   3:    1092400 bytes,    2523768 total
- age   4:     112976 bytes,    2636744 total
- age   5:      68616 bytes,    2705360 total
- age   6:    1806872 bytes,    4512232 total
- age   8:     165240 bytes,    4677472 total
: 94504K->5442K(109248K), 0.0110996 secs] 191868K->103397K(502464K), 0.0112943 secs] [Times: user=0.03 sys=0.00, real=0.01 secs] 
Heap after GC invocations=66 (full 2):
 par new generation   total 109248K, used 5442K [0x00000007a0000000, 0x00000007a8000000, 0x00000007a8000000)
  eden space 87424K,   0% used [0x00000007a0000000, 0x00000007a0000000, 0x00000007a5560000)
  from space 21824K,  24% used [0x00000007a5560000, 0x00000007a5ab0980, 0x00000007a6ab0000)
  to   space 21824K,   0% used [0x00000007a6ab0000, 0x00000007a6ab0000, 0x00000007a8000000)
 concurrent mark-sweep generation total 393216K, used 97955K [0x00000007a8000000, 0x00000007c0000000, 0x00000007c0000000)
 Metaspace       used 63965K, capacity 66608K, committed 66888K, reserved 1107968K
  class space    used 7431K, capacity 7939K, committed 8008K, reserved 1048576K
}
2019-03-20T17:15:09.754+0600: 3706.195: Total time for which application threads were stopped: 0.0116478 seconds, Stopping threads took: 0.0000556 seconds
{Heap before GC invocations=66 (full 2):
 par new generation   total 109248K, used 92866K [0x00000007a0000000, 0x00000007a8000000, 0x00000007a8000000)
  eden space 87424K, 100% used [0x00000007a0000000, 0x00000007a5560000, 0x00000007a5560000)
  from space 21824K,  24% used [0x00000007a5560000, 0x00000007a5ab0980, 0x00000007a6ab0000)
  to   space 21824K,   0% used [0x00000007a6ab0000, 0x00000007a6ab0000, 0x00000007a8000000)
 concurrent mark-sweep generation total 393216K, used 97955K [0x00000007a8000000, 0x00000007c0000000, 0x00000007c0000000)
 Metaspace       used 63969K, capacity 66608K, committed 66888K, reserved 1107968K
  class space    used 7432K, capacity 7939K, committed 8008K, reserved 1048576K
2019-03-20T17:15:09.779+0600: 3706.220: [GC (Allocation Failure) 2019-03-20T17:15:09.779+0600: 3706.220: [ParNew
Desired survivor size 20112992 bytes, new threshold 8 (max 8)
- age   1:     232000 bytes,     232000 total
- age   2:     690544 bytes,     922544 total
- age   3:     659600 bytes,    1582144 total
- age   4:    1092400 bytes,    2674544 total
- age   5:     112976 bytes,    2787520 total
- age   6:      68616 bytes,    2856136 total
- age   7:    1806872 bytes,    4663008 total
: 92866K->7185K(109248K), 0.0083068 secs] 190821K->105304K(502464K), 0.0084302 secs] [Times: user=0.03 sys=0.00, real=0.01 secs] 
Heap after GC invocations=67 (full 2):
 par new generation   total 109248K, used 7185K [0x00000007a0000000, 0x00000007a8000000, 0x00000007a8000000)
  eden space 87424K,   0% used [0x00000007a0000000, 0x00000007a0000000, 0x00000007a5560000)
  from space 21824K,  32% used [0x00000007a6ab0000, 0x00000007a71b4750, 0x00000007a8000000)
  to   space 21824K,   0% used [0x00000007a5560000, 0x00000007a5560000, 0x00000007a6ab0000)
 concurrent mark-sweep generation total 393216K, used 98118K [0x00000007a8000000, 0x00000007c0000000, 0x00000007c0000000)
 Metaspace       used 63969K, capacity 66608K, committed 66888K, reserved 1107968K
  class space    used 7432K, capacity 7939K, committed 8008K, reserved 1048576K
}
2019-03-20T17:15:09.787+0600: 3706.229: Total time for which application threads were stopped: 0.0088042 seconds, Stopping threads took: 0.0000524 seconds
2019-03-20T17:15:09.864+0600: 3706.305: Total time for which application threads were stopped: 0.0003349 seconds, Stopping threads took: 0.0000418 seconds
2019-03-20T17:15:09.865+0600: 3706.307: Total time for which application threads were stopped: 0.0003832 seconds, Stopping threads took: 0.0001385 seconds
2019-03-20T17:15:15.495+0600: 3711.937: Total time for which application threads were stopped: 0.0004298 seconds, Stopping threads took: 0.0000439 seconds
2019-03-20T17:15:15.496+0600: 3711.937: Total time for which application threads were stopped: 0.0003050 seconds, Stopping threads took: 0.0000208 seconds
2019-03-20T17:15:15.514+0600: 3711.956: Total time for which application threads were stopped: 0.0004239 seconds, Stopping threads took: 0.0000441 seconds
2019-03-20T17:15:15.515+0600: 3711.956: Total time for which application threads were stopped: 0.0002753 seconds, Stopping threads took: 0.0000337 seconds
2019-03-20T17:15:15.910+0600: 3712.352: Total time for which application threads were stopped: 0.0003610 seconds, Stopping threads took: 0.0000479 seconds
2019-03-20T17:15:15.913+0600: 3712.355: Total time for which application threads were stopped: 0.0004998 seconds, Stopping threads took: 0.0000476 seconds
2019-03-20T17:15:15.917+0600: 3712.358: Total time for which application threads were stopped: 0.0003317 seconds, Stopping threads took: 0.0000475 seconds
2019-03-20T17:15:15.922+0600: 3712.363: Total time for which application threads were stopped: 0.0003650 seconds, Stopping threads took: 0.0000612 seconds
2019-03-20T17:15:15.926+0600: 3712.368: Total time for which application threads were stopped: 0.0008335 seconds, Stopping threads took: 0.0000473 seconds
2019-03-20T17:15:15.941+0600: 3712.383: Total time for which application threads were stopped: 0.0003563 seconds, Stopping threads took: 0.0000502 seconds
2019-03-20T17:15:15.942+0600: 3712.383: Total time for which application threads were stopped: 0.0003367 seconds, Stopping threads took: 0.0000305 seconds
2019-03-20T17:15:15.955+0600: 3712.396: Total time for which application threads were stopped: 0.0003945 seconds, Stopping threads took: 0.0000634 seconds
2019-03-20T17:15:15.955+0600: 3712.397: Total time for which application threads were stopped: 0.0003050 seconds, Stopping threads took: 0.0000265 seconds
2019-03-20T17:15:16.781+0600: 3713.222: Total time for which application threads were stopped: 0.0003392 seconds, Stopping threads took: 0.0000623 seconds
2019-03-20T17:15:16.782+0600: 3713.223: Total time for which application threads were stopped: 0.0003662 seconds, Stopping threads took: 0.0000592 seconds
2019-03-20T17:15:16.782+0600: 3713.224: Total time for which application threads were stopped: 0.0003545 seconds, Stopping threads took: 0.0000359 seconds
2019-03-20T17:15:16.783+0600: 3713.224: Total time for which application threads were stopped: 0.0003230 seconds, Stopping threads took: 0.0000568 seconds
2019-03-20T17:15:16.784+0600: 3713.225: Total time for which application threads were stopped: 0.0004371 seconds, Stopping threads took: 0.0001335 seconds
2019-03-20T17:15:16.784+0600: 3713.226: Total time for which application threads were stopped: 0.0003885 seconds, Stopping threads took: 0.0001015 seconds
2019-03-20T17:15:16.785+0600: 3713.227: Total time for which application threads were stopped: 0.0002870 seconds, Stopping threads took: 0.0000563 seconds
2019-03-20T17:15:16.785+0600: 3713.227: Total time for which application threads were stopped: 0.0002693 seconds, Stopping threads took: 0.0000336 seconds
2019-03-20T17:15:16.786+0600: 3713.227: Total time for which application threads were stopped: 0.0003475 seconds, Stopping threads took: 0.0000990 seconds
2019-03-20T17:15:16.787+0600: 3713.228: Total time for which application threads were stopped: 0.0003045 seconds, Stopping threads took: 0.0000655 seconds
2019-03-20T17:15:16.787+0600: 3713.229: Total time for which application threads were stopped: 0.0002247 seconds, Stopping threads took: 0.0000375 seconds
2019-03-20T17:15:16.823+0600: 3713.264: Total time for which application threads were stopped: 0.0003626 seconds, Stopping threads took: 0.0000605 seconds
2019-03-20T17:15:16.823+0600: 3713.265: Total time for which application threads were stopped: 0.0001922 seconds, Stopping threads took: 0.0000278 seconds
2019-03-20T17:15:16.837+0600: 3713.278: Total time for which application threads were stopped: 0.0003874 seconds, Stopping threads took: 0.0000618 seconds
2019-03-20T17:15:16.837+0600: 3713.279: Total time for which application threads were stopped: 0.0003073 seconds, Stopping threads took: 0.0000358 seconds
2019-03-20T17:15:17.840+0600: 3714.281: Total time for which application threads were stopped: 0.0002871 seconds, Stopping threads took: 0.0000463 seconds
2019-03-20T17:15:20.442+0600: 3716.884: Total time for which application threads were stopped: 0.0003657 seconds, Stopping threads took: 0.0000631 seconds
2019-03-20T17:15:20.443+0600: 3716.884: Total time for which application threads were stopped: 0.0003350 seconds, Stopping threads took: 0.0000220 seconds
2019-03-20T17:15:20.453+0600: 3716.894: Total time for which application threads were stopped: 0.0003942 seconds, Stopping threads took: 0.0000616 seconds
2019-03-20T17:15:20.453+0600: 3716.895: Total time for which application threads were stopped: 0.0003049 seconds, Stopping threads took: 0.0000472 seconds
2019-03-20T17:15:21.083+0600: 3717.525: Total time for which application threads were stopped: 0.0004085 seconds, Stopping threads took: 0.0000763 seconds
2019-03-20T17:15:21.084+0600: 3717.525: Total time for which application threads were stopped: 0.0002976 seconds, Stopping threads took: 0.0000280 seconds
2019-03-20T17:15:21.095+0600: 3717.536: Total time for which application threads were stopped: 0.0003885 seconds, Stopping threads took: 0.0000600 seconds
2019-03-20T17:15:21.095+0600: 3717.536: Total time for which application threads were stopped: 0.0002869 seconds, Stopping threads took: 0.0000583 seconds
2019-03-20T17:15:21.879+0600: 3718.320: Total time for which application threads were stopped: 0.0003912 seconds, Stopping threads took: 0.0000581 seconds
2019-03-20T17:15:21.879+0600: 3718.320: Total time for which application threads were stopped: 0.0002616 seconds, Stopping threads took: 0.0000425 seconds
2019-03-20T17:15:21.895+0600: 3718.337: Total time for which application threads were stopped: 0.0003888 seconds, Stopping threads took: 0.0000629 seconds
2019-03-20T17:15:21.896+0600: 3718.337: Total time for which application threads were stopped: 0.0003727 seconds, Stopping threads took: 0.0000844 seconds
2019-03-20T17:15:26.017+0600: 3722.458: Total time for which application threads were stopped: 0.0002557 seconds, Stopping threads took: 0.0000594 seconds
2019-03-20T17:15:26.029+0600: 3722.471: Total time for which application threads were stopped: 0.0003604 seconds, Stopping threads took: 0.0000581 seconds
2019-03-20T17:15:26.030+0600: 3722.472: Total time for which application threads were stopped: 0.0003923 seconds, Stopping threads took: 0.0000585 seconds
2019-03-20T17:15:26.041+0600: 3722.482: Total time for which application threads were stopped: 0.0003951 seconds, Stopping threads took: 0.0000613 seconds
2019-03-20T17:15:26.041+0600: 3722.482: Total time for which application threads were stopped: 0.0002522 seconds, Stopping threads took: 0.0000196 seconds
2019-03-20T17:15:28.866+0600: 3725.307: Total time for which application threads were stopped: 0.0003478 seconds, Stopping threads took: 0.0000469 seconds
2019-03-20T17:15:28.869+0600: 3725.310: Total time for which application threads were stopped: 0.0003990 seconds, Stopping threads took: 0.0000475 seconds
2019-03-20T17:15:28.914+0600: 3725.355: Total time for which application threads were stopped: 0.0005201 seconds, Stopping threads took: 0.0000761 seconds
2019-03-20T17:15:28.914+0600: 3725.355: Total time for which application threads were stopped: 0.0002145 seconds, Stopping threads took: 0.0000222 seconds
2019-03-20T17:15:28.918+0600: 3725.360: Total time for which application threads were stopped: 0.0011048 seconds, Stopping threads took: 0.0002116 seconds
2019-03-20T17:15:28.920+0600: 3725.361: Total time for which application threads were stopped: 0.0006660 seconds, Stopping threads took: 0.0000329 seconds
2019-03-20T17:15:28.923+0600: 3725.364: Total time for which application threads were stopped: 0.0007899 seconds, Stopping threads took: 0.0002080 seconds
2019-03-20T17:15:28.943+0600: 3725.384: Total time for which application threads were stopped: 0.0003094 seconds, Stopping threads took: 0.0000402 seconds
2019-03-20T17:15:28.943+0600: 3725.385: Total time for which application threads were stopped: 0.0002144 seconds, Stopping threads took: 0.0000165 seconds
2019-03-20T17:15:28.955+0600: 3725.396: Total time for which application threads were stopped: 0.0003158 seconds, Stopping threads took: 0.0000762 seconds
2019-03-20T17:15:28.955+0600: 3725.396: Total time for which application threads were stopped: 0.0002902 seconds, Stopping threads took: 0.0000309 seconds
2019-03-20T17:15:30.079+0600: 3726.520: Total time for which application threads were stopped: 0.0003088 seconds, Stopping threads took: 0.0000603 seconds
2019-03-20T17:15:30.079+0600: 3726.521: Total time for which application threads were stopped: 0.0001973 seconds, Stopping threads took: 0.0000311 seconds
2019-03-20T17:15:30.092+0600: 3726.533: Total time for which application threads were stopped: 0.0004019 seconds, Stopping threads took: 0.0000590 seconds
2019-03-20T17:15:30.092+0600: 3726.533: Total time for which application threads were stopped: 0.0002602 seconds, Stopping threads took: 0.0000242 seconds
2019-03-20T17:15:30.987+0600: 3727.428: Total time for which application threads were stopped: 0.0003378 seconds, Stopping threads took: 0.0000467 seconds
2019-03-20T17:15:30.987+0600: 3727.428: Total time for which application threads were stopped: 0.0002276 seconds, Stopping threads took: 0.0000169 seconds
2019-03-20T17:15:30.999+0600: 3727.440: Total time for which application threads were stopped: 0.0003321 seconds, Stopping threads took: 0.0000635 seconds
2019-03-20T17:15:30.999+0600: 3727.440: Total time for which application threads were stopped: 0.0002811 seconds, Stopping threads took: 0.0000919 seconds
2019-03-20T17:15:32.726+0600: 3729.167: Total time for which application threads were stopped: 0.0004113 seconds, Stopping threads took: 0.0000390 seconds
2019-03-20T17:15:32.727+0600: 3729.168: Total time for which application threads were stopped: 0.0002939 seconds, Stopping threads took: 0.0000297 seconds
2019-03-20T17:15:32.763+0600: 3729.204: Total time for which application threads were stopped: 0.0004319 seconds, Stopping threads took: 0.0000423 seconds
2019-03-20T17:15:32.764+0600: 3729.205: Total time for which application threads were stopped: 0.0002869 seconds, Stopping threads took: 0.0000177 seconds
2019-03-20T17:15:32.764+0600: 3729.205: Total time for which application threads were stopped: 0.0002847 seconds, Stopping threads took: 0.0000199 seconds
2019-03-20T17:15:32.787+0600: 3729.229: Total time for which application threads were stopped: 0.0004456 seconds, Stopping threads took: 0.0000669 seconds
2019-03-20T17:15:32.788+0600: 3729.229: Total time for which application threads were stopped: 0.0004220 seconds, Stopping threads took: 0.0000549 seconds
2019-03-20T17:15:32.789+0600: 3729.230: Total time for which application threads were stopped: 0.0002527 seconds, Stopping threads took: 0.0000387 seconds
2019-03-20T17:15:32.790+0600: 3729.231: Total time for which application threads were stopped: 0.0002236 seconds, Stopping threads took: 0.0000292 seconds
2019-03-20T17:15:34.436+0600: 3730.877: Total time for which application threads were stopped: 0.0004466 seconds, Stopping threads took: 0.0000657 seconds
2019-03-20T17:15:34.436+0600: 3730.878: Total time for which application threads were stopped: 0.0002222 seconds, Stopping threads took: 0.0000393 seconds
2019-03-20T17:15:34.457+0600: 3730.898: Total time for which application threads were stopped: 0.0003991 seconds, Stopping threads took: 0.0000565 seconds
2019-03-20T17:15:34.458+0600: 3730.899: Total time for which application threads were stopped: 0.0003922 seconds, Stopping threads took: 0.0000435 seconds
2019-03-20T17:15:35.459+0600: 3731.900: Total time for which application threads were stopped: 0.0003278 seconds, Stopping threads took: 0.0000480 seconds
2019-03-20T17:15:37.381+0600: 3733.822: Total time for which application threads were stopped: 0.0003894 seconds, Stopping threads took: 0.0000650 seconds
2019-03-20T17:15:37.381+0600: 3733.822: Total time for which application threads were stopped: 0.0001737 seconds, Stopping threads took: 0.0000158 seconds
2019-03-20T17:15:37.395+0600: 3733.836: Total time for which application threads were stopped: 0.0003726 seconds, Stopping threads took: 0.0000624 seconds
2019-03-20T17:15:37.395+0600: 3733.836: Total time for which application threads were stopped: 0.0002238 seconds, Stopping threads took: 0.0000537 seconds
{Heap before GC invocations=67 (full 2):
 par new generation   total 109248K, used 94609K [0x00000007a0000000, 0x00000007a8000000, 0x00000007a8000000)
  eden space 87424K, 100% used [0x00000007a0000000, 0x00000007a5560000, 0x00000007a5560000)
  from space 21824K,  32% used [0x00000007a6ab0000, 0x00000007a71b4750, 0x00000007a8000000)
  to   space 21824K,   0% used [0x00000007a5560000, 0x00000007a5560000, 0x00000007a6ab0000)
 concurrent mark-sweep generation total 393216K, used 98118K [0x00000007a8000000, 0x00000007c0000000, 0x00000007c0000000)
 Metaspace       used 64092K, capacity 66680K, committed 66888K, reserved 1107968K
  class space    used 7440K, capacity 7941K, committed 8008K, reserved 1048576K
2019-03-20T17:15:42.503+0600: 3738.944: [GC (Allocation Failure) 2019-03-20T17:15:42.503+0600: 3738.944: [ParNew
Desired survivor size 20112992 bytes, new threshold 8 (max 8)
- age   1:     263048 bytes,     263048 total
- age   2:        248 bytes,     263296 total
- age   3:      39248 bytes,     302544 total
- age   4:     632544 bytes,     935088 total
- age   5:    1092368 bytes,    2027456 total
- age   6:     112976 bytes,    2140432 total
- age   7:      68616 bytes,    2209048 total
- age   8:    1864976 bytes,    4074024 total
: 94609K->5412K(109248K), 0.0117808 secs] 192728K->103530K(502464K), 0.0118967 secs] [Times: user=0.03 sys=0.00, real=0.01 secs] 
Heap after GC invocations=68 (full 2):
 par new generation   total 109248K, used 5412K [0x00000007a0000000, 0x00000007a8000000, 0x00000007a8000000)
  eden space 87424K,   0% used [0x00000007a0000000, 0x00000007a0000000, 0x00000007a5560000)
  from space 21824K,  24% used [0x00000007a5560000, 0x00000007a5aa91b0, 0x00000007a6ab0000)
  to   space 21824K,   0% used [0x00000007a6ab0000, 0x00000007a6ab0000, 0x00000007a8000000)
 concurrent mark-sweep generation total 393216K, used 98118K [0x00000007a8000000, 0x00000007c0000000, 0x00000007c0000000)
 Metaspace       used 64092K, capacity 66680K, committed 66888K, reserved 1107968K
  class space    used 7440K, capacity 7941K, committed 8008K, reserved 1048576K
}
2019-03-20T17:15:42.515+0600: 3738.956: Total time for which application threads were stopped: 0.0122808 seconds, Stopping threads took: 0.0000342 seconds
2019-03-20T17:15:42.520+0600: 3738.961: Total time for which application threads were stopped: 0.0003918 seconds, Stopping threads took: 0.0000666 seconds
2019-03-20T17:15:42.520+0600: 3738.961: Total time for which application threads were stopped: 0.0002925 seconds, Stopping threads took: 0.0000508 seconds
2019-03-20T17:15:42.525+0600: 3738.966: Total time for which application threads were stopped: 0.0004245 seconds, Stopping threads took: 0.0000473 seconds
2019-03-20T17:15:42.534+0600: 3738.975: Total time for which application threads were stopped: 0.0004671 seconds, Stopping threads took: 0.0000479 seconds
2019-03-20T17:15:42.536+0600: 3738.977: Total time for which application threads were stopped: 0.0004310 seconds, Stopping threads took: 0.0000467 seconds
2019-03-20T17:15:42.538+0600: 3738.979: Total time for which application threads were stopped: 0.0005657 seconds, Stopping threads took: 0.0001735 seconds
2019-03-20T17:15:42.549+0600: 3738.990: Total time for which application threads were stopped: 0.0004071 seconds, Stopping threads took: 0.0000679 seconds
2019-03-20T17:15:42.550+0600: 3738.991: Total time for which application threads were stopped: 0.0004272 seconds, Stopping threads took: 0.0001102 seconds
2019-03-20T17:15:42.550+0600: 3738.991: Total time for which application threads were stopped: 0.0002888 seconds, Stopping threads took: 0.0000355 seconds
2019-03-20T17:15:42.551+0600: 3738.992: Total time for which application threads were stopped: 0.0002929 seconds, Stopping threads took: 0.0000343 seconds
2019-03-20T17:15:42.551+0600: 3738.992: Total time for which application threads were stopped: 0.0002765 seconds, Stopping threads took: 0.0000188 seconds
2019-03-20T17:15:42.552+0600: 3738.993: Total time for which application threads were stopped: 0.0006555 seconds, Stopping threads took: 0.0003580 seconds
2019-03-20T17:15:42.552+0600: 3738.993: Total time for which application threads were stopped: 0.0003526 seconds, Stopping threads took: 0.0000328 seconds
2019-03-20T17:15:42.554+0600: 3738.995: Total time for which application threads were stopped: 0.0003981 seconds, Stopping threads took: 0.0000435 seconds
2019-03-20T17:15:42.554+0600: 3738.995: Total time for which application threads were stopped: 0.0003215 seconds, Stopping threads took: 0.0000293 seconds
2019-03-20T17:15:42.555+0600: 3738.996: Total time for which application threads were stopped: 0.0010799 seconds, Stopping threads took: 0.0007585 seconds
2019-03-20T17:15:42.556+0600: 3738.997: Total time for which application threads were stopped: 0.0004414 seconds, Stopping threads took: 0.0000507 seconds
2019-03-20T17:15:42.556+0600: 3738.997: Total time for which application threads were stopped: 0.0002769 seconds, Stopping threads took: 0.0000313 seconds
2019-03-20T17:15:42.557+0600: 3738.998: Total time for which application threads were stopped: 0.0003102 seconds, Stopping threads took: 0.0000529 seconds
2019-03-20T17:15:42.558+0600: 3738.999: Total time for which application threads were stopped: 0.0002356 seconds, Stopping threads took: 0.0000353 seconds
2019-03-20T17:15:42.558+0600: 3738.999: Total time for which application threads were stopped: 0.0001911 seconds, Stopping threads took: 0.0000272 seconds
2019-03-20T17:15:42.559+0600: 3739.000: Total time for which application threads were stopped: 0.0002364 seconds, Stopping threads took: 0.0000263 seconds
2019-03-20T17:15:42.559+0600: 3739.000: Total time for which application threads were stopped: 0.0003541 seconds, Stopping threads took: 0.0000908 seconds
2019-03-20T17:15:42.561+0600: 3739.002: Total time for which application threads were stopped: 0.0005748 seconds, Stopping threads took: 0.0002070 seconds
2019-03-20T17:15:42.561+0600: 3739.003: Total time for which application threads were stopped: 0.0002982 seconds, Stopping threads took: 0.0000509 seconds
2019-03-20T17:15:42.584+0600: 3739.026: Total time for which application threads were stopped: 0.0004140 seconds, Stopping threads took: 0.0000839 seconds
2019-03-20T17:15:42.711+0600: 3739.153: Total time for which application threads were stopped: 0.0003243 seconds, Stopping threads took: 0.0000612 seconds
2019-03-20T17:15:42.809+0600: 3739.250: Total time for which application threads were stopped: 0.0003973 seconds, Stopping threads took: 0.0000574 seconds
2019-03-20T17:15:42.809+0600: 3739.250: Total time for which application threads were stopped: 0.0002640 seconds, Stopping threads took: 0.0000412 seconds
2019-03-20T17:15:42.822+0600: 3739.263: Total time for which application threads were stopped: 0.0004152 seconds, Stopping threads took: 0.0000651 seconds
2019-03-20T17:15:42.823+0600: 3739.264: Total time for which application threads were stopped: 0.0001984 seconds, Stopping threads took: 0.0000195 seconds
2019-03-20T17:15:43.825+0600: 3740.266: Total time for which application threads were stopped: 0.0004771 seconds, Stopping threads took: 0.0000676 seconds
2019-03-20T17:16:08.512+0600: 3764.953: Total time for which application threads were stopped: 0.0005761 seconds, Stopping threads took: 0.0000487 seconds
2019-03-20T17:16:08.518+0600: 3764.958: Total time for which application threads were stopped: 0.0006179 seconds, Stopping threads took: 0.0000513 seconds
2019-03-20T17:16:08.525+0600: 3764.965: Total time for which application threads were stopped: 0.0003920 seconds, Stopping threads took: 0.0000797 seconds
{Heap before GC invocations=68 (full 2):
 par new generation   total 109248K, used 92829K [0x00000007a0000000, 0x00000007a8000000, 0x00000007a8000000)
  eden space 87424K,  99% used [0x00000007a0000000, 0x00000007a555e2d8, 0x00000007a5560000)
  from space 21824K,  24% used [0x00000007a5560000, 0x00000007a5aa91b0, 0x00000007a6ab0000)
  to   space 21824K,   0% used [0x00000007a6ab0000, 0x00000007a6ab0000, 0x00000007a8000000)
 concurrent mark-sweep generation total 393216K, used 98118K [0x00000007a8000000, 0x00000007c0000000, 0x00000007c0000000)
 Metaspace       used 64163K, capacity 66890K, committed 67144K, reserved 1107968K
  class space    used 7452K, capacity 7982K, committed 8008K, reserved 1048576K
2019-03-20T17:16:09.609+0600: 3766.049: [GC (Allocation Failure) 2019-03-20T17:16:09.609+0600: 3766.050: [ParNew
Desired survivor size 20112992 bytes, new threshold 8 (max 8)
- age   1:    3175520 bytes,    3175520 total
- age   2:     151720 bytes,    3327240 total
- age   3:        248 bytes,    3327488 total
- age   4:      38512 bytes,    3366000 total
- age   5:     586560 bytes,    3952560 total
- age   6:    1092336 bytes,    5044896 total
- age   7:     112912 bytes,    5157808 total
- age   8:      59864 bytes,    5217672 total
: 92829K->6242K(109248K), 0.0217824 secs] 190947K->106118K(502464K), 0.0224860 secs] [Times: user=0.04 sys=0.00, real=0.03 secs] 
Heap after GC invocations=69 (full 2):
 par new generation   total 109248K, used 6242K [0x00000007a0000000, 0x00000007a8000000, 0x00000007a8000000)
  eden space 87424K,   0% used [0x00000007a0000000, 0x00000007a0000000, 0x00000007a5560000)
  from space 21824K,  28% used [0x00000007a6ab0000, 0x00000007a70c8bc0, 0x00000007a8000000)
  to   space 21824K,   0% used [0x00000007a5560000, 0x00000007a5560000, 0x00000007a6ab0000)
 concurrent mark-sweep generation total 393216K, used 99875K [0x00000007a8000000, 0x00000007c0000000, 0x00000007c0000000)
 Metaspace       used 64163K, capacity 66890K, committed 67144K, reserved 1107968K
  class space    used 7452K, capacity 7982K, committed 8008K, reserved 1048576K
}
2019-03-20T17:16:09.631+0600: 3766.072: Total time for which application threads were stopped: 0.0237539 seconds, Stopping threads took: 0.0007667 seconds
{Heap before GC invocations=69 (full 2):
 par new generation   total 109248K, used 93666K [0x00000007a0000000, 0x00000007a8000000, 0x00000007a8000000)
  eden space 87424K, 100% used [0x00000007a0000000, 0x00000007a5560000, 0x00000007a5560000)
  from space 21824K,  28% used [0x00000007a6ab0000, 0x00000007a70c8bc0, 0x00000007a8000000)
  to   space 21824K,   0% used [0x00000007a5560000, 0x00000007a5560000, 0x00000007a6ab0000)
 concurrent mark-sweep generation total 393216K, used 99875K [0x00000007a8000000, 0x00000007c0000000, 0x00000007c0000000)
 Metaspace       used 64164K, capacity 66890K, committed 67144K, reserved 1107968K
  class space    used 7452K, capacity 7982K, committed 8008K, reserved 1048576K
2019-03-20T17:16:09.701+0600: 3766.141: [GC (Allocation Failure) 2019-03-20T17:16:09.701+0600: 3766.141: [ParNew
Desired survivor size 20112992 bytes, new threshold 8 (max 8)
- age   1:    2063432 bytes,    2063432 total
- age   2:    2541472 bytes,    4604904 total
- age   3:     151720 bytes,    4756624 total
- age   4:        248 bytes,    4756872 total
- age   5:      38512 bytes,    4795384 total
- age   6:     586560 bytes,    5381944 total
- age   7:    1157904 bytes,    6539848 total
- age   8:     112840 bytes,    6652688 total
: 93666K->9365K(109248K), 0.0166591 secs] 193542K->109301K(502464K), 0.0167913 secs] [Times: user=0.03 sys=0.01, real=0.01 secs] 
Heap after GC invocations=70 (full 2):
 par new generation   total 109248K, used 9365K [0x00000007a0000000, 0x00000007a8000000, 0x00000007a8000000)
  eden space 87424K,   0% used [0x00000007a0000000, 0x00000007a0000000, 0x00000007a5560000)
  from space 21824K,  42% used [0x00000007a5560000, 0x00000007a5e85440, 0x00000007a6ab0000)
  to   space 21824K,   0% used [0x00000007a6ab0000, 0x00000007a6ab0000, 0x00000007a8000000)
 concurrent mark-sweep generation total 393216K, used 99935K [0x00000007a8000000, 0x00000007c0000000, 0x00000007c0000000)
 Metaspace       used 64164K, capacity 66890K, committed 67144K, reserved 1107968K
  class space    used 7452K, capacity 7982K, committed 8008K, reserved 1048576K
}
2019-03-20T17:16:09.718+0600: 3766.158: Total time for which application threads were stopped: 0.0276832 seconds, Stopping threads took: 0.0104308 seconds
{Heap before GC invocations=70 (full 2):
 par new generation   total 109248K, used 96789K [0x00000007a0000000, 0x00000007a8000000, 0x00000007a8000000)
  eden space 87424K, 100% used [0x00000007a0000000, 0x00000007a5560000, 0x00000007a5560000)
  from space 21824K,  42% used [0x00000007a5560000, 0x00000007a5e85440, 0x00000007a6ab0000)
  to   space 21824K,   0% used [0x00000007a6ab0000, 0x00000007a6ab0000, 0x00000007a8000000)
 concurrent mark-sweep generation total 393216K, used 99935K [0x00000007a8000000, 0x00000007c0000000, 0x00000007c0000000)
 Metaspace       used 64166K, capacity 66890K, committed 67144K, reserved 1107968K
  class space    used 7453K, capacity 7982K, committed 8008K, reserved 1048576K
2019-03-20T17:16:09.772+0600: 3766.212: [GC (Allocation Failure) 2019-03-20T17:16:09.772+0600: 3766.212: [ParNew
Desired survivor size 20112992 bytes, new threshold 8 (max 8)
- age   1:     393112 bytes,     393112 total
- age   2:    1693024 bytes,    2086136 total
- age   3:    2522288 bytes,    4608424 total
- age   4:     151720 bytes,    4760144 total
- age   5:        248 bytes,    4760392 total
- age   6:      38512 bytes,    4798904 total
- age   7:     586560 bytes,    5385464 total
- age   8:    1092336 bytes,    6477800 total
: 96789K->8632K(109248K), 0.0192340 secs] 196725K->108680K(502464K), 0.0193480 secs] [Times: user=0.03 sys=0.00, real=0.02 secs] 
Heap after GC invocations=71 (full 2):
 par new generation   total 109248K, used 8632K [0x00000007a0000000, 0x00000007a8000000, 0x00000007a8000000)
  eden space 87424K,   0% used [0x00000007a0000000, 0x00000007a0000000, 0x00000007a5560000)
  from space 21824K,  39% used [0x00000007a6ab0000, 0x00000007a731e070, 0x00000007a8000000)
  to   space 21824K,   0% used [0x00000007a5560000, 0x00000007a5560000, 0x00000007a6ab0000)
 concurrent mark-sweep generation total 393216K, used 100048K [0x00000007a8000000, 0x00000007c0000000, 0x00000007c0000000)
 Metaspace       used 64166K, capacity 66890K, committed 67144K, reserved 1107968K
  class space    used 7453K, capacity 7982K, committed 8008K, reserved 1048576K
}
2019-03-20T17:16:09.791+0600: 3766.232: Total time for which application threads were stopped: 0.0305008 seconds, Stopping threads took: 0.0104623 seconds
{Heap before GC invocations=71 (full 2):
 par new generation   total 109248K, used 96056K [0x00000007a0000000, 0x00000007a8000000, 0x00000007a8000000)
  eden space 87424K, 100% used [0x00000007a0000000, 0x00000007a5560000, 0x00000007a5560000)
  from space 21824K,  39% used [0x00000007a6ab0000, 0x00000007a731e070, 0x00000007a8000000)
  to   space 21824K,   0% used [0x00000007a5560000, 0x00000007a5560000, 0x00000007a6ab0000)
 concurrent mark-sweep generation total 393216K, used 100048K [0x00000007a8000000, 0x00000007c0000000, 0x00000007c0000000)
 Metaspace       used 64166K, capacity 66890K, committed 67144K, reserved 1107968K
  class space    used 7453K, capacity 7982K, committed 8008K, reserved 1048576K
2019-03-20T17:16:09.889+0600: 3766.330: [GC (Allocation Failure) 2019-03-20T17:16:09.889+0600: 3766.330: [ParNew
Desired survivor size 20112992 bytes, new threshold 8 (max 8)
- age   1:     733944 bytes,     733944 total
- age   2:      80744 bytes,     814688 total
- age   3:    1692936 bytes,    2507624 total
- age   4:    2521968 bytes,    5029592 total
- age   5:     151720 bytes,    5181312 total
- age   6:        248 bytes,    5181560 total
- age   7:      38512 bytes,    5220072 total
- age   8:     586560 bytes,    5806632 total
: 96056K->7279K(109248K), 0.0566991 secs] 196104K->108398K(502464K), 0.0568273 secs] [Times: user=0.06 sys=0.00, real=0.06 secs] 
Heap after GC invocations=72 (full 2):
 par new generation   total 109248K, used 7279K [0x00000007a0000000, 0x00000007a8000000, 0x00000007a8000000)
  eden space 87424K,   0% used [0x00000007a0000000, 0x00000007a0000000, 0x00000007a5560000)
  from space 21824K,  33% used [0x00000007a5560000, 0x00000007a5c7bef0, 0x00000007a6ab0000)
  to   space 21824K,   0% used [0x00000007a6ab0000, 0x00000007a6ab0000, 0x00000007a8000000)
 concurrent mark-sweep generation total 393216K, used 101119K [0x00000007a8000000, 0x00000007c0000000, 0x00000007c0000000)
 Metaspace       used 64166K, capacity 66890K, committed 67144K, reserved 1107968K
  class space    used 7453K, capacity 7982K, committed 8008K, reserved 1048576K
}
2019-03-20T17:16:09.946+0600: 3766.387: Total time for which application threads were stopped: 0.0574369 seconds, Stopping threads took: 0.0001070 seconds
2019-03-20T17:16:10.948+0600: 3767.388: Total time for which application threads were stopped: 0.0004050 seconds, Stopping threads took: 0.0000477 seconds
{Heap before GC invocations=72 (full 2):
 par new generation   total 109248K, used 94703K [0x00000007a0000000, 0x00000007a8000000, 0x00000007a8000000)
  eden space 87424K, 100% used [0x00000007a0000000, 0x00000007a5560000, 0x00000007a5560000)
  from space 21824K,  33% used [0x00000007a5560000, 0x00000007a5c7bef0, 0x00000007a6ab0000)
  to   space 21824K,   0% used [0x00000007a6ab0000, 0x00000007a6ab0000, 0x00000007a8000000)
 concurrent mark-sweep generation total 393216K, used 101119K [0x00000007a8000000, 0x00000007c0000000, 0x00000007c0000000)
 Metaspace       used 64204K, capacity 66902K, committed 67144K, reserved 1107968K
  class space    used 7454K, capacity 7984K, committed 8008K, reserved 1048576K
2019-03-20T17:16:15.200+0600: 3771.641: [GC (Allocation Failure) 2019-03-20T17:16:15.201+0600: 3771.641: [ParNew
Desired survivor size 20112992 bytes, new threshold 8 (max 8)
- age   1:    3801344 bytes,    3801344 total
- age   2:      79008 bytes,    3880352 total
- age   3:      79784 bytes,    3960136 total
- age   4:     184960 bytes,    4145096 total
- age   5:    2514560 bytes,    6659656 total
- age   6:     151504 bytes,    6811160 total
- age   7:        248 bytes,    6811408 total
- age   8:      38512 bytes,    6849920 total
: 94703K->10123K(109248K), 0.0166263 secs] 195822K->111820K(502464K), 0.0167352 secs] [Times: user=0.04 sys=0.00, real=0.01 secs] 
